00:02.307  blend            | Read blend: "/Users/auchan/projects/garden-of-dreams/blender/kits/KIT_flora.blend"
00:02.375  blend            | Read blend: "/Users/auchan/projects/garden-of-dreams/blender/authoring.blend"
00:02.739  blend            | Read blend: "/Users/auchan/projects/garden-of-dreams/blender/sites/SITE_xiaoxiang-guan.blend"
00:02.873  blend            | Read blend: "/Users/auchan/projects/garden-of-dreams/blender/sites/SITE_qinfang-ting.blend"
00:02.964  blend            | Read blend: "/Users/auchan/projects/garden-of-dreams/blender/master.blend"
BlenderMCP addon registered
Info: Read library: '/Users/auchan/projects/garden-of-dreams/blender/sites/SITE_stage.blend', '//SITE_stage.blend', parent '<direct>'
Info: Read library: '/Users/auchan/projects/garden-of-dreams/blender/sites/SITE_stage.blend', '//SITE_stage.blend', parent '<direct>'
Info: Read library: '/Users/auchan/projects/garden-of-dreams/blender/sites/SITE_aojing-guan.blend', '//sites/SITE_aojing-guan.blend', parent '<direct>'
Info: Read library: '/Users/auchan/projects/garden-of-dreams/blender/sites/SITE_daguan-lou.blend', '//sites/SITE_daguan-lou.blend', parent '<direct>'
Info: Read library: '/Users/auchan/projects/garden-of-dreams/blender/sites/SITE_daoxiang-cun.blend', '//sites/SITE_daoxiang-cun.blend', parent '<direct>'
Info: Read library: '/Users/auchan/projects/garden-of-dreams/blender/sites/SITE_hengwu-yuan.blend', '//sites/SITE_hengwu-yuan.blend', parent '<direct>'
Info: Read library: '/Users/auchan/projects/garden-of-dreams/blender/sites/SITE_longcui-an.blend', '//sites/SITE_longcui-an.blend', parent '<direct>'
Info: Read library: '/Users/auchan/projects/garden-of-dreams/blender/sites/SITE_ouxiang-xie.blend', '//sites/SITE_ouxiang-xie.blend', parent '<direct>'
Info: Read library: '/Users/auchan/projects/garden-of-dreams/blender/sites/SITE_qinfang-ting.blend', '//sites/SITE_qinfang-ting.blend', parent '<direct>'
Info: Read library: '/Users/auchan/projects/garden-of-dreams/blender/sites/SITE_qiushuang-zhai.blend', '//sites/SITE_qiushuang-zhai.blend', parent '<direct>'
Info: Read library: '/Users/auchan/projects/garden-of-dreams/blender/sites/SITE_rockery-gate.blend', '//sites/SITE_rockery-gate.blend', parent '<direct>'
Info: Read library: '/Users/auchan/projects/garden-of-dreams/blender/sites/SITE_stage.blend', '//sites/SITE_stage.blend', parent '<direct>'
Info: Read library: '/Users/auchan/projects/garden-of-dreams/blender/sites/SITE_terminal-cells.blend', '//sites/SITE_terminal-cells.blend', parent '<direct>'
Info: Read library: '/Users/auchan/projects/garden-of-dreams/blender/sites/SITE_tubi-tang.blend', '//sites/SITE_tubi-tang.blend', parent '<direct>'
Info: Read library: '/Users/auchan/projects/garden-of-dreams/blender/sites/SITE_xiaoxiang-guan.blend', '//sites/SITE_xiaoxiang-guan.blend', parent '<direct>'
Info: Read library: '/Users/auchan/projects/garden-of-dreams/blender/sites/SITE_yihong-yuan.blend', '//sites/SITE_yihong-yuan.blend', parent '<direct>'
Info: Read library: '/Users/auchan/projects/garden-of-dreams/blender/sites/SITE_ziling-zhou.blend', '//sites/SITE_ziling-zhou.blend', parent '<direct>'
SAVED_BAMBOO_CONTRACT_PASS 27 saved meshes
BlenderMCP addon unregistered
Blender 5.2.2 LTS (hash d13f752e3b9c built 2026-09-15 01:49:19)

Blender quit
