BlenderMCP addon registered
BlenderMCP addon unregistered
09:51:10 | INFO: Data are loaded, start creating Blender stuff
09:51:10 | INFO: Blender create Mesh node COL_aojing_approach.001
09:51:10 | INFO: Blender create Mesh node COL_aojing_approach.004
09:51:10 | INFO: Blender create Mesh node COL_aojing_approach_guard.001
09:51:10 | INFO: Blender create Mesh node COL_aojing_approach_guard.004
09:51:10 | INFO: Blender create Mesh node COL_aojing_approach_ramp.002
09:51:10 | INFO: Blender create Mesh node COL_aojing_closed_front.002
09:51:10 | INFO: Blender create Mesh node COL_aojing_dry_ledge.002
09:51:10 | INFO: Blender create Mesh node COL_aojing_hall_floor.002
09:51:10 | INFO: Blender create Mesh node COL_aojing_ledge_end.002
09:51:10 | INFO: Blender create Mesh node COL_aojing_ledge_parapet.002
09:51:10 | INFO: Blender create Mesh node COL_aojing_return.001
09:51:10 | INFO: Blender create Mesh node COL_aojing_return.004
09:51:10 | INFO: Blender create Mesh node Cube.147
09:51:10 | INFO: Blender create Mesh node Cube.148
09:51:10 | INFO: Blender create Mesh node Cube.149
09:51:10 | INFO: Blender create Mesh node Cube.150
09:51:10 | INFO: Blender create Mesh node COL_bridge_crosswalk.002
09:51:10 | INFO: Blender create Mesh node COL_bridge_crosswalk.003
09:51:10 | INFO: Blender create Mesh node COL_cell_floor.006
09:51:10 | INFO: Blender create Mesh node COL_cell_floor.007
09:51:10 | INFO: Blender create Mesh node COL_cell_floor.008
09:51:10 | INFO: Blender create Mesh node COL_cell_floor.009
09:51:10 | INFO: Blender create Mesh node COL_cell_floor.010
09:51:10 | INFO: Blender create Mesh node COL_cell_floor.011
09:51:10 | INFO: Blender create Mesh node COL_cell_wall.012
09:51:10 | INFO: Blender create Mesh node COL_cell_wall.013
09:51:10 | INFO: Blender create Mesh node COL_cell_wall.014
09:51:10 | INFO: Blender create Mesh node COL_cell_wall.015
09:51:10 | INFO: Blender create Mesh node COL_cell_wall.016
09:51:10 | INFO: Blender create Mesh node COL_cell_wall.017
09:51:10 | INFO: Blender create Mesh node COL_cell_wall.018
09:51:10 | INFO: Blender create Mesh node COL_cell_wall.019
09:51:10 | INFO: Blender create Mesh node COL_cell_wall.020
09:51:10 | INFO: Blender create Mesh node COL_cell_wall.021
09:51:10 | INFO: Blender create Mesh node COL_cell_wall.022
09:51:10 | INFO: Blender create Mesh node COL_cell_wall.023
09:51:10 | INFO: Blender create Mesh node COL_daguan_central_step.003
09:51:10 | INFO: Blender create Mesh node COL_daguan_central_step.004
09:51:10 | INFO: Blender create Mesh node COL_daguan_central_step.005
09:51:10 | INFO: Blender create Mesh node COL_daguan_closed_front.001
09:51:10 | INFO: Blender create Mesh node COL_daguan_column.006
09:51:10 | INFO: Blender create Mesh node COL_daguan_column.007
09:51:10 | INFO: Blender create Mesh node COL_daguan_column.008
09:51:10 | INFO: Blender create Mesh node COL_daguan_column.009
09:51:10 | INFO: Blender create Mesh node COL_daguan_column.010
09:51:10 | INFO: Blender create Mesh node COL_daguan_column.011
09:51:10 | INFO: Blender create Mesh node COL_daguan_floor.001
09:51:10 | INFO: Blender create Mesh node COL_daguan_return_wall.002
09:51:10 | INFO: Blender create Mesh node COL_daguan_return_wall.003
09:51:10 | INFO: Blender create Mesh node COL_daoxiang_approach.002
09:51:10 | INFO: Blender create Mesh node COL_daoxiang_approach.003
09:51:10 | INFO: Blender create Mesh node COL_daoxiang_closed_front.001
09:51:10 | INFO: Blender create Mesh node COL_daoxiang_court.001
09:51:10 | INFO: Blender create Mesh node COL_daoxiang_fence.004
09:51:10 | INFO: Blender create Mesh node COL_daoxiang_fence.005
09:51:10 | INFO: Blender create Mesh node COL_daoxiang_fence.006
09:51:10 | INFO: Blender create Mesh node COL_daoxiang_fence.007
09:51:10 | INFO: Blender create Mesh node COL_daoxiang_side.002
09:51:10 | INFO: Blender create Mesh node COL_daoxiang_side.003
09:51:10 | INFO: Blender create Mesh node COL_entry_corridor.001
09:51:10 | INFO: Blender create Mesh node COL_entry_walk.002
09:51:10 | INFO: Blender create Mesh node COL_entry_walk.003
09:51:10 | INFO: Blender create Mesh node COL_floor_joint_cell_threshold_0.001
09:51:10 | INFO: Blender create Mesh node COL_floor_joint_cell_threshold_1.001
09:51:10 | INFO: Blender create Mesh node COL_floor_joint_cell_threshold_2.001
09:51:10 | INFO: Blender create Mesh node COL_floor_joint_cell_threshold_3.001
09:51:10 | INFO: Blender create Mesh node COL_floor_joint_cell_threshold_4.001
09:51:10 | INFO: Blender create Mesh node COL_floor_joint_cell_threshold_5.001
09:51:10 | INFO: Blender create Mesh node COL_floor_joint_pavilion_east_joint.001
09:51:10 | INFO: Blender create Mesh node COL_floor_joint_pavilion_west_joint.001
09:51:10 | INFO: Blender create Mesh node Cube.146
09:51:10 | INFO: Blender create Mesh node Cube.145
09:51:10 | INFO: Blender create Mesh node COL_GATE_banana_planter.001
09:51:10 | INFO: Blender create Mesh node KIT_rockery_passage.022
09:51:10 | INFO: Blender create Mesh node KIT_rockery_passage.024
09:51:10 | INFO: Blender create Mesh node KIT_rockery_cliff.006
09:51:10 | INFO: Blender create Mesh node KIT_rockery_cliff.008
09:51:10 | INFO: Blender create Mesh node KIT_rockery_passage.004
09:51:10 | INFO: Blender create Mesh node KIT_rockery_passage.016
09:51:10 | INFO: Blender create Mesh node KIT_rockery_passage.018
09:51:10 | INFO: Blender create Mesh node KIT_rockery_passage.020
09:51:10 | INFO: Blender create Mesh node GATE_paving.003
09:51:10 | INFO: Blender create Mesh node COL_hengwu-yuan_floor.001
09:51:10 | INFO: Blender create Mesh node COL_hengwu_approach.002
09:51:10 | INFO: Blender create Mesh node COL_hengwu_approach.003
09:51:10 | INFO: Blender create Mesh node COL_hengwu_closed_hall.002
09:51:10 | INFO: Blender create Mesh node COL_hengwu_court.002
09:51:10 | INFO: Blender create Mesh node COL_hengwu_hall_post.001
09:51:10 | INFO: Blender create Mesh node COL_hengwu_hall_post.002
09:51:10 | INFO: Blender create Mesh node COL_hengwu_hall_post.006
09:51:10 | INFO: Blender create Mesh node COL_wall_bay.001
09:51:10 | INFO: Blender create Mesh node COL_wall_bay.002
09:51:10 | INFO: Blender create Mesh node COL_wall_bay.003
09:51:10 | INFO: Blender create Mesh node COL_wall_bay.004
09:51:10 | INFO: Blender create Mesh node COL_wall_bay.005
09:51:10 | INFO: Blender create Mesh node COL_wall_bay.006
09:51:10 | INFO: Blender create Mesh node KIT_wall_plaster.002
09:51:10 | INFO: Blender create Mesh node COL_wall_window.001
09:51:10 | INFO: Blender create Mesh node COL_wall_window.002
09:51:10 | INFO: Blender create Mesh node COL_hengwu_rock.001
09:51:10 | INFO: Blender create Mesh node COL_hengwu_rock.002
09:51:10 | INFO: Blender create Mesh node COL_hengwu_rock.006
09:51:10 | INFO: Blender create Mesh node COL_hengwu_stool.001
09:51:10 | INFO: Blender create Mesh node COL_hengwu_stool.002
09:51:10 | INFO: Blender create Mesh node COL_hengwu_stool.003
09:51:10 | INFO: Blender create Mesh node COL_hengwu_stool.008
09:51:10 | INFO: Blender create Mesh node COL_hengwu_table.002
09:51:10 | INFO: Blender create Mesh node COL_longcui_approach.003
09:51:10 | INFO: Blender create Mesh node COL_longcui_approach.004
09:51:10 | INFO: Blender create Mesh node COL_longcui_approach.005
09:51:10 | INFO: Blender create Mesh node COL_longcui_burner.001
09:51:10 | INFO: Blender create Mesh node COL_longcui_closed_front.001
09:51:10 | INFO: Blender create Mesh node COL_longcui_floor.001
09:51:10 | INFO: Blender create Mesh node COL_longcui_plum_trunk.002
09:51:10 | INFO: Blender create Mesh node COL_longcui_plum_trunk.003
09:51:10 | INFO: Blender create Mesh node COL_longcui_return.002
09:51:10 | INFO: Blender create Mesh node COL_longcui_return.003
09:51:10 | INFO: Blender create Mesh node COL_longcui_threshold.001
09:51:10 | INFO: Blender create Mesh node COL_ouxiang_approach.001
09:51:10 | INFO: Blender create Mesh node COL_ouxiang_deck.001
09:51:10 | INFO: Blender create Mesh node COL_ouxiang_post.004
09:51:10 | INFO: Blender create Mesh node COL_ouxiang_post.005
09:51:10 | INFO: Blender create Mesh node COL_ouxiang_post.006
09:51:10 | INFO: Blender create Mesh node COL_ouxiang_post.007
09:51:10 | INFO: Blender create Mesh node COL_ouxiang_rail.002
09:51:10 | INFO: Blender create Mesh node COL_ouxiang_rail.003
09:51:10 | INFO: Blender create Mesh node COL_ouxiang_side_rail.004
09:51:10 | INFO: Blender create Mesh node COL_ouxiang_side_rail.005
09:51:10 | INFO: Blender create Mesh node COL_ouxiang_side_rail.006
09:51:10 | INFO: Blender create Mesh node COL_ouxiang_side_rail.007
09:51:10 | INFO: Blender create Mesh node COL_ouxiang_table.001
09:51:10 | INFO: Blender create Mesh node COL_corridor_floor.009
09:51:10 | INFO: Blender create Mesh node COL_corridor_side.015
09:51:10 | INFO: Blender create Mesh node COL_corridor_side.016
09:51:10 | INFO: Blender create Mesh node COL_corridor_post.016
09:51:10 | INFO: Blender create Mesh node COL_corridor_post.017
09:51:10 | INFO: Blender create Mesh node COL_corridor_floor.010
09:51:10 | INFO: Blender create Mesh node COL_corridor_side.017
09:51:10 | INFO: Blender create Mesh node COL_corridor_side.018
09:51:10 | INFO: Blender create Mesh node COL_corridor_post.018
09:51:10 | INFO: Blender create Mesh node COL_corridor_post.019
09:51:10 | INFO: Blender create Mesh node COL_corridor_floor.011
09:51:10 | INFO: Blender create Mesh node COL_corridor_side.019
09:51:10 | INFO: Blender create Mesh node COL_corridor_side.020
09:51:10 | INFO: Blender create Mesh node COL_corridor_post.020
09:51:10 | INFO: Blender create Mesh node COL_corridor_post.021
09:51:10 | INFO: Blender create Mesh node COL_corridor_floor.012
09:51:10 | INFO: Blender create Mesh node COL_corridor_side.021
09:51:10 | INFO: Blender create Mesh node COL_corridor_side.022
09:51:10 | INFO: Blender create Mesh node COL_corridor_post.022
09:51:10 | INFO: Blender create Mesh node COL_corridor_post.023
09:51:10 | INFO: Blender create Mesh node COL_corridor_floor.001
09:51:10 | INFO: Blender create Mesh node COL_corridor_side.001
09:51:10 | INFO: Blender create Mesh node COL_corridor_side.002
09:51:10 | INFO: Blender create Mesh node COL_corridor_post.001
09:51:10 | INFO: Blender create Mesh node COL_corridor_post.002
09:51:10 | INFO: Blender create Mesh node COL_corridor_floor.002
09:51:10 | INFO: Blender create Mesh node COL_corridor_side.003
09:51:10 | INFO: Blender create Mesh node COL_corridor_side.004
09:51:10 | INFO: Blender create Mesh node COL_corridor_post.003
09:51:10 | INFO: Blender create Mesh node COL_corridor_post.004
09:51:10 | INFO: Blender create Mesh node COL_corridor_floor.003
09:51:10 | INFO: Blender create Mesh node COL_corridor_side.005
09:51:10 | INFO: Blender create Mesh node COL_corridor_side.006
09:51:10 | INFO: Blender create Mesh node COL_corridor_post.005
09:51:10 | INFO: Blender create Mesh node COL_corridor_post.006
09:51:10 | INFO: Blender create Mesh node COL_corridor_floor.004
09:51:10 | INFO: Blender create Mesh node COL_corridor_side.007
09:51:10 | INFO: Blender create Mesh node COL_corridor_side.008
09:51:10 | INFO: Blender create Mesh node COL_corridor_post.007
09:51:10 | INFO: Blender create Mesh node COL_corridor_post.008
09:51:10 | INFO: Blender create Mesh node COL_corridor_floor.005
09:51:10 | INFO: Blender create Mesh node COL_corridor_side.009
09:51:10 | INFO: Blender create Mesh node COL_corridor_side.010
09:51:10 | INFO: Blender create Mesh node COL_corridor_post.009
09:51:10 | INFO: Blender create Mesh node COL_corridor_post.010
09:51:10 | INFO: Blender create Mesh node COL_corridor_floor.006
09:51:10 | INFO: Blender create Mesh node COL_corridor_side.011
09:51:10 | INFO: Blender create Mesh node COL_corridor_post.011
09:51:10 | INFO: Blender create Mesh node COL_corridor_post.012
09:51:10 | INFO: Blender create Mesh node COL_corridor_floor.007
09:51:10 | INFO: Blender create Mesh node COL_corridor_side.012
09:51:10 | INFO: Blender create Mesh node COL_corridor_post.013
09:51:10 | INFO: Blender create Mesh node COL_corridor_floor.008
09:51:10 | INFO: Blender create Mesh node COL_corridor_side.013
09:51:10 | INFO: Blender create Mesh node COL_corridor_side.014
09:51:10 | INFO: Blender create Mesh node COL_corridor_post.014
09:51:10 | INFO: Blender create Mesh node COL_corridor_post.015
09:51:10 | INFO: Blender create Mesh node COL_corridor_floor.013
09:51:10 | INFO: Blender create Mesh node COL_corridor_side.023
09:51:10 | INFO: Blender create Mesh node COL_corridor_side.024
09:51:10 | INFO: Blender create Mesh node COL_corridor_post.024
09:51:10 | INFO: Blender create Mesh node COL_corridor_post.025
09:51:10 | INFO: Blender create Mesh node COL_corridor_floor.014
09:51:10 | INFO: Blender create Mesh node COL_corridor_side.025
09:51:10 | INFO: Blender create Mesh node COL_corridor_side.026
09:51:10 | INFO: Blender create Mesh node COL_corridor_post.026
09:51:10 | INFO: Blender create Mesh node COL_corridor_post.027
09:51:10 | INFO: Blender create Mesh node COL_corridor_floor.015
09:51:10 | INFO: Blender create Mesh node COL_corridor_side.027
09:51:10 | INFO: Blender create Mesh node COL_corridor_side.028
09:51:10 | INFO: Blender create Mesh node COL_corridor_post.028
09:51:10 | INFO: Blender create Mesh node COL_corridor_post.029
09:51:10 | INFO: Blender create Mesh node COL_corridor_floor.016
09:51:10 | INFO: Blender create Mesh node COL_corridor_side.029
09:51:10 | INFO: Blender create Mesh node COL_corridor_side.030
09:51:10 | INFO: Blender create Mesh node COL_corridor_post.030
09:51:10 | INFO: Blender create Mesh node COL_corridor_post.031
09:51:10 | INFO: Blender create Mesh node COL_qinfang_deck.001
09:51:10 | INFO: Blender create Mesh node COL_pavilion_bench.001
09:51:10 | INFO: Blender create Mesh node COL_pavilion_bench.002
09:51:10 | INFO: Blender create Mesh node COL_pavilion_bracket.001
09:51:10 | INFO: Blender create Mesh node COL_pavilion_bracket.002
09:51:10 | INFO: Blender create Mesh node COL_pavilion_bracket.003
09:51:10 | INFO: Blender create Mesh node COL_pavilion_bracket.004
09:51:10 | INFO: Blender create Mesh node COL_pavilion_bracket.005
09:51:10 | INFO: Blender create Mesh node COL_pavilion_bracket.006
09:51:10 | INFO: Blender create Mesh node COL_pavilion_post.001
09:51:10 | INFO: Blender create Mesh node COL_pavilion_post.002
09:51:10 | INFO: Blender create Mesh node COL_pavilion_post.003
09:51:10 | INFO: Blender create Mesh node COL_pavilion_post.004
09:51:10 | INFO: Blender create Mesh node COL_pavilion_post.005
09:51:10 | INFO: Blender create Mesh node COL_pavilion_post.006
09:51:10 | INFO: Blender create Mesh node COL_pavilion_roof.001
09:51:10 | INFO: Blender create Mesh node COL_qiushuang-zhai_floor.001
09:51:10 | INFO: Blender create Mesh node Cube.009
09:51:10 | INFO: Blender create Mesh node Cube.011
09:51:10 | INFO: Blender create Mesh node Cube.012
09:51:10 | INFO: Blender create Mesh node Cube.013
09:51:10 | INFO: Blender create Mesh node Cube.019
09:51:10 | INFO: Blender create Mesh node Cube.020
09:51:10 | INFO: Blender create Mesh node Cube.023
09:51:10 | INFO: Blender create Mesh node Cube.024
09:51:10 | INFO: Blender create Mesh node Cube.048
09:51:10 | INFO: Blender create Mesh node Cube.050
09:51:10 | INFO: Blender create Mesh node Cube.052
09:51:10 | INFO: Blender create Mesh node Cube.092
09:51:10 | INFO: Blender create Mesh node Cube.093
09:51:10 | INFO: Blender create Mesh node Cube.094
09:51:10 | INFO: Blender create Mesh node Cube.095
09:51:10 | INFO: Blender create Mesh node Cube.096
09:51:10 | INFO: Blender create Mesh node Cube.097
09:51:10 | INFO: Blender create Mesh node Cube.098
09:51:10 | INFO: Blender create Mesh node Cube.099
09:51:10 | INFO: Blender create Mesh node Cube.100
09:51:10 | INFO: Blender create Mesh node Cube.101
09:51:10 | INFO: Blender create Mesh node Cube.102
09:51:10 | INFO: Blender create Mesh node Cube.103
09:51:10 | INFO: Blender create Mesh node Cube.104
09:51:10 | INFO: Blender create Mesh node Cube.105
09:51:10 | INFO: Blender create Mesh node Cube.106
09:51:10 | INFO: Blender create Mesh node Cube.107
09:51:10 | INFO: Blender create Mesh node Cube.108
09:51:10 | INFO: Blender create Mesh node Cube.109
09:51:10 | INFO: Blender create Mesh node Cube.110
09:51:10 | INFO: Blender create Mesh node Cube.111
09:51:10 | INFO: Blender create Mesh node Cube.112
09:51:10 | INFO: Blender create Mesh node Cube.113
09:51:10 | INFO: Blender create Mesh node Cube.114
09:51:10 | INFO: Blender create Mesh node Cube.115
09:51:10 | INFO: Blender create Mesh node Cube.116
09:51:10 | INFO: Blender create Mesh node Cube.117
09:51:10 | INFO: Blender create Mesh node Cube.118
09:51:10 | INFO: Blender create Mesh node Cube.119
09:51:10 | INFO: Blender create Mesh node Cube.120
09:51:10 | INFO: Blender create Mesh node Cube.121
09:51:10 | INFO: Blender create Mesh node Cube.122
09:51:10 | INFO: Blender create Mesh node Cube.123
09:51:10 | INFO: Blender create Mesh node Cube.124
09:51:10 | INFO: Blender create Mesh node Cube.125
09:51:10 | INFO: Blender create Mesh node Cube.126
09:51:10 | INFO: Blender create Mesh node Cube.127
09:51:10 | INFO: Blender create Mesh node Cube.128
09:51:10 | INFO: Blender create Mesh node Cube.129
09:51:10 | INFO: Blender create Mesh node Cube.130
09:51:10 | INFO: Blender create Mesh node Cube.131
09:51:10 | INFO: Blender create Mesh node Cube.132
09:51:10 | INFO: Blender create Mesh node Cube.133
09:51:10 | INFO: Blender create Mesh node Cube.134
09:51:10 | INFO: Blender create Mesh node Cube.135
09:51:10 | INFO: Blender create Mesh node Cube.136
09:51:10 | INFO: Blender create Mesh node Cube.137
09:51:10 | INFO: Blender create Mesh node Cube.138
09:51:10 | INFO: Blender create Mesh node Cube.139
09:51:10 | INFO: Blender create Mesh node Cube.140
09:51:10 | INFO: Blender create Mesh node Cube.141
09:51:10 | INFO: Blender create Mesh node Cube.142
09:51:10 | INFO: Blender create Mesh node Cube.143
09:51:10 | INFO: Blender create Mesh node Cube.144
09:51:10 | INFO: Blender create Mesh node Cube.193
09:51:10 | INFO: Blender create Mesh node Cube.194
09:51:10 | INFO: Blender create Mesh node Cube.195
09:51:10 | INFO: Blender create Mesh node Cube.196
09:51:10 | INFO: Blender create Mesh node Cube.197
09:51:10 | INFO: Blender create Mesh node Cube.198
09:51:10 | INFO: Blender create Mesh node Cube.199
09:51:10 | INFO: Blender create Mesh node Cube.200
09:51:10 | INFO: Blender create Mesh node COL_stone_walk.005
09:51:10 | INFO: Blender create Mesh node COL_stone_walk.008
09:51:10 | INFO: Blender create Mesh node COL_stone_walk.009
09:51:10 | INFO: Blender create Mesh node COL_stone_walk.010
09:51:10 | INFO: Blender create Mesh node COL_stone_walk.011
09:51:10 | INFO: Blender create Mesh node COL_stone_walk.012
09:51:10 | INFO: Blender create Mesh node COL_study_approach.002
09:51:10 | INFO: Blender create Mesh node COL_study_desk_centre.002
09:51:10 | INFO: Blender create Mesh node COL_study_desk_left.002
09:51:10 | INFO: Blender create Mesh node COL_study_desk_right.002
09:51:10 | INFO: Blender create Mesh node COL_study_front_walk.002
09:51:10 | INFO: Blender create Mesh node COL_study_front_wall.002
09:51:10 | INFO: Blender create Mesh node COL_study_post.001
09:51:10 | INFO: Blender create Mesh node COL_study_post.002
09:51:10 | INFO: Blender create Mesh node COL_study_post.003
09:51:10 | INFO: Blender create Mesh node COL_study_post.008
09:51:10 | INFO: Blender create Mesh node Cube.151
09:51:10 | INFO: Blender create Mesh node Cube.152
09:51:10 | INFO: Blender create Mesh node Cube.153
09:51:10 | INFO: Blender create Mesh node Cube.154
09:51:10 | INFO: Blender create Mesh node Cube.155
09:51:10 | INFO: Blender create Mesh node Cube.156
09:51:10 | INFO: Blender create Mesh node Cube.157
09:51:10 | INFO: Blender create Mesh node Cube.158
09:51:10 | INFO: Blender create Mesh node Cube.159
09:51:10 | INFO: Blender create Mesh node Cube.160
09:51:10 | INFO: Blender create Mesh node Cube.161
09:51:10 | INFO: Blender create Mesh node Cube.162
09:51:10 | INFO: Blender create Mesh node Cube.163
09:51:10 | INFO: Blender create Mesh node Cube.164
09:51:10 | INFO: Blender create Mesh node Cube.165
09:51:10 | INFO: Blender create Mesh node Cube.166
09:51:10 | INFO: Blender create Mesh node Cube.167
09:51:10 | INFO: Blender create Mesh node Cube.168
09:51:10 | INFO: Blender create Mesh node Cube.169
09:51:10 | INFO: Blender create Mesh node Cube.170
09:51:10 | INFO: Blender create Mesh node Cube.171
09:51:10 | INFO: Blender create Mesh node Cube.172
09:51:10 | INFO: Blender create Mesh node Cube.173
09:51:10 | INFO: Blender create Mesh node Cube.174
09:51:10 | INFO: Blender create Mesh node Cube.175
09:51:10 | INFO: Blender create Mesh node Cube.176
09:51:10 | INFO: Blender create Mesh node Cube.177
09:51:10 | INFO: Blender create Mesh node Cube.178
09:51:10 | INFO: Blender create Mesh node Cube.179
09:51:10 | INFO: Blender create Mesh node Cube.180
09:51:10 | INFO: Blender create Mesh node Cube.201
09:51:10 | INFO: Blender create Mesh node Cube.202
09:51:10 | INFO: Blender create Mesh node Cube.203
09:51:10 | INFO: Blender create Mesh node Cube.181
09:51:10 | INFO: Blender create Mesh node Cube.182
09:51:10 | INFO: Blender create Mesh node Cube.183
09:51:10 | INFO: Blender create Mesh node Cube.184
09:51:10 | INFO: Blender create Mesh node Cube.185
09:51:10 | INFO: Blender create Mesh node Cube.186
09:51:10 | INFO: Blender create Mesh node Cube.187
09:51:10 | INFO: Blender create Mesh node Cube.188
09:51:10 | INFO: Blender create Mesh node Cube.189
09:51:10 | INFO: Blender create Mesh node Cube.190
09:51:10 | INFO: Blender create Mesh node Cube.191
09:51:10 | INFO: Blender create Mesh node Cube.192
09:51:10 | INFO: Blender create Mesh node COL_tubi-tang_floor.001
09:51:10 | INFO: Blender create Mesh node COL_tubi_approach.001
09:51:10 | INFO: Blender create Mesh node COL_tubi_approach.002
09:51:10 | INFO: Blender create Mesh node COL_tubi_approach.007
09:51:10 | INFO: Blender create Mesh node COL_tubi_approach.008
09:51:10 | INFO: Blender create Mesh node COL_tubi_closed_hall.002
09:51:10 | INFO: Blender create Mesh node COL_tubi_hall_post.001
09:51:10 | INFO: Blender create Mesh node COL_tubi_hall_post.002
09:51:10 | INFO: Blender create Mesh node COL_tubi_hall_post.006
09:51:10 | INFO: Blender create Mesh node COL_tubi_parapet.001
09:51:10 | INFO: Blender create Mesh node COL_tubi_parapet.002
09:51:10 | INFO: Blender create Mesh node COL_tubi_parapet.003
09:51:10 | INFO: Blender create Mesh node COL_tubi_parapet.008
09:51:10 | INFO: Blender create Mesh node COL_tubi_stair_guard.001
09:51:10 | INFO: Blender create Mesh node COL_tubi_stair_guard.004
09:51:10 | INFO: Blender create Mesh node COL_tubi_stair_ramp.002
09:51:10 | INFO: Blender create Mesh node COL_tubi_terrace.002
09:51:10 | INFO: Blender create Mesh node COL_tubi_topic_table.002
09:51:10 | INFO: Blender create Mesh node COL_tubi_view_bench_left.001
09:51:10 | INFO: Blender create Mesh node COL_tubi_view_bench_right.001
09:51:10 | INFO: Blender create Mesh node COL_water_bridge_side.001
09:51:10 | INFO: Blender create Mesh node COL_water_bridge_side.004
09:51:10 | INFO: Blender create Mesh node COL_water_bridge_deck.002
09:51:10 | INFO: Blender create Mesh node COL_xiaoxiang_bamboo_bed.004
09:51:10 | INFO: Blender create Mesh node COL_xiaoxiang_bamboo_bed.005
09:51:10 | INFO: Blender create Mesh node COL_xiaoxiang_bamboo_bed.006
09:51:10 | INFO: Blender create Mesh node COL_xiaoxiang_bamboo_bed.007
09:51:10 | INFO: Blender create Mesh node COL_xiaoxiang_closed_front.001
09:51:10 | INFO: Blender create Mesh node COL_xiaoxiang_floor.001
09:51:10 | INFO: Blender create Mesh node COL_xiaoxiang_return.002
09:51:10 | INFO: Blender create Mesh node COL_xiaoxiang_return.003
09:51:10 | INFO: Blender create Mesh node COL_xiaoxiang_threshold.001
09:51:10 | INFO: Blender create Mesh node COL_yihong_closed_front.002
09:51:10 | INFO: Blender create Mesh node COL_yihong_court_side.001
09:51:10 | INFO: Blender create Mesh node COL_yihong_court_side.004
09:51:10 | INFO: Blender create Mesh node COL_yihong_floor.002
09:51:10 | INFO: Blender create Mesh node COL_yihong_planter.001
09:51:10 | INFO: Blender create Mesh node COL_yihong_planter.004
09:51:10 | INFO: Blender create Mesh node COL_yihong_side_return.001
09:51:10 | INFO: Blender create Mesh node COL_yihong_side_return.004
09:51:10 | INFO: Blender create Mesh node COL_yihong_threshold.002
09:51:10 | INFO: Blender create Mesh node COL_ziling_landing.001
09:51:10 | INFO: Blender create Mesh node HERO_aojing-guan_title.002
09:51:10 | INFO: Blender create Mesh node HERO_daguan_title.001
09:51:10 | INFO: Blender create Mesh node HERO_daoxiang-cun_title.002
09:51:10 | INFO: Blender create Mesh node KIT_flora_plum_render.001
09:51:10 | INFO: Blender create Mesh node KIT_flora_plum_render.002
09:51:10 | INFO: Blender create Mesh node KIT_flora_bamboo_large_render.001
09:51:10 | INFO: Blender create Mesh node KIT_flora_bamboo_large_render.002
09:51:10 | INFO: Blender create Mesh node KIT_flora_bamboo_small_render.001
09:51:10 | INFO: Blender create Mesh node KIT_flora_willow_render.001
09:51:10 | INFO: Blender create Mesh node KIT_flora_willow_render.002
09:51:10 | INFO: Blender create Mesh node KIT_flora_bamboo_large_render.003
09:51:10 | INFO: Blender create Mesh node KIT_flora_bamboo_medium_render.001
09:51:10 | INFO: Blender create Mesh node KIT_flora_bamboo_small_render.002
09:51:10 | INFO: Blender create Mesh node KIT_flora_bamboo_large_render.004
09:51:10 | INFO: Blender create Mesh node KIT_flora_banana_render.001
09:51:10 | INFO: Blender create Mesh node KIT_flora_banana_render.002
09:51:10 | INFO: Blender create Mesh node KIT_flora_reed_render.001
09:51:10 | INFO: Blender create Mesh node KIT_flora_reed_render.002
09:51:10 | INFO: Blender create Mesh node KIT_flora_reed_render.003
09:51:10 | INFO: Blender create Mesh node KIT_flora_reed_render.004
09:51:10 | INFO: Blender create Mesh node KIT_flora_reed_render.005
09:51:10 | INFO: Blender create Mesh node KIT_flora_reed_render.006
09:51:10 | INFO: Blender create Mesh node KIT_flora_reed_render.007
09:51:10 | INFO: Blender create Mesh node KIT_flora_reed_render.008
09:51:10 | INFO: Blender create Mesh node KIT_flora_reed_render.009
09:51:10 | INFO: Blender create Mesh node KIT_flora_reed_render.010
09:51:10 | INFO: Blender create Mesh node HERO_gate_inscription.001
09:51:10 | INFO: Blender create Mesh node HERO_gate_water_drips.001
09:51:10 | INFO: Blender create Mesh node HERO_hengwu-yuan_title.002
09:51:10 | INFO: Blender create Mesh node HERO_longcui-an_title.002
09:51:10 | INFO: Blender create Mesh node HERO_qinfang-ting_title.002
09:51:10 | INFO: Blender create Mesh node HERO_qinfang_bridge.001
09:51:10 | INFO: Blender create Mesh node HERO_study_scroll_bamboo.002
09:51:10 | INFO: Blender create Mesh node HERO_study_scroll_plum.002
09:51:10 | INFO: Blender create Mesh node HERO_study_title.002
09:51:10 | INFO: Blender create Mesh node HERO_table_hexagram.001
09:51:10 | INFO: Blender create Mesh node line_piece.005
09:51:10 | INFO: Blender create Mesh node line_piece.002
09:51:10 | INFO: Blender create Mesh node line_piece.011
09:51:10 | INFO: Blender create Mesh node line_piece.008
09:51:10 | INFO: Blender create Mesh node line_piece.017
09:51:10 | INFO: Blender create Mesh node line_piece.014
09:51:10 | INFO: Blender create Mesh node line_piece.019
09:51:10 | INFO: Blender create Mesh node line_piece.018
09:51:10 | INFO: Blender create Mesh node line_piece.021
09:51:10 | INFO: Blender create Mesh node line_piece.020
09:51:10 | INFO: Blender create Mesh node line_piece.023
09:51:10 | INFO: Blender create Mesh node line_piece.022
09:51:10 | INFO: Blender create Mesh node HERO_table_pedestal.001
09:51:10 | INFO: Blender create Mesh node HERO_tubi_title.002
09:51:10 | INFO: Blender create Mesh node HERO_xiaoxiang-guan_title.002
09:51:10 | INFO: Blender create Mesh node HERO_yihong-yuan_title.002
09:51:10 | INFO: Blender create Mesh node AOJING_pond.002
09:51:10 | INFO: Blender create Mesh node AOJING_backstage.002
09:51:10 | INFO: Blender create Mesh node AOJING_amber_window.002
09:51:10 | INFO: Blender create Mesh node AOJING_window_lattice.001
09:51:10 | INFO: Blender create Mesh node AOJING_dry_ledge.002
09:51:10 | INFO: Blender create Mesh node AOJING_roof.002
09:51:10 | INFO: Blender create Mesh node AOJING_closed_front.002
09:51:10 | INFO: Blender create Mesh node DAGUAN_backstage.001
09:51:10 | INFO: Blender create Mesh node DAGUAN_door_stud.180
09:51:10 | INFO: Blender create Mesh node DAGUAN_amber_transom.002
09:51:10 | INFO: Blender create Mesh node DAGUAN_closed_door.010
09:51:10 | INFO: Blender create Mesh node DAGUAN_recessed_panel.020
09:51:10 | INFO: Blender create Mesh node DAGUAN_column.006
09:51:10 | INFO: Blender create Mesh node DAGUAN_platform.001
09:51:10 | INFO: Blender create Mesh node DAGUAN_lower_roof.001
09:51:10 | INFO: Blender create Mesh node DAGUAN_front.001
09:51:10 | INFO: Blender create Mesh node DAOXIANG_backstage.001
09:51:10 | INFO: Blender create Mesh node DAOXIANG_door_latch.001
09:51:10 | INFO: Blender create Mesh node DAOXIANG_warm_sliver.001
09:51:10 | INFO: Blender create Mesh node DAOXIANG_closed_door.001
09:51:10 | INFO: Blender create Mesh node DAOXIANG_paddy_painting.001
09:51:10 | INFO: Blender create Mesh node DAOXIANG_court.001
09:51:10 | INFO: Blender create Mesh node DAOXIANG_thatch_mass.001
09:51:10 | INFO: Blender create Mesh node DAOXIANG_front.001
09:51:10 | INFO: Blender create Mesh node SITE_hengwu-yuan_backstage.001
09:51:10 | INFO: Blender create Mesh node KIT_pavilion_finial.011
09:51:10 | INFO: Blender create Mesh node KIT_wall_amber_window.006
09:51:10 | INFO: Blender create Mesh node HENGWU_herb_leaf.001
09:51:10 | INFO: Blender create Mesh node KIT_wall_lattice_vertical.105
09:51:10 | INFO: Blender create Mesh node SITE_hengwu-yuan_platform.001
09:51:10 | INFO: Blender create Mesh node KIT_props_lantern_hanging_render.015
09:51:10 | INFO: Blender create Mesh node KIT_pavilion_roof.011
09:51:10 | INFO: Blender create Mesh node KIT_wall_bay.001
09:51:10 | INFO: Blender create Mesh node SITE_hengwu-yuan_front.001
09:51:10 | INFO: Blender create Mesh node LONGCUI_backstage.001
09:51:10 | INFO: Blender create Mesh node LONGCUI_gate_pull.002
09:51:10 | INFO: Blender create Mesh node LONGCUI_closed_gate.002
09:51:10 | INFO: Blender create Mesh node LONGCUI_paving.001
09:51:10 | INFO: Blender create Mesh node KIT_props_lantern_hanging_render.016
09:51:10 | INFO: Blender create Mesh node LONGCUI_wall_cap.001
09:51:10 | INFO: Blender create Mesh node LONGCUI_closed_front.001
09:51:10 | INFO: Blender create Mesh node KIT_props_tea_cup.006
09:51:10 | INFO: Blender create Mesh node KIT_water_lotus_leaf.007
09:51:10 | INFO: Blender create Mesh node SITE_ouxiang_deck.001
09:51:10 | INFO: Blender create Mesh node KIT_pavilion_water_pier.004
09:51:10 | INFO: Blender create Mesh node KIT_props_lantern_hanging_render.013
09:51:10 | INFO: Blender create Mesh node KIT_pavilion_water_hipped_roof.001
09:51:10 | INFO: Blender create Mesh node KIT_water_lotus.021
09:51:10 | INFO: Blender create Mesh node KIT_corridor_rail.008
09:51:10 | INFO: Blender create Mesh node KIT_pavilion_roof_shell.001
09:51:10 | INFO: Blender create Mesh node KIT_pavilion_plinth.001
09:51:10 | INFO: Blender create Mesh node KIT_props_lantern_hanging_render.001
09:51:10 | INFO: Blender create Mesh node KIT_water_stream.001
09:51:10 | INFO: Blender create Mesh node SITE_qiushuang-zhai_backstage.001
09:51:10 | INFO: Blender create Mesh node KIT_pavilion_finial.005
09:51:10 | INFO: Blender create Mesh node KIT_wall_lattice_vertical.042
09:51:10 | INFO: Blender create Mesh node SITE_qiushuang-zhai_platform.001
09:51:10 | INFO: Blender create Mesh node KIT_props_lantern_hanging_render.010
09:51:10 | INFO: Blender create Mesh node KIT_pavilion_roof.005
09:51:10 | INFO: Blender create Mesh node KIT_tech_terminal_desk_render.007
09:51:10 | INFO: Blender create Mesh node SITE_qiushuang-zhai_front.001
09:51:10 | INFO: Blender create Mesh node GATE_banana_pseudostem.001
09:51:11 | INFO: Blender create Mesh node GATE_banana_soil.001
09:51:11 | INFO: Blender create Mesh node KIT_rockery_passage.001
09:51:11 | INFO: Blender create Mesh node GATE_paving.002
09:51:11 | INFO: Blender create Mesh node KIT_props_lantern_hanging_render.008
09:51:11 | INFO: Blender create Mesh node KIT_stage_fog_plane_render.017
09:51:11 | INFO: Blender create Mesh node KIT_stage_floor.001
09:51:11 | INFO: Blender create Mesh node AOJING_approach_guard.001
09:51:11 | INFO: Blender create Mesh node KIT_stage_painted_moon.001
09:51:11 | INFO: Blender create Mesh node KIT_stage_painted_mountain_layer.003
09:51:11 | INFO: Blender create Mesh node KIT_stage_painted_mountain_layer.004
09:51:11 | INFO: Blender create Mesh node KIT_stage_painted_mountain_layer.005
09:51:11 | INFO: Blender create Mesh node KIT_water_stone_walk.005
09:51:11 | INFO: Blender create Mesh node Painted coved ceiling candidate.001
09:51:11 | INFO: Blender create Mesh node KIT_stage_painted_canvas.002
09:51:11 | INFO: Blender create Mesh node Eight painted cyclorama arcs.001
09:51:11 | INFO: Blender create Mesh node KIT_stage_fog_plane_render.002
09:51:11 | INFO: Blender create Mesh node KIT_tech_cell_side.012
09:51:11 | INFO: Blender create Mesh node KIT_wall_window_bar.030
09:51:11 | INFO: Blender create Mesh node KIT_stage_entry_walk.002
09:51:11 | INFO: Blender create Mesh node KIT_props_folding_chair_render.001
09:51:11 | INFO: Blender create Mesh node KIT_stage_floor_boards_render.002
09:51:11 | INFO: Blender create Mesh node KIT_stage_gel_frame_render.002
09:51:11 | INFO: Blender create Mesh node KIT_stage_studio_wall_render.002
09:51:11 | INFO: Blender create Mesh node KIT_stage_fog_plane_render.020
09:51:11 | INFO: Blender create Mesh node KIT_tech_terminal_desk_render.001
09:51:11 | INFO: Blender create Mesh node KIT_props_scroll_render.001
09:51:11 | INFO: Blender create Mesh node SITE_tubi-tang_backstage.001
09:51:11 | INFO: Blender create Mesh node KIT_pavilion_finial.007
09:51:11 | INFO: Blender create Mesh node KIT_wall_amber_window.003
09:51:11 | INFO: Blender create Mesh node TUBI_topic_line.001
09:51:11 | INFO: Blender create Mesh node KIT_wall_lattice_vertical.063
09:51:11 | INFO: Blender create Mesh node SITE_tubi-tang_platform.001
09:51:11 | INFO: Blender create Mesh node KIT_props_lantern_hanging_render.012
09:51:11 | INFO: Blender create Mesh node KIT_pavilion_roof.007
09:51:11 | INFO: Blender create Mesh node TUBI_terrace.002
09:51:11 | INFO: Blender create Mesh node SITE_tubi-tang_front.001
09:51:11 | INFO: Blender create Mesh node XIAOXIANG_black_back.001
09:51:11 | INFO: Blender create Mesh node XIAOXIANG_gate_pull.002
09:51:11 | INFO: Blender create Mesh node XIAOXIANG_amber_window.001
09:51:11 | INFO: Blender create Mesh node XIAOXIANG_gate_leaf.002
09:51:11 | INFO: Blender create Mesh node XIAOXIANG_paving.001
09:51:11 | INFO: Blender create Mesh node XIAOXIANG_wall_cap.001
09:51:11 | INFO: Blender create Mesh node XIAOXIANG_closed_front.001
09:51:11 | INFO: Blender create Mesh node YIHONG_backstage.002
09:51:11 | INFO: Blender create Mesh node YIHONG_door_rail.001
09:51:11 | INFO: Blender create Mesh node YIHONG_amber_window.002
09:51:11 | INFO: Blender create Mesh node YIHONG_door_panel.001
09:51:11 | INFO: Blender create Mesh node YIHONG_paving.002
09:51:11 | INFO: Blender create Mesh node YIHONG_court_cap.001
09:51:11 | INFO: Blender create Mesh node YIHONG_closed_front.002
09:51:11 | INFO: Blender create Mesh node KIT_water_lotus_leaf.011
09:51:11 | INFO: Blender create Mesh node KIT_water_plank.002
09:51:11 | INFO: Blender create Mesh node SITE_ziling_island.001
09:51:11 | INFO: glTF import finished in 0.94s
NATIVE_SHARED_WASH_SCENE_PASS 6 receivers, twelve exact Areas, no building receiver
Blender 5.2.2 LTS (hash d13f752e3b9c built 2026-09-15 01:49:19)

Blender quit
