00:00.381  blend            | Read blend: "/private/var/folders/gf/s_g2zvzj3jxbylz3ylbc7k4c0000gn/T/garden-combined-lighting-rwa96abh/blender/master.blend"
BlenderMCP addon registered
Info: Read library: '/private/var/folders/gf/s_g2zvzj3jxbylz3ylbc7k4c0000gn/T/garden-combined-lighting-rwa96abh/blender/sites/SITE_aojing-guan.blend', '/private/var/folders/gf/s_g2zvzj3jxbylz3ylbc7k4c0000gn/T/garden-combined-lighting-rwa96abh/blender/sites/SITE_aojing-guan.blend', parent '<direct>'
Info: Read library: '/private/var/folders/gf/s_g2zvzj3jxbylz3ylbc7k4c0000gn/T/garden-combined-lighting-rwa96abh/blender/sites/SITE_daguan-lou.blend', '/private/var/folders/gf/s_g2zvzj3jxbylz3ylbc7k4c0000gn/T/garden-combined-lighting-rwa96abh/blender/sites/SITE_daguan-lou.blend', parent '<direct>'
Info: Read library: '/private/var/folders/gf/s_g2zvzj3jxbylz3ylbc7k4c0000gn/T/garden-combined-lighting-rwa96abh/blender/sites/SITE_daoxiang-cun.blend', '/private/var/folders/gf/s_g2zvzj3jxbylz3ylbc7k4c0000gn/T/garden-combined-lighting-rwa96abh/blender/sites/SITE_daoxiang-cun.blend', parent '<direct>'
Info: Read library: '/private/var/folders/gf/s_g2zvzj3jxbylz3ylbc7k4c0000gn/T/garden-combined-lighting-rwa96abh/blender/sites/SITE_hengwu-yuan.blend', '/private/var/folders/gf/s_g2zvzj3jxbylz3ylbc7k4c0000gn/T/garden-combined-lighting-rwa96abh/blender/sites/SITE_hengwu-yuan.blend', parent '<direct>'
Info: Read library: '/private/var/folders/gf/s_g2zvzj3jxbylz3ylbc7k4c0000gn/T/garden-combined-lighting-rwa96abh/blender/sites/SITE_longcui-an.blend', '/private/var/folders/gf/s_g2zvzj3jxbylz3ylbc7k4c0000gn/T/garden-combined-lighting-rwa96abh/blender/sites/SITE_longcui-an.blend', parent '<direct>'
Info: Read library: '/private/var/folders/gf/s_g2zvzj3jxbylz3ylbc7k4c0000gn/T/garden-combined-lighting-rwa96abh/blender/sites/SITE_ouxiang-xie.blend', '/private/var/folders/gf/s_g2zvzj3jxbylz3ylbc7k4c0000gn/T/garden-combined-lighting-rwa96abh/blender/sites/SITE_ouxiang-xie.blend', parent '<direct>'
Info: Read library: '/private/var/folders/gf/s_g2zvzj3jxbylz3ylbc7k4c0000gn/T/garden-combined-lighting-rwa96abh/blender/sites/SITE_qinfang-ting.blend', '/private/var/folders/gf/s_g2zvzj3jxbylz3ylbc7k4c0000gn/T/garden-combined-lighting-rwa96abh/blender/sites/SITE_qinfang-ting.blend', parent '<direct>'
Info: Read library: '/private/var/folders/gf/s_g2zvzj3jxbylz3ylbc7k4c0000gn/T/garden-combined-lighting-rwa96abh/blender/sites/SITE_qiushuang-zhai.blend', '/private/var/folders/gf/s_g2zvzj3jxbylz3ylbc7k4c0000gn/T/garden-combined-lighting-rwa96abh/blender/sites/SITE_qiushuang-zhai.blend', parent '<direct>'
Info: Read library: '/private/var/folders/gf/s_g2zvzj3jxbylz3ylbc7k4c0000gn/T/garden-combined-lighting-rwa96abh/blender/sites/SITE_rockery-gate.blend', '/private/var/folders/gf/s_g2zvzj3jxbylz3ylbc7k4c0000gn/T/garden-combined-lighting-rwa96abh/blender/sites/SITE_rockery-gate.blend', parent '<direct>'
Info: Read library: '/private/var/folders/gf/s_g2zvzj3jxbylz3ylbc7k4c0000gn/T/garden-combined-lighting-rwa96abh/blender/sites/SITE_stage.blend', '/private/var/folders/gf/s_g2zvzj3jxbylz3ylbc7k4c0000gn/T/garden-combined-lighting-rwa96abh/blender/sites/SITE_stage.blend', parent '<direct>'
Info: Read library: '/private/var/folders/gf/s_g2zvzj3jxbylz3ylbc7k4c0000gn/T/garden-combined-lighting-rwa96abh/blender/sites/SITE_terminal-cells.blend', '/private/var/folders/gf/s_g2zvzj3jxbylz3ylbc7k4c0000gn/T/garden-combined-lighting-rwa96abh/blender/sites/SITE_terminal-cells.blend', parent '<direct>'
Info: Read library: '/private/var/folders/gf/s_g2zvzj3jxbylz3ylbc7k4c0000gn/T/garden-combined-lighting-rwa96abh/blender/sites/SITE_tubi-tang.blend', '/private/var/folders/gf/s_g2zvzj3jxbylz3ylbc7k4c0000gn/T/garden-combined-lighting-rwa96abh/blender/sites/SITE_tubi-tang.blend', parent '<direct>'
Info: Read library: '/private/var/folders/gf/s_g2zvzj3jxbylz3ylbc7k4c0000gn/T/garden-combined-lighting-rwa96abh/blender/sites/SITE_xiaoxiang-guan.blend', '/private/var/folders/gf/s_g2zvzj3jxbylz3ylbc7k4c0000gn/T/garden-combined-lighting-rwa96abh/blender/sites/SITE_xiaoxiang-guan.blend', parent '<direct>'
Info: Read library: '/private/var/folders/gf/s_g2zvzj3jxbylz3ylbc7k4c0000gn/T/garden-combined-lighting-rwa96abh/blender/sites/SITE_yihong-yuan.blend', '/private/var/folders/gf/s_g2zvzj3jxbylz3ylbc7k4c0000gn/T/garden-combined-lighting-rwa96abh/blender/sites/SITE_yihong-yuan.blend', parent '<direct>'
Info: Read library: '/private/var/folders/gf/s_g2zvzj3jxbylz3ylbc7k4c0000gn/T/garden-combined-lighting-rwa96abh/blender/sites/SITE_ziling-zhou.blend', '/private/var/folders/gf/s_g2zvzj3jxbylz3ylbc7k4c0000gn/T/garden-combined-lighting-rwa96abh/blender/sites/SITE_ziling-zhou.blend', parent '<direct>'
Info: Saved as "master.blend"
LINKED_MASTER_WASH_PASS 12 lights share 6 exact visible stage receivers
BlenderMCP addon unregistered
Blender 5.2.2 LTS (hash d13f752e3b9c built 2026-09-15 01:49:19)

Blender quit
