BlenderMCP addon registered
BlenderMCP addon unregistered
09:46:31 | INFO: Data are loaded, start creating Blender stuff
09:46:31 | INFO: Blender create Mesh node COL_aojing_approach.001
09:46:31 | INFO: Blender create Mesh node COL_aojing_approach.004
09:46:31 | INFO: Blender create Mesh node COL_aojing_approach_guard.001
09:46:31 | INFO: Blender create Mesh node COL_aojing_approach_guard.004
09:46:31 | INFO: Blender create Mesh node COL_aojing_approach_ramp.002
09:46:31 | INFO: Blender create Mesh node COL_aojing_closed_front.002
09:46:31 | INFO: Blender create Mesh node COL_aojing_dry_ledge.002
09:46:31 | INFO: Blender create Mesh node COL_aojing_hall_floor.002
09:46:31 | INFO: Blender create Mesh node COL_aojing_ledge_end.002
09:46:31 | INFO: Blender create Mesh node COL_aojing_ledge_parapet.002
09:46:31 | INFO: Blender create Mesh node COL_aojing_return.001
09:46:31 | INFO: Blender create Mesh node COL_aojing_return.004
09:46:31 | INFO: Blender create Mesh node Cube.147
09:46:31 | INFO: Blender create Mesh node Cube.148
09:46:31 | INFO: Blender create Mesh node Cube.149
09:46:31 | INFO: Blender create Mesh node Cube.150
09:46:31 | INFO: Blender create Mesh node COL_bridge_crosswalk.002
09:46:31 | INFO: Blender create Mesh node COL_bridge_crosswalk.003
09:46:31 | INFO: Blender create Mesh node COL_cell_floor.006
09:46:31 | INFO: Blender create Mesh node COL_cell_floor.007
09:46:31 | INFO: Blender create Mesh node COL_cell_floor.008
09:46:31 | INFO: Blender create Mesh node COL_cell_floor.009
09:46:31 | INFO: Blender create Mesh node COL_cell_floor.010
09:46:31 | INFO: Blender create Mesh node COL_cell_floor.011
09:46:31 | INFO: Blender create Mesh node COL_cell_wall.012
09:46:31 | INFO: Blender create Mesh node COL_cell_wall.013
09:46:31 | INFO: Blender create Mesh node COL_cell_wall.014
09:46:31 | INFO: Blender create Mesh node COL_cell_wall.015
09:46:31 | INFO: Blender create Mesh node COL_cell_wall.016
09:46:31 | INFO: Blender create Mesh node COL_cell_wall.017
09:46:31 | INFO: Blender create Mesh node COL_cell_wall.018
09:46:31 | INFO: Blender create Mesh node COL_cell_wall.019
09:46:31 | INFO: Blender create Mesh node COL_cell_wall.020
09:46:31 | INFO: Blender create Mesh node COL_cell_wall.021
09:46:31 | INFO: Blender create Mesh node COL_cell_wall.022
09:46:31 | INFO: Blender create Mesh node COL_cell_wall.023
09:46:31 | INFO: Blender create Mesh node COL_daguan_central_step.003
09:46:31 | INFO: Blender create Mesh node COL_daguan_central_step.004
09:46:31 | INFO: Blender create Mesh node COL_daguan_central_step.005
09:46:31 | INFO: Blender create Mesh node COL_daguan_closed_front.001
09:46:31 | INFO: Blender create Mesh node COL_daguan_column.006
09:46:31 | INFO: Blender create Mesh node COL_daguan_column.007
09:46:31 | INFO: Blender create Mesh node COL_daguan_column.008
09:46:31 | INFO: Blender create Mesh node COL_daguan_column.009
09:46:31 | INFO: Blender create Mesh node COL_daguan_column.010
09:46:31 | INFO: Blender create Mesh node COL_daguan_column.011
09:46:31 | INFO: Blender create Mesh node COL_daguan_floor.001
09:46:31 | INFO: Blender create Mesh node COL_daguan_return_wall.002
09:46:31 | INFO: Blender create Mesh node COL_daguan_return_wall.003
09:46:31 | INFO: Blender create Mesh node COL_daoxiang_approach.002
09:46:31 | INFO: Blender create Mesh node COL_daoxiang_approach.003
09:46:31 | INFO: Blender create Mesh node COL_daoxiang_closed_front.001
09:46:31 | INFO: Blender create Mesh node COL_daoxiang_court.001
09:46:31 | INFO: Blender create Mesh node COL_daoxiang_fence.004
09:46:31 | INFO: Blender create Mesh node COL_daoxiang_fence.005
09:46:31 | INFO: Blender create Mesh node COL_daoxiang_fence.006
09:46:31 | INFO: Blender create Mesh node COL_daoxiang_fence.007
09:46:31 | INFO: Blender create Mesh node COL_daoxiang_side.002
09:46:31 | INFO: Blender create Mesh node COL_daoxiang_side.003
09:46:31 | INFO: Blender create Mesh node COL_entry_corridor.001
09:46:31 | INFO: Blender create Mesh node COL_entry_walk.002
09:46:31 | INFO: Blender create Mesh node COL_entry_walk.003
09:46:31 | INFO: Blender create Mesh node COL_floor_joint_cell_threshold_0.001
09:46:31 | INFO: Blender create Mesh node COL_floor_joint_cell_threshold_1.001
09:46:31 | INFO: Blender create Mesh node COL_floor_joint_cell_threshold_2.001
09:46:31 | INFO: Blender create Mesh node COL_floor_joint_cell_threshold_3.001
09:46:31 | INFO: Blender create Mesh node COL_floor_joint_cell_threshold_4.001
09:46:31 | INFO: Blender create Mesh node COL_floor_joint_cell_threshold_5.001
09:46:31 | INFO: Blender create Mesh node COL_floor_joint_pavilion_east_joint.001
09:46:31 | INFO: Blender create Mesh node COL_floor_joint_pavilion_west_joint.001
09:46:31 | INFO: Blender create Mesh node Cube.146
09:46:31 | INFO: Blender create Mesh node Cube.145
09:46:31 | INFO: Blender create Mesh node COL_GATE_banana_planter.001
09:46:31 | INFO: Blender create Mesh node KIT_rockery_passage.022
09:46:31 | INFO: Blender create Mesh node KIT_rockery_passage.024
09:46:31 | INFO: Blender create Mesh node KIT_rockery_cliff.006
09:46:31 | INFO: Blender create Mesh node KIT_rockery_cliff.008
09:46:31 | INFO: Blender create Mesh node KIT_rockery_passage.004
09:46:31 | INFO: Blender create Mesh node KIT_rockery_passage.016
09:46:31 | INFO: Blender create Mesh node KIT_rockery_passage.018
09:46:31 | INFO: Blender create Mesh node KIT_rockery_passage.020
09:46:31 | INFO: Blender create Mesh node GATE_paving.003
09:46:31 | INFO: Blender create Mesh node COL_hengwu-yuan_floor.001
09:46:31 | INFO: Blender create Mesh node COL_hengwu_approach.002
09:46:31 | INFO: Blender create Mesh node COL_hengwu_approach.003
09:46:31 | INFO: Blender create Mesh node COL_hengwu_closed_hall.002
09:46:31 | INFO: Blender create Mesh node COL_hengwu_court.002
09:46:31 | INFO: Blender create Mesh node COL_hengwu_hall_post.001
09:46:31 | INFO: Blender create Mesh node COL_hengwu_hall_post.002
09:46:31 | INFO: Blender create Mesh node COL_hengwu_hall_post.006
09:46:31 | INFO: Blender create Mesh node COL_wall_bay.001
09:46:31 | INFO: Blender create Mesh node COL_wall_bay.002
09:46:31 | INFO: Blender create Mesh node COL_wall_bay.003
09:46:31 | INFO: Blender create Mesh node COL_wall_bay.004
09:46:31 | INFO: Blender create Mesh node COL_wall_bay.005
09:46:31 | INFO: Blender create Mesh node COL_wall_bay.006
09:46:31 | INFO: Blender create Mesh node KIT_wall_plaster.002
09:46:31 | INFO: Blender create Mesh node COL_wall_window.001
09:46:31 | INFO: Blender create Mesh node COL_wall_window.002
09:46:31 | INFO: Blender create Mesh node COL_hengwu_rock.001
09:46:31 | INFO: Blender create Mesh node COL_hengwu_rock.002
09:46:31 | INFO: Blender create Mesh node COL_hengwu_rock.006
09:46:31 | INFO: Blender create Mesh node COL_hengwu_stool.001
09:46:31 | INFO: Blender create Mesh node COL_hengwu_stool.002
09:46:31 | INFO: Blender create Mesh node COL_hengwu_stool.003
09:46:31 | INFO: Blender create Mesh node COL_hengwu_stool.008
09:46:31 | INFO: Blender create Mesh node COL_hengwu_table.002
09:46:31 | INFO: Blender create Mesh node COL_longcui_approach.003
09:46:31 | INFO: Blender create Mesh node COL_longcui_approach.004
09:46:31 | INFO: Blender create Mesh node COL_longcui_approach.005
09:46:31 | INFO: Blender create Mesh node COL_longcui_burner.001
09:46:31 | INFO: Blender create Mesh node COL_longcui_closed_front.001
09:46:31 | INFO: Blender create Mesh node COL_longcui_floor.001
09:46:31 | INFO: Blender create Mesh node COL_longcui_plum_trunk.002
09:46:31 | INFO: Blender create Mesh node COL_longcui_plum_trunk.003
09:46:31 | INFO: Blender create Mesh node COL_longcui_return.002
09:46:31 | INFO: Blender create Mesh node COL_longcui_return.003
09:46:31 | INFO: Blender create Mesh node COL_longcui_threshold.001
09:46:31 | INFO: Blender create Mesh node COL_ouxiang_approach.001
09:46:31 | INFO: Blender create Mesh node COL_ouxiang_deck.001
09:46:31 | INFO: Blender create Mesh node COL_ouxiang_post.004
09:46:31 | INFO: Blender create Mesh node COL_ouxiang_post.005
09:46:31 | INFO: Blender create Mesh node COL_ouxiang_post.006
09:46:31 | INFO: Blender create Mesh node COL_ouxiang_post.007
09:46:31 | INFO: Blender create Mesh node COL_ouxiang_rail.002
09:46:31 | INFO: Blender create Mesh node COL_ouxiang_rail.003
09:46:31 | INFO: Blender create Mesh node COL_ouxiang_side_rail.004
09:46:31 | INFO: Blender create Mesh node COL_ouxiang_side_rail.005
09:46:31 | INFO: Blender create Mesh node COL_ouxiang_side_rail.006
09:46:31 | INFO: Blender create Mesh node COL_ouxiang_side_rail.007
09:46:31 | INFO: Blender create Mesh node COL_ouxiang_table.001
09:46:31 | INFO: Blender create Mesh node COL_corridor_floor.009
09:46:31 | INFO: Blender create Mesh node COL_corridor_side.015
09:46:31 | INFO: Blender create Mesh node COL_corridor_side.016
09:46:31 | INFO: Blender create Mesh node COL_corridor_post.016
09:46:31 | INFO: Blender create Mesh node COL_corridor_post.017
09:46:31 | INFO: Blender create Mesh node COL_corridor_floor.010
09:46:31 | INFO: Blender create Mesh node COL_corridor_side.017
09:46:31 | INFO: Blender create Mesh node COL_corridor_side.018
09:46:31 | INFO: Blender create Mesh node COL_corridor_post.018
09:46:31 | INFO: Blender create Mesh node COL_corridor_post.019
09:46:31 | INFO: Blender create Mesh node COL_corridor_floor.011
09:46:31 | INFO: Blender create Mesh node COL_corridor_side.019
09:46:31 | INFO: Blender create Mesh node COL_corridor_side.020
09:46:31 | INFO: Blender create Mesh node COL_corridor_post.020
09:46:31 | INFO: Blender create Mesh node COL_corridor_post.021
09:46:31 | INFO: Blender create Mesh node COL_corridor_floor.012
09:46:31 | INFO: Blender create Mesh node COL_corridor_side.021
09:46:31 | INFO: Blender create Mesh node COL_corridor_side.022
09:46:31 | INFO: Blender create Mesh node COL_corridor_post.022
09:46:31 | INFO: Blender create Mesh node COL_corridor_post.023
09:46:31 | INFO: Blender create Mesh node COL_corridor_floor.001
09:46:31 | INFO: Blender create Mesh node COL_corridor_side.001
09:46:31 | INFO: Blender create Mesh node COL_corridor_side.002
09:46:31 | INFO: Blender create Mesh node COL_corridor_post.001
09:46:31 | INFO: Blender create Mesh node COL_corridor_post.002
09:46:31 | INFO: Blender create Mesh node COL_corridor_floor.002
09:46:31 | INFO: Blender create Mesh node COL_corridor_side.003
09:46:31 | INFO: Blender create Mesh node COL_corridor_side.004
09:46:31 | INFO: Blender create Mesh node COL_corridor_post.003
09:46:31 | INFO: Blender create Mesh node COL_corridor_post.004
09:46:31 | INFO: Blender create Mesh node COL_corridor_floor.003
09:46:31 | INFO: Blender create Mesh node COL_corridor_side.005
09:46:31 | INFO: Blender create Mesh node COL_corridor_side.006
09:46:31 | INFO: Blender create Mesh node COL_corridor_post.005
09:46:31 | INFO: Blender create Mesh node COL_corridor_post.006
09:46:31 | INFO: Blender create Mesh node COL_corridor_floor.004
09:46:31 | INFO: Blender create Mesh node COL_corridor_side.007
09:46:31 | INFO: Blender create Mesh node COL_corridor_side.008
09:46:31 | INFO: Blender create Mesh node COL_corridor_post.007
09:46:31 | INFO: Blender create Mesh node COL_corridor_post.008
09:46:31 | INFO: Blender create Mesh node COL_corridor_floor.005
09:46:31 | INFO: Blender create Mesh node COL_corridor_side.009
09:46:31 | INFO: Blender create Mesh node COL_corridor_side.010
09:46:31 | INFO: Blender create Mesh node COL_corridor_post.009
09:46:31 | INFO: Blender create Mesh node COL_corridor_post.010
09:46:31 | INFO: Blender create Mesh node COL_corridor_floor.006
09:46:31 | INFO: Blender create Mesh node COL_corridor_side.011
09:46:31 | INFO: Blender create Mesh node COL_corridor_post.011
09:46:31 | INFO: Blender create Mesh node COL_corridor_post.012
09:46:31 | INFO: Blender create Mesh node COL_corridor_floor.007
09:46:31 | INFO: Blender create Mesh node COL_corridor_side.012
09:46:31 | INFO: Blender create Mesh node COL_corridor_post.013
09:46:31 | INFO: Blender create Mesh node COL_corridor_floor.008
09:46:31 | INFO: Blender create Mesh node COL_corridor_side.013
09:46:31 | INFO: Blender create Mesh node COL_corridor_side.014
09:46:31 | INFO: Blender create Mesh node COL_corridor_post.014
09:46:31 | INFO: Blender create Mesh node COL_corridor_post.015
09:46:31 | INFO: Blender create Mesh node COL_corridor_floor.013
09:46:31 | INFO: Blender create Mesh node COL_corridor_side.023
09:46:31 | INFO: Blender create Mesh node COL_corridor_side.024
09:46:31 | INFO: Blender create Mesh node COL_corridor_post.024
09:46:31 | INFO: Blender create Mesh node COL_corridor_post.025
09:46:31 | INFO: Blender create Mesh node COL_corridor_floor.014
09:46:31 | INFO: Blender create Mesh node COL_corridor_side.025
09:46:31 | INFO: Blender create Mesh node COL_corridor_side.026
09:46:31 | INFO: Blender create Mesh node COL_corridor_post.026
09:46:31 | INFO: Blender create Mesh node COL_corridor_post.027
09:46:31 | INFO: Blender create Mesh node COL_corridor_floor.015
09:46:31 | INFO: Blender create Mesh node COL_corridor_side.027
09:46:31 | INFO: Blender create Mesh node COL_corridor_side.028
09:46:31 | INFO: Blender create Mesh node COL_corridor_post.028
09:46:31 | INFO: Blender create Mesh node COL_corridor_post.029
09:46:31 | INFO: Blender create Mesh node COL_corridor_floor.016
09:46:31 | INFO: Blender create Mesh node COL_corridor_side.029
09:46:31 | INFO: Blender create Mesh node COL_corridor_side.030
09:46:31 | INFO: Blender create Mesh node COL_corridor_post.030
09:46:31 | INFO: Blender create Mesh node COL_corridor_post.031
09:46:31 | INFO: Blender create Mesh node COL_qinfang_deck.001
09:46:31 | INFO: Blender create Mesh node COL_pavilion_bench.001
09:46:31 | INFO: Blender create Mesh node COL_pavilion_bench.002
09:46:31 | INFO: Blender create Mesh node COL_pavilion_bracket.001
09:46:31 | INFO: Blender create Mesh node COL_pavilion_bracket.002
09:46:31 | INFO: Blender create Mesh node COL_pavilion_bracket.003
09:46:31 | INFO: Blender create Mesh node COL_pavilion_bracket.004
09:46:31 | INFO: Blender create Mesh node COL_pavilion_bracket.005
09:46:31 | INFO: Blender create Mesh node COL_pavilion_bracket.006
09:46:31 | INFO: Blender create Mesh node COL_pavilion_post.001
09:46:31 | INFO: Blender create Mesh node COL_pavilion_post.002
09:46:31 | INFO: Blender create Mesh node COL_pavilion_post.003
09:46:31 | INFO: Blender create Mesh node COL_pavilion_post.004
09:46:31 | INFO: Blender create Mesh node COL_pavilion_post.005
09:46:31 | INFO: Blender create Mesh node COL_pavilion_post.006
09:46:31 | INFO: Blender create Mesh node COL_pavilion_roof.001
09:46:31 | INFO: Blender create Mesh node COL_qiushuang-zhai_floor.001
09:46:31 | INFO: Blender create Mesh node Cube.009
09:46:31 | INFO: Blender create Mesh node Cube.011
09:46:31 | INFO: Blender create Mesh node Cube.012
09:46:31 | INFO: Blender create Mesh node Cube.013
09:46:31 | INFO: Blender create Mesh node Cube.019
09:46:31 | INFO: Blender create Mesh node Cube.020
09:46:31 | INFO: Blender create Mesh node Cube.023
09:46:31 | INFO: Blender create Mesh node Cube.024
09:46:31 | INFO: Blender create Mesh node Cube.048
09:46:31 | INFO: Blender create Mesh node Cube.050
09:46:31 | INFO: Blender create Mesh node Cube.052
09:46:31 | INFO: Blender create Mesh node Cube.092
09:46:31 | INFO: Blender create Mesh node Cube.093
09:46:31 | INFO: Blender create Mesh node Cube.094
09:46:31 | INFO: Blender create Mesh node Cube.095
09:46:31 | INFO: Blender create Mesh node Cube.096
09:46:31 | INFO: Blender create Mesh node Cube.097
09:46:31 | INFO: Blender create Mesh node Cube.098
09:46:31 | INFO: Blender create Mesh node Cube.099
09:46:31 | INFO: Blender create Mesh node Cube.100
09:46:31 | INFO: Blender create Mesh node Cube.101
09:46:31 | INFO: Blender create Mesh node Cube.102
09:46:31 | INFO: Blender create Mesh node Cube.103
09:46:31 | INFO: Blender create Mesh node Cube.104
09:46:31 | INFO: Blender create Mesh node Cube.105
09:46:31 | INFO: Blender create Mesh node Cube.106
09:46:31 | INFO: Blender create Mesh node Cube.107
09:46:31 | INFO: Blender create Mesh node Cube.108
09:46:31 | INFO: Blender create Mesh node Cube.109
09:46:31 | INFO: Blender create Mesh node Cube.110
09:46:31 | INFO: Blender create Mesh node Cube.111
09:46:31 | INFO: Blender create Mesh node Cube.112
09:46:31 | INFO: Blender create Mesh node Cube.113
09:46:31 | INFO: Blender create Mesh node Cube.114
09:46:31 | INFO: Blender create Mesh node Cube.115
09:46:31 | INFO: Blender create Mesh node Cube.116
09:46:31 | INFO: Blender create Mesh node Cube.117
09:46:31 | INFO: Blender create Mesh node Cube.118
09:46:31 | INFO: Blender create Mesh node Cube.119
09:46:31 | INFO: Blender create Mesh node Cube.120
09:46:31 | INFO: Blender create Mesh node Cube.121
09:46:31 | INFO: Blender create Mesh node Cube.122
09:46:31 | INFO: Blender create Mesh node Cube.123
09:46:31 | INFO: Blender create Mesh node Cube.124
09:46:31 | INFO: Blender create Mesh node Cube.125
09:46:31 | INFO: Blender create Mesh node Cube.126
09:46:31 | INFO: Blender create Mesh node Cube.127
09:46:31 | INFO: Blender create Mesh node Cube.128
09:46:31 | INFO: Blender create Mesh node Cube.129
09:46:31 | INFO: Blender create Mesh node Cube.130
09:46:31 | INFO: Blender create Mesh node Cube.131
09:46:31 | INFO: Blender create Mesh node Cube.132
09:46:31 | INFO: Blender create Mesh node Cube.133
09:46:31 | INFO: Blender create Mesh node Cube.134
09:46:31 | INFO: Blender create Mesh node Cube.135
09:46:31 | INFO: Blender create Mesh node Cube.136
09:46:31 | INFO: Blender create Mesh node Cube.137
09:46:31 | INFO: Blender create Mesh node Cube.138
09:46:31 | INFO: Blender create Mesh node Cube.139
09:46:31 | INFO: Blender create Mesh node Cube.140
09:46:31 | INFO: Blender create Mesh node Cube.141
09:46:31 | INFO: Blender create Mesh node Cube.142
09:46:31 | INFO: Blender create Mesh node Cube.143
09:46:31 | INFO: Blender create Mesh node Cube.144
09:46:31 | INFO: Blender create Mesh node Cube.193
09:46:31 | INFO: Blender create Mesh node Cube.194
09:46:31 | INFO: Blender create Mesh node Cube.195
09:46:31 | INFO: Blender create Mesh node Cube.196
09:46:31 | INFO: Blender create Mesh node Cube.197
09:46:31 | INFO: Blender create Mesh node Cube.198
09:46:31 | INFO: Blender create Mesh node Cube.199
09:46:31 | INFO: Blender create Mesh node Cube.200
09:46:31 | INFO: Blender create Mesh node COL_stone_walk.005
09:46:31 | INFO: Blender create Mesh node COL_stone_walk.008
09:46:31 | INFO: Blender create Mesh node COL_stone_walk.009
09:46:31 | INFO: Blender create Mesh node COL_stone_walk.010
09:46:31 | INFO: Blender create Mesh node COL_stone_walk.011
09:46:31 | INFO: Blender create Mesh node COL_stone_walk.012
09:46:31 | INFO: Blender create Mesh node COL_study_approach.002
09:46:31 | INFO: Blender create Mesh node COL_study_desk_centre.002
09:46:31 | INFO: Blender create Mesh node COL_study_desk_left.002
09:46:31 | INFO: Blender create Mesh node COL_study_desk_right.002
09:46:31 | INFO: Blender create Mesh node COL_study_front_walk.002
09:46:31 | INFO: Blender create Mesh node COL_study_front_wall.002
09:46:31 | INFO: Blender create Mesh node COL_study_post.001
09:46:31 | INFO: Blender create Mesh node COL_study_post.002
09:46:31 | INFO: Blender create Mesh node COL_study_post.003
09:46:31 | INFO: Blender create Mesh node COL_study_post.008
09:46:31 | INFO: Blender create Mesh node Cube.151
09:46:31 | INFO: Blender create Mesh node Cube.152
09:46:31 | INFO: Blender create Mesh node Cube.153
09:46:31 | INFO: Blender create Mesh node Cube.154
09:46:31 | INFO: Blender create Mesh node Cube.155
09:46:31 | INFO: Blender create Mesh node Cube.156
09:46:31 | INFO: Blender create Mesh node Cube.157
09:46:31 | INFO: Blender create Mesh node Cube.158
09:46:31 | INFO: Blender create Mesh node Cube.159
09:46:31 | INFO: Blender create Mesh node Cube.160
09:46:31 | INFO: Blender create Mesh node Cube.161
09:46:31 | INFO: Blender create Mesh node Cube.162
09:46:31 | INFO: Blender create Mesh node Cube.163
09:46:31 | INFO: Blender create Mesh node Cube.164
09:46:31 | INFO: Blender create Mesh node Cube.165
09:46:31 | INFO: Blender create Mesh node Cube.166
09:46:31 | INFO: Blender create Mesh node Cube.167
09:46:31 | INFO: Blender create Mesh node Cube.168
09:46:31 | INFO: Blender create Mesh node Cube.169
09:46:31 | INFO: Blender create Mesh node Cube.170
09:46:31 | INFO: Blender create Mesh node Cube.171
09:46:31 | INFO: Blender create Mesh node Cube.172
09:46:31 | INFO: Blender create Mesh node Cube.173
09:46:31 | INFO: Blender create Mesh node Cube.174
09:46:31 | INFO: Blender create Mesh node Cube.175
09:46:31 | INFO: Blender create Mesh node Cube.176
09:46:31 | INFO: Blender create Mesh node Cube.177
09:46:31 | INFO: Blender create Mesh node Cube.178
09:46:31 | INFO: Blender create Mesh node Cube.179
09:46:31 | INFO: Blender create Mesh node Cube.180
09:46:31 | INFO: Blender create Mesh node Cube.201
09:46:31 | INFO: Blender create Mesh node Cube.202
09:46:31 | INFO: Blender create Mesh node Cube.203
09:46:31 | INFO: Blender create Mesh node Cube.181
09:46:31 | INFO: Blender create Mesh node Cube.182
09:46:31 | INFO: Blender create Mesh node Cube.183
09:46:31 | INFO: Blender create Mesh node Cube.184
09:46:31 | INFO: Blender create Mesh node Cube.185
09:46:31 | INFO: Blender create Mesh node Cube.186
09:46:31 | INFO: Blender create Mesh node Cube.187
09:46:31 | INFO: Blender create Mesh node Cube.188
09:46:31 | INFO: Blender create Mesh node Cube.189
09:46:31 | INFO: Blender create Mesh node Cube.190
09:46:31 | INFO: Blender create Mesh node Cube.191
09:46:31 | INFO: Blender create Mesh node Cube.192
09:46:31 | INFO: Blender create Mesh node COL_tubi-tang_floor.001
09:46:31 | INFO: Blender create Mesh node COL_tubi_approach.001
09:46:31 | INFO: Blender create Mesh node COL_tubi_approach.002
09:46:31 | INFO: Blender create Mesh node COL_tubi_approach.007
09:46:31 | INFO: Blender create Mesh node COL_tubi_approach.008
09:46:31 | INFO: Blender create Mesh node COL_tubi_closed_hall.002
09:46:31 | INFO: Blender create Mesh node COL_tubi_hall_post.001
09:46:31 | INFO: Blender create Mesh node COL_tubi_hall_post.002
09:46:31 | INFO: Blender create Mesh node COL_tubi_hall_post.006
09:46:31 | INFO: Blender create Mesh node COL_tubi_parapet.001
09:46:31 | INFO: Blender create Mesh node COL_tubi_parapet.002
09:46:31 | INFO: Blender create Mesh node COL_tubi_parapet.003
09:46:31 | INFO: Blender create Mesh node COL_tubi_parapet.008
09:46:31 | INFO: Blender create Mesh node COL_tubi_stair_guard.001
09:46:31 | INFO: Blender create Mesh node COL_tubi_stair_guard.004
09:46:31 | INFO: Blender create Mesh node COL_tubi_stair_ramp.002
09:46:31 | INFO: Blender create Mesh node COL_tubi_terrace.002
09:46:31 | INFO: Blender create Mesh node COL_tubi_topic_table.002
09:46:31 | INFO: Blender create Mesh node COL_tubi_view_bench_left.001
09:46:31 | INFO: Blender create Mesh node COL_tubi_view_bench_right.001
09:46:31 | INFO: Blender create Mesh node COL_water_bridge_side.001
09:46:31 | INFO: Blender create Mesh node COL_water_bridge_side.004
09:46:31 | INFO: Blender create Mesh node COL_water_bridge_deck.002
09:46:31 | INFO: Blender create Mesh node COL_xiaoxiang_bamboo_bed.004
09:46:31 | INFO: Blender create Mesh node COL_xiaoxiang_bamboo_bed.005
09:46:31 | INFO: Blender create Mesh node COL_xiaoxiang_bamboo_bed.006
09:46:31 | INFO: Blender create Mesh node COL_xiaoxiang_bamboo_bed.007
09:46:31 | INFO: Blender create Mesh node COL_xiaoxiang_closed_front.001
09:46:31 | INFO: Blender create Mesh node COL_xiaoxiang_floor.001
09:46:31 | INFO: Blender create Mesh node COL_xiaoxiang_return.002
09:46:31 | INFO: Blender create Mesh node COL_xiaoxiang_return.003
09:46:31 | INFO: Blender create Mesh node COL_xiaoxiang_threshold.001
09:46:31 | INFO: Blender create Mesh node COL_yihong_closed_front.002
09:46:31 | INFO: Blender create Mesh node COL_yihong_court_side.001
09:46:31 | INFO: Blender create Mesh node COL_yihong_court_side.004
09:46:31 | INFO: Blender create Mesh node COL_yihong_floor.002
09:46:31 | INFO: Blender create Mesh node COL_yihong_planter.001
09:46:31 | INFO: Blender create Mesh node COL_yihong_planter.004
09:46:31 | INFO: Blender create Mesh node COL_yihong_side_return.001
09:46:31 | INFO: Blender create Mesh node COL_yihong_side_return.004
09:46:31 | INFO: Blender create Mesh node COL_yihong_threshold.002
09:46:31 | INFO: Blender create Mesh node COL_ziling_landing.001
09:46:31 | INFO: Blender create Mesh node HERO_aojing-guan_title.002
09:46:31 | INFO: Blender create Mesh node HERO_daguan_title.001
09:46:31 | INFO: Blender create Mesh node HERO_daoxiang-cun_title.002
09:46:31 | INFO: Blender create Mesh node KIT_flora_plum_render.001
09:46:31 | INFO: Blender create Mesh node KIT_flora_plum_render.002
09:46:31 | INFO: Blender create Mesh node KIT_flora_bamboo_large_render.001
09:46:31 | INFO: Blender create Mesh node KIT_flora_bamboo_large_render.002
09:46:31 | INFO: Blender create Mesh node KIT_flora_bamboo_small_render.001
09:46:31 | INFO: Blender create Mesh node KIT_flora_willow_render.001
09:46:31 | INFO: Blender create Mesh node KIT_flora_willow_render.002
09:46:31 | INFO: Blender create Mesh node KIT_flora_bamboo_large_render.003
09:46:31 | INFO: Blender create Mesh node KIT_flora_bamboo_medium_render.001
09:46:31 | INFO: Blender create Mesh node KIT_flora_bamboo_small_render.002
09:46:31 | INFO: Blender create Mesh node KIT_flora_bamboo_large_render.004
09:46:31 | INFO: Blender create Mesh node KIT_flora_banana_render.001
09:46:31 | INFO: Blender create Mesh node KIT_flora_banana_render.002
09:46:31 | INFO: Blender create Mesh node KIT_flora_reed_render.001
09:46:31 | INFO: Blender create Mesh node KIT_flora_reed_render.002
09:46:31 | INFO: Blender create Mesh node KIT_flora_reed_render.003
09:46:31 | INFO: Blender create Mesh node KIT_flora_reed_render.004
09:46:31 | INFO: Blender create Mesh node KIT_flora_reed_render.005
09:46:31 | INFO: Blender create Mesh node KIT_flora_reed_render.006
09:46:31 | INFO: Blender create Mesh node KIT_flora_reed_render.007
09:46:31 | INFO: Blender create Mesh node KIT_flora_reed_render.008
09:46:31 | INFO: Blender create Mesh node KIT_flora_reed_render.009
09:46:31 | INFO: Blender create Mesh node KIT_flora_reed_render.010
09:46:31 | INFO: Blender create Mesh node HERO_gate_inscription.001
09:46:31 | INFO: Blender create Mesh node HERO_gate_water_drips.001
09:46:31 | INFO: Blender create Mesh node HERO_hengwu-yuan_title.002
09:46:31 | INFO: Blender create Mesh node HERO_longcui-an_title.002
09:46:31 | INFO: Blender create Mesh node HERO_qinfang-ting_title.002
09:46:31 | INFO: Blender create Mesh node HERO_qinfang_bridge.001
09:46:31 | INFO: Blender create Mesh node HERO_study_scroll_bamboo.002
09:46:31 | INFO: Blender create Mesh node HERO_study_scroll_plum.002
09:46:31 | INFO: Blender create Mesh node HERO_study_title.002
09:46:31 | INFO: Blender create Mesh node HERO_table_hexagram.001
09:46:31 | INFO: Blender create Mesh node line_piece.005
09:46:31 | INFO: Blender create Mesh node line_piece.002
09:46:31 | INFO: Blender create Mesh node line_piece.011
09:46:31 | INFO: Blender create Mesh node line_piece.008
09:46:31 | INFO: Blender create Mesh node line_piece.017
09:46:31 | INFO: Blender create Mesh node line_piece.014
09:46:31 | INFO: Blender create Mesh node line_piece.019
09:46:31 | INFO: Blender create Mesh node line_piece.018
09:46:31 | INFO: Blender create Mesh node line_piece.021
09:46:31 | INFO: Blender create Mesh node line_piece.020
09:46:31 | INFO: Blender create Mesh node line_piece.023
09:46:31 | INFO: Blender create Mesh node line_piece.022
09:46:31 | INFO: Blender create Mesh node HERO_table_pedestal.001
09:46:31 | INFO: Blender create Mesh node HERO_tubi_title.002
09:46:31 | INFO: Blender create Mesh node HERO_xiaoxiang-guan_title.002
09:46:31 | INFO: Blender create Mesh node HERO_yihong-yuan_title.002
09:46:31 | INFO: Blender create Mesh node AOJING_pond.002
09:46:31 | INFO: Blender create Mesh node AOJING_backstage.002
09:46:31 | INFO: Blender create Mesh node AOJING_amber_window.002
09:46:31 | INFO: Blender create Mesh node AOJING_window_lattice.001
09:46:31 | INFO: Blender create Mesh node AOJING_dry_ledge.002
09:46:31 | INFO: Blender create Mesh node AOJING_roof.002
09:46:31 | INFO: Blender create Mesh node AOJING_closed_front.002
09:46:31 | INFO: Blender create Mesh node DAGUAN_backstage.001
09:46:31 | INFO: Blender create Mesh node DAGUAN_door_stud.180
09:46:31 | INFO: Blender create Mesh node DAGUAN_amber_transom.002
09:46:31 | INFO: Blender create Mesh node DAGUAN_closed_door.010
09:46:31 | INFO: Blender create Mesh node DAGUAN_recessed_panel.020
09:46:31 | INFO: Blender create Mesh node DAGUAN_column.006
09:46:31 | INFO: Blender create Mesh node DAGUAN_platform.001
09:46:31 | INFO: Blender create Mesh node DAGUAN_lower_roof.001
09:46:31 | INFO: Blender create Mesh node DAGUAN_front.001
09:46:31 | INFO: Blender create Mesh node DAOXIANG_backstage.001
09:46:31 | INFO: Blender create Mesh node DAOXIANG_door_latch.001
09:46:31 | INFO: Blender create Mesh node DAOXIANG_warm_sliver.001
09:46:31 | INFO: Blender create Mesh node DAOXIANG_closed_door.001
09:46:31 | INFO: Blender create Mesh node DAOXIANG_paddy_painting.001
09:46:31 | INFO: Blender create Mesh node DAOXIANG_court.001
09:46:31 | INFO: Blender create Mesh node DAOXIANG_thatch_mass.001
09:46:31 | INFO: Blender create Mesh node DAOXIANG_front.001
09:46:31 | INFO: Blender create Mesh node SITE_hengwu-yuan_backstage.001
09:46:31 | INFO: Blender create Mesh node KIT_pavilion_finial.011
09:46:31 | INFO: Blender create Mesh node KIT_wall_amber_window.006
09:46:31 | INFO: Blender create Mesh node HENGWU_herb_leaf.001
09:46:31 | INFO: Blender create Mesh node KIT_wall_lattice_vertical.105
09:46:31 | INFO: Blender create Mesh node SITE_hengwu-yuan_platform.001
09:46:31 | INFO: Blender create Mesh node KIT_props_lantern_hanging_render.015
09:46:31 | INFO: Blender create Mesh node KIT_pavilion_roof.011
09:46:31 | INFO: Blender create Mesh node KIT_wall_bay.001
09:46:31 | INFO: Blender create Mesh node SITE_hengwu-yuan_front.001
09:46:31 | INFO: Blender create Mesh node LONGCUI_backstage.001
09:46:31 | INFO: Blender create Mesh node LONGCUI_gate_pull.002
09:46:31 | INFO: Blender create Mesh node LONGCUI_closed_gate.002
09:46:31 | INFO: Blender create Mesh node LONGCUI_paving.001
09:46:31 | INFO: Blender create Mesh node KIT_props_lantern_hanging_render.016
09:46:31 | INFO: Blender create Mesh node LONGCUI_wall_cap.001
09:46:31 | INFO: Blender create Mesh node LONGCUI_closed_front.001
09:46:31 | INFO: Blender create Mesh node KIT_props_tea_cup.006
09:46:31 | INFO: Blender create Mesh node KIT_water_lotus_leaf.007
09:46:31 | INFO: Blender create Mesh node SITE_ouxiang_deck.001
09:46:31 | INFO: Blender create Mesh node KIT_pavilion_water_pier.004
09:46:31 | INFO: Blender create Mesh node KIT_props_lantern_hanging_render.013
09:46:31 | INFO: Blender create Mesh node KIT_pavilion_water_hipped_roof.001
09:46:31 | INFO: Blender create Mesh node KIT_water_lotus.021
09:46:31 | INFO: Blender create Mesh node KIT_corridor_rail.008
09:46:31 | INFO: Blender create Mesh node KIT_pavilion_roof_shell.001
09:46:31 | INFO: Blender create Mesh node KIT_pavilion_plinth.001
09:46:31 | INFO: Blender create Mesh node KIT_props_lantern_hanging_render.001
09:46:31 | INFO: Blender create Mesh node KIT_water_stream.001
09:46:31 | INFO: Blender create Mesh node SITE_qiushuang-zhai_backstage.001
09:46:31 | INFO: Blender create Mesh node KIT_pavilion_finial.005
09:46:31 | INFO: Blender create Mesh node KIT_wall_lattice_vertical.042
09:46:31 | INFO: Blender create Mesh node SITE_qiushuang-zhai_platform.001
09:46:31 | INFO: Blender create Mesh node KIT_props_lantern_hanging_render.010
09:46:31 | INFO: Blender create Mesh node KIT_pavilion_roof.005
09:46:31 | INFO: Blender create Mesh node KIT_tech_terminal_desk_render.007
09:46:31 | INFO: Blender create Mesh node SITE_qiushuang-zhai_front.001
09:46:31 | INFO: Blender create Mesh node GATE_banana_pseudostem.001
09:46:31 | INFO: Blender create Mesh node GATE_banana_soil.001
09:46:31 | INFO: Blender create Mesh node KIT_rockery_passage.001
09:46:31 | INFO: Blender create Mesh node GATE_paving.002
09:46:31 | INFO: Blender create Mesh node KIT_props_lantern_hanging_render.008
09:46:31 | INFO: Blender create Mesh node KIT_stage_fog_plane_render.017
09:46:31 | INFO: Blender create Mesh node KIT_stage_floor.001
09:46:31 | INFO: Blender create Mesh node AOJING_approach_guard.001
09:46:31 | INFO: Blender create Mesh node KIT_stage_painted_moon.001
09:46:31 | INFO: Blender create Mesh node KIT_stage_painted_mountain_layer.003
09:46:31 | INFO: Blender create Mesh node KIT_stage_painted_mountain_layer.004
09:46:31 | INFO: Blender create Mesh node KIT_stage_painted_mountain_layer.005
09:46:31 | INFO: Blender create Mesh node KIT_water_stone_walk.005
09:46:31 | INFO: Blender create Mesh node Painted coved ceiling candidate.001
09:46:31 | INFO: Blender create Mesh node KIT_stage_painted_canvas.002
09:46:31 | INFO: Blender create Mesh node Eight painted cyclorama arcs.001
09:46:31 | INFO: Blender create Mesh node KIT_stage_fog_plane_render.002
09:46:31 | INFO: Blender create Mesh node KIT_tech_cell_side.012
09:46:31 | INFO: Blender create Mesh node KIT_wall_window_bar.030
09:46:31 | INFO: Blender create Mesh node KIT_stage_entry_walk.002
09:46:31 | INFO: Blender create Mesh node KIT_props_folding_chair_render.001
09:46:31 | INFO: Blender create Mesh node KIT_stage_floor_boards_render.002
09:46:31 | INFO: Blender create Mesh node KIT_stage_gel_frame_render.002
09:46:31 | INFO: Blender create Mesh node KIT_stage_studio_wall_render.002
09:46:31 | INFO: Blender create Mesh node KIT_stage_fog_plane_render.020
09:46:31 | INFO: Blender create Mesh node KIT_tech_terminal_desk_render.001
09:46:31 | INFO: Blender create Mesh node KIT_props_scroll_render.001
09:46:31 | INFO: Blender create Mesh node SITE_tubi-tang_backstage.001
09:46:31 | INFO: Blender create Mesh node KIT_pavilion_finial.007
09:46:31 | INFO: Blender create Mesh node KIT_wall_amber_window.003
09:46:31 | INFO: Blender create Mesh node TUBI_topic_line.001
09:46:31 | INFO: Blender create Mesh node KIT_wall_lattice_vertical.063
09:46:31 | INFO: Blender create Mesh node SITE_tubi-tang_platform.001
09:46:31 | INFO: Blender create Mesh node KIT_props_lantern_hanging_render.012
09:46:31 | INFO: Blender create Mesh node KIT_pavilion_roof.007
09:46:31 | INFO: Blender create Mesh node TUBI_terrace.002
09:46:31 | INFO: Blender create Mesh node SITE_tubi-tang_front.001
09:46:31 | INFO: Blender create Mesh node XIAOXIANG_black_back.001
09:46:31 | INFO: Blender create Mesh node XIAOXIANG_gate_pull.002
09:46:31 | INFO: Blender create Mesh node XIAOXIANG_amber_window.001
09:46:31 | INFO: Blender create Mesh node XIAOXIANG_gate_leaf.002
09:46:31 | INFO: Blender create Mesh node XIAOXIANG_paving.001
09:46:31 | INFO: Blender create Mesh node XIAOXIANG_wall_cap.001
09:46:31 | INFO: Blender create Mesh node XIAOXIANG_closed_front.001
09:46:31 | INFO: Blender create Mesh node YIHONG_backstage.002
09:46:31 | INFO: Blender create Mesh node YIHONG_door_rail.001
09:46:31 | INFO: Blender create Mesh node YIHONG_amber_window.002
09:46:31 | INFO: Blender create Mesh node YIHONG_door_panel.001
09:46:31 | INFO: Blender create Mesh node YIHONG_paving.002
09:46:31 | INFO: Blender create Mesh node YIHONG_court_cap.001
09:46:31 | INFO: Blender create Mesh node YIHONG_closed_front.002
09:46:31 | INFO: Blender create Mesh node KIT_water_lotus_leaf.011
09:46:31 | INFO: Blender create Mesh node KIT_water_plank.002
09:46:31 | INFO: Blender create Mesh node SITE_ziling_island.001
09:46:31 | INFO: glTF import finished in 0.90s
WASH_SHADOW_INTENT {"source_glb_sha256": "33b20efadae58c5eb137eda3e21236211a5fb9a1047a1ba41d6338cb48fefbce", "explicit_meshes": {"SITE_stage_MAT_stage_canopy_paint": false}, "unchanged_unflagged_meshes": 566}
/Users/auchan/projects/garden-of-dreams/scripts/bake_backdrop_wash.py:73: DeprecationWarning: 'World.use_nodes' is expected to be removed in Blender 6.0
  world.use_nodes = True
/Users/auchan/projects/garden-of-dreams/scripts/bake_backdrop_wash.py:79: DeprecationWarning: 'Material.use_nodes' is expected to be removed in Blender 6.0
  if not material.use_nodes: continue
/Users/auchan/projects/garden-of-dreams/scripts/bake_backdrop_wash.py:144: DeprecationWarning: 'Material.use_nodes' is expected to be removed in Blender 6.0
  material.use_nodes = True
Info: Baking map saved to internal image, save it externally or pack it
WASH_BAKE_TARGET SITE_stage_MAT_stage_cyclorama_moonlit_MAT_stage_atlas front
Info: Baking map saved to internal image, save it externally or pack it
WASH_BAKED {"mesh": "SITE_stage_MAT_stage_cyclorama_moonlit_MAT_stage_atlas", "texture": "SITE_stage_MAT_stage_cyclorama_moonlit_MAT_stage_atlas-front.png", "scale": 1.0, "sides": {"front": {"texture": "SITE_stage_MAT_stage_cyclorama_moonlit_MAT_stage_atlas-front.png", "scale": 1.0, "linear_max": 0.22674696147441864, "nonzero_fraction": 0.15479660034179688, "png_sha256": "1e1128c0dbbadcf607a88ed902e193da72feba6e4e6492668708bf7dd0dd36ca"}}, "double_sided": false, "backface_uv_mapping_verified": true, "unoccluded_control_max": null, "size": 512, "samples": 128, "uv_channel": 1, "uv_sha256": "b4cb62f0d74b92ad8e5dc44f8726bddcd738ae32a89846c7d29b9c072e51f8d2", "source_glb_sha256": "33b20efadae58c5eb137eda3e21236211a5fb9a1047a1ba41d6338cb48fefbce", "stage_blend_sha256": "b3016c83f6468371d86be2e9f872d008e9118fa2869ac154d9acef04e1228547", "authoring_blend_sha256": "2730f63b0f40c930ed93ce3272c7936b9da75ea7d2c46d68c95e3f8ae8ba253f", "site_blend_sha256": {"aojing-guan": "4d87e595c51d665e42376c9d002e4c79e3b9d116ec6199af0b846642ea71150e", "daguan-lou": "25b63afa96402306478d1e6fbf789483a8bfc3c91915ebe17994b47203d76658", "daoxiang-cun": "1c39a5ad8cf28043e6618e0c2404ceb5e8194cc6d4c6e19b66f14c72e28d98a1", "hengwu-yuan": "c811c892d30e8a2f7a791972d6185c643194e2f3d168e6199caf1c850d944c47", "longcui-an": "0b798b2ade927460841cbbddc8ca4ae5bb8d4ef454f095a33d2c06c895843ad4", "ouxiang-xie": "c1d367357c9a3169fa77a11df1a480aa775b72ecc50187a4d0f09032026c620d", "qinfang-ting": "8a617a2f93891f5a9092789857142e3bf7c3cc921e91a3572cec61a99b4bf683", "qiushuang-zhai": "07660a605f962cd3d942dfc05a489a41b32eabaa81e0c65b30c32c356c908ab1", "tubi-tang": "e812eb291acc7f44d094ab2db0d48e149b6d822d7fb97b047f67f3560a69b610", "xiaoxiang-guan": "9853e943ab4ba63261bb7f21663e8c68dfa7ab53824858d7ff2be49f9ba183ea", "yihong-yuan": "1932941bad5458e2e353b33048ca236cedd0bb24ac84a378d55ae29577fa4c97", "ziling-zhou": "291fa54e0178b5f232e8e855099448bebca9c6439a1f5f023dbc93ee783b5e55"}, "lights_baked": 12, "point_lights_baked": false, "pass_filter": ["DIRECT"], "shadow_intent": {"SITE_stage_MAT_stage_canopy_paint": false}}
WASH_BAKE_TARGET SITE_stage_MAT_stage_canopy_paint front
Info: Baking map saved to internal image, save it externally or pack it
WASH_BAKED {"mesh": "SITE_stage_MAT_stage_canopy_paint", "texture": "SITE_stage_MAT_stage_canopy_paint-front.png", "scale": 1.0, "sides": {"front": {"texture": "SITE_stage_MAT_stage_canopy_paint-front.png", "scale": 1.0, "linear_max": 0.10368452966213226, "nonzero_fraction": 0.043338775634765625, "png_sha256": "5fd81440353159f34f629d89d6e82f50a301bd7153e6eceaae375c6836b81f55"}}, "double_sided": false, "backface_uv_mapping_verified": true, "unoccluded_control_max": null, "size": 512, "samples": 128, "uv_channel": 1, "uv_sha256": "34649898b4b083dedd2342e75fc6151b8ded43d7dbc692bee806c8734d946358", "source_glb_sha256": "33b20efadae58c5eb137eda3e21236211a5fb9a1047a1ba41d6338cb48fefbce", "stage_blend_sha256": "b3016c83f6468371d86be2e9f872d008e9118fa2869ac154d9acef04e1228547", "authoring_blend_sha256": "2730f63b0f40c930ed93ce3272c7936b9da75ea7d2c46d68c95e3f8ae8ba253f", "site_blend_sha256": {"aojing-guan": "4d87e595c51d665e42376c9d002e4c79e3b9d116ec6199af0b846642ea71150e", "daguan-lou": "25b63afa96402306478d1e6fbf789483a8bfc3c91915ebe17994b47203d76658", "daoxiang-cun": "1c39a5ad8cf28043e6618e0c2404ceb5e8194cc6d4c6e19b66f14c72e28d98a1", "hengwu-yuan": "c811c892d30e8a2f7a791972d6185c643194e2f3d168e6199caf1c850d944c47", "longcui-an": "0b798b2ade927460841cbbddc8ca4ae5bb8d4ef454f095a33d2c06c895843ad4", "ouxiang-xie": "c1d367357c9a3169fa77a11df1a480aa775b72ecc50187a4d0f09032026c620d", "qinfang-ting": "8a617a2f93891f5a9092789857142e3bf7c3cc921e91a3572cec61a99b4bf683", "qiushuang-zhai": "07660a605f962cd3d942dfc05a489a41b32eabaa81e0c65b30c32c356c908ab1", "tubi-tang": "e812eb291acc7f44d094ab2db0d48e149b6d822d7fb97b047f67f3560a69b610", "xiaoxiang-guan": "9853e943ab4ba63261bb7f21663e8c68dfa7ab53824858d7ff2be49f9ba183ea", "yihong-yuan": "1932941bad5458e2e353b33048ca236cedd0bb24ac84a378d55ae29577fa4c97", "ziling-zhou": "291fa54e0178b5f232e8e855099448bebca9c6439a1f5f023dbc93ee783b5e55"}, "lights_baked": 12, "point_lights_baked": false, "pass_filter": ["DIRECT"], "shadow_intent": {"SITE_stage_MAT_stage_canopy_paint": false}}
WASH_BAKE_TARGET SITE_stage_MAT_painted_moon front
Info: Baking map saved to internal image, save it externally or pack it
WASH_BAKE_TARGET SITE_stage_MAT_painted_moon back
Info: Baking map saved to internal image, save it externally or pack it
WASH_BAKED {"mesh": "SITE_stage_MAT_painted_moon", "texture": "SITE_stage_MAT_painted_moon-front.png", "scale": 1.0, "sides": {"front": {"texture": "SITE_stage_MAT_painted_moon-front.png", "scale": 1.0, "linear_max": 0.22303108870983124, "nonzero_fraction": 0.21535110473632812, "png_sha256": "f332d78338a3027892ecaf29f94e146b444f1e738561714292343ea186832b4c"}, "back": {"texture": "SITE_stage_MAT_painted_moon-back.png", "scale": 1.0, "linear_max": 0.0005604923935607076, "nonzero_fraction": 6.4849853515625e-05, "png_sha256": "d1de1fd43e9b50aeb7f1d61f3b317c280e87ae0e5481cc210009f6e947002ad8"}}, "double_sided": true, "backface_uv_mapping_verified": true, "unoccluded_control_max": null, "size": 512, "samples": 128, "uv_channel": 1, "uv_sha256": "5b099e5e3229f0bd447f7af7de01b7d1a6392552f2c0a1b6c6c48a3b32db1ba1", "source_glb_sha256": "33b20efadae58c5eb137eda3e21236211a5fb9a1047a1ba41d6338cb48fefbce", "stage_blend_sha256": "b3016c83f6468371d86be2e9f872d008e9118fa2869ac154d9acef04e1228547", "authoring_blend_sha256": "2730f63b0f40c930ed93ce3272c7936b9da75ea7d2c46d68c95e3f8ae8ba253f", "site_blend_sha256": {"aojing-guan": "4d87e595c51d665e42376c9d002e4c79e3b9d116ec6199af0b846642ea71150e", "daguan-lou": "25b63afa96402306478d1e6fbf789483a8bfc3c91915ebe17994b47203d76658", "daoxiang-cun": "1c39a5ad8cf28043e6618e0c2404ceb5e8194cc6d4c6e19b66f14c72e28d98a1", "hengwu-yuan": "c811c892d30e8a2f7a791972d6185c643194e2f3d168e6199caf1c850d944c47", "longcui-an": "0b798b2ade927460841cbbddc8ca4ae5bb8d4ef454f095a33d2c06c895843ad4", "ouxiang-xie": "c1d367357c9a3169fa77a11df1a480aa775b72ecc50187a4d0f09032026c620d", "qinfang-ting": "8a617a2f93891f5a9092789857142e3bf7c3cc921e91a3572cec61a99b4bf683", "qiushuang-zhai": "07660a605f962cd3d942dfc05a489a41b32eabaa81e0c65b30c32c356c908ab1", "tubi-tang": "e812eb291acc7f44d094ab2db0d48e149b6d822d7fb97b047f67f3560a69b610", "xiaoxiang-guan": "9853e943ab4ba63261bb7f21663e8c68dfa7ab53824858d7ff2be49f9ba183ea", "yihong-yuan": "1932941bad5458e2e353b33048ca236cedd0bb24ac84a378d55ae29577fa4c97", "ziling-zhou": "291fa54e0178b5f232e8e855099448bebca9c6439a1f5f023dbc93ee783b5e55"}, "lights_baked": 12, "point_lights_baked": false, "pass_filter": ["DIRECT"], "shadow_intent": {"SITE_stage_MAT_stage_canopy_paint": false}}
WASH_BAKE_TARGET SITE_stage_MAT_painted_mountains_0 front
Info: Baking map saved to internal image, save it externally or pack it
WASH_BAKE_TARGET SITE_stage_MAT_painted_mountains_0 back
Info: Baking map saved to internal image, save it externally or pack it
Info: Baking map saved to internal image, save it externally or pack it
WASH_BAKED {"mesh": "SITE_stage_MAT_painted_mountains_0", "texture": "SITE_stage_MAT_painted_mountains_0-front.png", "scale": 1.0, "sides": {"front": {"texture": "SITE_stage_MAT_painted_mountains_0-front.png", "scale": 1.0, "linear_max": 0.0, "nonzero_fraction": 0.0, "png_sha256": "3d0c0bfd2c5437cbdc4f382593564b7ad0f09885073c0bff5322ab996c038e15"}, "back": {"texture": "SITE_stage_MAT_painted_mountains_0-back.png", "scale": 1.0, "linear_max": 0.0, "nonzero_fraction": 0.0, "png_sha256": "3d0c0bfd2c5437cbdc4f382593564b7ad0f09885073c0bff5322ab996c038e15"}}, "double_sided": true, "backface_uv_mapping_verified": true, "unoccluded_control_max": 0.1681901067495346, "size": 512, "samples": 128, "uv_channel": 1, "uv_sha256": "97a93dfe178ec8616ceae899da19646d791a25070984e7e1c52e562db883272c", "source_glb_sha256": "33b20efadae58c5eb137eda3e21236211a5fb9a1047a1ba41d6338cb48fefbce", "stage_blend_sha256": "b3016c83f6468371d86be2e9f872d008e9118fa2869ac154d9acef04e1228547", "authoring_blend_sha256": "2730f63b0f40c930ed93ce3272c7936b9da75ea7d2c46d68c95e3f8ae8ba253f", "site_blend_sha256": {"aojing-guan": "4d87e595c51d665e42376c9d002e4c79e3b9d116ec6199af0b846642ea71150e", "daguan-lou": "25b63afa96402306478d1e6fbf789483a8bfc3c91915ebe17994b47203d76658", "daoxiang-cun": "1c39a5ad8cf28043e6618e0c2404ceb5e8194cc6d4c6e19b66f14c72e28d98a1", "hengwu-yuan": "c811c892d30e8a2f7a791972d6185c643194e2f3d168e6199caf1c850d944c47", "longcui-an": "0b798b2ade927460841cbbddc8ca4ae5bb8d4ef454f095a33d2c06c895843ad4", "ouxiang-xie": "c1d367357c9a3169fa77a11df1a480aa775b72ecc50187a4d0f09032026c620d", "qinfang-ting": "8a617a2f93891f5a9092789857142e3bf7c3cc921e91a3572cec61a99b4bf683", "qiushuang-zhai": "07660a605f962cd3d942dfc05a489a41b32eabaa81e0c65b30c32c356c908ab1", "tubi-tang": "e812eb291acc7f44d094ab2db0d48e149b6d822d7fb97b047f67f3560a69b610", "xiaoxiang-guan": "9853e943ab4ba63261bb7f21663e8c68dfa7ab53824858d7ff2be49f9ba183ea", "yihong-yuan": "1932941bad5458e2e353b33048ca236cedd0bb24ac84a378d55ae29577fa4c97", "ziling-zhou": "291fa54e0178b5f232e8e855099448bebca9c6439a1f5f023dbc93ee783b5e55"}, "lights_baked": 12, "point_lights_baked": false, "pass_filter": ["DIRECT"], "shadow_intent": {"SITE_stage_MAT_stage_canopy_paint": false}}
WASH_BAKE_TARGET SITE_stage_MAT_painted_mountains_1 front
Info: Baking map saved to internal image, save it externally or pack it
WASH_BAKE_TARGET SITE_stage_MAT_painted_mountains_1 back
Info: Baking map saved to internal image, save it externally or pack it
WASH_BAKED {"mesh": "SITE_stage_MAT_painted_mountains_1", "texture": "SITE_stage_MAT_painted_mountains_1-front.png", "scale": 1.0, "sides": {"front": {"texture": "SITE_stage_MAT_painted_mountains_1-front.png", "scale": 1.0, "linear_max": 0.0, "nonzero_fraction": 0.0, "png_sha256": "3d0c0bfd2c5437cbdc4f382593564b7ad0f09885073c0bff5322ab996c038e15"}, "back": {"texture": "SITE_stage_MAT_painted_mountains_1-back.png", "scale": 1.0, "linear_max": 0.002930331276729703, "nonzero_fraction": 0.000690460205078125, "png_sha256": "f0d385997015691d5929ecbc6251bac694fd5ac19446bb21473f963a7841933b"}}, "double_sided": true, "backface_uv_mapping_verified": true, "unoccluded_control_max": null, "size": 512, "samples": 128, "uv_channel": 1, "uv_sha256": "31ca5f33801766d6233cd69b74f855e6f881dd986167a9859518f6206dc5bef2", "source_glb_sha256": "33b20efadae58c5eb137eda3e21236211a5fb9a1047a1ba41d6338cb48fefbce", "stage_blend_sha256": "b3016c83f6468371d86be2e9f872d008e9118fa2869ac154d9acef04e1228547", "authoring_blend_sha256": "2730f63b0f40c930ed93ce3272c7936b9da75ea7d2c46d68c95e3f8ae8ba253f", "site_blend_sha256": {"aojing-guan": "4d87e595c51d665e42376c9d002e4c79e3b9d116ec6199af0b846642ea71150e", "daguan-lou": "25b63afa96402306478d1e6fbf789483a8bfc3c91915ebe17994b47203d76658", "daoxiang-cun": "1c39a5ad8cf28043e6618e0c2404ceb5e8194cc6d4c6e19b66f14c72e28d98a1", "hengwu-yuan": "c811c892d30e8a2f7a791972d6185c643194e2f3d168e6199caf1c850d944c47", "longcui-an": "0b798b2ade927460841cbbddc8ca4ae5bb8d4ef454f095a33d2c06c895843ad4", "ouxiang-xie": "c1d367357c9a3169fa77a11df1a480aa775b72ecc50187a4d0f09032026c620d", "qinfang-ting": "8a617a2f93891f5a9092789857142e3bf7c3cc921e91a3572cec61a99b4bf683", "qiushuang-zhai": "07660a605f962cd3d942dfc05a489a41b32eabaa81e0c65b30c32c356c908ab1", "tubi-tang": "e812eb291acc7f44d094ab2db0d48e149b6d822d7fb97b047f67f3560a69b610", "xiaoxiang-guan": "9853e943ab4ba63261bb7f21663e8c68dfa7ab53824858d7ff2be49f9ba183ea", "yihong-yuan": "1932941bad5458e2e353b33048ca236cedd0bb24ac84a378d55ae29577fa4c97", "ziling-zhou": "291fa54e0178b5f232e8e855099448bebca9c6439a1f5f023dbc93ee783b5e55"}, "lights_baked": 12, "point_lights_baked": false, "pass_filter": ["DIRECT"], "shadow_intent": {"SITE_stage_MAT_stage_canopy_paint": false}}
WASH_BAKE_TARGET SITE_stage_MAT_painted_mountains_2 front
Info: Baking map saved to internal image, save it externally or pack it
WASH_BAKE_TARGET SITE_stage_MAT_painted_mountains_2 back
Info: Baking map saved to internal image, save it externally or pack it
WASH_BAKED {"mesh": "SITE_stage_MAT_painted_mountains_2", "texture": "SITE_stage_MAT_painted_mountains_2-front.png", "scale": 1.0, "sides": {"front": {"texture": "SITE_stage_MAT_painted_mountains_2-front.png", "scale": 1.0, "linear_max": 0.0, "nonzero_fraction": 0.0, "png_sha256": "3d0c0bfd2c5437cbdc4f382593564b7ad0f09885073c0bff5322ab996c038e15"}, "back": {"texture": "SITE_stage_MAT_painted_mountains_2-back.png", "scale": 1.0, "linear_max": 0.2248643934726715, "nonzero_fraction": 0.4390220642089844, "png_sha256": "5c68a64834d9b664679e937b066429b04d7b990ba2d9b874c2ea3b2fd3c224d5"}}, "double_sided": true, "backface_uv_mapping_verified": true, "unoccluded_control_max": null, "size": 512, "samples": 128, "uv_channel": 1, "uv_sha256": "91e8509c3d646b6172c291d80ea0e0e5c0a5321b8a6a1c587effd0afe71869c5", "source_glb_sha256": "33b20efadae58c5eb137eda3e21236211a5fb9a1047a1ba41d6338cb48fefbce", "stage_blend_sha256": "b3016c83f6468371d86be2e9f872d008e9118fa2869ac154d9acef04e1228547", "authoring_blend_sha256": "2730f63b0f40c930ed93ce3272c7936b9da75ea7d2c46d68c95e3f8ae8ba253f", "site_blend_sha256": {"aojing-guan": "4d87e595c51d665e42376c9d002e4c79e3b9d116ec6199af0b846642ea71150e", "daguan-lou": "25b63afa96402306478d1e6fbf789483a8bfc3c91915ebe17994b47203d76658", "daoxiang-cun": "1c39a5ad8cf28043e6618e0c2404ceb5e8194cc6d4c6e19b66f14c72e28d98a1", "hengwu-yuan": "c811c892d30e8a2f7a791972d6185c643194e2f3d168e6199caf1c850d944c47", "longcui-an": "0b798b2ade927460841cbbddc8ca4ae5bb8d4ef454f095a33d2c06c895843ad4", "ouxiang-xie": "c1d367357c9a3169fa77a11df1a480aa775b72ecc50187a4d0f09032026c620d", "qinfang-ting": "8a617a2f93891f5a9092789857142e3bf7c3cc921e91a3572cec61a99b4bf683", "qiushuang-zhai": "07660a605f962cd3d942dfc05a489a41b32eabaa81e0c65b30c32c356c908ab1", "tubi-tang": "e812eb291acc7f44d094ab2db0d48e149b6d822d7fb97b047f67f3560a69b610", "xiaoxiang-guan": "9853e943ab4ba63261bb7f21663e8c68dfa7ab53824858d7ff2be49f9ba183ea", "yihong-yuan": "1932941bad5458e2e353b33048ca236cedd0bb24ac84a378d55ae29577fa4c97", "ziling-zhou": "291fa54e0178b5f232e8e855099448bebca9c6439a1f5f023dbc93ee783b5e55"}, "lights_baked": 12, "point_lights_baked": false, "pass_filter": ["DIRECT"], "shadow_intent": {"SITE_stage_MAT_stage_canopy_paint": false}}
NATIVE_BACKDROP_WASH_PASS 6 building direct maximum 0.0
Blender 5.2.2 LTS (hash d13f752e3b9c built 2026-09-15 01:49:19)

Blender quit
