Godot Engine v4.7.2.stable.official.ed1daf0bf - https://godotengine.org

[   0% ] [90m[1mfirst_scan_filesystem[22m | Started Project initialization (5 steps)[39m[0m
[   0% ] [90m[1mfirst_scan_filesystem[22m | Scanning file structure...[39m[0m
[  16% ] [90m[1mfirst_scan_filesystem[22m | Loading global class names...[39m[0m
[  33% ] [90m[1mfirst_scan_filesystem[22m | Verifying GDExtensions...[39m[0m
[  50% ] [90m[1mfirst_scan_filesystem[22m | Creating autoload scripts...[39m[0m
[  66% ] [90m[1mfirst_scan_filesystem[22m | Initializing plugins...[39m[0m
[  83% ] [90m[1mfirst_scan_filesystem[22m | Starting file scan...[39m[0m
[92m[ DONE ][39m [1mfirst_scan_filesystem[22m
[0m
[   0% ] [90m[1mreimport[22m | Started (Re)Importing Assets (24 steps)[39m[0m
[   0% ] [90m[1mreimport[22m | Preparing files to reimport...[39m[0m
[   4% ] [90m[1mreimport[22m | Preparing files to reimport...[39m[0m
[   8% ] [90m[1mreimport[22m | Preparing files to reimport...[39m[0m
[  12% ] [90m[1mreimport[22m | Preparing files to reimport...[39m[0m
[  16% ] [90m[1mreimport[22m | Preparing files to reimport...[39m[0m
[  20% ] [90m[1mreimport[22m | Preparing files to reimport...[39m[0m
[  24% ] [90m[1mreimport[22m | Preparing files to reimport...[39m[0m
[  28% ] [90m[1mreimport[22m | Preparing files to reimport...[39m[0m
[  32% ] [90m[1mreimport[22m | Preparing files to reimport...[39m[0m
[  36% ] [90m[1mreimport[22m | Preparing files to reimport...[39m[0m
[  40% ] [90m[1mreimport[22m | Preparing files to reimport...[39m[0m
[  44% ] [90m[1mreimport[22m | Preparing files to reimport...[39m[0m
[  48% ] [90m[1mreimport[22m | Preparing files to reimport...[39m[0m
[  52% ] [90m[1mreimport[22m | Preparing files to reimport...[39m[0m
[  56% ] [90m[1mreimport[22m | Preparing files to reimport...[39m[0m
[  60% ] [90m[1mreimport[22m | Preparing files to reimport...[39m[0m
[  64% ] [90m[1mreimport[22m | Preparing files to reimport...[39m[0m
[  68% ] [90m[1mreimport[22m | Preparing files to reimport...[39m[0m
[  72% ] [90m[1mreimport[22m | Preparing files to reimport...[39m[0m
[  76% ] [90m[1mreimport[22m | Preparing files to reimport...[39m[0m
[  80% ] [90m[1mreimport[22m | Preparing files to reimport...[39m[0m
[  84% ] [90m[1mreimport[22m | Preparing files to reimport...[39m[0m
[  88% ] [90m[1mreimport[22m | Preparing files to reimport...[39m[0m
[  92% ] [90m[1mreimport[22m | Preparing files to reimport...[39m[0m
[   0% ] [90m[1mreimport[22m | Executing pre-reimport operations...[39m[0m
[   0% ] [90m[1mpreload_reimporting_scene[22m | Started Preparing scenes for reload (1 steps)[39m[0m
[   0% ] [90m[1mpreload_reimporting_scene[22m | Analyzing scene [empty][39m[0m
[  50% ] [90m[1mpreload_reimporting_scene[22m | Preparation done.[39m[0m
[92m[ DONE ][39m [1mpreload_reimporting_scene[22m
[0m
[   0% ] [90m[1mreimport[22m | garden-of-dreams_moon-paint.png[39m[0m
[   4% ] [90m[1mreimport[22m | garden-of-dreams_wall_normal.png[39m[0m
[   8% ] [90m[1mreimport[22m | garden-of-dreams_wall_orm.png[39m[0m
[  12% ] [90m[1mreimport[22m | garden-of-dreams_wall_basecolor.png[39m[0m
[  16% ] [90m[1mreimport[22m | garden-of-dreams_daoxiang-paddy-v1.png[39m[0m
[  20% ] [90m[1mreimport[22m | garden-of-dreams_yihong-yuan-title.png[39m[0m
[  24% ] [90m[1mreimport[22m | garden-of-dreams_xiaoxiang-guan-title.png[39m[0m
[  28% ] [90m[1mreimport[22m | garden-of-dreams_tubi-title.png[39m[0m
[  32% ] [90m[1mreimport[22m | garden-of-dreams_pavilion_normal.png[39m[0m
[  36% ] [90m[1mreimport[22m | garden-of-dreams_pavilion_orm.png[39m[0m
[  40% ] [90m[1mreimport[22m | garden-of-dreams_pavilion_basecolor.png[39m[0m
[  44% ] [90m[1mreimport[22m | garden-of-dreams_hall-title.png[39m[0m
[  48% ] [90m[1mreimport[22m | garden-of-dreams_plum-scroll.png[39m[0m
[  52% ] [90m[1mreimport[22m | garden-of-dreams_bamboo-scroll.png[39m[0m
[  56% ] [90m[1mreimport[22m | garden-of-dreams_qinfang-ting-title.png[39m[0m
[  60% ] [90m[1mreimport[22m | garden-of-dreams_longcui-an-title.png[39m[0m
[  64% ] [90m[1mreimport[22m | garden-of-dreams_hengwu-yuan-title.png[39m[0m
[  68% ] [90m[1mreimport[22m | garden-of-dreams_gate-water-drips.png[39m[0m
[  72% ] [90m[1mreimport[22m | garden-of-dreams_gate-inscription-normal.png[39m[0m
[  76% ] [90m[1mreimport[22m | garden-of-dreams_gate-inscription.png[39m[0m
[  80% ] [90m[1mreimport[22m | garden-of-dreams_daoxiang-cun-title.png[39m[0m
[  84% ] [90m[1mreimport[22m | garden-of-dreams_daguan-title.png[39m[0m
[  88% ] [90m[1mreimport[22m | garden-of-dreams_aojing-guan-title.png[39m[0m
[  92% ] [90m[1mreimport[22m | garden-of-dreams.glb[39m[0m
[   0% ] [90m[1mimport[22m | Started Import Scene (104 steps)[39m[0m
[   0% ] [90m[1mimport[22m | Importing Scene...[39m[0m
[   1% ] [90m[1mimport[22m | Running Custom Script...[39m[0m
[  99% ] [90m[1mimport[22m | Saving...[39m[0m
[92m[ DONE ][39m [1mimport[22m
[0m
[  96% ] [90m[1mreimport[22m | Finalizing Asset Import...[39m[0m
[92m[ DONE ][39m [1mreimport[22m
[0m
[   0% ] [90m[1mreimport[22m | Started (Re)Importing Assets (24 steps)[39m[0m
[   0% ] [90m[1mreimport[22m | Executing post-reimport operations...[39m[0m
[92m[ DONE ][39m [1mreimport[22m
[0m
[   0% ] [90m[1mloading_editor_layout[22m | Started Loading editor (5 steps)[39m[0m
[   0% ] [90m[1mloading_editor_layout[22m | Loading editor layout...[39m[0m
[  16% ] [90m[1mloading_editor_layout[22m | Loading docks...[39m[0m
[92m[ DONE ][39m [1mloading_editor_layout[22m
[0m
