Godot Engine v4.7.2.stable.official.ed1daf0bf - https://godotengine.org
OpenGL API 4.1 Metal - 90.5 - Compatibility - Using Device: Apple - Apple M2 Max

OCCLUDER_MATERIAL SITE_terminal-cells_MAT_plaster_rock ShaderMaterial shader=res://shaders/baked_diffuse.gdshader transparency=-1
OCCLUDER_MATERIAL SITE_terminal-cells_MAT_backstage ShaderMaterial shader=res://shaders/baked_diffuse.gdshader transparency=-1
OCCLUDER_MATERIAL SITE_terminal-cells_MAT_stage_backstage StandardMaterial3D shader=none transparency=0
OCCLUDER_MATERIAL SITE_rockery-gate_MAT_pavilion_atlas ShaderMaterial shader=res://shaders/baked_diffuse.gdshader transparency=-1
OCCLUDER_MATERIAL SITE_rockery-gate_MAT_plaster_rock ShaderMaterial shader=res://shaders/baked_diffuse.gdshader transparency=-1
CPU_PHASE_START terminal_room-disabled
CPU_PHASE_END terminal_room-disabled {"automatic_render_frames":480,"global_draw_calls_max":160,"global_primitives_max":199017,"interval_max_ms":18.86,"interval_p50_ms":16.672,"interval_p95_ms":17.496,"occlusion_active":false,"sample_frames":480}
CPU_PHASE_START terminal_room-enabled
CPU_PHASE_END terminal_room-enabled {"automatic_render_frames":480,"global_draw_calls_max":46,"global_primitives_max":94945,"interval_max_ms":18.876,"interval_p50_ms":16.655,"interval_p95_ms":18.627,"occlusion_active":true,"sample_frames":480}
CPU_PHASE_START terminal_room-disabled_repeat
CPU_PHASE_END terminal_room-disabled_repeat {"automatic_render_frames":480,"global_draw_calls_max":160,"global_primitives_max":199017,"interval_max_ms":18.666,"interval_p50_ms":16.663,"interval_p95_ms":18.415,"occlusion_active":false,"sample_frames":480}
CPU_PHASE_START rockery_gate-disabled
CPU_PHASE_END rockery_gate-disabled {"automatic_render_frames":480,"global_draw_calls_max":155,"global_primitives_max":165311,"interval_max_ms":18.671,"interval_p50_ms":16.655,"interval_p95_ms":17.931,"occlusion_active":false,"sample_frames":480}
CPU_PHASE_START rockery_gate-enabled
CPU_PHASE_END rockery_gate-enabled {"automatic_render_frames":480,"global_draw_calls_max":77,"global_primitives_max":85201,"interval_max_ms":18.629,"interval_p50_ms":16.654,"interval_p95_ms":18.033,"occlusion_active":true,"sample_frames":480}
CPU_PHASE_START rockery_gate-disabled_repeat
CPU_PHASE_END rockery_gate-disabled_repeat {"automatic_render_frames":480,"global_draw_calls_max":155,"global_primitives_max":165311,"interval_max_ms":19.68,"interval_p50_ms":16.666,"interval_p95_ms":18.372,"occlusion_active":false,"sample_frames":480}
CPU_PHASE_START qinfang_ting-disabled
CPU_PHASE_END qinfang_ting-disabled {"automatic_render_frames":480,"global_draw_calls_max":135,"global_primitives_max":147217,"interval_max_ms":18.728,"interval_p50_ms":16.667,"interval_p95_ms":18.466,"occlusion_active":false,"sample_frames":480}
CPU_PHASE_START qinfang_ting-enabled
CPU_PHASE_END qinfang_ting-enabled {"automatic_render_frames":480,"global_draw_calls_max":135,"global_primitives_max":147217,"interval_max_ms":18.802,"interval_p50_ms":16.648,"interval_p95_ms":18.597,"occlusion_active":false,"sample_frames":480}
CPU_PHASE_START qinfang_ting-disabled_repeat
CPU_PHASE_END qinfang_ting-disabled_repeat {"automatic_render_frames":480,"global_draw_calls_max":135,"global_primitives_max":147217,"interval_max_ms":18.768,"interval_p50_ms":16.673,"interval_p95_ms":18.197,"occlusion_active":false,"sample_frames":480}
OCCLUSION_CPU_NATIVE_PASS phases=9
