00:00.353  blend            | Read blend: "/Users/auchan/projects/garden-of-dreams/.superpowers/sdd/2026-09-23-garden-completion/ziling-source-art/reeds-volume/blender/kits/KIT_flora.blend"
00:00.479  blend            | Read blend: "/Users/auchan/projects/garden-of-dreams/.superpowers/sdd/2026-09-23-garden-completion/ziling-source-art/flora-collider-preview-repair/KIT_flora.blend"
BlenderMCP addon registered
Info: Saved as "KIT_flora.blend"
INFO Draco is available, use library at /Applications/Blender.app/Contents/Resources/5.2/scripts/addons_core/io_scene_gltf2/libbf_intern_draco_bridge.dylib
INFO MeshOptimizer is available, use library at /Applications/Blender.app/Contents/Resources/5.2/scripts/addons_core/io_scene_gltf2/libbf_intern_meshopt_bridge.dylib
14:40:27 | INFO: Starting glTF 2.0 export
14:40:27 | INFO: Extracting primitive: KIT_flora_bamboo_small_render
14:40:27 | WARNING: More than one shader node tex image used for a texture. The resulting glTF sampler will behave like the first shader node tex image.
14:40:27 | INFO: Primitives created: 1
14:40:27 | INFO: Finished glTF 2.0 export in 0.04063010215759277 s

14:40:27 | INFO: Starting glTF 2.0 export
14:40:27 | INFO: Extracting primitive: KIT_flora_bamboo_small_render_LOD1
14:40:27 | WARNING: More than one shader node tex image used for a texture. The resulting glTF sampler will behave like the first shader node tex image.
14:40:27 | INFO: Primitives created: 1
14:40:27 | INFO: Finished glTF 2.0 export in 0.0026350021362304688 s

14:40:27 | INFO: Starting glTF 2.0 export
14:40:27 | INFO: Extracting primitive: KIT_flora_bamboo_medium_render
14:40:27 | WARNING: More than one shader node tex image used for a texture. The resulting glTF sampler will behave like the first shader node tex image.
14:40:27 | INFO: Primitives created: 1
14:40:27 | INFO: Finished glTF 2.0 export in 0.003262042999267578 s

14:40:27 | INFO: Starting glTF 2.0 export
14:40:27 | INFO: Extracting primitive: KIT_flora_bamboo_medium_render_LOD1
14:40:27 | WARNING: More than one shader node tex image used for a texture. The resulting glTF sampler will behave like the first shader node tex image.
14:40:27 | INFO: Primitives created: 1
14:40:27 | INFO: Finished glTF 2.0 export in 0.0024766921997070312 s

14:40:27 | INFO: Starting glTF 2.0 export
14:40:27 | INFO: Extracting primitive: KIT_flora_bamboo_large_render
14:40:27 | WARNING: More than one shader node tex image used for a texture. The resulting glTF sampler will behave like the first shader node tex image.
14:40:27 | INFO: Primitives created: 1
14:40:27 | INFO: Finished glTF 2.0 export in 0.003136873245239258 s

14:40:27 | INFO: Starting glTF 2.0 export
14:40:27 | INFO: Extracting primitive: KIT_flora_bamboo_large_render_LOD1
14:40:27 | WARNING: More than one shader node tex image used for a texture. The resulting glTF sampler will behave like the first shader node tex image.
14:40:27 | INFO: Primitives created: 1
14:40:27 | INFO: Finished glTF 2.0 export in 0.004251241683959961 s

14:40:27 | INFO: Starting glTF 2.0 export
14:40:27 | INFO: Extracting primitive: Cube
14:40:27 | INFO: Primitives created: 1
14:40:27 | INFO: Extracting primitive: KIT_flora_plum_render
14:40:27 | WARNING: More than one shader node tex image used for a texture. The resulting glTF sampler will behave like the first shader node tex image.
14:40:27 | INFO: Primitives created: 1
14:40:27 | INFO: Finished glTF 2.0 export in 0.003767728805541992 s

14:40:27 | INFO: Starting glTF 2.0 export
14:40:27 | INFO: Extracting primitive: Cube.001
14:40:27 | INFO: Primitives created: 1
14:40:27 | INFO: Extracting primitive: KIT_flora_plum_render_LOD1
14:40:27 | WARNING: More than one shader node tex image used for a texture. The resulting glTF sampler will behave like the first shader node tex image.
14:40:27 | INFO: Primitives created: 1
14:40:27 | INFO: Finished glTF 2.0 export in 0.002850770950317383 s

14:40:27 | INFO: Starting glTF 2.0 export
14:40:27 | INFO: Extracting primitive: Cube.002
14:40:27 | INFO: Primitives created: 1
14:40:27 | INFO: Extracting primitive: KIT_flora_willow_render
14:40:27 | WARNING: More than one shader node tex image used for a texture. The resulting glTF sampler will behave like the first shader node tex image.
14:40:27 | INFO: Primitives created: 1
14:40:27 | INFO: Finished glTF 2.0 export in 0.003952980041503906 s

14:40:27 | INFO: Starting glTF 2.0 export
14:40:27 | INFO: Extracting primitive: Cube.003
14:40:27 | INFO: Primitives created: 1
14:40:27 | INFO: Extracting primitive: KIT_flora_willow_render_LOD1
14:40:27 | WARNING: More than one shader node tex image used for a texture. The resulting glTF sampler will behave like the first shader node tex image.
14:40:27 | INFO: Primitives created: 1
14:40:27 | INFO: Finished glTF 2.0 export in 0.0035588741302490234 s

14:40:27 | INFO: Starting glTF 2.0 export
14:40:27 | INFO: Extracting primitive: KIT_flora_banana_render
14:40:27 | WARNING: More than one shader node tex image used for a texture. The resulting glTF sampler will behave like the first shader node tex image.
14:40:27 | INFO: Primitives created: 1
14:40:27 | INFO: Finished glTF 2.0 export in 0.0025560855865478516 s

14:40:27 | INFO: Starting glTF 2.0 export
14:40:27 | INFO: Extracting primitive: KIT_flora_banana_render_LOD1
14:40:27 | WARNING: More than one shader node tex image used for a texture. The resulting glTF sampler will behave like the first shader node tex image.
14:40:27 | INFO: Primitives created: 1
14:40:27 | INFO: Finished glTF 2.0 export in 0.0024690628051757812 s

14:40:27 | INFO: Starting glTF 2.0 export
14:40:27 | INFO: Extracting primitive: TEMP_reed_geometry
14:40:27 | WARNING: More than one shader node tex image used for a texture. The resulting glTF sampler will behave like the first shader node tex image.
14:40:27 | INFO: Primitives created: 1
14:40:27 | INFO: Finished glTF 2.0 export in 0.0033431053161621094 s

14:40:27 | INFO: Starting glTF 2.0 export
14:40:27 | INFO: Extracting primitive: TEMP_reed_geometry_LOD1
14:40:27 | WARNING: More than one shader node tex image used for a texture. The resulting glTF sampler will behave like the first shader node tex image.
14:40:27 | INFO: Primitives created: 1
14:40:27 | INFO: Finished glTF 2.0 export in 0.0028722286224365234 s

14:40:27 | INFO: Starting glTF 2.0 export
14:40:27 | INFO: Extracting primitive: Cube.004
14:40:27 | INFO: Primitives created: 1
14:40:27 | INFO: Extracting primitive: KIT_flora_potted_render
14:40:27 | WARNING: More than one shader node tex image used for a texture. The resulting glTF sampler will behave like the first shader node tex image.
14:40:27 | INFO: Primitives created: 1
14:40:27 | INFO: Finished glTF 2.0 export in 0.003629922866821289 s

14:40:27 | INFO: Starting glTF 2.0 export
14:40:27 | INFO: Extracting primitive: Cube.005
14:40:27 | INFO: Primitives created: 1
14:40:27 | INFO: Extracting primitive: KIT_flora_potted_render_LOD1
14:40:27 | WARNING: More than one shader node tex image used for a texture. The resulting glTF sampler will behave like the first shader node tex image.
14:40:27 | INFO: Primitives created: 1
14:40:27 | INFO: Finished glTF 2.0 export in 0.0028340816497802734 s

FLORA_COLLIDER_PREVIEW_REPAIR_PASS_16
BlenderMCP addon unregistered
Blender 5.2.2 LTS (hash d13f752e3b9c built 2026-09-15 01:49:19)

Blender quit
