00:00.345  blend            | Read blend: "/Users/auchan/projects/garden-of-dreams/.superpowers/sdd/2026-09-23-garden-completion/ziling-source-art/reeds-volume/blender/kits/KIT_flora.blend"
BlenderMCP addon registered
INFO Draco is available, use library at /Applications/Blender.app/Contents/Resources/5.2/scripts/addons_core/io_scene_gltf2/libbf_intern_draco_bridge.dylib
INFO MeshOptimizer is available, use library at /Applications/Blender.app/Contents/Resources/5.2/scripts/addons_core/io_scene_gltf2/libbf_intern_meshopt_bridge.dylib
14:39:20 | INFO: Starting glTF 2.0 export
14:39:20 | INFO: Extracting primitive: KIT_flora_bamboo_small_render
14:39:21 | WARNING: More than one shader node tex image used for a texture. The resulting glTF sampler will behave like the first shader node tex image.
14:39:21 | INFO: Primitives created: 1
14:39:21 | INFO: Finished glTF 2.0 export in 0.06969070434570312 s

14:39:21 | INFO: Starting glTF 2.0 export
14:39:21 | INFO: Extracting primitive: KIT_flora_bamboo_small_render_LOD1
14:39:21 | WARNING: More than one shader node tex image used for a texture. The resulting glTF sampler will behave like the first shader node tex image.
14:39:21 | INFO: Primitives created: 1
14:39:21 | INFO: Finished glTF 2.0 export in 0.0028340816497802734 s

14:39:21 | INFO: Starting glTF 2.0 export
14:39:21 | INFO: Extracting primitive: KIT_flora_bamboo_medium_render
14:39:21 | WARNING: More than one shader node tex image used for a texture. The resulting glTF sampler will behave like the first shader node tex image.
14:39:21 | INFO: Primitives created: 1
14:39:21 | INFO: Finished glTF 2.0 export in 0.002881765365600586 s

14:39:21 | INFO: Starting glTF 2.0 export
14:39:21 | INFO: Extracting primitive: KIT_flora_bamboo_medium_render_LOD1
14:39:21 | WARNING: More than one shader node tex image used for a texture. The resulting glTF sampler will behave like the first shader node tex image.
14:39:21 | INFO: Primitives created: 1
14:39:21 | INFO: Finished glTF 2.0 export in 0.0025017261505126953 s

14:39:21 | INFO: Starting glTF 2.0 export
14:39:21 | INFO: Extracting primitive: KIT_flora_bamboo_large_render
14:39:21 | WARNING: More than one shader node tex image used for a texture. The resulting glTF sampler will behave like the first shader node tex image.
14:39:21 | INFO: Primitives created: 1
14:39:21 | INFO: Finished glTF 2.0 export in 0.0030977725982666016 s

14:39:21 | INFO: Starting glTF 2.0 export
14:39:21 | INFO: Extracting primitive: KIT_flora_bamboo_large_render_LOD1
14:39:21 | WARNING: More than one shader node tex image used for a texture. The resulting glTF sampler will behave like the first shader node tex image.
14:39:21 | INFO: Primitives created: 1
14:39:21 | INFO: Finished glTF 2.0 export in 0.0023920536041259766 s

14:39:21 | INFO: Starting glTF 2.0 export
14:39:21 | INFO: Extracting primitive: Cube
14:39:21 | INFO: Primitives created: 1
14:39:21 | INFO: Extracting primitive: KIT_flora_plum_render
14:39:21 | WARNING: More than one shader node tex image used for a texture. The resulting glTF sampler will behave like the first shader node tex image.
14:39:21 | INFO: Primitives created: 1
14:39:21 | INFO: Finished glTF 2.0 export in 0.003551959991455078 s

14:39:21 | INFO: Starting glTF 2.0 export
14:39:21 | INFO: Extracting primitive: Cube.001
14:39:21 | INFO: Primitives created: 1
14:39:21 | INFO: Extracting primitive: KIT_flora_plum_render_LOD1
14:39:21 | WARNING: More than one shader node tex image used for a texture. The resulting glTF sampler will behave like the first shader node tex image.
14:39:21 | INFO: Primitives created: 1
14:39:21 | INFO: Finished glTF 2.0 export in 0.003226757049560547 s

14:39:21 | INFO: Starting glTF 2.0 export
14:39:21 | INFO: Extracting primitive: Cube.002
14:39:21 | INFO: Primitives created: 1
14:39:21 | INFO: Extracting primitive: KIT_flora_willow_render
14:39:21 | WARNING: More than one shader node tex image used for a texture. The resulting glTF sampler will behave like the first shader node tex image.
14:39:21 | INFO: Primitives created: 1
14:39:21 | INFO: Finished glTF 2.0 export in 0.004523038864135742 s

14:39:21 | INFO: Starting glTF 2.0 export
14:39:21 | INFO: Extracting primitive: Cube.003
14:39:21 | INFO: Primitives created: 1
14:39:21 | INFO: Extracting primitive: KIT_flora_willow_render_LOD1
14:39:21 | WARNING: More than one shader node tex image used for a texture. The resulting glTF sampler will behave like the first shader node tex image.
14:39:21 | INFO: Primitives created: 1
14:39:21 | INFO: Finished glTF 2.0 export in 0.0035009384155273438 s

14:39:21 | INFO: Starting glTF 2.0 export
14:39:21 | INFO: Extracting primitive: KIT_flora_banana_render
14:39:21 | WARNING: More than one shader node tex image used for a texture. The resulting glTF sampler will behave like the first shader node tex image.
14:39:21 | INFO: Primitives created: 1
14:39:21 | INFO: Finished glTF 2.0 export in 0.002819061279296875 s

14:39:21 | INFO: Starting glTF 2.0 export
14:39:21 | INFO: Extracting primitive: KIT_flora_banana_render_LOD1
14:39:21 | WARNING: More than one shader node tex image used for a texture. The resulting glTF sampler will behave like the first shader node tex image.
14:39:21 | INFO: Primitives created: 1
14:39:21 | INFO: Finished glTF 2.0 export in 0.002579927444458008 s

14:39:21 | INFO: Starting glTF 2.0 export
14:39:21 | INFO: Extracting primitive: TEMP_reed_geometry
14:39:21 | WARNING: More than one shader node tex image used for a texture. The resulting glTF sampler will behave like the first shader node tex image.
14:39:21 | INFO: Primitives created: 1
14:39:21 | INFO: Finished glTF 2.0 export in 0.003262042999267578 s

14:39:21 | INFO: Starting glTF 2.0 export
14:39:21 | INFO: Extracting primitive: TEMP_reed_geometry_LOD1
14:39:21 | WARNING: More than one shader node tex image used for a texture. The resulting glTF sampler will behave like the first shader node tex image.
14:39:21 | INFO: Primitives created: 1
14:39:21 | INFO: Finished glTF 2.0 export in 0.0027642250061035156 s

14:39:21 | INFO: Starting glTF 2.0 export
14:39:21 | INFO: Extracting primitive: Cube.004
14:39:21 | INFO: Primitives created: 1
14:39:21 | INFO: Extracting primitive: KIT_flora_potted_render
14:39:21 | WARNING: More than one shader node tex image used for a texture. The resulting glTF sampler will behave like the first shader node tex image.
14:39:21 | INFO: Primitives created: 1
14:39:21 | INFO: Finished glTF 2.0 export in 0.0032279491424560547 s

14:39:21 | INFO: Starting glTF 2.0 export
14:39:21 | INFO: Extracting primitive: Cube.005
14:39:21 | INFO: Primitives created: 1
14:39:21 | INFO: Extracting primitive: KIT_flora_potted_render_LOD1
14:39:21 | WARNING: More than one shader node tex image used for a texture. The resulting glTF sampler will behave like the first shader node tex image.
14:39:21 | INFO: Primitives created: 1
14:39:21 | INFO: Finished glTF 2.0 export in 0.0029609203338623047 s

SAVED_FLORA_REEXPORT_PASS_16
BlenderMCP addon unregistered
Blender 5.2.2 LTS (hash d13f752e3b9c built 2026-09-15 01:49:19)

Blender quit
