PAVING_SOURCE_START saved-floor-regression
PAVING_SOURCE_PASS saved-floor-regression
PAVING_SOURCE_START water-contract
PAVING_SOURCE_PASS water-contract
PAVING_SOURCE_START site-libraries
PAVING_SOURCE_PASS site-libraries
PAVING_SOURCE_START shared-wash-receivers
PAVING_SOURCE_PASS shared-wash-receivers
PAVING_SOURCE_START default-sixteen-reexports
Traceback (most recent call last):
  File "/Users/auchan/projects/garden-of-dreams/.superpowers/sdd/2026-09-23-garden-completion/paving-site-joins/prepare-full-lighting.py", line 52, in <module>
    run('default-sixteen-reexports',blender+[str(root/'blender/authoring.blend'),'--python',str(root/'scripts/verify_saved_garden_candidate.py'),'--','--source-root',str(root),'--output-root',str(root/'default-source-reproduction'),'--paving-baseline',str(baseline)],'SAVED_GARDEN_CANDIDATE_PASS')
    ~~~^^^^^^^^^^^^^^^^^^^^^^^^^^^^^^^^^^^^^^^^^^^^^^^^^^^^^^^^^^^^^^^^^^^^^^^^^^^^^^^^^^^^^^^^^^^^^^^^^^^^^^^^^^^^^^^^^^^^^^^^^^^^^^^^^^^^^^^^^^^^^^^^^^^^^^^^^^^^^^^^^^^^^^^^^^^^^^^^^^^^^^^^^^^^^^^^^^^^^^^^^^^^^^^^^^^^^^^^^^^^^^^^^^^^^^^^^^^^^^^^^^^^^^^^^^^^^^^^^^^^^^^^^^^^^^^^^^^^^^^^^^^^^^^^^^
  File "/Users/auchan/projects/garden-of-dreams/.superpowers/sdd/2026-09-23-garden-completion/paving-site-joins/prepare-full-lighting.py", line 40, in run
    assert phase['exit_code']==0 and marker in text and not re.search(r'(?m)^(Error:|Traceback|SCRIPT ERROR:|ERROR:)|AssertionError:',text),text[-3500:]
           ^^^^^^^^^^^^^^^^^^^^^^^^^^^^^^^^^^^^^^^^^^^^^^^^^^^^^^^^^^^^^^^^^^^^^^^^^^^^^^^^^^^^^^^^^^^^^^^^^^^^^^^^^^^^^^^^^^^^^^^^^^^^^^^^
AssertionError: 00:00.339  blend            | Read blend: "/tmp/garden-paving-joins-20261010-v4/blender/authoring.blend"
Traceback (most recent call last):
  File "/tmp/garden-paving-joins-20261010-v4/scripts/verify_saved_garden_candidate.py", line 145, in <module>
    main()
    ~~~~^^
  File "/tmp/garden-paving-joins-20261010-v4/scripts/verify_saved_garden_candidate.py", line 110, in main
    assert output != source and not output.is_relative_to(source)
           ^^^^^^^^^^^^^^^^^^^^^^^^^^^^^^^^^^^^^^^^^^^^^^^^^^^^^^
AssertionError
BlenderMCP addon registered

Error: script failed, file: '/tmp/garden-paving-joins-20261010-v4/scripts/verify_saved_garden_candidate.py', exiting.
BlenderMCP addon unregistered
Blender 5.2.2 LTS (hash d13f752e3b9c built 2026-09-15 01:49:19)

Blender quit

