00:01.637  blend            | Read blend: "/private/tmp/garden-paving-review-20261010-v4/blender/authoring.blend"
/tmp/garden-paving-review-20261010-v4/scripts/audit_site_sources.py:36: DeprecationWarning: 'Material.use_nodes' is expected to be removed in Blender 6.0
  images = sorted({node.image.name for mat in obj.data.materials if mat and mat.use_nodes
00:02.794  blend            | Read blend: "/private/tmp/garden-paving-review-20261010-v4/blender/sites/SITE_aojing-guan.blend"
00:03.198  blend            | Read blend: "/private/tmp/garden-paving-review-20261010-v4/blender/sites/SITE_daguan-lou.blend"
00:03.706  blend            | Read blend: "/private/tmp/garden-paving-review-20261010-v4/blender/sites/SITE_daoxiang-cun.blend"
00:04.107  blend            | Read blend: "/private/tmp/garden-paving-review-20261010-v4/blender/sites/SITE_hengwu-yuan.blend"
00:04.712  blend            | Read blend: "/private/tmp/garden-paving-review-20261010-v4/blender/sites/SITE_longcui-an.blend"
00:05.033  blend            | Read blend: "/private/tmp/garden-paving-review-20261010-v4/blender/sites/SITE_ouxiang-xie.blend"
00:05.338  blend            | Read blend: "/private/tmp/garden-paving-review-20261010-v4/blender/sites/SITE_qinfang-ting.blend"
00:06.003  blend            | Read blend: "/private/tmp/garden-paving-review-20261010-v4/blender/sites/SITE_qiushuang-zhai.blend"
00:06.510  blend            | Read blend: "/private/tmp/garden-paving-review-20261010-v4/blender/sites/SITE_rockery-gate.blend"
00:07.261  blend            | Read blend: "/private/tmp/garden-paving-review-20261010-v4/blender/sites/SITE_terminal-cells.blend"
00:07.378  blend            | Read blend: "/private/tmp/garden-paving-review-20261010-v4/blender/sites/SITE_tubi-tang.blend"
00:07.747  blend            | Read blend: "/private/tmp/garden-paving-review-20261010-v4/blender/sites/SITE_xiaoxiang-guan.blend"
00:08.005  blend            | Read blend: "/private/tmp/garden-paving-review-20261010-v4/blender/sites/SITE_yihong-yuan.blend"
00:08.269  blend            | Read blend: "/private/tmp/garden-paving-review-20261010-v4/blender/sites/SITE_ziling-zhou.blend"
BlenderMCP addon registered
Info: Read library: '/private/tmp/garden-paving-review-20261010-v4/blender/sites/SITE_stage.blend', '//SITE_stage.blend', parent '<direct>'
SITE_AUDIT aojing-guan typeset 0 bakes 6 / 6 structural differences 0
Info: Read library: '/private/tmp/garden-paving-review-20261010-v4/blender/sites/SITE_stage.blend', '//SITE_stage.blend', parent '<direct>'
SITE_AUDIT daguan-lou typeset 0 bakes 9 / 9 structural differences 0
Info: Read library: '/private/tmp/garden-paving-review-20261010-v4/blender/sites/SITE_stage.blend', '//SITE_stage.blend', parent '<direct>'
SITE_AUDIT daoxiang-cun typeset 0 bakes 8 / 8 structural differences 0
Info: Read library: '/private/tmp/garden-paving-review-20261010-v4/blender/sites/SITE_stage.blend', '//SITE_stage.blend', parent '<direct>'
SITE_AUDIT hengwu-yuan typeset 0 bakes 10 / 10 structural differences 0
Info: Read library: '/private/tmp/garden-paving-review-20261010-v4/blender/sites/SITE_stage.blend', '//SITE_stage.blend', parent '<direct>'
SITE_AUDIT longcui-an typeset 0 bakes 7 / 7 structural differences 0
Info: Read library: '/private/tmp/garden-paving-review-20261010-v4/blender/sites/SITE_stage.blend', '//SITE_stage.blend', parent '<direct>'
SITE_AUDIT ouxiang-xie typeset 0 bakes 6 / 6 structural differences 0
Info: Read library: '/private/tmp/garden-paving-review-20261010-v4/blender/sites/SITE_stage.blend', '//SITE_stage.blend', parent '<direct>'
SITE_AUDIT qinfang-ting typeset 0 bakes 20 / 20 structural differences 0
Info: Read library: '/private/tmp/garden-paving-review-20261010-v4/blender/sites/SITE_stage.blend', '//SITE_stage.blend', parent '<direct>'
SITE_AUDIT qiushuang-zhai typeset 0 bakes 10 / 10 structural differences 0
Warning: Library file, loading empty scene
SITE_AUDIT rockery-gate typeset 0 bakes 6 / 6 structural differences 0
Warning: Library file, loading empty scene
SITE_AUDIT terminal-cells typeset 0 bakes 7 / 7 structural differences 0
Info: Read library: '/private/tmp/garden-paving-review-20261010-v4/blender/sites/SITE_stage.blend', '//SITE_stage.blend', parent '<direct>'
SITE_AUDIT tubi-tang typeset 0 bakes 10 / 10 structural differences 0
Info: Read library: '/private/tmp/garden-paving-review-20261010-v4/blender/sites/SITE_stage.blend', '//SITE_stage.blend', parent '<direct>'
SITE_AUDIT xiaoxiang-guan typeset 0 bakes 7 / 7 structural differences 0
Info: Read library: '/private/tmp/garden-paving-review-20261010-v4/blender/sites/SITE_stage.blend', '//SITE_stage.blend', parent '<direct>'
SITE_AUDIT yihong-yuan typeset 0 bakes 7 / 7 structural differences 0
Info: Read library: '/private/tmp/garden-paving-review-20261010-v4/blender/sites/SITE_stage.blend', '//SITE_stage.blend', parent '<direct>'
SITE_AUDIT ziling-zhou typeset 0 bakes 3 / 3 structural differences 0
SITE_SOURCE_AUDIT_RECORDED 14 sites; scene files unchanged
BlenderMCP addon unregistered
Blender 5.2.2 LTS (hash d13f752e3b9c built 2026-09-15 01:49:19)

Blender quit
