Godot Engine v4.7.2.stable.official.ed1daf0bf - https://godotengine.org
OpenGL API 4.1 Metal - 90.5 - Compatibility - Using Device: Apple - Apple M2 Max

ZILING_DRAW_COMPLETED_SYNCHRONOUSLY true
ERROR: ZILING_FRAMING_REJECTED: Incomplete imported geometry subject
   at: push_error (core/variant/variant_utility.cpp:1023)
   GDScript backtrace (most recent call first):
       [0] check (res://tests/test_ziling_framing.gd:22)
       [1] run (res://tests/test_ziling_framing.gd:103)
       [2] settle (res://tests/test_ziling_framing.gd:35)
ZILING_DRAW_COMPLETED_SYNCHRONOUSLY true
ZILING_DRAW_COMPLETED_SYNCHRONOUSLY true
ZILING_DRAW_COMPLETED_SYNCHRONOUSLY true
ZILING_DRAW_COMPLETED_SYNCHRONOUSLY true
ZILING_DRAW_COMPLETED_SYNCHRONOUSLY true
ZILING_DRAW_COMPLETED_SYNCHRONOUSLY true
ZILING_DRAW_COMPLETED_SYNCHRONOUSLY true
ZILING_DRAW_COMPLETED_SYNCHRONOUSLY true
ZILING_DRAW_COMPLETED_SYNCHRONOUSLY true
ZILING_DRAW_COMPLETED_SYNCHRONOUSLY true
ZILING_DRAW_COMPLETED_SYNCHRONOUSLY true
ZILING_DRAW_COMPLETED_SYNCHRONOUSLY true
ZILING_DRAW_COMPLETED_SYNCHRONOUSLY true
ZILING_DRAW_COMPLETED_SYNCHRONOUSLY true
ZILING_FRAMING_RESULT 13 originals; 1 failures
