BlenderMCP addon registered
BlenderMCP addon unregistered
02:12:33 | INFO: Data are loaded, start creating Blender stuff
02:12:34 | INFO: Blender create Mesh node COL_aojing_approach.001
02:12:34 | INFO: Blender create Mesh node COL_aojing_approach.004
02:12:34 | INFO: Blender create Mesh node COL_aojing_approach_guard.001
02:12:34 | INFO: Blender create Mesh node COL_aojing_approach_guard.004
02:12:34 | INFO: Blender create Mesh node COL_aojing_approach_ramp.002
02:12:34 | INFO: Blender create Mesh node COL_aojing_closed_front.002
02:12:34 | INFO: Blender create Mesh node COL_aojing_dry_ledge.002
02:12:34 | INFO: Blender create Mesh node COL_aojing_hall_floor.002
02:12:34 | INFO: Blender create Mesh node COL_aojing_ledge_end.002
02:12:34 | INFO: Blender create Mesh node COL_aojing_ledge_parapet.002
02:12:34 | INFO: Blender create Mesh node COL_aojing_return.001
02:12:34 | INFO: Blender create Mesh node COL_aojing_return.004
02:12:34 | INFO: Blender create Mesh node Cube.147
02:12:34 | INFO: Blender create Mesh node Cube.148
02:12:34 | INFO: Blender create Mesh node Cube.149
02:12:34 | INFO: Blender create Mesh node Cube.150
02:12:34 | INFO: Blender create Mesh node COL_bridge_crosswalk.002
02:12:34 | INFO: Blender create Mesh node COL_bridge_crosswalk.003
02:12:34 | INFO: Blender create Mesh node COL_cell_floor.006
02:12:34 | INFO: Blender create Mesh node COL_cell_floor.007
02:12:34 | INFO: Blender create Mesh node COL_cell_floor.008
02:12:34 | INFO: Blender create Mesh node COL_cell_floor.009
02:12:34 | INFO: Blender create Mesh node COL_cell_floor.010
02:12:34 | INFO: Blender create Mesh node COL_cell_floor.011
02:12:34 | INFO: Blender create Mesh node COL_cell_wall.012
02:12:34 | INFO: Blender create Mesh node COL_cell_wall.013
02:12:34 | INFO: Blender create Mesh node COL_cell_wall.014
02:12:34 | INFO: Blender create Mesh node COL_cell_wall.015
02:12:34 | INFO: Blender create Mesh node COL_cell_wall.016
02:12:34 | INFO: Blender create Mesh node COL_cell_wall.017
02:12:34 | INFO: Blender create Mesh node COL_cell_wall.018
02:12:34 | INFO: Blender create Mesh node COL_cell_wall.019
02:12:34 | INFO: Blender create Mesh node COL_cell_wall.020
02:12:34 | INFO: Blender create Mesh node COL_cell_wall.021
02:12:34 | INFO: Blender create Mesh node COL_cell_wall.022
02:12:34 | INFO: Blender create Mesh node COL_cell_wall.023
02:12:34 | INFO: Blender create Mesh node COL_daguan_central_step.003
02:12:34 | INFO: Blender create Mesh node COL_daguan_central_step.004
02:12:34 | INFO: Blender create Mesh node COL_daguan_central_step.005
02:12:34 | INFO: Blender create Mesh node COL_daguan_closed_front.001
02:12:34 | INFO: Blender create Mesh node COL_daguan_column.006
02:12:34 | INFO: Blender create Mesh node COL_daguan_column.007
02:12:34 | INFO: Blender create Mesh node COL_daguan_column.008
02:12:34 | INFO: Blender create Mesh node COL_daguan_column.009
02:12:34 | INFO: Blender create Mesh node COL_daguan_column.010
02:12:34 | INFO: Blender create Mesh node COL_daguan_column.011
02:12:34 | INFO: Blender create Mesh node COL_daguan_floor.001
02:12:34 | INFO: Blender create Mesh node COL_daguan_return_wall.002
02:12:34 | INFO: Blender create Mesh node COL_daguan_return_wall.003
02:12:34 | INFO: Blender create Mesh node COL_daoxiang_approach.002
02:12:34 | INFO: Blender create Mesh node COL_daoxiang_approach.003
02:12:34 | INFO: Blender create Mesh node COL_daoxiang_closed_front.001
02:12:34 | INFO: Blender create Mesh node COL_daoxiang_court.001
02:12:34 | INFO: Blender create Mesh node COL_daoxiang_fence.004
02:12:34 | INFO: Blender create Mesh node COL_daoxiang_fence.005
02:12:34 | INFO: Blender create Mesh node COL_daoxiang_fence.006
02:12:34 | INFO: Blender create Mesh node COL_daoxiang_fence.007
02:12:34 | INFO: Blender create Mesh node COL_daoxiang_side.002
02:12:34 | INFO: Blender create Mesh node COL_daoxiang_side.003
02:12:34 | INFO: Blender create Mesh node COL_entry_corridor.001
02:12:34 | INFO: Blender create Mesh node COL_entry_walk.002
02:12:34 | INFO: Blender create Mesh node COL_entry_walk.003
02:12:34 | INFO: Blender create Mesh node COL_floor_joint_cell_threshold_0.001
02:12:34 | INFO: Blender create Mesh node COL_floor_joint_cell_threshold_1.001
02:12:34 | INFO: Blender create Mesh node COL_floor_joint_cell_threshold_2.001
02:12:34 | INFO: Blender create Mesh node COL_floor_joint_cell_threshold_3.001
02:12:34 | INFO: Blender create Mesh node COL_floor_joint_cell_threshold_4.001
02:12:34 | INFO: Blender create Mesh node COL_floor_joint_cell_threshold_5.001
02:12:34 | INFO: Blender create Mesh node COL_floor_joint_pavilion_east_joint.001
02:12:34 | INFO: Blender create Mesh node COL_floor_joint_pavilion_west_joint.001
02:12:34 | INFO: Blender create Mesh node Cube.146
02:12:34 | INFO: Blender create Mesh node Cube.145
02:12:34 | INFO: Blender create Mesh node COL_GATE_banana_planter.001
02:12:34 | INFO: Blender create Mesh node KIT_rockery_passage.022
02:12:34 | INFO: Blender create Mesh node KIT_rockery_passage.024
02:12:34 | INFO: Blender create Mesh node KIT_rockery_cliff.006
02:12:34 | INFO: Blender create Mesh node KIT_rockery_cliff.008
02:12:34 | INFO: Blender create Mesh node KIT_rockery_passage.004
02:12:34 | INFO: Blender create Mesh node KIT_rockery_passage.016
02:12:34 | INFO: Blender create Mesh node KIT_rockery_passage.018
02:12:34 | INFO: Blender create Mesh node KIT_rockery_passage.020
02:12:34 | INFO: Blender create Mesh node GATE_paving.002
02:12:34 | INFO: Blender create Mesh node COL_hengwu-yuan_floor.001
02:12:34 | INFO: Blender create Mesh node COL_hengwu_approach.002
02:12:34 | INFO: Blender create Mesh node COL_hengwu_approach.003
02:12:34 | INFO: Blender create Mesh node COL_hengwu_closed_hall.002
02:12:34 | INFO: Blender create Mesh node COL_hengwu_court.002
02:12:34 | INFO: Blender create Mesh node COL_hengwu_hall_post.001
02:12:34 | INFO: Blender create Mesh node COL_hengwu_hall_post.002
02:12:34 | INFO: Blender create Mesh node COL_hengwu_hall_post.006
02:12:34 | INFO: Blender create Mesh node COL_wall_bay.001
02:12:34 | INFO: Blender create Mesh node COL_wall_bay.002
02:12:34 | INFO: Blender create Mesh node COL_wall_bay.003
02:12:34 | INFO: Blender create Mesh node COL_wall_bay.004
02:12:34 | INFO: Blender create Mesh node COL_wall_bay.005
02:12:34 | INFO: Blender create Mesh node COL_wall_bay.006
02:12:34 | INFO: Blender create Mesh node KIT_wall_plaster.002
02:12:34 | INFO: Blender create Mesh node COL_wall_window.001
02:12:34 | INFO: Blender create Mesh node COL_wall_window.002
02:12:34 | INFO: Blender create Mesh node COL_hengwu_rock.001
02:12:34 | INFO: Blender create Mesh node COL_hengwu_rock.002
02:12:34 | INFO: Blender create Mesh node COL_hengwu_rock.006
02:12:34 | INFO: Blender create Mesh node COL_hengwu_stool.001
02:12:34 | INFO: Blender create Mesh node COL_hengwu_stool.002
02:12:34 | INFO: Blender create Mesh node COL_hengwu_stool.003
02:12:34 | INFO: Blender create Mesh node COL_hengwu_stool.008
02:12:34 | INFO: Blender create Mesh node COL_hengwu_table.002
02:12:34 | INFO: Blender create Mesh node COL_longcui_approach.003
02:12:34 | INFO: Blender create Mesh node COL_longcui_approach.004
02:12:34 | INFO: Blender create Mesh node COL_longcui_approach.005
02:12:34 | INFO: Blender create Mesh node COL_longcui_burner.001
02:12:34 | INFO: Blender create Mesh node COL_longcui_closed_front.001
02:12:34 | INFO: Blender create Mesh node COL_longcui_floor.001
02:12:34 | INFO: Blender create Mesh node COL_longcui_plum_trunk.002
02:12:34 | INFO: Blender create Mesh node COL_longcui_plum_trunk.003
02:12:34 | INFO: Blender create Mesh node COL_longcui_return.002
02:12:34 | INFO: Blender create Mesh node COL_longcui_return.003
02:12:34 | INFO: Blender create Mesh node COL_longcui_threshold.001
02:12:34 | INFO: Blender create Mesh node COL_ouxiang_approach.001
02:12:34 | INFO: Blender create Mesh node COL_ouxiang_deck.001
02:12:34 | INFO: Blender create Mesh node COL_ouxiang_post.004
02:12:34 | INFO: Blender create Mesh node COL_ouxiang_post.005
02:12:34 | INFO: Blender create Mesh node COL_ouxiang_post.006
02:12:34 | INFO: Blender create Mesh node COL_ouxiang_post.007
02:12:34 | INFO: Blender create Mesh node COL_ouxiang_rail.002
02:12:34 | INFO: Blender create Mesh node COL_ouxiang_rail.003
02:12:34 | INFO: Blender create Mesh node COL_ouxiang_side_rail.004
02:12:34 | INFO: Blender create Mesh node COL_ouxiang_side_rail.005
02:12:34 | INFO: Blender create Mesh node COL_ouxiang_side_rail.006
02:12:34 | INFO: Blender create Mesh node COL_ouxiang_side_rail.007
02:12:34 | INFO: Blender create Mesh node COL_ouxiang_table.001
02:12:34 | INFO: Blender create Mesh node COL_corridor_floor.009
02:12:34 | INFO: Blender create Mesh node COL_corridor_side.015
02:12:34 | INFO: Blender create Mesh node COL_corridor_side.016
02:12:34 | INFO: Blender create Mesh node COL_corridor_post.016
02:12:34 | INFO: Blender create Mesh node COL_corridor_post.017
02:12:34 | INFO: Blender create Mesh node COL_corridor_floor.010
02:12:34 | INFO: Blender create Mesh node COL_corridor_side.017
02:12:34 | INFO: Blender create Mesh node COL_corridor_side.018
02:12:34 | INFO: Blender create Mesh node COL_corridor_post.018
02:12:34 | INFO: Blender create Mesh node COL_corridor_post.019
02:12:34 | INFO: Blender create Mesh node COL_corridor_floor.011
02:12:34 | INFO: Blender create Mesh node COL_corridor_side.019
02:12:34 | INFO: Blender create Mesh node COL_corridor_side.020
02:12:34 | INFO: Blender create Mesh node COL_corridor_post.020
02:12:34 | INFO: Blender create Mesh node COL_corridor_post.021
02:12:34 | INFO: Blender create Mesh node COL_corridor_floor.012
02:12:34 | INFO: Blender create Mesh node COL_corridor_side.021
02:12:34 | INFO: Blender create Mesh node COL_corridor_side.022
02:12:34 | INFO: Blender create Mesh node COL_corridor_post.022
02:12:34 | INFO: Blender create Mesh node COL_corridor_post.023
02:12:34 | INFO: Blender create Mesh node COL_corridor_floor.001
02:12:34 | INFO: Blender create Mesh node COL_corridor_side.001
02:12:34 | INFO: Blender create Mesh node COL_corridor_side.002
02:12:34 | INFO: Blender create Mesh node COL_corridor_post.001
02:12:34 | INFO: Blender create Mesh node COL_corridor_post.002
02:12:34 | INFO: Blender create Mesh node COL_corridor_floor.002
02:12:34 | INFO: Blender create Mesh node COL_corridor_side.003
02:12:34 | INFO: Blender create Mesh node COL_corridor_side.004
02:12:34 | INFO: Blender create Mesh node COL_corridor_post.003
02:12:34 | INFO: Blender create Mesh node COL_corridor_post.004
02:12:34 | INFO: Blender create Mesh node COL_corridor_floor.003
02:12:34 | INFO: Blender create Mesh node COL_corridor_side.005
02:12:34 | INFO: Blender create Mesh node COL_corridor_side.006
02:12:34 | INFO: Blender create Mesh node COL_corridor_post.005
02:12:34 | INFO: Blender create Mesh node COL_corridor_post.006
02:12:34 | INFO: Blender create Mesh node COL_corridor_floor.004
02:12:34 | INFO: Blender create Mesh node COL_corridor_side.007
02:12:34 | INFO: Blender create Mesh node COL_corridor_side.008
02:12:34 | INFO: Blender create Mesh node COL_corridor_post.007
02:12:34 | INFO: Blender create Mesh node COL_corridor_post.008
02:12:34 | INFO: Blender create Mesh node COL_corridor_floor.005
02:12:34 | INFO: Blender create Mesh node COL_corridor_side.009
02:12:34 | INFO: Blender create Mesh node COL_corridor_side.010
02:12:34 | INFO: Blender create Mesh node COL_corridor_post.009
02:12:34 | INFO: Blender create Mesh node COL_corridor_post.010
02:12:34 | INFO: Blender create Mesh node COL_corridor_floor.006
02:12:34 | INFO: Blender create Mesh node COL_corridor_side.011
02:12:34 | INFO: Blender create Mesh node COL_corridor_post.011
02:12:34 | INFO: Blender create Mesh node COL_corridor_post.012
02:12:34 | INFO: Blender create Mesh node COL_corridor_floor.007
02:12:34 | INFO: Blender create Mesh node COL_corridor_side.012
02:12:34 | INFO: Blender create Mesh node COL_corridor_post.013
02:12:34 | INFO: Blender create Mesh node COL_corridor_floor.008
02:12:34 | INFO: Blender create Mesh node COL_corridor_side.013
02:12:34 | INFO: Blender create Mesh node COL_corridor_side.014
02:12:34 | INFO: Blender create Mesh node COL_corridor_post.014
02:12:34 | INFO: Blender create Mesh node COL_corridor_post.015
02:12:34 | INFO: Blender create Mesh node COL_corridor_floor.013
02:12:34 | INFO: Blender create Mesh node COL_corridor_side.023
02:12:34 | INFO: Blender create Mesh node COL_corridor_side.024
02:12:34 | INFO: Blender create Mesh node COL_corridor_post.024
02:12:34 | INFO: Blender create Mesh node COL_corridor_post.025
02:12:34 | INFO: Blender create Mesh node COL_corridor_floor.014
02:12:34 | INFO: Blender create Mesh node COL_corridor_side.025
02:12:34 | INFO: Blender create Mesh node COL_corridor_side.026
02:12:34 | INFO: Blender create Mesh node COL_corridor_post.026
02:12:34 | INFO: Blender create Mesh node COL_corridor_post.027
02:12:34 | INFO: Blender create Mesh node COL_corridor_floor.015
02:12:34 | INFO: Blender create Mesh node COL_corridor_side.027
02:12:34 | INFO: Blender create Mesh node COL_corridor_side.028
02:12:34 | INFO: Blender create Mesh node COL_corridor_post.028
02:12:34 | INFO: Blender create Mesh node COL_corridor_post.029
02:12:34 | INFO: Blender create Mesh node COL_corridor_floor.016
02:12:34 | INFO: Blender create Mesh node COL_corridor_side.029
02:12:34 | INFO: Blender create Mesh node COL_corridor_side.030
02:12:34 | INFO: Blender create Mesh node COL_corridor_post.030
02:12:34 | INFO: Blender create Mesh node COL_corridor_post.031
02:12:34 | INFO: Blender create Mesh node COL_qinfang_deck.001
02:12:34 | INFO: Blender create Mesh node COL_pavilion_bench.001
02:12:34 | INFO: Blender create Mesh node COL_pavilion_bench.002
02:12:34 | INFO: Blender create Mesh node COL_pavilion_bracket.001
02:12:34 | INFO: Blender create Mesh node COL_pavilion_bracket.002
02:12:34 | INFO: Blender create Mesh node COL_pavilion_bracket.003
02:12:34 | INFO: Blender create Mesh node COL_pavilion_bracket.004
02:12:34 | INFO: Blender create Mesh node COL_pavilion_bracket.005
02:12:34 | INFO: Blender create Mesh node COL_pavilion_bracket.006
02:12:34 | INFO: Blender create Mesh node COL_pavilion_post.001
02:12:34 | INFO: Blender create Mesh node COL_pavilion_post.002
02:12:34 | INFO: Blender create Mesh node COL_pavilion_post.003
02:12:34 | INFO: Blender create Mesh node COL_pavilion_post.004
02:12:34 | INFO: Blender create Mesh node COL_pavilion_post.005
02:12:34 | INFO: Blender create Mesh node COL_pavilion_post.006
02:12:34 | INFO: Blender create Mesh node COL_pavilion_roof.001
02:12:34 | INFO: Blender create Mesh node COL_qiushuang-zhai_floor.001
02:12:34 | INFO: Blender create Mesh node Cube.009
02:12:34 | INFO: Blender create Mesh node Cube.011
02:12:34 | INFO: Blender create Mesh node Cube.012
02:12:34 | INFO: Blender create Mesh node Cube.013
02:12:34 | INFO: Blender create Mesh node Cube.019
02:12:34 | INFO: Blender create Mesh node Cube.020
02:12:34 | INFO: Blender create Mesh node Cube.023
02:12:34 | INFO: Blender create Mesh node Cube.024
02:12:34 | INFO: Blender create Mesh node Cube.048
02:12:34 | INFO: Blender create Mesh node Cube.050
02:12:34 | INFO: Blender create Mesh node Cube.052
02:12:34 | INFO: Blender create Mesh node Cube.092
02:12:34 | INFO: Blender create Mesh node Cube.093
02:12:34 | INFO: Blender create Mesh node Cube.094
02:12:34 | INFO: Blender create Mesh node Cube.095
02:12:34 | INFO: Blender create Mesh node Cube.096
02:12:34 | INFO: Blender create Mesh node Cube.097
02:12:34 | INFO: Blender create Mesh node Cube.098
02:12:34 | INFO: Blender create Mesh node Cube.099
02:12:34 | INFO: Blender create Mesh node Cube.100
02:12:34 | INFO: Blender create Mesh node Cube.101
02:12:34 | INFO: Blender create Mesh node Cube.102
02:12:34 | INFO: Blender create Mesh node Cube.103
02:12:34 | INFO: Blender create Mesh node Cube.104
02:12:34 | INFO: Blender create Mesh node Cube.105
02:12:34 | INFO: Blender create Mesh node Cube.106
02:12:34 | INFO: Blender create Mesh node Cube.107
02:12:34 | INFO: Blender create Mesh node Cube.108
02:12:34 | INFO: Blender create Mesh node Cube.109
02:12:34 | INFO: Blender create Mesh node Cube.110
02:12:34 | INFO: Blender create Mesh node Cube.111
02:12:34 | INFO: Blender create Mesh node Cube.112
02:12:34 | INFO: Blender create Mesh node Cube.113
02:12:34 | INFO: Blender create Mesh node Cube.114
02:12:34 | INFO: Blender create Mesh node Cube.115
02:12:34 | INFO: Blender create Mesh node Cube.116
02:12:34 | INFO: Blender create Mesh node Cube.117
02:12:34 | INFO: Blender create Mesh node Cube.118
02:12:34 | INFO: Blender create Mesh node Cube.119
02:12:34 | INFO: Blender create Mesh node Cube.120
02:12:34 | INFO: Blender create Mesh node Cube.121
02:12:34 | INFO: Blender create Mesh node Cube.122
02:12:34 | INFO: Blender create Mesh node Cube.123
02:12:34 | INFO: Blender create Mesh node Cube.124
02:12:34 | INFO: Blender create Mesh node Cube.125
02:12:34 | INFO: Blender create Mesh node Cube.126
02:12:34 | INFO: Blender create Mesh node Cube.127
02:12:34 | INFO: Blender create Mesh node Cube.128
02:12:34 | INFO: Blender create Mesh node Cube.129
02:12:34 | INFO: Blender create Mesh node Cube.130
02:12:34 | INFO: Blender create Mesh node Cube.131
02:12:34 | INFO: Blender create Mesh node Cube.132
02:12:34 | INFO: Blender create Mesh node Cube.133
02:12:34 | INFO: Blender create Mesh node Cube.134
02:12:34 | INFO: Blender create Mesh node Cube.135
02:12:34 | INFO: Blender create Mesh node Cube.136
02:12:34 | INFO: Blender create Mesh node Cube.137
02:12:34 | INFO: Blender create Mesh node Cube.138
02:12:34 | INFO: Blender create Mesh node Cube.139
02:12:34 | INFO: Blender create Mesh node Cube.140
02:12:34 | INFO: Blender create Mesh node Cube.141
02:12:34 | INFO: Blender create Mesh node Cube.142
02:12:34 | INFO: Blender create Mesh node Cube.143
02:12:34 | INFO: Blender create Mesh node Cube.144
02:12:34 | INFO: Blender create Mesh node Cube.193
02:12:34 | INFO: Blender create Mesh node Cube.194
02:12:34 | INFO: Blender create Mesh node Cube.195
02:12:34 | INFO: Blender create Mesh node Cube.196
02:12:34 | INFO: Blender create Mesh node Cube.197
02:12:34 | INFO: Blender create Mesh node Cube.198
02:12:34 | INFO: Blender create Mesh node Cube.199
02:12:34 | INFO: Blender create Mesh node Cube.200
02:12:34 | INFO: Blender create Mesh node COL_stone_walk.005
02:12:34 | INFO: Blender create Mesh node COL_stone_walk.008
02:12:34 | INFO: Blender create Mesh node COL_stone_walk.009
02:12:34 | INFO: Blender create Mesh node COL_stone_walk.010
02:12:34 | INFO: Blender create Mesh node COL_stone_walk.011
02:12:34 | INFO: Blender create Mesh node COL_stone_walk.012
02:12:34 | INFO: Blender create Mesh node COL_study_approach.002
02:12:34 | INFO: Blender create Mesh node COL_study_desk_centre.002
02:12:34 | INFO: Blender create Mesh node COL_study_desk_left.002
02:12:34 | INFO: Blender create Mesh node COL_study_desk_right.002
02:12:34 | INFO: Blender create Mesh node COL_study_front_walk.002
02:12:34 | INFO: Blender create Mesh node COL_study_front_wall.002
02:12:34 | INFO: Blender create Mesh node COL_study_post.001
02:12:34 | INFO: Blender create Mesh node COL_study_post.002
02:12:34 | INFO: Blender create Mesh node COL_study_post.003
02:12:34 | INFO: Blender create Mesh node COL_study_post.008
02:12:34 | INFO: Blender create Mesh node Cube.151
02:12:34 | INFO: Blender create Mesh node Cube.152
02:12:34 | INFO: Blender create Mesh node Cube.153
02:12:34 | INFO: Blender create Mesh node Cube.154
02:12:34 | INFO: Blender create Mesh node Cube.155
02:12:34 | INFO: Blender create Mesh node Cube.156
02:12:34 | INFO: Blender create Mesh node Cube.157
02:12:34 | INFO: Blender create Mesh node Cube.158
02:12:34 | INFO: Blender create Mesh node Cube.159
02:12:34 | INFO: Blender create Mesh node Cube.160
02:12:34 | INFO: Blender create Mesh node Cube.161
02:12:34 | INFO: Blender create Mesh node Cube.162
02:12:34 | INFO: Blender create Mesh node Cube.163
02:12:34 | INFO: Blender create Mesh node Cube.164
02:12:34 | INFO: Blender create Mesh node Cube.165
02:12:34 | INFO: Blender create Mesh node Cube.166
02:12:34 | INFO: Blender create Mesh node Cube.167
02:12:34 | INFO: Blender create Mesh node Cube.168
02:12:34 | INFO: Blender create Mesh node Cube.169
02:12:34 | INFO: Blender create Mesh node Cube.170
02:12:34 | INFO: Blender create Mesh node Cube.171
02:12:34 | INFO: Blender create Mesh node Cube.172
02:12:34 | INFO: Blender create Mesh node Cube.173
02:12:34 | INFO: Blender create Mesh node Cube.174
02:12:34 | INFO: Blender create Mesh node Cube.175
02:12:34 | INFO: Blender create Mesh node Cube.176
02:12:34 | INFO: Blender create Mesh node Cube.177
02:12:34 | INFO: Blender create Mesh node Cube.178
02:12:34 | INFO: Blender create Mesh node Cube.179
02:12:34 | INFO: Blender create Mesh node Cube.180
02:12:34 | INFO: Blender create Mesh node Cube.201
02:12:34 | INFO: Blender create Mesh node Cube.202
02:12:34 | INFO: Blender create Mesh node Cube.203
02:12:34 | INFO: Blender create Mesh node Cube.181
02:12:34 | INFO: Blender create Mesh node Cube.182
02:12:34 | INFO: Blender create Mesh node Cube.183
02:12:34 | INFO: Blender create Mesh node Cube.184
02:12:34 | INFO: Blender create Mesh node Cube.185
02:12:34 | INFO: Blender create Mesh node Cube.186
02:12:34 | INFO: Blender create Mesh node Cube.187
02:12:34 | INFO: Blender create Mesh node Cube.188
02:12:34 | INFO: Blender create Mesh node Cube.189
02:12:34 | INFO: Blender create Mesh node Cube.190
02:12:34 | INFO: Blender create Mesh node Cube.191
02:12:34 | INFO: Blender create Mesh node Cube.192
02:12:34 | INFO: Blender create Mesh node COL_tubi-tang_floor.001
02:12:34 | INFO: Blender create Mesh node COL_tubi_approach.001
02:12:34 | INFO: Blender create Mesh node COL_tubi_approach.002
02:12:34 | INFO: Blender create Mesh node COL_tubi_approach.007
02:12:34 | INFO: Blender create Mesh node COL_tubi_approach.008
02:12:34 | INFO: Blender create Mesh node COL_tubi_closed_hall.002
02:12:34 | INFO: Blender create Mesh node COL_tubi_hall_post.001
02:12:34 | INFO: Blender create Mesh node COL_tubi_hall_post.002
02:12:34 | INFO: Blender create Mesh node COL_tubi_hall_post.006
02:12:34 | INFO: Blender create Mesh node COL_tubi_parapet.001
02:12:34 | INFO: Blender create Mesh node COL_tubi_parapet.002
02:12:34 | INFO: Blender create Mesh node COL_tubi_parapet.003
02:12:34 | INFO: Blender create Mesh node COL_tubi_parapet.008
02:12:34 | INFO: Blender create Mesh node COL_tubi_stair_guard.001
02:12:34 | INFO: Blender create Mesh node COL_tubi_stair_guard.004
02:12:34 | INFO: Blender create Mesh node COL_tubi_stair_ramp.002
02:12:34 | INFO: Blender create Mesh node COL_tubi_terrace.002
02:12:34 | INFO: Blender create Mesh node COL_tubi_topic_table.002
02:12:34 | INFO: Blender create Mesh node COL_tubi_view_bench_left.001
02:12:34 | INFO: Blender create Mesh node COL_tubi_view_bench_right.001
02:12:34 | INFO: Blender create Mesh node COL_water_embankment.082
02:12:34 | INFO: Blender create Mesh node COL_water_embankment.083
02:12:34 | INFO: Blender create Mesh node COL_water_embankment.084
02:12:34 | INFO: Blender create Mesh node COL_water_embankment.085
02:12:34 | INFO: Blender create Mesh node COL_water_embankment.086
02:12:34 | INFO: Blender create Mesh node COL_water_embankment.087
02:12:34 | INFO: Blender create Mesh node COL_water_embankment.088
02:12:34 | INFO: Blender create Mesh node COL_water_embankment.089
02:12:34 | INFO: Blender create Mesh node COL_water_embankment.090
02:12:34 | INFO: Blender create Mesh node COL_water_embankment.091
02:12:34 | INFO: Blender create Mesh node COL_water_embankment.092
02:12:34 | INFO: Blender create Mesh node COL_water_embankment.093
02:12:34 | INFO: Blender create Mesh node COL_water_embankment.094
02:12:34 | INFO: Blender create Mesh node COL_water_embankment.095
02:12:34 | INFO: Blender create Mesh node COL_water_embankment.096
02:12:34 | INFO: Blender create Mesh node COL_water_embankment.097
02:12:34 | INFO: Blender create Mesh node COL_water_embankment.098
02:12:34 | INFO: Blender create Mesh node COL_water_embankment.099
02:12:34 | INFO: Blender create Mesh node COL_water_embankment.100
02:12:34 | INFO: Blender create Mesh node COL_water_embankment.101
02:12:34 | INFO: Blender create Mesh node COL_water_embankment.102
02:12:34 | INFO: Blender create Mesh node COL_water_embankment.103
02:12:34 | INFO: Blender create Mesh node COL_water_embankment.104
02:12:34 | INFO: Blender create Mesh node COL_water_embankment.105
02:12:34 | INFO: Blender create Mesh node COL_water_embankment.106
02:12:34 | INFO: Blender create Mesh node COL_water_embankment.107
02:12:34 | INFO: Blender create Mesh node COL_water_embankment.108
02:12:34 | INFO: Blender create Mesh node COL_water_embankment.055
02:12:34 | INFO: Blender create Mesh node COL_water_embankment.056
02:12:34 | INFO: Blender create Mesh node COL_water_embankment.057
02:12:34 | INFO: Blender create Mesh node COL_water_embankment.058
02:12:34 | INFO: Blender create Mesh node COL_water_embankment.059
02:12:34 | INFO: Blender create Mesh node COL_water_embankment.060
02:12:34 | INFO: Blender create Mesh node COL_water_embankment.061
02:12:34 | INFO: Blender create Mesh node COL_water_embankment.062
02:12:34 | INFO: Blender create Mesh node COL_water_embankment.063
02:12:34 | INFO: Blender create Mesh node COL_water_embankment.064
02:12:34 | INFO: Blender create Mesh node COL_water_embankment.065
02:12:34 | INFO: Blender create Mesh node COL_water_embankment.066
02:12:34 | INFO: Blender create Mesh node COL_water_embankment.067
02:12:34 | INFO: Blender create Mesh node COL_water_embankment.068
02:12:34 | INFO: Blender create Mesh node COL_water_embankment.069
02:12:34 | INFO: Blender create Mesh node COL_water_embankment.070
02:12:34 | INFO: Blender create Mesh node COL_water_embankment.071
02:12:34 | INFO: Blender create Mesh node COL_water_embankment.072
02:12:34 | INFO: Blender create Mesh node COL_water_embankment.073
02:12:34 | INFO: Blender create Mesh node COL_water_embankment.074
02:12:34 | INFO: Blender create Mesh node COL_water_embankment.075
02:12:34 | INFO: Blender create Mesh node COL_water_embankment.076
02:12:34 | INFO: Blender create Mesh node COL_water_embankment.077
02:12:34 | INFO: Blender create Mesh node COL_water_embankment.078
02:12:34 | INFO: Blender create Mesh node COL_water_embankment.079
02:12:34 | INFO: Blender create Mesh node COL_water_embankment.080
02:12:34 | INFO: Blender create Mesh node COL_water_embankment.081
02:12:34 | INFO: Blender create Mesh node COL_water_bridge_side.001
02:12:34 | INFO: Blender create Mesh node COL_water_bridge_side.004
02:12:34 | INFO: Blender create Mesh node COL_water_bridge_deck.002
02:12:34 | INFO: Blender create Mesh node COL_xiaoxiang_bamboo_bed.004
02:12:34 | INFO: Blender create Mesh node COL_xiaoxiang_bamboo_bed.005
02:12:34 | INFO: Blender create Mesh node COL_xiaoxiang_bamboo_bed.006
02:12:34 | INFO: Blender create Mesh node COL_xiaoxiang_bamboo_bed.007
02:12:34 | INFO: Blender create Mesh node COL_xiaoxiang_closed_front.001
02:12:34 | INFO: Blender create Mesh node COL_xiaoxiang_floor.001
02:12:34 | INFO: Blender create Mesh node COL_xiaoxiang_return.002
02:12:34 | INFO: Blender create Mesh node COL_xiaoxiang_return.003
02:12:34 | INFO: Blender create Mesh node COL_xiaoxiang_threshold.001
02:12:34 | INFO: Blender create Mesh node COL_yihong_closed_front.002
02:12:34 | INFO: Blender create Mesh node COL_yihong_court_side.001
02:12:34 | INFO: Blender create Mesh node COL_yihong_court_side.004
02:12:34 | INFO: Blender create Mesh node COL_yihong_floor.002
02:12:34 | INFO: Blender create Mesh node COL_yihong_planter.001
02:12:34 | INFO: Blender create Mesh node COL_yihong_planter.004
02:12:34 | INFO: Blender create Mesh node COL_yihong_side_return.001
02:12:34 | INFO: Blender create Mesh node COL_yihong_side_return.004
02:12:34 | INFO: Blender create Mesh node COL_yihong_threshold.002
02:12:34 | INFO: Blender create Mesh node COL_ziling_landing.001
02:12:34 | INFO: Blender create Mesh node HERO_aojing-guan_title.002
02:12:34 | INFO: Blender create Mesh node HERO_daguan_title.001
02:12:34 | INFO: Blender create Mesh node HERO_daoxiang-cun_title.002
02:12:34 | INFO: Blender create Mesh node KIT_flora_plum_render.001
02:12:34 | INFO: Blender create Mesh node KIT_flora_plum_render.002
02:12:34 | INFO: Blender create Mesh node KIT_flora_bamboo_large_render.001
02:12:34 | INFO: Blender create Mesh node KIT_flora_bamboo_large_render.002
02:12:34 | INFO: Blender create Mesh node KIT_flora_bamboo_small_render.001
02:12:34 | INFO: Blender create Mesh node KIT_flora_willow_render.001
02:12:34 | INFO: Blender create Mesh node KIT_flora_willow_render.002
02:12:34 | INFO: Blender create Mesh node KIT_flora_bamboo_large_render.003
02:12:34 | INFO: Blender create Mesh node KIT_flora_bamboo_medium_render.001
02:12:34 | INFO: Blender create Mesh node KIT_flora_bamboo_small_render.002
02:12:34 | INFO: Blender create Mesh node KIT_flora_bamboo_large_render.004
02:12:34 | INFO: Blender create Mesh node KIT_flora_banana_render.001
02:12:34 | INFO: Blender create Mesh node KIT_flora_banana_render.002
02:12:34 | INFO: Blender create Mesh node TEMP_reed_geometry.001
02:12:34 | INFO: Blender create Mesh node TEMP_reed_geometry.002
02:12:34 | INFO: Blender create Mesh node TEMP_reed_geometry.003
02:12:34 | INFO: Blender create Mesh node TEMP_reed_geometry.004
02:12:34 | INFO: Blender create Mesh node TEMP_reed_geometry.005
02:12:34 | INFO: Blender create Mesh node TEMP_reed_geometry.006
02:12:34 | INFO: Blender create Mesh node TEMP_reed_geometry.007
02:12:34 | INFO: Blender create Mesh node TEMP_reed_geometry.008
02:12:34 | INFO: Blender create Mesh node TEMP_reed_geometry.009
02:12:34 | INFO: Blender create Mesh node TEMP_reed_geometry.010
02:12:34 | INFO: Blender create Mesh node HERO_gate_inscription.001
02:12:34 | INFO: Blender create Mesh node HERO_gate_water_drips.001
02:12:34 | INFO: Blender create Mesh node HERO_hengwu-yuan_title.002
02:12:34 | INFO: Blender create Mesh node HERO_longcui-an_title.002
02:12:34 | INFO: Blender create Mesh node HERO_qinfang-ting_title.002
02:12:34 | INFO: Blender create Mesh node HERO_qinfang_bridge.001
02:12:34 | INFO: Blender create Mesh node HERO_study_scroll_bamboo.002
02:12:34 | INFO: Blender create Mesh node HERO_study_scroll_plum.002
02:12:34 | INFO: Blender create Mesh node HERO_study_title.002
02:12:34 | INFO: Blender create Mesh node HERO_table_hexagram.001
02:12:34 | INFO: Blender create Mesh node line_piece.005
02:12:34 | INFO: Blender create Mesh node line_piece.002
02:12:34 | INFO: Blender create Mesh node line_piece.011
02:12:34 | INFO: Blender create Mesh node line_piece.008
02:12:34 | INFO: Blender create Mesh node line_piece.017
02:12:34 | INFO: Blender create Mesh node line_piece.014
02:12:34 | INFO: Blender create Mesh node line_piece.019
02:12:34 | INFO: Blender create Mesh node line_piece.018
02:12:34 | INFO: Blender create Mesh node line_piece.021
02:12:34 | INFO: Blender create Mesh node line_piece.020
02:12:34 | INFO: Blender create Mesh node line_piece.023
02:12:34 | INFO: Blender create Mesh node line_piece.022
02:12:34 | INFO: Blender create Mesh node HERO_table_pedestal.001
02:12:34 | INFO: Blender create Mesh node HERO_tubi_title.002
02:12:34 | INFO: Blender create Mesh node HERO_xiaoxiang-guan_title.002
02:12:34 | INFO: Blender create Mesh node HERO_yihong-yuan_title.002
02:12:34 | INFO: Blender create Mesh node AOJING_pond.002
02:12:34 | INFO: Blender create Mesh node AOJING_backstage.002
02:12:34 | INFO: Blender create Mesh node AOJING_amber_window.002
02:12:34 | INFO: Blender create Mesh node AOJING_window_lattice.001
02:12:34 | INFO: Blender create Mesh node AOJING_dry_ledge.002
02:12:34 | INFO: Blender create Mesh node AOJING_roof.002
02:12:34 | INFO: Blender create Mesh node AOJING_closed_front.002
02:12:34 | INFO: Blender create Mesh node DAGUAN_backstage.001
02:12:34 | INFO: Blender create Mesh node DAGUAN_door_stud.180
02:12:34 | INFO: Blender create Mesh node DAGUAN_amber_transom.002
02:12:34 | INFO: Blender create Mesh node DAGUAN_closed_door.010
02:12:34 | INFO: Blender create Mesh node DAGUAN_recessed_panel.020
02:12:34 | INFO: Blender create Mesh node DAGUAN_column.006
02:12:34 | INFO: Blender create Mesh node DAGUAN_platform.001
02:12:34 | INFO: Blender create Mesh node DAGUAN_lower_roof.001
02:12:34 | INFO: Blender create Mesh node DAGUAN_front.001
02:12:34 | INFO: Blender create Mesh node DAOXIANG_backstage.001
02:12:34 | INFO: Blender create Mesh node DAOXIANG_door_latch.001
02:12:34 | INFO: Blender create Mesh node DAOXIANG_warm_sliver.001
02:12:34 | INFO: Blender create Mesh node DAOXIANG_closed_door.001
02:12:34 | INFO: Blender create Mesh node DAOXIANG_paddy_painting.001
02:12:34 | INFO: Blender create Mesh node DAOXIANG_court.001
02:12:34 | INFO: Blender create Mesh node DAOXIANG_thatch_mass.001
02:12:34 | INFO: Blender create Mesh node DAOXIANG_front.001
02:12:34 | INFO: Blender create Mesh node SITE_hengwu-yuan_backstage.001
02:12:34 | INFO: Blender create Mesh node KIT_pavilion_finial.011
02:12:34 | INFO: Blender create Mesh node KIT_wall_amber_window.006
02:12:34 | INFO: Blender create Mesh node HENGWU_herb_leaf.001
02:12:34 | INFO: Blender create Mesh node KIT_wall_lattice_vertical.105
02:12:34 | INFO: Blender create Mesh node SITE_hengwu-yuan_platform_partitioned.001
02:12:34 | INFO: Blender create Mesh node KIT_props_lantern_hanging_render.015
02:12:34 | INFO: Blender create Mesh node KIT_pavilion_roof.011
02:12:34 | INFO: Blender create Mesh node KIT_wall_bay.001
02:12:34 | INFO: Blender create Mesh node SITE_hengwu-yuan_front.001
02:12:34 | INFO: Blender create Mesh node LONGCUI_backstage.001
02:12:34 | INFO: Blender create Mesh node LONGCUI_gate_pull.002
02:12:34 | INFO: Blender create Mesh node LONGCUI_closed_gate.002
02:12:34 | INFO: Blender create Mesh node LONGCUI_paving.001
02:12:34 | INFO: Blender create Mesh node KIT_props_lantern_hanging_render.016
02:12:34 | INFO: Blender create Mesh node LONGCUI_wall_cap.001
02:12:34 | INFO: Blender create Mesh node LONGCUI_closed_front.001
02:12:34 | INFO: Blender create Mesh node KIT_props_tea_cup.006
02:12:34 | INFO: Blender create Mesh node SITE_ouxiang_deck.001
02:12:34 | INFO: Blender create Mesh node WESTERN_kit_lotus_lotus_pad.001
02:12:34 | INFO: Blender create Mesh node KIT_pavilion_water_pier.004
02:12:34 | INFO: Blender create Mesh node KIT_props_lantern_hanging_render.013
02:12:34 | INFO: Blender create Mesh node KIT_pavilion_water_hipped_roof.001
02:12:34 | INFO: Blender create Mesh node KIT_corridor_rail.008
02:12:34 | INFO: Blender create Mesh node KIT_water_lotus_lotus_pad.001
02:12:34 | INFO: Blender create Mesh node KIT_pavilion_roof_shell.001
02:12:34 | INFO: Blender create Mesh node KIT_pavilion_plinth.001
02:12:34 | INFO: Blender create Mesh node KIT_props_lantern_hanging_render.001
02:12:34 | INFO: Blender create Mesh node KIT_water_stream.001
02:12:34 | INFO: Blender create Mesh node SITE_qiushuang-zhai_backstage.001
02:12:34 | INFO: Blender create Mesh node KIT_pavilion_finial.005
02:12:34 | INFO: Blender create Mesh node KIT_wall_lattice_vertical.042
02:12:34 | INFO: Blender create Mesh node SITE_qiushuang-zhai_platform.001
02:12:34 | INFO: Blender create Mesh node KIT_props_lantern_hanging_render.010
02:12:34 | INFO: Blender create Mesh node KIT_pavilion_roof.005
02:12:34 | INFO: Blender create Mesh node KIT_tech_terminal_desk_render.007
02:12:34 | INFO: Blender create Mesh node SITE_qiushuang-zhai_front.001
02:12:34 | INFO: Blender create Mesh node GATE_banana_pseudostem.001
02:12:34 | INFO: Blender create Mesh node GATE_banana_soil.001
02:12:34 | INFO: Blender create Mesh node KIT_rockery_passage.001
02:12:34 | INFO: Blender create Mesh node GATE_paving_partitioned.001
02:12:34 | INFO: Blender create Mesh node KIT_props_lantern_hanging_render.008
02:12:34 | INFO: Blender create Mesh node KIT_stage_fog_plane_render.017
02:12:34 | INFO: Blender create Mesh node KIT_stage_floor.001
02:12:34 | INFO: Blender create Mesh node AOJING_approach_guard.001
02:12:34 | INFO: Blender create Mesh node KIT_stage_painted_moon.001
02:12:34 | INFO: Blender create Mesh node KIT_stage_painted_mountain_layer.003
02:12:34 | INFO: Blender create Mesh node KIT_stage_painted_mountain_layer.004
02:12:34 | INFO: Blender create Mesh node KIT_stage_painted_mountain_layer.005
02:12:34 | INFO: Blender create Mesh node KIT_water_stone_walk.001_partitioned.001
02:12:34 | INFO: Blender create Mesh node Painted coved ceiling candidate.001
02:12:34 | INFO: Blender create Mesh node KIT_stage_painted_canvas.002
02:12:34 | INFO: Blender create Mesh node Eight painted cyclorama arcs.001
02:12:34 | INFO: Blender create Mesh node KIT_stage_fog_plane_render.002
02:12:34 | INFO: Blender create Mesh node KIT_tech_cell_side.012
02:12:34 | INFO: Blender create Mesh node KIT_wall_window_bar.030
02:12:34 | INFO: Blender create Mesh node KIT_stage_entry_walk_partitioned.001
02:12:34 | INFO: Blender create Mesh node KIT_props_folding_chair_render.001
02:12:34 | INFO: Blender create Mesh node KIT_stage_floor_boards_render.002
02:12:34 | INFO: Blender create Mesh node KIT_stage_gel_frame_render.002
02:12:34 | INFO: Blender create Mesh node KIT_stage_studio_wall_render.002
02:12:34 | INFO: Blender create Mesh node KIT_stage_fog_plane_render.020
02:12:34 | INFO: Blender create Mesh node KIT_tech_terminal_desk_render.001
02:12:35 | INFO: Blender create Mesh node KIT_props_scroll_render.001
02:12:35 | INFO: Blender create Mesh node SITE_tubi-tang_backstage.001
02:12:35 | INFO: Blender create Mesh node KIT_pavilion_finial.007
02:12:35 | INFO: Blender create Mesh node KIT_wall_amber_window.003
02:12:35 | INFO: Blender create Mesh node TUBI_topic_line.001
02:12:35 | INFO: Blender create Mesh node KIT_wall_lattice_vertical.063
02:12:35 | INFO: Blender create Mesh node SITE_tubi-tang_platform.001
02:12:35 | INFO: Blender create Mesh node KIT_props_lantern_hanging_render.012
02:12:35 | INFO: Blender create Mesh node KIT_pavilion_roof.007
02:12:35 | INFO: Blender create Mesh node TUBI_terrace.002
02:12:35 | INFO: Blender create Mesh node SITE_tubi-tang_front.001
02:12:35 | INFO: Blender create Mesh node XIAOXIANG_black_back.001
02:12:35 | INFO: Blender create Mesh node XIAOXIANG_gate_pull.002
02:12:35 | INFO: Blender create Mesh node XIAOXIANG_amber_window.001
02:12:35 | INFO: Blender create Mesh node XIAOXIANG_gate_leaf.002
02:12:35 | INFO: Blender create Mesh node XIAOXIANG_paving.001
02:12:35 | INFO: Blender create Mesh node XIAOXIANG_wall_cap.001
02:12:35 | INFO: Blender create Mesh node XIAOXIANG_closed_front.001
02:12:35 | INFO: Blender create Mesh node YIHONG_backstage.002
02:12:35 | INFO: Blender create Mesh node YIHONG_door_rail.001
02:12:35 | INFO: Blender create Mesh node YIHONG_amber_window.002
02:12:35 | INFO: Blender create Mesh node YIHONG_door_panel.001
02:12:35 | INFO: Blender create Mesh node YIHONG_paving.002
02:12:35 | INFO: Blender create Mesh node YIHONG_court_cap.001
02:12:35 | INFO: Blender create Mesh node YIHONG_closed_front.002
02:12:35 | INFO: Blender create Mesh node WESTERN_kit_lotus.004_lotus_pad.001
02:12:35 | INFO: Blender create Mesh node KIT_water_plank.001_partitioned.001
02:12:35 | INFO: Blender create Mesh node SITE_ziling_island.001
02:12:35 | INFO: glTF import finished in 1.14s
WASH_SHADOW_INTENT {"source_glb_sha256": "ba40866e18f9ab3dcb0263855020099b7eedce70243c6a37e4d50c5f74c0e4f2", "explicit_meshes": {"SITE_stage_MAT_stage_canopy_paint": false}, "unchanged_unflagged_meshes": 620}
/private/tmp/garden-paving-joins-20261010-v4/scripts/bake_backdrop_wash.py:73: DeprecationWarning: 'World.use_nodes' is expected to be removed in Blender 6.0
  world.use_nodes = True
/private/tmp/garden-paving-joins-20261010-v4/scripts/bake_backdrop_wash.py:79: DeprecationWarning: 'Material.use_nodes' is expected to be removed in Blender 6.0
  if not material.use_nodes: continue
/private/tmp/garden-paving-joins-20261010-v4/scripts/bake_backdrop_wash.py:144: DeprecationWarning: 'Material.use_nodes' is expected to be removed in Blender 6.0
  material.use_nodes = True
Info: Baking map saved to internal image, save it externally or pack it
WASH_BAKE_TARGET SITE_stage_MAT_stage_cyclorama_moonlit_MAT_stage_atlas front
Info: Baking map saved to internal image, save it externally or pack it
WASH_BAKED {"mesh": "SITE_stage_MAT_stage_cyclorama_moonlit_MAT_stage_atlas", "texture": "SITE_stage_MAT_stage_cyclorama_moonlit_MAT_stage_atlas-front.png", "scale": 1.0, "sides": {"front": {"texture": "SITE_stage_MAT_stage_cyclorama_moonlit_MAT_stage_atlas-front.png", "scale": 1.0, "linear_max": 0.22674696147441864, "nonzero_fraction": 0.15479278564453125, "png_sha256": "ac7c5186b980111ebdffaccc35cf2968fc8cbdbe44a0552e8e2a48528c6ac1c2"}}, "double_sided": false, "backface_uv_mapping_verified": true, "unoccluded_control_max": null, "size": 512, "samples": 128, "uv_channel": 1, "uv_sha256": "b4cb62f0d74b92ad8e5dc44f8726bddcd738ae32a89846c7d29b9c072e51f8d2", "source_glb_sha256": "ba40866e18f9ab3dcb0263855020099b7eedce70243c6a37e4d50c5f74c0e4f2", "stage_blend_sha256": "43c425287eae926811e28ee64bff7d34589d3ea46e673a029966f8ed501f2b21", "authoring_blend_sha256": "7eba169a1252dcad46aff5ad76906e4ce75ab009103fb98e586cc0c367897b8a", "site_blend_sha256": {"aojing-guan": "bfded0297e8cba0377c7fed3a776147ad6beea5722f130e4e52e3c8f9612713f", "daguan-lou": "5014fbe500849bf553d02d2b1fad126299f29bb53e128e659173a02c7ab6cc96", "daoxiang-cun": "8c380fbb1f47cb5ccee4767dc37d31c2120d471f9bb4d83b342886052dc3828b", "hengwu-yuan": "6ab979ab384dffce5cc3f41076bea72d4da8796bc5678e81d82fe08f91ebbca2", "longcui-an": "ff60c22be30af1d3d5d77e2251b19e744c697b420ec52aab9ac5bf0dbef39667", "ouxiang-xie": "a92ee9d1c9c8c70f4b42e2dae6b57a4fe5c454e48e63432f45798213277dc0de", "qinfang-ting": "9409a64d689af6e0bd48d1a1af5d9652358a4e06a33543dd67bc6b3bbd2838e2", "qiushuang-zhai": "2470d36780ddc52ed7f75178bf449021748e5ff28804702606413986c1dae271", "tubi-tang": "de063adbf7f67d7f687b99f7513f336ac3c1163ecf923e9cd26b5b81f48e59c1", "xiaoxiang-guan": "a0587f86ec24027f241800c18f54bf8217f8a51d98f26a31a00107648fc105da", "yihong-yuan": "10fdc23e95fbb56033424073ef199e235020e16de7fb1258d1a82c80603a7c6a", "ziling-zhou": "e1137e9d69aa1b91c957b67421a6f9c7b2194e908199c83629b875e39ff6878c"}, "lights_baked": 12, "point_lights_baked": false, "pass_filter": ["DIRECT"], "shadow_intent": {"SITE_stage_MAT_stage_canopy_paint": false}}
WASH_BAKE_TARGET SITE_stage_MAT_stage_canopy_paint front
Info: Baking map saved to internal image, save it externally or pack it
WASH_BAKED {"mesh": "SITE_stage_MAT_stage_canopy_paint", "texture": "SITE_stage_MAT_stage_canopy_paint-front.png", "scale": 1.0, "sides": {"front": {"texture": "SITE_stage_MAT_stage_canopy_paint-front.png", "scale": 1.0, "linear_max": 0.10368452966213226, "nonzero_fraction": 0.043338775634765625, "png_sha256": "5fd81440353159f34f629d89d6e82f50a301bd7153e6eceaae375c6836b81f55"}}, "double_sided": false, "backface_uv_mapping_verified": true, "unoccluded_control_max": null, "size": 512, "samples": 128, "uv_channel": 1, "uv_sha256": "34649898b4b083dedd2342e75fc6151b8ded43d7dbc692bee806c8734d946358", "source_glb_sha256": "ba40866e18f9ab3dcb0263855020099b7eedce70243c6a37e4d50c5f74c0e4f2", "stage_blend_sha256": "43c425287eae926811e28ee64bff7d34589d3ea46e673a029966f8ed501f2b21", "authoring_blend_sha256": "7eba169a1252dcad46aff5ad76906e4ce75ab009103fb98e586cc0c367897b8a", "site_blend_sha256": {"aojing-guan": "bfded0297e8cba0377c7fed3a776147ad6beea5722f130e4e52e3c8f9612713f", "daguan-lou": "5014fbe500849bf553d02d2b1fad126299f29bb53e128e659173a02c7ab6cc96", "daoxiang-cun": "8c380fbb1f47cb5ccee4767dc37d31c2120d471f9bb4d83b342886052dc3828b", "hengwu-yuan": "6ab979ab384dffce5cc3f41076bea72d4da8796bc5678e81d82fe08f91ebbca2", "longcui-an": "ff60c22be30af1d3d5d77e2251b19e744c697b420ec52aab9ac5bf0dbef39667", "ouxiang-xie": "a92ee9d1c9c8c70f4b42e2dae6b57a4fe5c454e48e63432f45798213277dc0de", "qinfang-ting": "9409a64d689af6e0bd48d1a1af5d9652358a4e06a33543dd67bc6b3bbd2838e2", "qiushuang-zhai": "2470d36780ddc52ed7f75178bf449021748e5ff28804702606413986c1dae271", "tubi-tang": "de063adbf7f67d7f687b99f7513f336ac3c1163ecf923e9cd26b5b81f48e59c1", "xiaoxiang-guan": "a0587f86ec24027f241800c18f54bf8217f8a51d98f26a31a00107648fc105da", "yihong-yuan": "10fdc23e95fbb56033424073ef199e235020e16de7fb1258d1a82c80603a7c6a", "ziling-zhou": "e1137e9d69aa1b91c957b67421a6f9c7b2194e908199c83629b875e39ff6878c"}, "lights_baked": 12, "point_lights_baked": false, "pass_filter": ["DIRECT"], "shadow_intent": {"SITE_stage_MAT_stage_canopy_paint": false}}
WASH_BAKE_TARGET SITE_stage_MAT_painted_moon front
Info: Baking map saved to internal image, save it externally or pack it
WASH_BAKE_TARGET SITE_stage_MAT_painted_moon back
Info: Baking map saved to internal image, save it externally or pack it
WASH_BAKED {"mesh": "SITE_stage_MAT_painted_moon", "texture": "SITE_stage_MAT_painted_moon-front.png", "scale": 1.0, "sides": {"front": {"texture": "SITE_stage_MAT_painted_moon-front.png", "scale": 1.0, "linear_max": 0.22623233497142792, "nonzero_fraction": 0.21535110473632812, "png_sha256": "6e03e79c4e5539bebce3299186ebbce5be896a8086f416acbef0cf1f71f71e97"}, "back": {"texture": "SITE_stage_MAT_painted_moon-back.png", "scale": 1.0, "linear_max": 0.0005604923353530467, "nonzero_fraction": 6.4849853515625e-05, "png_sha256": "d1de1fd43e9b50aeb7f1d61f3b317c280e87ae0e5481cc210009f6e947002ad8"}}, "double_sided": true, "backface_uv_mapping_verified": true, "unoccluded_control_max": null, "size": 512, "samples": 128, "uv_channel": 1, "uv_sha256": "5b099e5e3229f0bd447f7af7de01b7d1a6392552f2c0a1b6c6c48a3b32db1ba1", "source_glb_sha256": "ba40866e18f9ab3dcb0263855020099b7eedce70243c6a37e4d50c5f74c0e4f2", "stage_blend_sha256": "43c425287eae926811e28ee64bff7d34589d3ea46e673a029966f8ed501f2b21", "authoring_blend_sha256": "7eba169a1252dcad46aff5ad76906e4ce75ab009103fb98e586cc0c367897b8a", "site_blend_sha256": {"aojing-guan": "bfded0297e8cba0377c7fed3a776147ad6beea5722f130e4e52e3c8f9612713f", "daguan-lou": "5014fbe500849bf553d02d2b1fad126299f29bb53e128e659173a02c7ab6cc96", "daoxiang-cun": "8c380fbb1f47cb5ccee4767dc37d31c2120d471f9bb4d83b342886052dc3828b", "hengwu-yuan": "6ab979ab384dffce5cc3f41076bea72d4da8796bc5678e81d82fe08f91ebbca2", "longcui-an": "ff60c22be30af1d3d5d77e2251b19e744c697b420ec52aab9ac5bf0dbef39667", "ouxiang-xie": "a92ee9d1c9c8c70f4b42e2dae6b57a4fe5c454e48e63432f45798213277dc0de", "qinfang-ting": "9409a64d689af6e0bd48d1a1af5d9652358a4e06a33543dd67bc6b3bbd2838e2", "qiushuang-zhai": "2470d36780ddc52ed7f75178bf449021748e5ff28804702606413986c1dae271", "tubi-tang": "de063adbf7f67d7f687b99f7513f336ac3c1163ecf923e9cd26b5b81f48e59c1", "xiaoxiang-guan": "a0587f86ec24027f241800c18f54bf8217f8a51d98f26a31a00107648fc105da", "yihong-yuan": "10fdc23e95fbb56033424073ef199e235020e16de7fb1258d1a82c80603a7c6a", "ziling-zhou": "e1137e9d69aa1b91c957b67421a6f9c7b2194e908199c83629b875e39ff6878c"}, "lights_baked": 12, "point_lights_baked": false, "pass_filter": ["DIRECT"], "shadow_intent": {"SITE_stage_MAT_stage_canopy_paint": false}}
WASH_BAKE_TARGET SITE_stage_MAT_painted_mountains_0 front
Info: Baking map saved to internal image, save it externally or pack it
WASH_BAKE_TARGET SITE_stage_MAT_painted_mountains_0 back
Info: Baking map saved to internal image, save it externally or pack it
Info: Baking map saved to internal image, save it externally or pack it
WASH_BAKED {"mesh": "SITE_stage_MAT_painted_mountains_0", "texture": "SITE_stage_MAT_painted_mountains_0-front.png", "scale": 1.0, "sides": {"front": {"texture": "SITE_stage_MAT_painted_mountains_0-front.png", "scale": 1.0, "linear_max": 0.0, "nonzero_fraction": 0.0, "png_sha256": "3d0c0bfd2c5437cbdc4f382593564b7ad0f09885073c0bff5322ab996c038e15"}, "back": {"texture": "SITE_stage_MAT_painted_mountains_0-back.png", "scale": 1.0, "linear_max": 0.0, "nonzero_fraction": 0.0, "png_sha256": "3d0c0bfd2c5437cbdc4f382593564b7ad0f09885073c0bff5322ab996c038e15"}}, "double_sided": true, "backface_uv_mapping_verified": true, "unoccluded_control_max": 0.1681901067495346, "size": 512, "samples": 128, "uv_channel": 1, "uv_sha256": "97a93dfe178ec8616ceae899da19646d791a25070984e7e1c52e562db883272c", "source_glb_sha256": "ba40866e18f9ab3dcb0263855020099b7eedce70243c6a37e4d50c5f74c0e4f2", "stage_blend_sha256": "43c425287eae926811e28ee64bff7d34589d3ea46e673a029966f8ed501f2b21", "authoring_blend_sha256": "7eba169a1252dcad46aff5ad76906e4ce75ab009103fb98e586cc0c367897b8a", "site_blend_sha256": {"aojing-guan": "bfded0297e8cba0377c7fed3a776147ad6beea5722f130e4e52e3c8f9612713f", "daguan-lou": "5014fbe500849bf553d02d2b1fad126299f29bb53e128e659173a02c7ab6cc96", "daoxiang-cun": "8c380fbb1f47cb5ccee4767dc37d31c2120d471f9bb4d83b342886052dc3828b", "hengwu-yuan": "6ab979ab384dffce5cc3f41076bea72d4da8796bc5678e81d82fe08f91ebbca2", "longcui-an": "ff60c22be30af1d3d5d77e2251b19e744c697b420ec52aab9ac5bf0dbef39667", "ouxiang-xie": "a92ee9d1c9c8c70f4b42e2dae6b57a4fe5c454e48e63432f45798213277dc0de", "qinfang-ting": "9409a64d689af6e0bd48d1a1af5d9652358a4e06a33543dd67bc6b3bbd2838e2", "qiushuang-zhai": "2470d36780ddc52ed7f75178bf449021748e5ff28804702606413986c1dae271", "tubi-tang": "de063adbf7f67d7f687b99f7513f336ac3c1163ecf923e9cd26b5b81f48e59c1", "xiaoxiang-guan": "a0587f86ec24027f241800c18f54bf8217f8a51d98f26a31a00107648fc105da", "yihong-yuan": "10fdc23e95fbb56033424073ef199e235020e16de7fb1258d1a82c80603a7c6a", "ziling-zhou": "e1137e9d69aa1b91c957b67421a6f9c7b2194e908199c83629b875e39ff6878c"}, "lights_baked": 12, "point_lights_baked": false, "pass_filter": ["DIRECT"], "shadow_intent": {"SITE_stage_MAT_stage_canopy_paint": false}}
WASH_BAKE_TARGET SITE_stage_MAT_painted_mountains_1 front
Info: Baking map saved to internal image, save it externally or pack it
WASH_BAKE_TARGET SITE_stage_MAT_painted_mountains_1 back
Info: Baking map saved to internal image, save it externally or pack it
WASH_BAKED {"mesh": "SITE_stage_MAT_painted_mountains_1", "texture": "SITE_stage_MAT_painted_mountains_1-front.png", "scale": 1.0, "sides": {"front": {"texture": "SITE_stage_MAT_painted_mountains_1-front.png", "scale": 1.0, "linear_max": 0.0, "nonzero_fraction": 0.0, "png_sha256": "3d0c0bfd2c5437cbdc4f382593564b7ad0f09885073c0bff5322ab996c038e15"}, "back": {"texture": "SITE_stage_MAT_painted_mountains_1-back.png", "scale": 1.0, "linear_max": 0.002930331276729703, "nonzero_fraction": 0.000690460205078125, "png_sha256": "f0d385997015691d5929ecbc6251bac694fd5ac19446bb21473f963a7841933b"}}, "double_sided": true, "backface_uv_mapping_verified": true, "unoccluded_control_max": null, "size": 512, "samples": 128, "uv_channel": 1, "uv_sha256": "31ca5f33801766d6233cd69b74f855e6f881dd986167a9859518f6206dc5bef2", "source_glb_sha256": "ba40866e18f9ab3dcb0263855020099b7eedce70243c6a37e4d50c5f74c0e4f2", "stage_blend_sha256": "43c425287eae926811e28ee64bff7d34589d3ea46e673a029966f8ed501f2b21", "authoring_blend_sha256": "7eba169a1252dcad46aff5ad76906e4ce75ab009103fb98e586cc0c367897b8a", "site_blend_sha256": {"aojing-guan": "bfded0297e8cba0377c7fed3a776147ad6beea5722f130e4e52e3c8f9612713f", "daguan-lou": "5014fbe500849bf553d02d2b1fad126299f29bb53e128e659173a02c7ab6cc96", "daoxiang-cun": "8c380fbb1f47cb5ccee4767dc37d31c2120d471f9bb4d83b342886052dc3828b", "hengwu-yuan": "6ab979ab384dffce5cc3f41076bea72d4da8796bc5678e81d82fe08f91ebbca2", "longcui-an": "ff60c22be30af1d3d5d77e2251b19e744c697b420ec52aab9ac5bf0dbef39667", "ouxiang-xie": "a92ee9d1c9c8c70f4b42e2dae6b57a4fe5c454e48e63432f45798213277dc0de", "qinfang-ting": "9409a64d689af6e0bd48d1a1af5d9652358a4e06a33543dd67bc6b3bbd2838e2", "qiushuang-zhai": "2470d36780ddc52ed7f75178bf449021748e5ff28804702606413986c1dae271", "tubi-tang": "de063adbf7f67d7f687b99f7513f336ac3c1163ecf923e9cd26b5b81f48e59c1", "xiaoxiang-guan": "a0587f86ec24027f241800c18f54bf8217f8a51d98f26a31a00107648fc105da", "yihong-yuan": "10fdc23e95fbb56033424073ef199e235020e16de7fb1258d1a82c80603a7c6a", "ziling-zhou": "e1137e9d69aa1b91c957b67421a6f9c7b2194e908199c83629b875e39ff6878c"}, "lights_baked": 12, "point_lights_baked": false, "pass_filter": ["DIRECT"], "shadow_intent": {"SITE_stage_MAT_stage_canopy_paint": false}}
WASH_BAKE_TARGET SITE_stage_MAT_painted_mountains_2 front
Info: Baking map saved to internal image, save it externally or pack it
WASH_BAKE_TARGET SITE_stage_MAT_painted_mountains_2 back
Info: Baking map saved to internal image, save it externally or pack it
WASH_BAKED {"mesh": "SITE_stage_MAT_painted_mountains_2", "texture": "SITE_stage_MAT_painted_mountains_2-front.png", "scale": 1.0, "sides": {"front": {"texture": "SITE_stage_MAT_painted_mountains_2-front.png", "scale": 1.0, "linear_max": 0.0, "nonzero_fraction": 0.0, "png_sha256": "3d0c0bfd2c5437cbdc4f382593564b7ad0f09885073c0bff5322ab996c038e15"}, "back": {"texture": "SITE_stage_MAT_painted_mountains_2-back.png", "scale": 1.0, "linear_max": 0.2248643934726715, "nonzero_fraction": 0.4390220642089844, "png_sha256": "5c68a64834d9b664679e937b066429b04d7b990ba2d9b874c2ea3b2fd3c224d5"}}, "double_sided": true, "backface_uv_mapping_verified": true, "unoccluded_control_max": null, "size": 512, "samples": 128, "uv_channel": 1, "uv_sha256": "91e8509c3d646b6172c291d80ea0e0e5c0a5321b8a6a1c587effd0afe71869c5", "source_glb_sha256": "ba40866e18f9ab3dcb0263855020099b7eedce70243c6a37e4d50c5f74c0e4f2", "stage_blend_sha256": "43c425287eae926811e28ee64bff7d34589d3ea46e673a029966f8ed501f2b21", "authoring_blend_sha256": "7eba169a1252dcad46aff5ad76906e4ce75ab009103fb98e586cc0c367897b8a", "site_blend_sha256": {"aojing-guan": "bfded0297e8cba0377c7fed3a776147ad6beea5722f130e4e52e3c8f9612713f", "daguan-lou": "5014fbe500849bf553d02d2b1fad126299f29bb53e128e659173a02c7ab6cc96", "daoxiang-cun": "8c380fbb1f47cb5ccee4767dc37d31c2120d471f9bb4d83b342886052dc3828b", "hengwu-yuan": "6ab979ab384dffce5cc3f41076bea72d4da8796bc5678e81d82fe08f91ebbca2", "longcui-an": "ff60c22be30af1d3d5d77e2251b19e744c697b420ec52aab9ac5bf0dbef39667", "ouxiang-xie": "a92ee9d1c9c8c70f4b42e2dae6b57a4fe5c454e48e63432f45798213277dc0de", "qinfang-ting": "9409a64d689af6e0bd48d1a1af5d9652358a4e06a33543dd67bc6b3bbd2838e2", "qiushuang-zhai": "2470d36780ddc52ed7f75178bf449021748e5ff28804702606413986c1dae271", "tubi-tang": "de063adbf7f67d7f687b99f7513f336ac3c1163ecf923e9cd26b5b81f48e59c1", "xiaoxiang-guan": "a0587f86ec24027f241800c18f54bf8217f8a51d98f26a31a00107648fc105da", "yihong-yuan": "10fdc23e95fbb56033424073ef199e235020e16de7fb1258d1a82c80603a7c6a", "ziling-zhou": "e1137e9d69aa1b91c957b67421a6f9c7b2194e908199c83629b875e39ff6878c"}, "lights_baked": 12, "point_lights_baked": false, "pass_filter": ["DIRECT"], "shadow_intent": {"SITE_stage_MAT_stage_canopy_paint": false}}
NATIVE_BACKDROP_WASH_PASS 6 building direct maximum 0.0
Blender 5.2.2 LTS (hash d13f752e3b9c built 2026-09-15 01:49:19)

Blender quit
