Godot Engine v4.7.2.stable.official.ed1daf0bf - https://godotengine.org
OpenGL API 4.1 Metal - 90.5 - Compatibility - Using Device: Apple - Apple M2 Max

ERROR: YIHONG_FRAMING_REJECTED: Subject clipped or covered: arrival-portrait
   at: push_error (core/variant/variant_utility.cpp:1023)
   GDScript backtrace (most recent call first):
       [0] check (res://tests/test_yihong_framing.gd:23)
       [1] inspect (res://tests/test_yihong_framing.gd:81)
       [2] run (res://tests/test_yihong_framing.gd:120)
       [3] settle (res://tests/test_yihong_framing.gd:35)
ERROR: YIHONG_FRAMING_REJECTED: Subject clipped or covered: arrival-narrow
   at: push_error (core/variant/variant_utility.cpp:1023)
   GDScript backtrace (most recent call first):
       [0] check (res://tests/test_yihong_framing.gd:23)
       [1] inspect (res://tests/test_yihong_framing.gd:81)
       [2] run (res://tests/test_yihong_framing.gd:122)
       [3] settle (res://tests/test_yihong_framing.gd:35)
ERROR: YIHONG_FRAMING_REJECTED: Original desktop pose not restored: arrival
   at: push_error (core/variant/variant_utility.cpp:1023)
   GDScript backtrace (most recent call first):
       [0] check (res://tests/test_yihong_framing.gd:23)
       [1] desktop_pose (res://tests/test_yihong_framing.gd:92)
       [2] run (res://tests/test_yihong_framing.gd:123)
       [3] settle (res://tests/test_yihong_framing.gd:35)
ERROR: YIHONG_FRAMING_REJECTED: Subject clipped or covered: arrival-return
   at: push_error (core/variant/variant_utility.cpp:1023)
   GDScript backtrace (most recent call first):
       [0] check (res://tests/test_yihong_framing.gd:23)
       [1] inspect (res://tests/test_yihong_framing.gd:81)
       [2] run (res://tests/test_yihong_framing.gd:124)
       [3] settle (res://tests/test_yihong_framing.gd:35)
ERROR: YIHONG_FRAMING_REJECTED: Subject clipped or covered: doors-portrait
   at: push_error (core/variant/variant_utility.cpp:1023)
   GDScript backtrace (most recent call first):
       [0] check (res://tests/test_yihong_framing.gd:23)
       [1] inspect (res://tests/test_yihong_framing.gd:81)
       [2] run (res://tests/test_yihong_framing.gd:129)
       [3] settle (res://tests/test_yihong_framing.gd:35)
ERROR: YIHONG_FRAMING_REJECTED: Subject clipped or covered: doors-narrow
   at: push_error (core/variant/variant_utility.cpp:1023)
   GDScript backtrace (most recent call first):
       [0] check (res://tests/test_yihong_framing.gd:23)
       [1] inspect (res://tests/test_yihong_framing.gd:81)
       [2] run (res://tests/test_yihong_framing.gd:130)
       [3] settle (res://tests/test_yihong_framing.gd:35)
ERROR: YIHONG_FRAMING_REJECTED: Original desktop pose not restored: doors
   at: push_error (core/variant/variant_utility.cpp:1023)
   GDScript backtrace (most recent call first):
       [0] check (res://tests/test_yihong_framing.gd:23)
       [1] desktop_pose (res://tests/test_yihong_framing.gd:92)
       [2] run (res://tests/test_yihong_framing.gd:132)
       [3] settle (res://tests/test_yihong_framing.gd:35)
ERROR: YIHONG_FRAMING_REJECTED: Subject clipped or covered: doors-return
   at: push_error (core/variant/variant_utility.cpp:1023)
   GDScript backtrace (most recent call first):
       [0] check (res://tests/test_yihong_framing.gd:23)
       [1] inspect (res://tests/test_yihong_framing.gd:81)
       [2] run (res://tests/test_yihong_framing.gd:133)
       [3] settle (res://tests/test_yihong_framing.gd:35)
ERROR: YIHONG_FRAMING_REJECTED: Subject clipped or covered: doors-look
   at: push_error (core/variant/variant_utility.cpp:1023)
   GDScript backtrace (most recent call first):
       [0] check (res://tests/test_yihong_framing.gd:23)
       [1] inspect (res://tests/test_yihong_framing.gd:81)
       [2] run (res://tests/test_yihong_framing.gd:136)
       [3] settle (res://tests/test_yihong_framing.gd:35)
ERROR: YIHONG_FRAMING_REJECTED: Look did not leave selected doors
   at: push_error (core/variant/variant_utility.cpp:1023)
   GDScript backtrace (most recent call first):
       [0] check (res://tests/test_yihong_framing.gd:23)
       [1] run (res://tests/test_yihong_framing.gd:137)
       [2] settle (res://tests/test_yihong_framing.gd:35)
ERROR: YIHONG_FRAMING_REJECTED: Look did not restore original portrait overview after doors
   at: push_error (core/variant/variant_utility.cpp:1023)
   GDScript backtrace (most recent call first):
       [0] check (res://tests/test_yihong_framing.gd:23)
       [1] run (res://tests/test_yihong_framing.gd:138)
       [2] settle (res://tests/test_yihong_framing.gd:35)
ERROR: YIHONG_FRAMING_REJECTED: Subject clipped or covered: leaves-portrait
   at: push_error (core/variant/variant_utility.cpp:1023)
   GDScript backtrace (most recent call first):
       [0] check (res://tests/test_yihong_framing.gd:23)
       [1] inspect (res://tests/test_yihong_framing.gd:81)
       [2] run (res://tests/test_yihong_framing.gd:129)
       [3] settle (res://tests/test_yihong_framing.gd:35)
ERROR: YIHONG_FRAMING_REJECTED: Subject clipped or covered: leaves-narrow
   at: push_error (core/variant/variant_utility.cpp:1023)
   GDScript backtrace (most recent call first):
       [0] check (res://tests/test_yihong_framing.gd:23)
       [1] inspect (res://tests/test_yihong_framing.gd:81)
       [2] run (res://tests/test_yihong_framing.gd:130)
       [3] settle (res://tests/test_yihong_framing.gd:35)
ERROR: YIHONG_FRAMING_REJECTED: Original desktop pose not restored: leaves
   at: push_error (core/variant/variant_utility.cpp:1023)
   GDScript backtrace (most recent call first):
       [0] check (res://tests/test_yihong_framing.gd:23)
       [1] desktop_pose (res://tests/test_yihong_framing.gd:92)
       [2] run (res://tests/test_yihong_framing.gd:132)
       [3] settle (res://tests/test_yihong_framing.gd:35)
ERROR: YIHONG_FRAMING_REJECTED: Subject clipped or covered: leaves-return
   at: push_error (core/variant/variant_utility.cpp:1023)
   GDScript backtrace (most recent call first):
       [0] check (res://tests/test_yihong_framing.gd:23)
       [1] inspect (res://tests/test_yihong_framing.gd:81)
       [2] run (res://tests/test_yihong_framing.gd:133)
       [3] settle (res://tests/test_yihong_framing.gd:35)
ERROR: YIHONG_FRAMING_REJECTED: Subject clipped or covered: leaves-look
   at: push_error (core/variant/variant_utility.cpp:1023)
   GDScript backtrace (most recent call first):
       [0] check (res://tests/test_yihong_framing.gd:23)
       [1] inspect (res://tests/test_yihong_framing.gd:81)
       [2] run (res://tests/test_yihong_framing.gd:136)
       [3] settle (res://tests/test_yihong_framing.gd:35)
ERROR: YIHONG_FRAMING_REJECTED: Look did not leave selected leaves
   at: push_error (core/variant/variant_utility.cpp:1023)
   GDScript backtrace (most recent call first):
       [0] check (res://tests/test_yihong_framing.gd:23)
       [1] run (res://tests/test_yihong_framing.gd:137)
       [2] settle (res://tests/test_yihong_framing.gd:35)
ERROR: YIHONG_FRAMING_REJECTED: Look did not restore original portrait overview after leaves
   at: push_error (core/variant/variant_utility.cpp:1023)
   GDScript backtrace (most recent call first):
       [0] check (res://tests/test_yihong_framing.gd:23)
       [1] run (res://tests/test_yihong_framing.gd:138)
       [2] settle (res://tests/test_yihong_framing.gd:35)
ERROR: YIHONG_FRAMING_REJECTED: Subject clipped or covered: look-narrow
   at: push_error (core/variant/variant_utility.cpp:1023)
   GDScript backtrace (most recent call first):
       [0] check (res://tests/test_yihong_framing.gd:23)
       [1] inspect (res://tests/test_yihong_framing.gd:81)
       [2] run (res://tests/test_yihong_framing.gd:140)
       [3] settle (res://tests/test_yihong_framing.gd:35)
ERROR: YIHONG_FRAMING_REJECTED: Portrait actions consume too much scene space
   at: push_error (core/variant/variant_utility.cpp:1023)
   GDScript backtrace (most recent call first):
       [0] check (res://tests/test_yihong_framing.gd:23)
       [1] run (res://tests/test_yihong_framing.gd:142)
       [2] settle (res://tests/test_yihong_framing.gd:35)
YIHONG_FRAMING_RESULT 15 originals; 20 failures
