Godot Engine v4.7.2.stable.official.ed1daf0bf - https://godotengine.org
OpenGL API 4.1 Metal - 90.5 - Compatibility - Using Device: Apple - Apple M2 Max

ERROR: YIHONG_FRAMING_REJECTED: Subject clipped or covered: arrival-portrait
   at: push_error (core/variant/variant_utility.cpp:1023)
   GDScript backtrace (most recent call first):
       [0] check (res://tests/test_yihong_framing.gd:23)
       [1] inspect (res://tests/test_yihong_framing.gd:81)
       [2] run (res://tests/test_yihong_framing.gd:121)
       [3] settle (res://tests/test_yihong_framing.gd:35)
ERROR: YIHONG_FRAMING_REJECTED: Subject clipped or covered: arrival-narrow
   at: push_error (core/variant/variant_utility.cpp:1023)
   GDScript backtrace (most recent call first):
       [0] check (res://tests/test_yihong_framing.gd:23)
       [1] inspect (res://tests/test_yihong_framing.gd:81)
       [2] run (res://tests/test_yihong_framing.gd:123)
       [3] settle (res://tests/test_yihong_framing.gd:35)
ERROR: YIHONG_FRAMING_REJECTED: Subject clipped or covered: arrival-return
   at: push_error (core/variant/variant_utility.cpp:1023)
   GDScript backtrace (most recent call first):
       [0] check (res://tests/test_yihong_framing.gd:23)
       [1] inspect (res://tests/test_yihong_framing.gd:81)
       [2] run (res://tests/test_yihong_framing.gd:125)
       [3] settle (res://tests/test_yihong_framing.gd:35)
ERROR: YIHONG_FRAMING_REJECTED: Subject clipped or covered: doors-portrait
   at: push_error (core/variant/variant_utility.cpp:1023)
   GDScript backtrace (most recent call first):
       [0] check (res://tests/test_yihong_framing.gd:23)
       [1] inspect (res://tests/test_yihong_framing.gd:81)
       [2] run (res://tests/test_yihong_framing.gd:130)
       [3] settle (res://tests/test_yihong_framing.gd:35)
ERROR: YIHONG_FRAMING_REJECTED: Subject clipped or covered: doors-narrow
   at: push_error (core/variant/variant_utility.cpp:1023)
   GDScript backtrace (most recent call first):
       [0] check (res://tests/test_yihong_framing.gd:23)
       [1] inspect (res://tests/test_yihong_framing.gd:81)
       [2] run (res://tests/test_yihong_framing.gd:131)
       [3] settle (res://tests/test_yihong_framing.gd:35)
ERROR: YIHONG_FRAMING_REJECTED: Subject clipped or covered: doors-return
   at: push_error (core/variant/variant_utility.cpp:1023)
   GDScript backtrace (most recent call first):
       [0] check (res://tests/test_yihong_framing.gd:23)
       [1] inspect (res://tests/test_yihong_framing.gd:81)
       [2] run (res://tests/test_yihong_framing.gd:134)
       [3] settle (res://tests/test_yihong_framing.gd:35)
ERROR: YIHONG_FRAMING_REJECTED: Subject clipped or covered: doors-look
   at: push_error (core/variant/variant_utility.cpp:1023)
   GDScript backtrace (most recent call first):
       [0] check (res://tests/test_yihong_framing.gd:23)
       [1] inspect (res://tests/test_yihong_framing.gd:81)
       [2] run (res://tests/test_yihong_framing.gd:137)
       [3] settle (res://tests/test_yihong_framing.gd:35)
ERROR: YIHONG_FRAMING_REJECTED: Subject clipped or covered: leaves-portrait
   at: push_error (core/variant/variant_utility.cpp:1023)
   GDScript backtrace (most recent call first):
       [0] check (res://tests/test_yihong_framing.gd:23)
       [1] inspect (res://tests/test_yihong_framing.gd:81)
       [2] run (res://tests/test_yihong_framing.gd:130)
       [3] settle (res://tests/test_yihong_framing.gd:35)
ERROR: YIHONG_FRAMING_REJECTED: Subject clipped or covered: leaves-narrow
   at: push_error (core/variant/variant_utility.cpp:1023)
   GDScript backtrace (most recent call first):
       [0] check (res://tests/test_yihong_framing.gd:23)
       [1] inspect (res://tests/test_yihong_framing.gd:81)
       [2] run (res://tests/test_yihong_framing.gd:131)
       [3] settle (res://tests/test_yihong_framing.gd:35)
ERROR: YIHONG_FRAMING_REJECTED: Subject clipped or covered: leaves-return
   at: push_error (core/variant/variant_utility.cpp:1023)
   GDScript backtrace (most recent call first):
       [0] check (res://tests/test_yihong_framing.gd:23)
       [1] inspect (res://tests/test_yihong_framing.gd:81)
       [2] run (res://tests/test_yihong_framing.gd:134)
       [3] settle (res://tests/test_yihong_framing.gd:35)
ERROR: YIHONG_FRAMING_REJECTED: Subject clipped or covered: leaves-look
   at: push_error (core/variant/variant_utility.cpp:1023)
   GDScript backtrace (most recent call first):
       [0] check (res://tests/test_yihong_framing.gd:23)
       [1] inspect (res://tests/test_yihong_framing.gd:81)
       [2] run (res://tests/test_yihong_framing.gd:137)
       [3] settle (res://tests/test_yihong_framing.gd:35)
ERROR: YIHONG_FRAMING_REJECTED: Subject clipped or covered: look-narrow
   at: push_error (core/variant/variant_utility.cpp:1023)
   GDScript backtrace (most recent call first):
       [0] check (res://tests/test_yihong_framing.gd:23)
       [1] inspect (res://tests/test_yihong_framing.gd:81)
       [2] run (res://tests/test_yihong_framing.gd:141)
       [3] settle (res://tests/test_yihong_framing.gd:35)
YIHONG_FRAMING_RESULT 15 originals; 12 failures
