BlenderMCP addon registered
BlenderMCP addon unregistered
22:41:19 | INFO: Data are loaded, start creating Blender stuff
22:41:19 | INFO: Blender create Mesh node COL_aojing_approach.001
22:41:19 | INFO: Blender create Mesh node COL_aojing_approach.004
22:41:19 | INFO: Blender create Mesh node COL_aojing_approach_guard.001
22:41:19 | INFO: Blender create Mesh node COL_aojing_approach_guard.004
22:41:19 | INFO: Blender create Mesh node COL_aojing_approach_ramp.002
22:41:19 | INFO: Blender create Mesh node COL_aojing_closed_front.002
22:41:19 | INFO: Blender create Mesh node COL_aojing_dry_ledge.002
22:41:19 | INFO: Blender create Mesh node COL_aojing_hall_floor.002
22:41:19 | INFO: Blender create Mesh node COL_aojing_ledge_end.002
22:41:19 | INFO: Blender create Mesh node COL_aojing_ledge_parapet.002
22:41:19 | INFO: Blender create Mesh node COL_aojing_return.001
22:41:19 | INFO: Blender create Mesh node COL_aojing_return.004
22:41:19 | INFO: Blender create Mesh node Cube.147
22:41:19 | INFO: Blender create Mesh node Cube.148
22:41:19 | INFO: Blender create Mesh node Cube.149
22:41:19 | INFO: Blender create Mesh node Cube.150
22:41:19 | INFO: Blender create Mesh node COL_bridge_crosswalk.002
22:41:19 | INFO: Blender create Mesh node COL_bridge_crosswalk.003
22:41:19 | INFO: Blender create Mesh node COL_cell_floor.006
22:41:19 | INFO: Blender create Mesh node COL_cell_floor.007
22:41:19 | INFO: Blender create Mesh node COL_cell_floor.008
22:41:19 | INFO: Blender create Mesh node COL_cell_floor.009
22:41:19 | INFO: Blender create Mesh node COL_cell_floor.010
22:41:19 | INFO: Blender create Mesh node COL_cell_floor.011
22:41:19 | INFO: Blender create Mesh node COL_cell_wall.012
22:41:19 | INFO: Blender create Mesh node COL_cell_wall.013
22:41:19 | INFO: Blender create Mesh node COL_cell_wall.014
22:41:19 | INFO: Blender create Mesh node COL_cell_wall.015
22:41:19 | INFO: Blender create Mesh node COL_cell_wall.016
22:41:19 | INFO: Blender create Mesh node COL_cell_wall.017
22:41:19 | INFO: Blender create Mesh node COL_cell_wall.018
22:41:19 | INFO: Blender create Mesh node COL_cell_wall.019
22:41:19 | INFO: Blender create Mesh node COL_cell_wall.020
22:41:19 | INFO: Blender create Mesh node COL_cell_wall.021
22:41:19 | INFO: Blender create Mesh node COL_cell_wall.022
22:41:19 | INFO: Blender create Mesh node COL_cell_wall.023
22:41:19 | INFO: Blender create Mesh node COL_daguan_central_step.003
22:41:19 | INFO: Blender create Mesh node COL_daguan_central_step.004
22:41:19 | INFO: Blender create Mesh node COL_daguan_central_step.005
22:41:19 | INFO: Blender create Mesh node COL_daguan_closed_front.001
22:41:19 | INFO: Blender create Mesh node COL_daguan_column.006
22:41:19 | INFO: Blender create Mesh node COL_daguan_column.007
22:41:19 | INFO: Blender create Mesh node COL_daguan_column.008
22:41:19 | INFO: Blender create Mesh node COL_daguan_column.009
22:41:19 | INFO: Blender create Mesh node COL_daguan_column.010
22:41:19 | INFO: Blender create Mesh node COL_daguan_column.011
22:41:19 | INFO: Blender create Mesh node COL_daguan_floor.001
22:41:19 | INFO: Blender create Mesh node COL_daguan_return_wall.002
22:41:19 | INFO: Blender create Mesh node COL_daguan_return_wall.003
22:41:19 | INFO: Blender create Mesh node COL_daoxiang_approach.002
22:41:19 | INFO: Blender create Mesh node COL_daoxiang_approach.003
22:41:19 | INFO: Blender create Mesh node COL_daoxiang_closed_front.001
22:41:19 | INFO: Blender create Mesh node COL_daoxiang_court.001
22:41:19 | INFO: Blender create Mesh node COL_daoxiang_fence.004
22:41:19 | INFO: Blender create Mesh node COL_daoxiang_fence.005
22:41:19 | INFO: Blender create Mesh node COL_daoxiang_fence.006
22:41:19 | INFO: Blender create Mesh node COL_daoxiang_fence.007
22:41:19 | INFO: Blender create Mesh node COL_daoxiang_side.002
22:41:19 | INFO: Blender create Mesh node COL_daoxiang_side.003
22:41:19 | INFO: Blender create Mesh node COL_entry_corridor.001
22:41:19 | INFO: Blender create Mesh node COL_entry_walk.002
22:41:19 | INFO: Blender create Mesh node COL_entry_walk.003
22:41:19 | INFO: Blender create Mesh node COL_floor_joint_cell_threshold_0.001
22:41:19 | INFO: Blender create Mesh node COL_floor_joint_cell_threshold_1.001
22:41:19 | INFO: Blender create Mesh node COL_floor_joint_cell_threshold_2.001
22:41:19 | INFO: Blender create Mesh node COL_floor_joint_cell_threshold_3.001
22:41:19 | INFO: Blender create Mesh node COL_floor_joint_cell_threshold_4.001
22:41:19 | INFO: Blender create Mesh node COL_floor_joint_cell_threshold_5.001
22:41:19 | INFO: Blender create Mesh node COL_floor_joint_pavilion_east_joint.001
22:41:19 | INFO: Blender create Mesh node COL_floor_joint_pavilion_west_joint.001
22:41:19 | INFO: Blender create Mesh node Cube.146
22:41:19 | INFO: Blender create Mesh node Cube.145
22:41:19 | INFO: Blender create Mesh node COL_GATE_banana_planter.001
22:41:19 | INFO: Blender create Mesh node KIT_rockery_passage.022
22:41:19 | INFO: Blender create Mesh node KIT_rockery_passage.024
22:41:19 | INFO: Blender create Mesh node KIT_rockery_cliff.006
22:41:19 | INFO: Blender create Mesh node KIT_rockery_cliff.008
22:41:19 | INFO: Blender create Mesh node KIT_rockery_passage.004
22:41:19 | INFO: Blender create Mesh node KIT_rockery_passage.016
22:41:19 | INFO: Blender create Mesh node KIT_rockery_passage.018
22:41:19 | INFO: Blender create Mesh node KIT_rockery_passage.020
22:41:19 | INFO: Blender create Mesh node GATE_paving.003
22:41:19 | INFO: Blender create Mesh node COL_hengwu-yuan_floor.001
22:41:19 | INFO: Blender create Mesh node COL_hengwu_approach.002
22:41:19 | INFO: Blender create Mesh node COL_hengwu_approach.003
22:41:19 | INFO: Blender create Mesh node COL_hengwu_closed_hall.002
22:41:19 | INFO: Blender create Mesh node COL_hengwu_court.002
22:41:19 | INFO: Blender create Mesh node COL_hengwu_hall_post.001
22:41:19 | INFO: Blender create Mesh node COL_hengwu_hall_post.002
22:41:19 | INFO: Blender create Mesh node COL_hengwu_hall_post.006
22:41:19 | INFO: Blender create Mesh node COL_wall_bay.001
22:41:19 | INFO: Blender create Mesh node COL_wall_bay.002
22:41:19 | INFO: Blender create Mesh node COL_wall_bay.003
22:41:19 | INFO: Blender create Mesh node COL_wall_bay.004
22:41:19 | INFO: Blender create Mesh node COL_wall_bay.005
22:41:19 | INFO: Blender create Mesh node COL_wall_bay.006
22:41:19 | INFO: Blender create Mesh node KIT_wall_plaster.002
22:41:19 | INFO: Blender create Mesh node COL_wall_window.001
22:41:19 | INFO: Blender create Mesh node COL_wall_window.002
22:41:19 | INFO: Blender create Mesh node COL_hengwu_rock.001
22:41:19 | INFO: Blender create Mesh node COL_hengwu_rock.002
22:41:19 | INFO: Blender create Mesh node COL_hengwu_rock.006
22:41:19 | INFO: Blender create Mesh node COL_hengwu_stool.001
22:41:19 | INFO: Blender create Mesh node COL_hengwu_stool.002
22:41:19 | INFO: Blender create Mesh node COL_hengwu_stool.003
22:41:19 | INFO: Blender create Mesh node COL_hengwu_stool.008
22:41:19 | INFO: Blender create Mesh node COL_hengwu_table.002
22:41:19 | INFO: Blender create Mesh node COL_longcui_approach.003
22:41:19 | INFO: Blender create Mesh node COL_longcui_approach.004
22:41:19 | INFO: Blender create Mesh node COL_longcui_approach.005
22:41:19 | INFO: Blender create Mesh node COL_longcui_burner.001
22:41:19 | INFO: Blender create Mesh node COL_longcui_closed_front.001
22:41:19 | INFO: Blender create Mesh node COL_longcui_floor.001
22:41:19 | INFO: Blender create Mesh node COL_longcui_plum_trunk.002
22:41:19 | INFO: Blender create Mesh node COL_longcui_plum_trunk.003
22:41:19 | INFO: Blender create Mesh node COL_longcui_return.002
22:41:19 | INFO: Blender create Mesh node COL_longcui_return.003
22:41:19 | INFO: Blender create Mesh node COL_longcui_threshold.001
22:41:19 | INFO: Blender create Mesh node COL_ouxiang_approach.001
22:41:19 | INFO: Blender create Mesh node COL_ouxiang_deck.001
22:41:19 | INFO: Blender create Mesh node COL_ouxiang_post.004
22:41:19 | INFO: Blender create Mesh node COL_ouxiang_post.005
22:41:19 | INFO: Blender create Mesh node COL_ouxiang_post.006
22:41:19 | INFO: Blender create Mesh node COL_ouxiang_post.007
22:41:19 | INFO: Blender create Mesh node COL_ouxiang_rail.002
22:41:19 | INFO: Blender create Mesh node COL_ouxiang_rail.003
22:41:19 | INFO: Blender create Mesh node COL_ouxiang_side_rail.004
22:41:19 | INFO: Blender create Mesh node COL_ouxiang_side_rail.005
22:41:19 | INFO: Blender create Mesh node COL_ouxiang_side_rail.006
22:41:19 | INFO: Blender create Mesh node COL_ouxiang_side_rail.007
22:41:19 | INFO: Blender create Mesh node COL_ouxiang_table.001
22:41:19 | INFO: Blender create Mesh node COL_corridor_floor.009
22:41:19 | INFO: Blender create Mesh node COL_corridor_side.015
22:41:19 | INFO: Blender create Mesh node COL_corridor_side.016
22:41:19 | INFO: Blender create Mesh node COL_corridor_post.016
22:41:19 | INFO: Blender create Mesh node COL_corridor_post.017
22:41:19 | INFO: Blender create Mesh node COL_corridor_floor.010
22:41:19 | INFO: Blender create Mesh node COL_corridor_side.017
22:41:19 | INFO: Blender create Mesh node COL_corridor_side.018
22:41:19 | INFO: Blender create Mesh node COL_corridor_post.018
22:41:19 | INFO: Blender create Mesh node COL_corridor_post.019
22:41:19 | INFO: Blender create Mesh node COL_corridor_floor.011
22:41:19 | INFO: Blender create Mesh node COL_corridor_side.019
22:41:19 | INFO: Blender create Mesh node COL_corridor_side.020
22:41:19 | INFO: Blender create Mesh node COL_corridor_post.020
22:41:19 | INFO: Blender create Mesh node COL_corridor_post.021
22:41:19 | INFO: Blender create Mesh node COL_corridor_floor.012
22:41:19 | INFO: Blender create Mesh node COL_corridor_side.021
22:41:19 | INFO: Blender create Mesh node COL_corridor_side.022
22:41:19 | INFO: Blender create Mesh node COL_corridor_post.022
22:41:19 | INFO: Blender create Mesh node COL_corridor_post.023
22:41:19 | INFO: Blender create Mesh node COL_corridor_floor.001
22:41:19 | INFO: Blender create Mesh node COL_corridor_side.001
22:41:19 | INFO: Blender create Mesh node COL_corridor_side.002
22:41:19 | INFO: Blender create Mesh node COL_corridor_post.001
22:41:19 | INFO: Blender create Mesh node COL_corridor_post.002
22:41:19 | INFO: Blender create Mesh node COL_corridor_floor.002
22:41:19 | INFO: Blender create Mesh node COL_corridor_side.003
22:41:19 | INFO: Blender create Mesh node COL_corridor_side.004
22:41:19 | INFO: Blender create Mesh node COL_corridor_post.003
22:41:19 | INFO: Blender create Mesh node COL_corridor_post.004
22:41:19 | INFO: Blender create Mesh node COL_corridor_floor.003
22:41:19 | INFO: Blender create Mesh node COL_corridor_side.005
22:41:19 | INFO: Blender create Mesh node COL_corridor_side.006
22:41:19 | INFO: Blender create Mesh node COL_corridor_post.005
22:41:19 | INFO: Blender create Mesh node COL_corridor_post.006
22:41:19 | INFO: Blender create Mesh node COL_corridor_floor.004
22:41:19 | INFO: Blender create Mesh node COL_corridor_side.007
22:41:19 | INFO: Blender create Mesh node COL_corridor_side.008
22:41:19 | INFO: Blender create Mesh node COL_corridor_post.007
22:41:19 | INFO: Blender create Mesh node COL_corridor_post.008
22:41:19 | INFO: Blender create Mesh node COL_corridor_floor.005
22:41:19 | INFO: Blender create Mesh node COL_corridor_side.009
22:41:19 | INFO: Blender create Mesh node COL_corridor_side.010
22:41:19 | INFO: Blender create Mesh node COL_corridor_post.009
22:41:19 | INFO: Blender create Mesh node COL_corridor_post.010
22:41:19 | INFO: Blender create Mesh node COL_corridor_floor.006
22:41:19 | INFO: Blender create Mesh node COL_corridor_side.011
22:41:19 | INFO: Blender create Mesh node COL_corridor_post.011
22:41:19 | INFO: Blender create Mesh node COL_corridor_post.012
22:41:19 | INFO: Blender create Mesh node COL_corridor_floor.007
22:41:19 | INFO: Blender create Mesh node COL_corridor_side.012
22:41:19 | INFO: Blender create Mesh node COL_corridor_post.013
22:41:19 | INFO: Blender create Mesh node COL_corridor_floor.008
22:41:19 | INFO: Blender create Mesh node COL_corridor_side.013
22:41:19 | INFO: Blender create Mesh node COL_corridor_side.014
22:41:19 | INFO: Blender create Mesh node COL_corridor_post.014
22:41:19 | INFO: Blender create Mesh node COL_corridor_post.015
22:41:19 | INFO: Blender create Mesh node COL_corridor_floor.013
22:41:19 | INFO: Blender create Mesh node COL_corridor_side.023
22:41:19 | INFO: Blender create Mesh node COL_corridor_side.024
22:41:19 | INFO: Blender create Mesh node COL_corridor_post.024
22:41:19 | INFO: Blender create Mesh node COL_corridor_post.025
22:41:19 | INFO: Blender create Mesh node COL_corridor_floor.014
22:41:19 | INFO: Blender create Mesh node COL_corridor_side.025
22:41:19 | INFO: Blender create Mesh node COL_corridor_side.026
22:41:19 | INFO: Blender create Mesh node COL_corridor_post.026
22:41:19 | INFO: Blender create Mesh node COL_corridor_post.027
22:41:19 | INFO: Blender create Mesh node COL_corridor_floor.015
22:41:19 | INFO: Blender create Mesh node COL_corridor_side.027
22:41:19 | INFO: Blender create Mesh node COL_corridor_side.028
22:41:19 | INFO: Blender create Mesh node COL_corridor_post.028
22:41:19 | INFO: Blender create Mesh node COL_corridor_post.029
22:41:19 | INFO: Blender create Mesh node COL_corridor_floor.016
22:41:19 | INFO: Blender create Mesh node COL_corridor_side.029
22:41:19 | INFO: Blender create Mesh node COL_corridor_side.030
22:41:19 | INFO: Blender create Mesh node COL_corridor_post.030
22:41:19 | INFO: Blender create Mesh node COL_corridor_post.031
22:41:19 | INFO: Blender create Mesh node COL_qinfang_deck.001
22:41:19 | INFO: Blender create Mesh node COL_pavilion_bench.001
22:41:19 | INFO: Blender create Mesh node COL_pavilion_bench.002
22:41:19 | INFO: Blender create Mesh node COL_pavilion_bracket.001
22:41:19 | INFO: Blender create Mesh node COL_pavilion_bracket.002
22:41:19 | INFO: Blender create Mesh node COL_pavilion_bracket.003
22:41:19 | INFO: Blender create Mesh node COL_pavilion_bracket.004
22:41:19 | INFO: Blender create Mesh node COL_pavilion_bracket.005
22:41:19 | INFO: Blender create Mesh node COL_pavilion_bracket.006
22:41:19 | INFO: Blender create Mesh node COL_pavilion_post.001
22:41:19 | INFO: Blender create Mesh node COL_pavilion_post.002
22:41:19 | INFO: Blender create Mesh node COL_pavilion_post.003
22:41:19 | INFO: Blender create Mesh node COL_pavilion_post.004
22:41:19 | INFO: Blender create Mesh node COL_pavilion_post.005
22:41:19 | INFO: Blender create Mesh node COL_pavilion_post.006
22:41:19 | INFO: Blender create Mesh node COL_pavilion_roof.001
22:41:19 | INFO: Blender create Mesh node COL_qiushuang-zhai_floor.001
22:41:19 | INFO: Blender create Mesh node Cube.009
22:41:19 | INFO: Blender create Mesh node Cube.011
22:41:19 | INFO: Blender create Mesh node Cube.012
22:41:19 | INFO: Blender create Mesh node Cube.013
22:41:19 | INFO: Blender create Mesh node Cube.019
22:41:19 | INFO: Blender create Mesh node Cube.020
22:41:19 | INFO: Blender create Mesh node Cube.023
22:41:19 | INFO: Blender create Mesh node Cube.024
22:41:19 | INFO: Blender create Mesh node Cube.048
22:41:19 | INFO: Blender create Mesh node Cube.050
22:41:19 | INFO: Blender create Mesh node Cube.052
22:41:19 | INFO: Blender create Mesh node Cube.092
22:41:19 | INFO: Blender create Mesh node Cube.093
22:41:19 | INFO: Blender create Mesh node Cube.094
22:41:19 | INFO: Blender create Mesh node Cube.095
22:41:19 | INFO: Blender create Mesh node Cube.096
22:41:19 | INFO: Blender create Mesh node Cube.097
22:41:19 | INFO: Blender create Mesh node Cube.098
22:41:19 | INFO: Blender create Mesh node Cube.099
22:41:19 | INFO: Blender create Mesh node Cube.100
22:41:19 | INFO: Blender create Mesh node Cube.101
22:41:19 | INFO: Blender create Mesh node Cube.102
22:41:19 | INFO: Blender create Mesh node Cube.103
22:41:19 | INFO: Blender create Mesh node Cube.104
22:41:19 | INFO: Blender create Mesh node Cube.105
22:41:19 | INFO: Blender create Mesh node Cube.106
22:41:19 | INFO: Blender create Mesh node Cube.107
22:41:19 | INFO: Blender create Mesh node Cube.108
22:41:19 | INFO: Blender create Mesh node Cube.109
22:41:19 | INFO: Blender create Mesh node Cube.110
22:41:19 | INFO: Blender create Mesh node Cube.111
22:41:19 | INFO: Blender create Mesh node Cube.112
22:41:19 | INFO: Blender create Mesh node Cube.113
22:41:19 | INFO: Blender create Mesh node Cube.114
22:41:19 | INFO: Blender create Mesh node Cube.115
22:41:19 | INFO: Blender create Mesh node Cube.116
22:41:19 | INFO: Blender create Mesh node Cube.117
22:41:19 | INFO: Blender create Mesh node Cube.118
22:41:19 | INFO: Blender create Mesh node Cube.119
22:41:19 | INFO: Blender create Mesh node Cube.120
22:41:19 | INFO: Blender create Mesh node Cube.121
22:41:19 | INFO: Blender create Mesh node Cube.122
22:41:19 | INFO: Blender create Mesh node Cube.123
22:41:19 | INFO: Blender create Mesh node Cube.124
22:41:19 | INFO: Blender create Mesh node Cube.125
22:41:19 | INFO: Blender create Mesh node Cube.126
22:41:19 | INFO: Blender create Mesh node Cube.127
22:41:19 | INFO: Blender create Mesh node Cube.128
22:41:19 | INFO: Blender create Mesh node Cube.129
22:41:19 | INFO: Blender create Mesh node Cube.130
22:41:19 | INFO: Blender create Mesh node Cube.131
22:41:19 | INFO: Blender create Mesh node Cube.132
22:41:19 | INFO: Blender create Mesh node Cube.133
22:41:19 | INFO: Blender create Mesh node Cube.134
22:41:19 | INFO: Blender create Mesh node Cube.135
22:41:19 | INFO: Blender create Mesh node Cube.136
22:41:19 | INFO: Blender create Mesh node Cube.137
22:41:19 | INFO: Blender create Mesh node Cube.138
22:41:19 | INFO: Blender create Mesh node Cube.139
22:41:19 | INFO: Blender create Mesh node Cube.140
22:41:19 | INFO: Blender create Mesh node Cube.141
22:41:19 | INFO: Blender create Mesh node Cube.142
22:41:19 | INFO: Blender create Mesh node Cube.143
22:41:19 | INFO: Blender create Mesh node Cube.144
22:41:19 | INFO: Blender create Mesh node Cube.193
22:41:19 | INFO: Blender create Mesh node Cube.194
22:41:19 | INFO: Blender create Mesh node Cube.195
22:41:19 | INFO: Blender create Mesh node Cube.196
22:41:19 | INFO: Blender create Mesh node Cube.197
22:41:19 | INFO: Blender create Mesh node Cube.198
22:41:19 | INFO: Blender create Mesh node Cube.199
22:41:19 | INFO: Blender create Mesh node Cube.200
22:41:19 | INFO: Blender create Mesh node COL_stone_walk.005
22:41:19 | INFO: Blender create Mesh node COL_stone_walk.008
22:41:19 | INFO: Blender create Mesh node COL_stone_walk.009
22:41:19 | INFO: Blender create Mesh node COL_stone_walk.010
22:41:19 | INFO: Blender create Mesh node COL_stone_walk.011
22:41:19 | INFO: Blender create Mesh node COL_stone_walk.012
22:41:19 | INFO: Blender create Mesh node COL_study_approach.002
22:41:19 | INFO: Blender create Mesh node COL_study_desk_centre.002
22:41:19 | INFO: Blender create Mesh node COL_study_desk_left.002
22:41:19 | INFO: Blender create Mesh node COL_study_desk_right.002
22:41:19 | INFO: Blender create Mesh node COL_study_front_walk.002
22:41:19 | INFO: Blender create Mesh node COL_study_front_wall.002
22:41:19 | INFO: Blender create Mesh node COL_study_post.001
22:41:19 | INFO: Blender create Mesh node COL_study_post.002
22:41:19 | INFO: Blender create Mesh node COL_study_post.003
22:41:19 | INFO: Blender create Mesh node COL_study_post.008
22:41:19 | INFO: Blender create Mesh node Cube.151
22:41:19 | INFO: Blender create Mesh node Cube.152
22:41:19 | INFO: Blender create Mesh node Cube.153
22:41:19 | INFO: Blender create Mesh node Cube.154
22:41:19 | INFO: Blender create Mesh node Cube.155
22:41:19 | INFO: Blender create Mesh node Cube.156
22:41:19 | INFO: Blender create Mesh node Cube.157
22:41:19 | INFO: Blender create Mesh node Cube.158
22:41:19 | INFO: Blender create Mesh node Cube.159
22:41:19 | INFO: Blender create Mesh node Cube.160
22:41:19 | INFO: Blender create Mesh node Cube.161
22:41:19 | INFO: Blender create Mesh node Cube.162
22:41:19 | INFO: Blender create Mesh node Cube.163
22:41:19 | INFO: Blender create Mesh node Cube.164
22:41:19 | INFO: Blender create Mesh node Cube.165
22:41:19 | INFO: Blender create Mesh node Cube.166
22:41:19 | INFO: Blender create Mesh node Cube.167
22:41:19 | INFO: Blender create Mesh node Cube.168
22:41:19 | INFO: Blender create Mesh node Cube.169
22:41:19 | INFO: Blender create Mesh node Cube.170
22:41:19 | INFO: Blender create Mesh node Cube.171
22:41:19 | INFO: Blender create Mesh node Cube.172
22:41:19 | INFO: Blender create Mesh node Cube.173
22:41:19 | INFO: Blender create Mesh node Cube.174
22:41:19 | INFO: Blender create Mesh node Cube.175
22:41:19 | INFO: Blender create Mesh node Cube.176
22:41:19 | INFO: Blender create Mesh node Cube.177
22:41:19 | INFO: Blender create Mesh node Cube.178
22:41:19 | INFO: Blender create Mesh node Cube.179
22:41:19 | INFO: Blender create Mesh node Cube.180
22:41:19 | INFO: Blender create Mesh node Cube.201
22:41:19 | INFO: Blender create Mesh node Cube.202
22:41:19 | INFO: Blender create Mesh node Cube.203
22:41:19 | INFO: Blender create Mesh node Cube.181
22:41:19 | INFO: Blender create Mesh node Cube.182
22:41:19 | INFO: Blender create Mesh node Cube.183
22:41:19 | INFO: Blender create Mesh node Cube.184
22:41:19 | INFO: Blender create Mesh node Cube.185
22:41:19 | INFO: Blender create Mesh node Cube.186
22:41:19 | INFO: Blender create Mesh node Cube.187
22:41:19 | INFO: Blender create Mesh node Cube.188
22:41:19 | INFO: Blender create Mesh node Cube.189
22:41:19 | INFO: Blender create Mesh node Cube.190
22:41:19 | INFO: Blender create Mesh node Cube.191
22:41:19 | INFO: Blender create Mesh node Cube.192
22:41:19 | INFO: Blender create Mesh node COL_tubi-tang_floor.001
22:41:19 | INFO: Blender create Mesh node COL_tubi_approach.001
22:41:19 | INFO: Blender create Mesh node COL_tubi_approach.002
22:41:19 | INFO: Blender create Mesh node COL_tubi_approach.007
22:41:19 | INFO: Blender create Mesh node COL_tubi_approach.008
22:41:19 | INFO: Blender create Mesh node COL_tubi_closed_hall.002
22:41:19 | INFO: Blender create Mesh node COL_tubi_hall_post.001
22:41:19 | INFO: Blender create Mesh node COL_tubi_hall_post.002
22:41:19 | INFO: Blender create Mesh node COL_tubi_hall_post.006
22:41:19 | INFO: Blender create Mesh node COL_tubi_parapet.001
22:41:19 | INFO: Blender create Mesh node COL_tubi_parapet.002
22:41:19 | INFO: Blender create Mesh node COL_tubi_parapet.003
22:41:19 | INFO: Blender create Mesh node COL_tubi_parapet.008
22:41:19 | INFO: Blender create Mesh node COL_tubi_stair_guard.001
22:41:19 | INFO: Blender create Mesh node COL_tubi_stair_guard.004
22:41:19 | INFO: Blender create Mesh node COL_tubi_stair_ramp.002
22:41:19 | INFO: Blender create Mesh node COL_tubi_terrace.002
22:41:19 | INFO: Blender create Mesh node COL_tubi_topic_table.002
22:41:19 | INFO: Blender create Mesh node COL_tubi_view_bench_left.001
22:41:19 | INFO: Blender create Mesh node COL_tubi_view_bench_right.001
22:41:19 | INFO: Blender create Mesh node COL_water_bridge_side.001
22:41:19 | INFO: Blender create Mesh node COL_water_bridge_side.004
22:41:19 | INFO: Blender create Mesh node COL_water_bridge_deck.002
22:41:19 | INFO: Blender create Mesh node COL_xiaoxiang_bamboo_bed.004
22:41:19 | INFO: Blender create Mesh node COL_xiaoxiang_bamboo_bed.005
22:41:19 | INFO: Blender create Mesh node COL_xiaoxiang_bamboo_bed.006
22:41:19 | INFO: Blender create Mesh node COL_xiaoxiang_bamboo_bed.007
22:41:19 | INFO: Blender create Mesh node COL_xiaoxiang_closed_front.001
22:41:19 | INFO: Blender create Mesh node COL_xiaoxiang_floor.001
22:41:19 | INFO: Blender create Mesh node COL_xiaoxiang_return.002
22:41:19 | INFO: Blender create Mesh node COL_xiaoxiang_return.003
22:41:19 | INFO: Blender create Mesh node COL_xiaoxiang_threshold.001
22:41:19 | INFO: Blender create Mesh node COL_yihong_closed_front.002
22:41:19 | INFO: Blender create Mesh node COL_yihong_court_side.001
22:41:19 | INFO: Blender create Mesh node COL_yihong_court_side.004
22:41:19 | INFO: Blender create Mesh node COL_yihong_floor.002
22:41:19 | INFO: Blender create Mesh node COL_yihong_planter.001
22:41:19 | INFO: Blender create Mesh node COL_yihong_planter.004
22:41:19 | INFO: Blender create Mesh node COL_yihong_side_return.001
22:41:19 | INFO: Blender create Mesh node COL_yihong_side_return.004
22:41:19 | INFO: Blender create Mesh node COL_yihong_threshold.002
22:41:19 | INFO: Blender create Mesh node COL_ziling_landing.001
22:41:19 | INFO: Blender create Mesh node HERO_aojing-guan_title.002
22:41:19 | INFO: Blender create Mesh node HERO_daguan_title.001
22:41:19 | INFO: Blender create Mesh node HERO_daoxiang-cun_title.002
22:41:19 | INFO: Blender create Mesh node KIT_flora_plum_render.001
22:41:19 | INFO: Blender create Mesh node KIT_flora_plum_render.002
22:41:19 | INFO: Blender create Mesh node KIT_flora_bamboo_large_render.001
22:41:19 | INFO: Blender create Mesh node KIT_flora_bamboo_large_render.002
22:41:19 | INFO: Blender create Mesh node KIT_flora_bamboo_small_render.001
22:41:19 | INFO: Blender create Mesh node KIT_flora_willow_render.001
22:41:19 | INFO: Blender create Mesh node KIT_flora_willow_render.002
22:41:19 | INFO: Blender create Mesh node KIT_flora_bamboo_large_render.003
22:41:19 | INFO: Blender create Mesh node KIT_flora_bamboo_medium_render.001
22:41:19 | INFO: Blender create Mesh node KIT_flora_bamboo_small_render.002
22:41:19 | INFO: Blender create Mesh node KIT_flora_bamboo_large_render.004
22:41:19 | INFO: Blender create Mesh node KIT_flora_banana_render.001
22:41:19 | INFO: Blender create Mesh node KIT_flora_banana_render.002
22:41:19 | INFO: Blender create Mesh node KIT_flora_reed_render.001
22:41:19 | INFO: Blender create Mesh node KIT_flora_reed_render.002
22:41:19 | INFO: Blender create Mesh node KIT_flora_reed_render.003
22:41:19 | INFO: Blender create Mesh node KIT_flora_reed_render.004
22:41:19 | INFO: Blender create Mesh node KIT_flora_reed_render.005
22:41:19 | INFO: Blender create Mesh node KIT_flora_reed_render.006
22:41:19 | INFO: Blender create Mesh node KIT_flora_reed_render.007
22:41:19 | INFO: Blender create Mesh node KIT_flora_reed_render.008
22:41:19 | INFO: Blender create Mesh node KIT_flora_reed_render.009
22:41:19 | INFO: Blender create Mesh node KIT_flora_reed_render.010
22:41:19 | INFO: Blender create Mesh node HERO_gate_inscription.001
22:41:19 | INFO: Blender create Mesh node HERO_gate_water_drips.001
22:41:19 | INFO: Blender create Mesh node HERO_hengwu-yuan_title.002
22:41:19 | INFO: Blender create Mesh node HERO_longcui-an_title.002
22:41:19 | INFO: Blender create Mesh node HERO_qinfang-ting_title.002
22:41:19 | INFO: Blender create Mesh node HERO_qinfang_bridge.001
22:41:19 | INFO: Blender create Mesh node HERO_study_scroll_bamboo.002
22:41:19 | INFO: Blender create Mesh node HERO_study_scroll_plum.002
22:41:19 | INFO: Blender create Mesh node HERO_study_title.002
22:41:19 | INFO: Blender create Mesh node HERO_table_hexagram.001
22:41:19 | INFO: Blender create Mesh node line_piece.005
22:41:19 | INFO: Blender create Mesh node line_piece.002
22:41:19 | INFO: Blender create Mesh node line_piece.011
22:41:19 | INFO: Blender create Mesh node line_piece.008
22:41:19 | INFO: Blender create Mesh node line_piece.017
22:41:19 | INFO: Blender create Mesh node line_piece.014
22:41:19 | INFO: Blender create Mesh node line_piece.019
22:41:19 | INFO: Blender create Mesh node line_piece.018
22:41:19 | INFO: Blender create Mesh node line_piece.021
22:41:19 | INFO: Blender create Mesh node line_piece.020
22:41:19 | INFO: Blender create Mesh node line_piece.023
22:41:19 | INFO: Blender create Mesh node line_piece.022
22:41:19 | INFO: Blender create Mesh node HERO_table_pedestal.001
22:41:19 | INFO: Blender create Mesh node HERO_tubi_title.002
22:41:19 | INFO: Blender create Mesh node HERO_xiaoxiang-guan_title.002
22:41:19 | INFO: Blender create Mesh node HERO_yihong-yuan_title.002
22:41:19 | INFO: Blender create Mesh node AOJING_pond.002
22:41:19 | INFO: Blender create Mesh node AOJING_backstage.002
22:41:19 | INFO: Blender create Mesh node AOJING_amber_window.002
22:41:19 | INFO: Blender create Mesh node AOJING_window_lattice.001
22:41:19 | INFO: Blender create Mesh node AOJING_dry_ledge.002
22:41:19 | INFO: Blender create Mesh node AOJING_roof.002
22:41:19 | INFO: Blender create Mesh node AOJING_closed_front.002
22:41:19 | INFO: Blender create Mesh node DAGUAN_backstage.001
22:41:19 | INFO: Blender create Mesh node DAGUAN_door_stud.180
22:41:19 | INFO: Blender create Mesh node DAGUAN_amber_transom.002
22:41:19 | INFO: Blender create Mesh node DAGUAN_closed_door.010
22:41:19 | INFO: Blender create Mesh node DAGUAN_recessed_panel.020
22:41:19 | INFO: Blender create Mesh node DAGUAN_column.006
22:41:19 | INFO: Blender create Mesh node DAGUAN_platform.001
22:41:19 | INFO: Blender create Mesh node DAGUAN_lower_roof.001
22:41:19 | INFO: Blender create Mesh node DAGUAN_front.001
22:41:19 | INFO: Blender create Mesh node DAOXIANG_backstage.001
22:41:19 | INFO: Blender create Mesh node DAOXIANG_door_latch.001
22:41:19 | INFO: Blender create Mesh node DAOXIANG_warm_sliver.001
22:41:19 | INFO: Blender create Mesh node DAOXIANG_closed_door.001
22:41:19 | INFO: Blender create Mesh node DAOXIANG_paddy_painting.001
22:41:19 | INFO: Blender create Mesh node DAOXIANG_court.001
22:41:19 | INFO: Blender create Mesh node DAOXIANG_thatch_mass.001
22:41:19 | INFO: Blender create Mesh node DAOXIANG_front.001
22:41:19 | INFO: Blender create Mesh node SITE_hengwu-yuan_backstage.001
22:41:19 | INFO: Blender create Mesh node KIT_pavilion_finial.011
22:41:19 | INFO: Blender create Mesh node KIT_wall_amber_window.006
22:41:19 | INFO: Blender create Mesh node HENGWU_herb_leaf.001
22:41:19 | INFO: Blender create Mesh node KIT_wall_lattice_vertical.105
22:41:19 | INFO: Blender create Mesh node SITE_hengwu-yuan_platform.001
22:41:19 | INFO: Blender create Mesh node KIT_props_lantern_hanging_render.015
22:41:19 | INFO: Blender create Mesh node KIT_pavilion_roof.011
22:41:19 | INFO: Blender create Mesh node KIT_wall_bay.001
22:41:19 | INFO: Blender create Mesh node SITE_hengwu-yuan_front.001
22:41:19 | INFO: Blender create Mesh node LONGCUI_backstage.001
22:41:19 | INFO: Blender create Mesh node LONGCUI_gate_pull.002
22:41:19 | INFO: Blender create Mesh node LONGCUI_closed_gate.002
22:41:19 | INFO: Blender create Mesh node LONGCUI_paving.001
22:41:19 | INFO: Blender create Mesh node KIT_props_lantern_hanging_render.016
22:41:19 | INFO: Blender create Mesh node LONGCUI_wall_cap.001
22:41:19 | INFO: Blender create Mesh node LONGCUI_closed_front.001
22:41:19 | INFO: Blender create Mesh node KIT_props_tea_cup.006
22:41:19 | INFO: Blender create Mesh node KIT_water_lotus_leaf.007
22:41:19 | INFO: Blender create Mesh node SITE_ouxiang_deck.001
22:41:19 | INFO: Blender create Mesh node KIT_pavilion_water_pier.004
22:41:19 | INFO: Blender create Mesh node KIT_props_lantern_hanging_render.013
22:41:19 | INFO: Blender create Mesh node KIT_pavilion_water_hipped_roof.001
22:41:19 | INFO: Blender create Mesh node KIT_water_lotus.021
22:41:19 | INFO: Blender create Mesh node KIT_corridor_rail.008
22:41:19 | INFO: Blender create Mesh node KIT_pavilion_roof_shell.001
22:41:19 | INFO: Blender create Mesh node KIT_pavilion_plinth.001
22:41:19 | INFO: Blender create Mesh node KIT_props_lantern_hanging_render.001
22:41:19 | INFO: Blender create Mesh node KIT_water_stream.001
22:41:19 | INFO: Blender create Mesh node SITE_qiushuang-zhai_backstage.001
22:41:19 | INFO: Blender create Mesh node KIT_pavilion_finial.005
22:41:19 | INFO: Blender create Mesh node KIT_wall_lattice_vertical.042
22:41:19 | INFO: Blender create Mesh node SITE_qiushuang-zhai_platform.001
22:41:19 | INFO: Blender create Mesh node KIT_props_lantern_hanging_render.010
22:41:19 | INFO: Blender create Mesh node KIT_pavilion_roof.005
22:41:19 | INFO: Blender create Mesh node KIT_tech_terminal_desk_render.007
22:41:19 | INFO: Blender create Mesh node SITE_qiushuang-zhai_front.001
22:41:19 | INFO: Blender create Mesh node GATE_banana_pseudostem.001
22:41:19 | INFO: Blender create Mesh node GATE_banana_soil.001
22:41:19 | INFO: Blender create Mesh node KIT_rockery_passage.001
22:41:20 | INFO: Blender create Mesh node GATE_paving.002
22:41:20 | INFO: Blender create Mesh node KIT_props_lantern_hanging_render.008
22:41:20 | INFO: Blender create Mesh node KIT_stage_fog_plane_render.017
22:41:20 | INFO: Blender create Mesh node KIT_stage_floor.001
22:41:20 | INFO: Blender create Mesh node AOJING_approach_guard.001
22:41:20 | INFO: Blender create Mesh node KIT_stage_painted_moon.001
22:41:20 | INFO: Blender create Mesh node KIT_stage_painted_mountain_layer.003
22:41:20 | INFO: Blender create Mesh node KIT_stage_painted_mountain_layer.004
22:41:20 | INFO: Blender create Mesh node KIT_stage_painted_mountain_layer.005
22:41:20 | INFO: Blender create Mesh node KIT_water_stone_walk.005
22:41:20 | INFO: Blender create Mesh node Painted coved ceiling candidate.001
22:41:20 | INFO: Blender create Mesh node KIT_stage_painted_canvas.002
22:41:20 | INFO: Blender create Mesh node Eight painted cyclorama arcs.001
22:41:20 | INFO: Blender create Mesh node KIT_stage_fog_plane_render.002
22:41:20 | INFO: Blender create Mesh node KIT_tech_cell_side.012
22:41:20 | INFO: Blender create Mesh node KIT_wall_window_bar.030
22:41:20 | INFO: Blender create Mesh node KIT_stage_entry_walk.002
22:41:20 | INFO: Blender create Mesh node KIT_props_folding_chair_render.001
22:41:20 | INFO: Blender create Mesh node KIT_stage_floor_boards_render.002
22:41:20 | INFO: Blender create Mesh node KIT_stage_gel_frame_render.002
22:41:20 | INFO: Blender create Mesh node KIT_stage_studio_wall_render.002
22:41:20 | INFO: Blender create Mesh node KIT_stage_fog_plane_render.020
22:41:20 | INFO: Blender create Mesh node KIT_tech_terminal_desk_render.001
22:41:20 | INFO: Blender create Mesh node KIT_props_scroll_render.001
22:41:20 | INFO: Blender create Mesh node SITE_tubi-tang_backstage.001
22:41:20 | INFO: Blender create Mesh node KIT_pavilion_finial.007
22:41:20 | INFO: Blender create Mesh node KIT_wall_amber_window.003
22:41:20 | INFO: Blender create Mesh node TUBI_topic_line.001
22:41:20 | INFO: Blender create Mesh node KIT_wall_lattice_vertical.063
22:41:20 | INFO: Blender create Mesh node SITE_tubi-tang_platform.001
22:41:20 | INFO: Blender create Mesh node KIT_props_lantern_hanging_render.012
22:41:20 | INFO: Blender create Mesh node KIT_pavilion_roof.007
22:41:20 | INFO: Blender create Mesh node TUBI_terrace.002
22:41:20 | INFO: Blender create Mesh node SITE_tubi-tang_front.001
22:41:20 | INFO: Blender create Mesh node XIAOXIANG_black_back.001
22:41:20 | INFO: Blender create Mesh node XIAOXIANG_gate_pull.002
22:41:20 | INFO: Blender create Mesh node XIAOXIANG_amber_window.001
22:41:20 | INFO: Blender create Mesh node XIAOXIANG_gate_leaf.002
22:41:20 | INFO: Blender create Mesh node XIAOXIANG_paving.001
22:41:20 | INFO: Blender create Mesh node XIAOXIANG_wall_cap.001
22:41:20 | INFO: Blender create Mesh node XIAOXIANG_closed_front.001
22:41:20 | INFO: Blender create Mesh node YIHONG_backstage.002
22:41:20 | INFO: Blender create Mesh node YIHONG_door_rail.001
22:41:20 | INFO: Blender create Mesh node YIHONG_amber_window.002
22:41:20 | INFO: Blender create Mesh node YIHONG_door_panel.001
22:41:20 | INFO: Blender create Mesh node YIHONG_paving.002
22:41:20 | INFO: Blender create Mesh node YIHONG_court_cap.001
22:41:20 | INFO: Blender create Mesh node YIHONG_closed_front.002
22:41:20 | INFO: Blender create Mesh node KIT_water_lotus_leaf.011
22:41:20 | INFO: Blender create Mesh node KIT_water_plank.002
22:41:20 | INFO: Blender create Mesh node SITE_ziling_island.001
22:41:20 | INFO: glTF import finished in 0.95s
BAKE_SHADOW_INTENT {"source_glb_sha256": "47ac858ef7bca32413742bb7962c8c0f60f0cd3ac606f2e595f5bd4cf2fc03f9", "explicit_meshes": {"SITE_stage_MAT_stage_canopy_paint": false}, "unchanged_unflagged_meshes": 566}
/private/var/folders/gf/s_g2zvzj3jxbylz3ylbc7k4c0000gn/T/garden-nunnery-path-candidate-c9i92kvs/scripts/bake_lightmaps.py:25: DeprecationWarning: 'World.use_nodes' is expected to be removed in Blender 6.0
  world=bpy.data.worlds.new('Bake stage ambient');world.use_nodes=True
BAKE_TARGET SITE_stage_MAT_plaster_rock
/private/var/folders/gf/s_g2zvzj3jxbylz3ylbc7k4c0000gn/T/garden-nunnery-path-candidate-c9i92kvs/scripts/bake_lightmaps.py:75: DeprecationWarning: 'Material.use_nodes' is expected to be removed in Blender 6.0
  material.use_nodes=True
Info: Baking map saved to internal image, save it externally or pack it
LIGHTMAP_BAKED {"mesh": "SITE_stage_MAT_plaster_rock", "site": null, "texture": "SITE_stage_MAT_plaster_rock.png", "scale": 1.0, "size": 1024, "samples": 128, "uv_channel": 1, "uv_sha256": "3d2a7e05476b3d57d30d334bd7a7bbe290f2fdfe7eddf29a2073e5fbb87eebba", "source_glb_sha256": "47ac858ef7bca32413742bb7962c8c0f60f0cd3ac606f2e595f5bd4cf2fc03f9", "shadow_intent": {"SITE_stage_MAT_stage_canopy_paint": false}, "nonzero_fraction": 0.27600765228271484, "point_lights_baked": false, "status": "Cycles bake produced; engine look verification pending"}
Blender 5.2.2 LTS (hash d13f752e3b9c built 2026-09-15 01:49:19)

Blender quit
