test_actual_device_proof_is_specific_to_normal_mode (test_android_full_profile.FullProfileTests.test_actual_device_proof_is_specific_to_normal_mode) ... ERROR
test_complete_tour_accepts_without_hiding_failed_fps (test_android_full_profile.FullProfileTests.test_complete_tour_accepts_without_hiding_failed_fps) ... FAIL
test_full_producer_and_dependencies_pinned_before_phone_access (test_android_full_profile.FullProfileTests.test_full_producer_and_dependencies_pinned_before_phone_access) ... 
  test_full_producer_and_dependencies_pinned_before_phone_access (test_android_full_profile.FullProfileTests.test_full_producer_and_dependencies_pinned_before_phone_access) (mutation='valid') ... FAIL
  test_full_producer_and_dependencies_pinned_before_phone_access (test_android_full_profile.FullProfileTests.test_full_producer_and_dependencies_pinned_before_phone_access) (mutation='missing_manifest') ... FAIL
  test_full_producer_and_dependencies_pinned_before_phone_access (test_android_full_profile.FullProfileTests.test_full_producer_and_dependencies_pinned_before_phone_access) (mutation='changed_production') ... FAIL
  test_full_producer_and_dependencies_pinned_before_phone_access (test_android_full_profile.FullProfileTests.test_full_producer_and_dependencies_pinned_before_phone_access) (mutation='changed_staged') ... FAIL
  test_full_producer_and_dependencies_pinned_before_phone_access (test_android_full_profile.FullProfileTests.test_full_producer_and_dependencies_pinned_before_phone_access) (mutation='changed_traversal') ... FAIL
test_reject_incomplete_unsafe_or_false_tour_evidence (test_android_full_profile.FullProfileTests.test_reject_incomplete_unsafe_or_false_tour_evidence) ... FAIL
test_actual_device_cap_record_rejects_bad_pixels_or_bindings (test_android_runtime_caps_gate.RuntimeCapsCollectorTests.test_actual_device_cap_record_rejects_bad_pixels_or_bindings) ... ok
test_missing_or_invalid_caps_reject_before_phone_access (test_android_runtime_caps_gate.RuntimeCapsCollectorTests.test_missing_or_invalid_caps_reject_before_phone_access) ... ok
test_valid_resource_and_material_proof_accepts (test_android_runtime_caps_gate.RuntimeCapsCollectorTests.test_valid_resource_and_material_proof_accepts) ... ok

======================================================================
ERROR: test_actual_device_proof_is_specific_to_normal_mode (test_android_full_profile.FullProfileTests.test_actual_device_proof_is_specific_to_normal_mode)
----------------------------------------------------------------------
Traceback (most recent call last):
  File "/Users/auchan/projects/garden-of-dreams/scripts/tests/test_android_full_profile.py", line 96, in test_actual_device_proof_is_specific_to_normal_mode
    collector.verify_device_caps(proof, mode='normal')
    ~~~~~~~~~~~~~~~~~~~~~~~~~~~~^^^^^^^^^^^^^^^^^^^^^^
TypeError: verify_device_caps() got an unexpected keyword argument 'mode'

======================================================================
FAIL: test_complete_tour_accepts_without_hiding_failed_fps (test_android_full_profile.FullProfileTests.test_complete_tour_accepts_without_hiding_failed_fps)
----------------------------------------------------------------------
Traceback (most recent call last):
  File "/Users/auchan/projects/garden-of-dreams/scripts/tests/test_android_full_profile.py", line 56, in test_complete_tour_accepts_without_hiding_failed_fps
    self.assertTrue(callable(verifier), 'Full report validation is missing')
    ~~~~~~~~~~~~~~~^^^^^^^^^^^^^^^^^^^^^^^^^^^^^^^^^^^^^^^^^^^^^^^^^^^^^^^^^
AssertionError: False is not true : Full report validation is missing

======================================================================
FAIL: test_full_producer_and_dependencies_pinned_before_phone_access (test_android_full_profile.FullProfileTests.test_full_producer_and_dependencies_pinned_before_phone_access) (mutation='valid')
----------------------------------------------------------------------
Traceback (most recent call last):
  File "/Users/auchan/projects/garden-of-dreams/scripts/tests/test_android_full_profile.py", line 126, in test_full_producer_and_dependencies_pinned_before_phone_access
    if mutation == 'valid': collector.verify_profile_build(build, adb)
                            ~~~~~~~~~~~~~~~~~~~~~~~~~~~~~~^^^^^^^^^^^^
  File "/Users/auchan/projects/garden-of-dreams/scripts/collect_android_profile.py", line 42, in verify_profile_build
    assert fixture_record['profile_script_sha256'] == digest((ROOT / 'godot/tests/profile_android.gd').read_bytes())
           ^^^^^^^^^^^^^^^^^^^^^^^^^^^^^^^^^^^^^^^^^^^^^^^^^^^^^^^^^^^^^^^^^^^^^^^^^^^^^^^^^^^^^^^^^^^^^^^^^^^^^^^^^
AssertionError

======================================================================
FAIL: test_full_producer_and_dependencies_pinned_before_phone_access (test_android_full_profile.FullProfileTests.test_full_producer_and_dependencies_pinned_before_phone_access) (mutation='missing_manifest')
----------------------------------------------------------------------
AssertionError

During handling of the above exception, another exception occurred:

Traceback (most recent call last):
  File "/Users/auchan/projects/garden-of-dreams/scripts/tests/test_android_full_profile.py", line 128, in test_full_producer_and_dependencies_pinned_before_phone_access
    with self.assertRaisesRegex(AssertionError, 'profile|Profile'): collector.verify_profile_build(build, adb)
         ~~~~~~~~~~~~~~~~~~~~~~^^^^^^^^^^^^^^^^^^^^^^^^^^^^^^^^^^^
AssertionError: "profile|Profile" does not match ""

======================================================================
FAIL: test_full_producer_and_dependencies_pinned_before_phone_access (test_android_full_profile.FullProfileTests.test_full_producer_and_dependencies_pinned_before_phone_access) (mutation='changed_production')
----------------------------------------------------------------------
AssertionError

During handling of the above exception, another exception occurred:

Traceback (most recent call last):
  File "/Users/auchan/projects/garden-of-dreams/scripts/tests/test_android_full_profile.py", line 128, in test_full_producer_and_dependencies_pinned_before_phone_access
    with self.assertRaisesRegex(AssertionError, 'profile|Profile'): collector.verify_profile_build(build, adb)
         ~~~~~~~~~~~~~~~~~~~~~~^^^^^^^^^^^^^^^^^^^^^^^^^^^^^^^^^^^
AssertionError: "profile|Profile" does not match ""

======================================================================
FAIL: test_full_producer_and_dependencies_pinned_before_phone_access (test_android_full_profile.FullProfileTests.test_full_producer_and_dependencies_pinned_before_phone_access) (mutation='changed_staged')
----------------------------------------------------------------------
AssertionError

During handling of the above exception, another exception occurred:

Traceback (most recent call last):
  File "/Users/auchan/projects/garden-of-dreams/scripts/tests/test_android_full_profile.py", line 128, in test_full_producer_and_dependencies_pinned_before_phone_access
    with self.assertRaisesRegex(AssertionError, 'profile|Profile'): collector.verify_profile_build(build, adb)
         ~~~~~~~~~~~~~~~~~~~~~~^^^^^^^^^^^^^^^^^^^^^^^^^^^^^^^^^^^
AssertionError: "profile|Profile" does not match ""

======================================================================
FAIL: test_full_producer_and_dependencies_pinned_before_phone_access (test_android_full_profile.FullProfileTests.test_full_producer_and_dependencies_pinned_before_phone_access) (mutation='changed_traversal')
----------------------------------------------------------------------
AssertionError

During handling of the above exception, another exception occurred:

Traceback (most recent call last):
  File "/Users/auchan/projects/garden-of-dreams/scripts/tests/test_android_full_profile.py", line 128, in test_full_producer_and_dependencies_pinned_before_phone_access
    with self.assertRaisesRegex(AssertionError, 'profile|Profile'): collector.verify_profile_build(build, adb)
         ~~~~~~~~~~~~~~~~~~~~~~^^^^^^^^^^^^^^^^^^^^^^^^^^^^^^^^^^^
AssertionError: "profile|Profile" does not match ""

======================================================================
FAIL: test_reject_incomplete_unsafe_or_false_tour_evidence (test_android_full_profile.FullProfileTests.test_reject_incomplete_unsafe_or_false_tour_evidence)
----------------------------------------------------------------------
Traceback (most recent call last):
  File "/Users/auchan/projects/garden-of-dreams/scripts/tests/test_android_full_profile.py", line 61, in test_reject_incomplete_unsafe_or_false_tour_evidence
    self.assertTrue(callable(verifier), 'Full report validation is missing')
    ~~~~~~~~~~~~~~~^^^^^^^^^^^^^^^^^^^^^^^^^^^^^^^^^^^^^^^^^^^^^^^^^^^^^^^^^
AssertionError: False is not true : Full report validation is missing

----------------------------------------------------------------------
Ran 7 tests in 0.284s

FAILED (failures=7, errors=1)
