test_actual_device_proof_is_specific_to_normal_mode (test_android_full_profile.FullProfileTests.test_actual_device_proof_is_specific_to_normal_mode) ... ok
test_complete_tour_accepts_without_hiding_failed_fps (test_android_full_profile.FullProfileTests.test_complete_tour_accepts_without_hiding_failed_fps) ... ok
test_full_producer_and_dependencies_pinned_before_phone_access (test_android_full_profile.FullProfileTests.test_full_producer_and_dependencies_pinned_before_phone_access) ... ok
test_only_explicit_absence_can_wait_at_startup (test_android_full_profile.FullProfileTests.test_only_explicit_absence_can_wait_at_startup) ... ok
test_reject_incomplete_unsafe_or_false_tour_evidence (test_android_full_profile.FullProfileTests.test_reject_incomplete_unsafe_or_false_tour_evidence) ... ok
test_legacy_manifest_rejects_before_accessing_device (test_android_profile_moon_gate.CollectorMoonGateTests.test_legacy_manifest_rejects_before_accessing_device) ... ok
test_missing_or_changed_report_writer_rejects_before_device_access (test_android_profile_moon_gate.CollectorMoonGateTests.test_missing_or_changed_report_writer_rejects_before_device_access) ... ok
test_reject_remapped_scripts_and_changed_scene (test_android_profile_payloads.ProfilePayloadTests.test_reject_remapped_scripts_and_changed_scene) ... ok
test_actual_device_cap_record_rejects_bad_pixels_or_bindings (test_android_runtime_caps_gate.RuntimeCapsCollectorTests.test_actual_device_cap_record_rejects_bad_pixels_or_bindings) ... ok
test_missing_or_invalid_caps_reject_before_phone_access (test_android_runtime_caps_gate.RuntimeCapsCollectorTests.test_missing_or_invalid_caps_reject_before_phone_access) ... ok
test_valid_resource_and_material_proof_accepts (test_android_runtime_caps_gate.RuntimeCapsCollectorTests.test_valid_resource_and_material_proof_accepts) ... ok
test_added_texture_rejects (test_android_texture_provenance.TextureProvenanceTests.test_added_texture_rejects) ... ok
test_excluded_test_fixture_is_not_an_apk_texture_input (test_android_texture_provenance.TextureProvenanceTests.test_excluded_test_fixture_is_not_an_apk_texture_input) ... ok
test_import_change_rejects_even_when_source_is_identical (test_android_texture_provenance.TextureProvenanceTests.test_import_change_rejects_even_when_source_is_identical) ... ok
test_missing_import_rejects (test_android_texture_provenance.TextureProvenanceTests.test_missing_import_rejects) ... ok
test_platform_remap_changes_raw_import_fingerprint (test_android_texture_provenance.TextureProvenanceTests.test_platform_remap_changes_raw_import_fingerprint) ... ok
test_same_inputs_are_accepted (test_android_texture_provenance.TextureProvenanceTests.test_same_inputs_are_accepted) ... ok
test_source_change_rejects (test_android_texture_provenance.TextureProvenanceTests.test_source_change_rejects) ... ok
test_cache_path_outside_project_is_rejected_without_mutation (test_configure_runtime_texture_caps.RuntimeCapConfigurationTests.test_cache_path_outside_project_is_rejected_without_mutation) ... ok
test_caps_rebuild_only_owned_caches_and_preserve_source (test_configure_runtime_texture_caps.RuntimeCapConfigurationTests.test_caps_rebuild_only_owned_caches_and_preserve_source) ... ok
test_invalid_fourth_import_causes_no_partial_mutation (test_configure_runtime_texture_caps.RuntimeCapConfigurationTests.test_invalid_fourth_import_causes_no_partial_mutation) ... ok
test_legacy_gate_command_uses_current_caps_without_changing_atlases (test_configure_runtime_texture_caps.RuntimeCapConfigurationTests.test_legacy_gate_command_uses_current_caps_without_changing_atlases) ... ok

----------------------------------------------------------------------
Ran 22 tests in 1.477s

OK
