BlenderMCP addon registered
BlenderMCP addon unregistered
22:08:17 | INFO: Data are loaded, start creating Blender stuff
22:08:17 | INFO: Blender create Mesh node COL_aojing_approach.001
22:08:17 | INFO: Blender create Mesh node COL_aojing_approach.004
22:08:17 | INFO: Blender create Mesh node COL_aojing_approach_guard.001
22:08:17 | INFO: Blender create Mesh node COL_aojing_approach_guard.004
22:08:17 | INFO: Blender create Mesh node COL_aojing_approach_ramp.002
22:08:17 | INFO: Blender create Mesh node COL_aojing_closed_front.002
22:08:17 | INFO: Blender create Mesh node COL_aojing_dry_ledge.002
22:08:17 | INFO: Blender create Mesh node COL_aojing_hall_floor.002
22:08:17 | INFO: Blender create Mesh node COL_aojing_ledge_end.002
22:08:17 | INFO: Blender create Mesh node COL_aojing_ledge_parapet.002
22:08:17 | INFO: Blender create Mesh node COL_aojing_return.001
22:08:17 | INFO: Blender create Mesh node COL_aojing_return.004
22:08:17 | INFO: Blender create Mesh node Cube.147
22:08:17 | INFO: Blender create Mesh node Cube.148
22:08:17 | INFO: Blender create Mesh node Cube.149
22:08:17 | INFO: Blender create Mesh node Cube.150
22:08:17 | INFO: Blender create Mesh node COL_bridge_crosswalk.002
22:08:17 | INFO: Blender create Mesh node COL_bridge_crosswalk.003
22:08:17 | INFO: Blender create Mesh node COL_cell_floor.006
22:08:17 | INFO: Blender create Mesh node COL_cell_floor.007
22:08:17 | INFO: Blender create Mesh node COL_cell_floor.008
22:08:17 | INFO: Blender create Mesh node COL_cell_floor.009
22:08:17 | INFO: Blender create Mesh node COL_cell_floor.010
22:08:17 | INFO: Blender create Mesh node COL_cell_floor.011
22:08:17 | INFO: Blender create Mesh node COL_cell_wall.012
22:08:17 | INFO: Blender create Mesh node COL_cell_wall.013
22:08:17 | INFO: Blender create Mesh node COL_cell_wall.014
22:08:17 | INFO: Blender create Mesh node COL_cell_wall.015
22:08:17 | INFO: Blender create Mesh node COL_cell_wall.016
22:08:17 | INFO: Blender create Mesh node COL_cell_wall.017
22:08:17 | INFO: Blender create Mesh node COL_cell_wall.018
22:08:17 | INFO: Blender create Mesh node COL_cell_wall.019
22:08:17 | INFO: Blender create Mesh node COL_cell_wall.020
22:08:17 | INFO: Blender create Mesh node COL_cell_wall.021
22:08:17 | INFO: Blender create Mesh node COL_cell_wall.022
22:08:17 | INFO: Blender create Mesh node COL_cell_wall.023
22:08:17 | INFO: Blender create Mesh node COL_daguan_central_step.003
22:08:17 | INFO: Blender create Mesh node COL_daguan_central_step.004
22:08:17 | INFO: Blender create Mesh node COL_daguan_central_step.005
22:08:17 | INFO: Blender create Mesh node COL_daguan_closed_front.001
22:08:17 | INFO: Blender create Mesh node COL_daguan_column.006
22:08:17 | INFO: Blender create Mesh node COL_daguan_column.007
22:08:17 | INFO: Blender create Mesh node COL_daguan_column.008
22:08:17 | INFO: Blender create Mesh node COL_daguan_column.009
22:08:17 | INFO: Blender create Mesh node COL_daguan_column.010
22:08:17 | INFO: Blender create Mesh node COL_daguan_column.011
22:08:17 | INFO: Blender create Mesh node COL_daguan_floor.001
22:08:17 | INFO: Blender create Mesh node COL_daguan_return_wall.002
22:08:17 | INFO: Blender create Mesh node COL_daguan_return_wall.003
22:08:17 | INFO: Blender create Mesh node COL_daoxiang_approach.002
22:08:17 | INFO: Blender create Mesh node COL_daoxiang_approach.003
22:08:17 | INFO: Blender create Mesh node COL_daoxiang_closed_front.001
22:08:17 | INFO: Blender create Mesh node COL_daoxiang_court.001
22:08:17 | INFO: Blender create Mesh node COL_daoxiang_fence.004
22:08:17 | INFO: Blender create Mesh node COL_daoxiang_fence.005
22:08:17 | INFO: Blender create Mesh node COL_daoxiang_fence.006
22:08:17 | INFO: Blender create Mesh node COL_daoxiang_fence.007
22:08:17 | INFO: Blender create Mesh node COL_daoxiang_side.002
22:08:17 | INFO: Blender create Mesh node COL_daoxiang_side.003
22:08:17 | INFO: Blender create Mesh node COL_entry_corridor.001
22:08:17 | INFO: Blender create Mesh node COL_entry_walk.002
22:08:17 | INFO: Blender create Mesh node COL_entry_walk.003
22:08:17 | INFO: Blender create Mesh node COL_floor_joint_cell_threshold_0.001
22:08:17 | INFO: Blender create Mesh node COL_floor_joint_cell_threshold_1.001
22:08:17 | INFO: Blender create Mesh node COL_floor_joint_cell_threshold_2.001
22:08:17 | INFO: Blender create Mesh node COL_floor_joint_cell_threshold_3.001
22:08:17 | INFO: Blender create Mesh node COL_floor_joint_cell_threshold_4.001
22:08:17 | INFO: Blender create Mesh node COL_floor_joint_cell_threshold_5.001
22:08:17 | INFO: Blender create Mesh node COL_floor_joint_pavilion_east_joint.001
22:08:17 | INFO: Blender create Mesh node COL_floor_joint_pavilion_west_joint.001
22:08:17 | INFO: Blender create Mesh node Cube.146
22:08:17 | INFO: Blender create Mesh node Cube.145
22:08:17 | INFO: Blender create Mesh node COL_GATE_banana_planter.001
22:08:17 | INFO: Blender create Mesh node KIT_rockery_passage.022
22:08:17 | INFO: Blender create Mesh node KIT_rockery_passage.024
22:08:17 | INFO: Blender create Mesh node KIT_rockery_cliff.006
22:08:17 | INFO: Blender create Mesh node KIT_rockery_cliff.008
22:08:17 | INFO: Blender create Mesh node KIT_rockery_passage.004
22:08:17 | INFO: Blender create Mesh node KIT_rockery_passage.016
22:08:17 | INFO: Blender create Mesh node KIT_rockery_passage.018
22:08:17 | INFO: Blender create Mesh node KIT_rockery_passage.020
22:08:17 | INFO: Blender create Mesh node GATE_paving.003
22:08:17 | INFO: Blender create Mesh node COL_hengwu-yuan_floor.001
22:08:17 | INFO: Blender create Mesh node COL_hengwu_approach.002
22:08:17 | INFO: Blender create Mesh node COL_hengwu_approach.003
22:08:17 | INFO: Blender create Mesh node COL_hengwu_closed_hall.002
22:08:17 | INFO: Blender create Mesh node COL_hengwu_court.002
22:08:17 | INFO: Blender create Mesh node COL_hengwu_hall_post.001
22:08:17 | INFO: Blender create Mesh node COL_hengwu_hall_post.002
22:08:17 | INFO: Blender create Mesh node COL_hengwu_hall_post.006
22:08:17 | INFO: Blender create Mesh node COL_wall_bay.001
22:08:17 | INFO: Blender create Mesh node COL_wall_bay.002
22:08:17 | INFO: Blender create Mesh node COL_wall_bay.003
22:08:17 | INFO: Blender create Mesh node COL_wall_bay.004
22:08:17 | INFO: Blender create Mesh node COL_wall_bay.005
22:08:17 | INFO: Blender create Mesh node COL_wall_bay.006
22:08:17 | INFO: Blender create Mesh node KIT_wall_plaster.002
22:08:17 | INFO: Blender create Mesh node COL_wall_window.001
22:08:17 | INFO: Blender create Mesh node COL_wall_window.002
22:08:17 | INFO: Blender create Mesh node COL_hengwu_rock.001
22:08:17 | INFO: Blender create Mesh node COL_hengwu_rock.002
22:08:17 | INFO: Blender create Mesh node COL_hengwu_rock.006
22:08:17 | INFO: Blender create Mesh node COL_hengwu_stool.001
22:08:17 | INFO: Blender create Mesh node COL_hengwu_stool.002
22:08:17 | INFO: Blender create Mesh node COL_hengwu_stool.003
22:08:17 | INFO: Blender create Mesh node COL_hengwu_stool.008
22:08:17 | INFO: Blender create Mesh node COL_hengwu_table.002
22:08:17 | INFO: Blender create Mesh node COL_longcui_approach.003
22:08:17 | INFO: Blender create Mesh node COL_longcui_approach.004
22:08:17 | INFO: Blender create Mesh node COL_longcui_approach.005
22:08:17 | INFO: Blender create Mesh node COL_longcui_burner.001
22:08:17 | INFO: Blender create Mesh node COL_longcui_closed_front.001
22:08:17 | INFO: Blender create Mesh node COL_longcui_floor.001
22:08:17 | INFO: Blender create Mesh node COL_longcui_plum_trunk.002
22:08:17 | INFO: Blender create Mesh node COL_longcui_plum_trunk.003
22:08:17 | INFO: Blender create Mesh node COL_longcui_return.002
22:08:17 | INFO: Blender create Mesh node COL_longcui_return.003
22:08:17 | INFO: Blender create Mesh node COL_longcui_threshold.001
22:08:17 | INFO: Blender create Mesh node COL_ouxiang_approach.001
22:08:17 | INFO: Blender create Mesh node COL_ouxiang_deck.001
22:08:17 | INFO: Blender create Mesh node COL_ouxiang_post.004
22:08:17 | INFO: Blender create Mesh node COL_ouxiang_post.005
22:08:17 | INFO: Blender create Mesh node COL_ouxiang_post.006
22:08:17 | INFO: Blender create Mesh node COL_ouxiang_post.007
22:08:17 | INFO: Blender create Mesh node COL_ouxiang_rail.002
22:08:17 | INFO: Blender create Mesh node COL_ouxiang_rail.003
22:08:17 | INFO: Blender create Mesh node COL_ouxiang_side_rail.004
22:08:17 | INFO: Blender create Mesh node COL_ouxiang_side_rail.005
22:08:17 | INFO: Blender create Mesh node COL_ouxiang_side_rail.006
22:08:17 | INFO: Blender create Mesh node COL_ouxiang_side_rail.007
22:08:17 | INFO: Blender create Mesh node COL_ouxiang_table.001
22:08:17 | INFO: Blender create Mesh node COL_corridor_floor.009
22:08:17 | INFO: Blender create Mesh node COL_corridor_side.015
22:08:17 | INFO: Blender create Mesh node COL_corridor_side.016
22:08:17 | INFO: Blender create Mesh node COL_corridor_post.016
22:08:17 | INFO: Blender create Mesh node COL_corridor_post.017
22:08:17 | INFO: Blender create Mesh node COL_corridor_floor.010
22:08:17 | INFO: Blender create Mesh node COL_corridor_side.017
22:08:17 | INFO: Blender create Mesh node COL_corridor_side.018
22:08:17 | INFO: Blender create Mesh node COL_corridor_post.018
22:08:17 | INFO: Blender create Mesh node COL_corridor_post.019
22:08:17 | INFO: Blender create Mesh node COL_corridor_floor.011
22:08:17 | INFO: Blender create Mesh node COL_corridor_side.019
22:08:17 | INFO: Blender create Mesh node COL_corridor_side.020
22:08:17 | INFO: Blender create Mesh node COL_corridor_post.020
22:08:17 | INFO: Blender create Mesh node COL_corridor_post.021
22:08:17 | INFO: Blender create Mesh node COL_corridor_floor.012
22:08:17 | INFO: Blender create Mesh node COL_corridor_side.021
22:08:17 | INFO: Blender create Mesh node COL_corridor_side.022
22:08:17 | INFO: Blender create Mesh node COL_corridor_post.022
22:08:17 | INFO: Blender create Mesh node COL_corridor_post.023
22:08:17 | INFO: Blender create Mesh node COL_corridor_floor.001
22:08:17 | INFO: Blender create Mesh node COL_corridor_side.001
22:08:17 | INFO: Blender create Mesh node COL_corridor_side.002
22:08:17 | INFO: Blender create Mesh node COL_corridor_post.001
22:08:17 | INFO: Blender create Mesh node COL_corridor_post.002
22:08:17 | INFO: Blender create Mesh node COL_corridor_floor.002
22:08:17 | INFO: Blender create Mesh node COL_corridor_side.003
22:08:17 | INFO: Blender create Mesh node COL_corridor_side.004
22:08:17 | INFO: Blender create Mesh node COL_corridor_post.003
22:08:17 | INFO: Blender create Mesh node COL_corridor_post.004
22:08:17 | INFO: Blender create Mesh node COL_corridor_floor.003
22:08:17 | INFO: Blender create Mesh node COL_corridor_side.005
22:08:17 | INFO: Blender create Mesh node COL_corridor_side.006
22:08:17 | INFO: Blender create Mesh node COL_corridor_post.005
22:08:17 | INFO: Blender create Mesh node COL_corridor_post.006
22:08:17 | INFO: Blender create Mesh node COL_corridor_floor.004
22:08:17 | INFO: Blender create Mesh node COL_corridor_side.007
22:08:17 | INFO: Blender create Mesh node COL_corridor_side.008
22:08:17 | INFO: Blender create Mesh node COL_corridor_post.007
22:08:17 | INFO: Blender create Mesh node COL_corridor_post.008
22:08:17 | INFO: Blender create Mesh node COL_corridor_floor.005
22:08:17 | INFO: Blender create Mesh node COL_corridor_side.009
22:08:17 | INFO: Blender create Mesh node COL_corridor_side.010
22:08:17 | INFO: Blender create Mesh node COL_corridor_post.009
22:08:17 | INFO: Blender create Mesh node COL_corridor_post.010
22:08:17 | INFO: Blender create Mesh node COL_corridor_floor.006
22:08:17 | INFO: Blender create Mesh node COL_corridor_side.011
22:08:17 | INFO: Blender create Mesh node COL_corridor_post.011
22:08:17 | INFO: Blender create Mesh node COL_corridor_post.012
22:08:17 | INFO: Blender create Mesh node COL_corridor_floor.007
22:08:17 | INFO: Blender create Mesh node COL_corridor_side.012
22:08:17 | INFO: Blender create Mesh node COL_corridor_post.013
22:08:17 | INFO: Blender create Mesh node COL_corridor_floor.008
22:08:17 | INFO: Blender create Mesh node COL_corridor_side.013
22:08:17 | INFO: Blender create Mesh node COL_corridor_side.014
22:08:17 | INFO: Blender create Mesh node COL_corridor_post.014
22:08:17 | INFO: Blender create Mesh node COL_corridor_post.015
22:08:17 | INFO: Blender create Mesh node COL_corridor_floor.013
22:08:17 | INFO: Blender create Mesh node COL_corridor_side.023
22:08:17 | INFO: Blender create Mesh node COL_corridor_side.024
22:08:17 | INFO: Blender create Mesh node COL_corridor_post.024
22:08:17 | INFO: Blender create Mesh node COL_corridor_post.025
22:08:17 | INFO: Blender create Mesh node COL_corridor_floor.014
22:08:17 | INFO: Blender create Mesh node COL_corridor_side.025
22:08:17 | INFO: Blender create Mesh node COL_corridor_side.026
22:08:17 | INFO: Blender create Mesh node COL_corridor_post.026
22:08:17 | INFO: Blender create Mesh node COL_corridor_post.027
22:08:17 | INFO: Blender create Mesh node COL_corridor_floor.015
22:08:17 | INFO: Blender create Mesh node COL_corridor_side.027
22:08:17 | INFO: Blender create Mesh node COL_corridor_side.028
22:08:17 | INFO: Blender create Mesh node COL_corridor_post.028
22:08:17 | INFO: Blender create Mesh node COL_corridor_post.029
22:08:17 | INFO: Blender create Mesh node COL_corridor_floor.016
22:08:17 | INFO: Blender create Mesh node COL_corridor_side.029
22:08:17 | INFO: Blender create Mesh node COL_corridor_side.030
22:08:17 | INFO: Blender create Mesh node COL_corridor_post.030
22:08:17 | INFO: Blender create Mesh node COL_corridor_post.031
22:08:17 | INFO: Blender create Mesh node COL_qinfang_deck.001
22:08:17 | INFO: Blender create Mesh node COL_pavilion_bench.001
22:08:17 | INFO: Blender create Mesh node COL_pavilion_bench.002
22:08:17 | INFO: Blender create Mesh node COL_pavilion_bracket.001
22:08:17 | INFO: Blender create Mesh node COL_pavilion_bracket.002
22:08:17 | INFO: Blender create Mesh node COL_pavilion_bracket.003
22:08:17 | INFO: Blender create Mesh node COL_pavilion_bracket.004
22:08:17 | INFO: Blender create Mesh node COL_pavilion_bracket.005
22:08:17 | INFO: Blender create Mesh node COL_pavilion_bracket.006
22:08:17 | INFO: Blender create Mesh node COL_pavilion_post.001
22:08:17 | INFO: Blender create Mesh node COL_pavilion_post.002
22:08:17 | INFO: Blender create Mesh node COL_pavilion_post.003
22:08:17 | INFO: Blender create Mesh node COL_pavilion_post.004
22:08:17 | INFO: Blender create Mesh node COL_pavilion_post.005
22:08:17 | INFO: Blender create Mesh node COL_pavilion_post.006
22:08:17 | INFO: Blender create Mesh node COL_pavilion_roof.001
22:08:17 | INFO: Blender create Mesh node COL_qiushuang-zhai_floor.001
22:08:17 | INFO: Blender create Mesh node Cube.009
22:08:17 | INFO: Blender create Mesh node Cube.011
22:08:17 | INFO: Blender create Mesh node Cube.012
22:08:17 | INFO: Blender create Mesh node Cube.013
22:08:17 | INFO: Blender create Mesh node Cube.019
22:08:17 | INFO: Blender create Mesh node Cube.020
22:08:17 | INFO: Blender create Mesh node Cube.023
22:08:17 | INFO: Blender create Mesh node Cube.024
22:08:17 | INFO: Blender create Mesh node Cube.048
22:08:17 | INFO: Blender create Mesh node Cube.050
22:08:17 | INFO: Blender create Mesh node Cube.052
22:08:17 | INFO: Blender create Mesh node Cube.092
22:08:17 | INFO: Blender create Mesh node Cube.093
22:08:17 | INFO: Blender create Mesh node Cube.094
22:08:17 | INFO: Blender create Mesh node Cube.095
22:08:17 | INFO: Blender create Mesh node Cube.096
22:08:17 | INFO: Blender create Mesh node Cube.097
22:08:17 | INFO: Blender create Mesh node Cube.098
22:08:17 | INFO: Blender create Mesh node Cube.099
22:08:17 | INFO: Blender create Mesh node Cube.100
22:08:17 | INFO: Blender create Mesh node Cube.101
22:08:17 | INFO: Blender create Mesh node Cube.102
22:08:17 | INFO: Blender create Mesh node Cube.103
22:08:17 | INFO: Blender create Mesh node Cube.104
22:08:17 | INFO: Blender create Mesh node Cube.105
22:08:17 | INFO: Blender create Mesh node Cube.106
22:08:17 | INFO: Blender create Mesh node Cube.107
22:08:17 | INFO: Blender create Mesh node Cube.108
22:08:17 | INFO: Blender create Mesh node Cube.109
22:08:17 | INFO: Blender create Mesh node Cube.110
22:08:17 | INFO: Blender create Mesh node Cube.111
22:08:17 | INFO: Blender create Mesh node Cube.112
22:08:17 | INFO: Blender create Mesh node Cube.113
22:08:17 | INFO: Blender create Mesh node Cube.114
22:08:17 | INFO: Blender create Mesh node Cube.115
22:08:17 | INFO: Blender create Mesh node Cube.116
22:08:17 | INFO: Blender create Mesh node Cube.117
22:08:17 | INFO: Blender create Mesh node Cube.118
22:08:17 | INFO: Blender create Mesh node Cube.119
22:08:17 | INFO: Blender create Mesh node Cube.120
22:08:17 | INFO: Blender create Mesh node Cube.121
22:08:17 | INFO: Blender create Mesh node Cube.122
22:08:17 | INFO: Blender create Mesh node Cube.123
22:08:17 | INFO: Blender create Mesh node Cube.124
22:08:17 | INFO: Blender create Mesh node Cube.125
22:08:17 | INFO: Blender create Mesh node Cube.126
22:08:17 | INFO: Blender create Mesh node Cube.127
22:08:17 | INFO: Blender create Mesh node Cube.128
22:08:17 | INFO: Blender create Mesh node Cube.129
22:08:17 | INFO: Blender create Mesh node Cube.130
22:08:17 | INFO: Blender create Mesh node Cube.131
22:08:17 | INFO: Blender create Mesh node Cube.132
22:08:17 | INFO: Blender create Mesh node Cube.133
22:08:17 | INFO: Blender create Mesh node Cube.134
22:08:17 | INFO: Blender create Mesh node Cube.135
22:08:17 | INFO: Blender create Mesh node Cube.136
22:08:17 | INFO: Blender create Mesh node Cube.137
22:08:17 | INFO: Blender create Mesh node Cube.138
22:08:17 | INFO: Blender create Mesh node Cube.139
22:08:17 | INFO: Blender create Mesh node Cube.140
22:08:17 | INFO: Blender create Mesh node Cube.141
22:08:17 | INFO: Blender create Mesh node Cube.142
22:08:17 | INFO: Blender create Mesh node Cube.143
22:08:17 | INFO: Blender create Mesh node Cube.144
22:08:17 | INFO: Blender create Mesh node Cube.193
22:08:17 | INFO: Blender create Mesh node Cube.194
22:08:17 | INFO: Blender create Mesh node Cube.195
22:08:17 | INFO: Blender create Mesh node Cube.196
22:08:17 | INFO: Blender create Mesh node Cube.197
22:08:17 | INFO: Blender create Mesh node Cube.198
22:08:17 | INFO: Blender create Mesh node Cube.199
22:08:17 | INFO: Blender create Mesh node Cube.200
22:08:17 | INFO: Blender create Mesh node COL_stone_walk.005
22:08:17 | INFO: Blender create Mesh node COL_stone_walk.008
22:08:17 | INFO: Blender create Mesh node COL_stone_walk.009
22:08:17 | INFO: Blender create Mesh node COL_stone_walk.010
22:08:17 | INFO: Blender create Mesh node COL_stone_walk.011
22:08:17 | INFO: Blender create Mesh node COL_stone_walk.012
22:08:17 | INFO: Blender create Mesh node COL_study_approach.002
22:08:17 | INFO: Blender create Mesh node COL_study_desk_centre.002
22:08:17 | INFO: Blender create Mesh node COL_study_desk_left.002
22:08:17 | INFO: Blender create Mesh node COL_study_desk_right.002
22:08:17 | INFO: Blender create Mesh node COL_study_front_walk.002
22:08:17 | INFO: Blender create Mesh node COL_study_front_wall.002
22:08:17 | INFO: Blender create Mesh node COL_study_post.001
22:08:17 | INFO: Blender create Mesh node COL_study_post.002
22:08:17 | INFO: Blender create Mesh node COL_study_post.003
22:08:17 | INFO: Blender create Mesh node COL_study_post.008
22:08:17 | INFO: Blender create Mesh node Cube.151
22:08:17 | INFO: Blender create Mesh node Cube.152
22:08:17 | INFO: Blender create Mesh node Cube.153
22:08:17 | INFO: Blender create Mesh node Cube.154
22:08:17 | INFO: Blender create Mesh node Cube.155
22:08:17 | INFO: Blender create Mesh node Cube.156
22:08:17 | INFO: Blender create Mesh node Cube.157
22:08:17 | INFO: Blender create Mesh node Cube.158
22:08:17 | INFO: Blender create Mesh node Cube.159
22:08:17 | INFO: Blender create Mesh node Cube.160
22:08:17 | INFO: Blender create Mesh node Cube.161
22:08:17 | INFO: Blender create Mesh node Cube.162
22:08:17 | INFO: Blender create Mesh node Cube.163
22:08:17 | INFO: Blender create Mesh node Cube.164
22:08:17 | INFO: Blender create Mesh node Cube.165
22:08:17 | INFO: Blender create Mesh node Cube.166
22:08:17 | INFO: Blender create Mesh node Cube.167
22:08:17 | INFO: Blender create Mesh node Cube.168
22:08:17 | INFO: Blender create Mesh node Cube.169
22:08:17 | INFO: Blender create Mesh node Cube.170
22:08:17 | INFO: Blender create Mesh node Cube.171
22:08:17 | INFO: Blender create Mesh node Cube.172
22:08:17 | INFO: Blender create Mesh node Cube.173
22:08:17 | INFO: Blender create Mesh node Cube.174
22:08:17 | INFO: Blender create Mesh node Cube.175
22:08:17 | INFO: Blender create Mesh node Cube.176
22:08:17 | INFO: Blender create Mesh node Cube.177
22:08:17 | INFO: Blender create Mesh node Cube.178
22:08:17 | INFO: Blender create Mesh node Cube.179
22:08:17 | INFO: Blender create Mesh node Cube.180
22:08:17 | INFO: Blender create Mesh node Cube.201
22:08:17 | INFO: Blender create Mesh node Cube.202
22:08:17 | INFO: Blender create Mesh node Cube.203
22:08:17 | INFO: Blender create Mesh node Cube.181
22:08:17 | INFO: Blender create Mesh node Cube.182
22:08:17 | INFO: Blender create Mesh node Cube.183
22:08:17 | INFO: Blender create Mesh node Cube.184
22:08:17 | INFO: Blender create Mesh node Cube.185
22:08:17 | INFO: Blender create Mesh node Cube.186
22:08:17 | INFO: Blender create Mesh node Cube.187
22:08:17 | INFO: Blender create Mesh node Cube.188
22:08:17 | INFO: Blender create Mesh node Cube.189
22:08:17 | INFO: Blender create Mesh node Cube.190
22:08:17 | INFO: Blender create Mesh node Cube.191
22:08:17 | INFO: Blender create Mesh node Cube.192
22:08:17 | INFO: Blender create Mesh node COL_tubi-tang_floor.001
22:08:17 | INFO: Blender create Mesh node COL_tubi_approach.001
22:08:17 | INFO: Blender create Mesh node COL_tubi_approach.002
22:08:17 | INFO: Blender create Mesh node COL_tubi_approach.007
22:08:17 | INFO: Blender create Mesh node COL_tubi_approach.008
22:08:17 | INFO: Blender create Mesh node COL_tubi_closed_hall.002
22:08:17 | INFO: Blender create Mesh node COL_tubi_hall_post.001
22:08:17 | INFO: Blender create Mesh node COL_tubi_hall_post.002
22:08:17 | INFO: Blender create Mesh node COL_tubi_hall_post.006
22:08:17 | INFO: Blender create Mesh node COL_tubi_parapet.001
22:08:17 | INFO: Blender create Mesh node COL_tubi_parapet.002
22:08:17 | INFO: Blender create Mesh node COL_tubi_parapet.003
22:08:17 | INFO: Blender create Mesh node COL_tubi_parapet.008
22:08:17 | INFO: Blender create Mesh node COL_tubi_stair_guard.001
22:08:17 | INFO: Blender create Mesh node COL_tubi_stair_guard.004
22:08:17 | INFO: Blender create Mesh node COL_tubi_stair_ramp.002
22:08:17 | INFO: Blender create Mesh node COL_tubi_terrace.002
22:08:17 | INFO: Blender create Mesh node COL_tubi_topic_table.002
22:08:17 | INFO: Blender create Mesh node COL_tubi_view_bench_left.001
22:08:17 | INFO: Blender create Mesh node COL_tubi_view_bench_right.001
22:08:17 | INFO: Blender create Mesh node COL_water_embankment.082
22:08:17 | INFO: Blender create Mesh node COL_water_embankment.083
22:08:17 | INFO: Blender create Mesh node COL_water_embankment.084
22:08:17 | INFO: Blender create Mesh node COL_water_embankment.085
22:08:17 | INFO: Blender create Mesh node COL_water_embankment.086
22:08:17 | INFO: Blender create Mesh node COL_water_embankment.087
22:08:17 | INFO: Blender create Mesh node COL_water_embankment.088
22:08:17 | INFO: Blender create Mesh node COL_water_embankment.089
22:08:17 | INFO: Blender create Mesh node COL_water_embankment.090
22:08:17 | INFO: Blender create Mesh node COL_water_embankment.091
22:08:17 | INFO: Blender create Mesh node COL_water_embankment.092
22:08:17 | INFO: Blender create Mesh node COL_water_embankment.093
22:08:17 | INFO: Blender create Mesh node COL_water_embankment.094
22:08:17 | INFO: Blender create Mesh node COL_water_embankment.095
22:08:17 | INFO: Blender create Mesh node COL_water_embankment.096
22:08:17 | INFO: Blender create Mesh node COL_water_embankment.097
22:08:17 | INFO: Blender create Mesh node COL_water_embankment.098
22:08:17 | INFO: Blender create Mesh node COL_water_embankment.099
22:08:17 | INFO: Blender create Mesh node COL_water_embankment.100
22:08:17 | INFO: Blender create Mesh node COL_water_embankment.101
22:08:17 | INFO: Blender create Mesh node COL_water_embankment.102
22:08:17 | INFO: Blender create Mesh node COL_water_embankment.103
22:08:17 | INFO: Blender create Mesh node COL_water_embankment.104
22:08:17 | INFO: Blender create Mesh node COL_water_embankment.105
22:08:17 | INFO: Blender create Mesh node COL_water_embankment.106
22:08:17 | INFO: Blender create Mesh node COL_water_embankment.107
22:08:17 | INFO: Blender create Mesh node COL_water_embankment.108
22:08:17 | INFO: Blender create Mesh node COL_water_embankment.055
22:08:17 | INFO: Blender create Mesh node COL_water_embankment.056
22:08:17 | INFO: Blender create Mesh node COL_water_embankment.057
22:08:17 | INFO: Blender create Mesh node COL_water_embankment.058
22:08:17 | INFO: Blender create Mesh node COL_water_embankment.059
22:08:17 | INFO: Blender create Mesh node COL_water_embankment.060
22:08:17 | INFO: Blender create Mesh node COL_water_embankment.061
22:08:17 | INFO: Blender create Mesh node COL_water_embankment.062
22:08:17 | INFO: Blender create Mesh node COL_water_embankment.063
22:08:17 | INFO: Blender create Mesh node COL_water_embankment.064
22:08:17 | INFO: Blender create Mesh node COL_water_embankment.065
22:08:17 | INFO: Blender create Mesh node COL_water_embankment.066
22:08:17 | INFO: Blender create Mesh node COL_water_embankment.067
22:08:17 | INFO: Blender create Mesh node COL_water_embankment.068
22:08:17 | INFO: Blender create Mesh node COL_water_embankment.069
22:08:17 | INFO: Blender create Mesh node COL_water_embankment.070
22:08:17 | INFO: Blender create Mesh node COL_water_embankment.071
22:08:17 | INFO: Blender create Mesh node COL_water_embankment.072
22:08:17 | INFO: Blender create Mesh node COL_water_embankment.073
22:08:17 | INFO: Blender create Mesh node COL_water_embankment.074
22:08:17 | INFO: Blender create Mesh node COL_water_embankment.075
22:08:17 | INFO: Blender create Mesh node COL_water_embankment.076
22:08:17 | INFO: Blender create Mesh node COL_water_embankment.077
22:08:17 | INFO: Blender create Mesh node COL_water_embankment.078
22:08:17 | INFO: Blender create Mesh node COL_water_embankment.079
22:08:17 | INFO: Blender create Mesh node COL_water_embankment.080
22:08:17 | INFO: Blender create Mesh node COL_water_embankment.081
22:08:17 | INFO: Blender create Mesh node COL_water_bridge_side.001
22:08:17 | INFO: Blender create Mesh node COL_water_bridge_side.004
22:08:17 | INFO: Blender create Mesh node COL_water_bridge_deck.002
22:08:17 | INFO: Blender create Mesh node COL_xiaoxiang_bamboo_bed.004
22:08:17 | INFO: Blender create Mesh node COL_xiaoxiang_bamboo_bed.005
22:08:17 | INFO: Blender create Mesh node COL_xiaoxiang_bamboo_bed.006
22:08:17 | INFO: Blender create Mesh node COL_xiaoxiang_bamboo_bed.007
22:08:17 | INFO: Blender create Mesh node COL_xiaoxiang_closed_front.001
22:08:17 | INFO: Blender create Mesh node COL_xiaoxiang_floor.001
22:08:17 | INFO: Blender create Mesh node COL_xiaoxiang_return.002
22:08:17 | INFO: Blender create Mesh node COL_xiaoxiang_return.003
22:08:17 | INFO: Blender create Mesh node COL_xiaoxiang_threshold.001
22:08:17 | INFO: Blender create Mesh node COL_yihong_closed_front.002
22:08:17 | INFO: Blender create Mesh node COL_yihong_court_side.001
22:08:17 | INFO: Blender create Mesh node COL_yihong_court_side.004
22:08:17 | INFO: Blender create Mesh node COL_yihong_floor.002
22:08:17 | INFO: Blender create Mesh node COL_yihong_planter.001
22:08:17 | INFO: Blender create Mesh node COL_yihong_planter.004
22:08:17 | INFO: Blender create Mesh node COL_yihong_side_return.001
22:08:17 | INFO: Blender create Mesh node COL_yihong_side_return.004
22:08:17 | INFO: Blender create Mesh node COL_yihong_threshold.002
22:08:17 | INFO: Blender create Mesh node COL_ziling_landing.001
22:08:17 | INFO: Blender create Mesh node HERO_aojing-guan_title.002
22:08:17 | INFO: Blender create Mesh node HERO_daguan_title.001
22:08:17 | INFO: Blender create Mesh node HERO_daoxiang-cun_title.002
22:08:17 | INFO: Blender create Mesh node KIT_flora_plum_render.001
22:08:17 | INFO: Blender create Mesh node KIT_flora_plum_render.002
22:08:17 | INFO: Blender create Mesh node KIT_flora_bamboo_large_render.001
22:08:17 | INFO: Blender create Mesh node KIT_flora_bamboo_large_render.002
22:08:17 | INFO: Blender create Mesh node KIT_flora_bamboo_small_render.001
22:08:17 | INFO: Blender create Mesh node KIT_flora_willow_render.001
22:08:17 | INFO: Blender create Mesh node KIT_flora_willow_render.002
22:08:17 | INFO: Blender create Mesh node KIT_flora_bamboo_large_render.003
22:08:17 | INFO: Blender create Mesh node KIT_flora_bamboo_medium_render.001
22:08:17 | INFO: Blender create Mesh node KIT_flora_bamboo_small_render.002
22:08:17 | INFO: Blender create Mesh node KIT_flora_bamboo_large_render.004
22:08:17 | INFO: Blender create Mesh node KIT_flora_banana_render.001
22:08:17 | INFO: Blender create Mesh node KIT_flora_banana_render.002
22:08:17 | INFO: Blender create Mesh node TEMP_reed_geometry.001
22:08:17 | INFO: Blender create Mesh node TEMP_reed_geometry.002
22:08:17 | INFO: Blender create Mesh node TEMP_reed_geometry.003
22:08:17 | INFO: Blender create Mesh node TEMP_reed_geometry.004
22:08:17 | INFO: Blender create Mesh node TEMP_reed_geometry.005
22:08:17 | INFO: Blender create Mesh node TEMP_reed_geometry.006
22:08:17 | INFO: Blender create Mesh node TEMP_reed_geometry.007
22:08:17 | INFO: Blender create Mesh node TEMP_reed_geometry.008
22:08:17 | INFO: Blender create Mesh node TEMP_reed_geometry.009
22:08:17 | INFO: Blender create Mesh node TEMP_reed_geometry.010
22:08:17 | INFO: Blender create Mesh node HERO_gate_inscription.001
22:08:17 | INFO: Blender create Mesh node HERO_gate_water_drips.001
22:08:17 | INFO: Blender create Mesh node HERO_hengwu-yuan_title.002
22:08:17 | INFO: Blender create Mesh node HERO_longcui-an_title.002
22:08:17 | INFO: Blender create Mesh node HERO_qinfang-ting_title.002
22:08:17 | INFO: Blender create Mesh node HERO_qinfang_bridge.001
22:08:17 | INFO: Blender create Mesh node HERO_study_scroll_bamboo.002
22:08:17 | INFO: Blender create Mesh node HERO_study_scroll_plum.002
22:08:17 | INFO: Blender create Mesh node HERO_study_title.002
22:08:17 | INFO: Blender create Mesh node HERO_table_hexagram.001
22:08:17 | INFO: Blender create Mesh node line_piece.005
22:08:17 | INFO: Blender create Mesh node line_piece.002
22:08:17 | INFO: Blender create Mesh node line_piece.011
22:08:17 | INFO: Blender create Mesh node line_piece.008
22:08:17 | INFO: Blender create Mesh node line_piece.017
22:08:17 | INFO: Blender create Mesh node line_piece.014
22:08:17 | INFO: Blender create Mesh node line_piece.019
22:08:17 | INFO: Blender create Mesh node line_piece.018
22:08:17 | INFO: Blender create Mesh node line_piece.021
22:08:17 | INFO: Blender create Mesh node line_piece.020
22:08:17 | INFO: Blender create Mesh node line_piece.023
22:08:17 | INFO: Blender create Mesh node line_piece.022
22:08:17 | INFO: Blender create Mesh node HERO_table_pedestal.001
22:08:17 | INFO: Blender create Mesh node HERO_tubi_title.002
22:08:17 | INFO: Blender create Mesh node HERO_xiaoxiang-guan_title.002
22:08:17 | INFO: Blender create Mesh node HERO_yihong-yuan_title.002
22:08:17 | INFO: Blender create Mesh node AOJING_pond.002
22:08:17 | INFO: Blender create Mesh node AOJING_backstage.002
22:08:17 | INFO: Blender create Mesh node AOJING_amber_window.002
22:08:17 | INFO: Blender create Mesh node AOJING_window_lattice.001
22:08:17 | INFO: Blender create Mesh node AOJING_dry_ledge.002
22:08:17 | INFO: Blender create Mesh node AOJING_roof.002
22:08:17 | INFO: Blender create Mesh node AOJING_closed_front.002
22:08:17 | INFO: Blender create Mesh node DAGUAN_backstage.001
22:08:17 | INFO: Blender create Mesh node DAGUAN_door_stud.180
22:08:17 | INFO: Blender create Mesh node DAGUAN_amber_transom.002
22:08:17 | INFO: Blender create Mesh node DAGUAN_closed_door.010
22:08:17 | INFO: Blender create Mesh node DAGUAN_recessed_panel.020
22:08:17 | INFO: Blender create Mesh node DAGUAN_column.006
22:08:17 | INFO: Blender create Mesh node DAGUAN_platform.001
22:08:17 | INFO: Blender create Mesh node DAGUAN_lower_roof.001
22:08:17 | INFO: Blender create Mesh node DAGUAN_front.001
22:08:17 | INFO: Blender create Mesh node DAOXIANG_backstage.001
22:08:17 | INFO: Blender create Mesh node DAOXIANG_door_latch.001
22:08:17 | INFO: Blender create Mesh node DAOXIANG_warm_sliver.001
22:08:17 | INFO: Blender create Mesh node DAOXIANG_closed_door.001
22:08:17 | INFO: Blender create Mesh node DAOXIANG_paddy_painting.001
22:08:17 | INFO: Blender create Mesh node DAOXIANG_court.001
22:08:17 | INFO: Blender create Mesh node DAOXIANG_thatch_mass.001
22:08:17 | INFO: Blender create Mesh node DAOXIANG_front.001
22:08:17 | INFO: Blender create Mesh node SITE_hengwu-yuan_backstage.001
22:08:17 | INFO: Blender create Mesh node KIT_pavilion_finial.011
22:08:17 | INFO: Blender create Mesh node KIT_wall_amber_window.006
22:08:17 | INFO: Blender create Mesh node HENGWU_herb_leaf.001
22:08:17 | INFO: Blender create Mesh node KIT_wall_lattice_vertical.105
22:08:17 | INFO: Blender create Mesh node SITE_hengwu-yuan_platform.001
22:08:17 | INFO: Blender create Mesh node KIT_props_lantern_hanging_render.015
22:08:17 | INFO: Blender create Mesh node KIT_pavilion_roof.011
22:08:17 | INFO: Blender create Mesh node KIT_wall_bay.001
22:08:17 | INFO: Blender create Mesh node SITE_hengwu-yuan_front.001
22:08:17 | INFO: Blender create Mesh node LONGCUI_backstage.001
22:08:17 | INFO: Blender create Mesh node LONGCUI_gate_pull.002
22:08:17 | INFO: Blender create Mesh node LONGCUI_closed_gate.002
22:08:17 | INFO: Blender create Mesh node LONGCUI_paving.001
22:08:17 | INFO: Blender create Mesh node KIT_props_lantern_hanging_render.016
22:08:17 | INFO: Blender create Mesh node LONGCUI_wall_cap.001
22:08:17 | INFO: Blender create Mesh node LONGCUI_closed_front.001
22:08:17 | INFO: Blender create Mesh node KIT_props_tea_cup.006
22:08:17 | INFO: Blender create Mesh node SITE_ouxiang_deck.001
22:08:17 | INFO: Blender create Mesh node WESTERN_kit_lotus_lotus_pad.001
22:08:17 | INFO: Blender create Mesh node KIT_pavilion_water_pier.004
22:08:17 | INFO: Blender create Mesh node KIT_props_lantern_hanging_render.013
22:08:17 | INFO: Blender create Mesh node KIT_pavilion_water_hipped_roof.001
22:08:17 | INFO: Blender create Mesh node KIT_corridor_rail.008
22:08:17 | INFO: Blender create Mesh node KIT_water_lotus_lotus_pad.001
22:08:17 | INFO: Blender create Mesh node KIT_pavilion_roof_shell.001
22:08:17 | INFO: Blender create Mesh node KIT_pavilion_plinth.001
22:08:17 | INFO: Blender create Mesh node KIT_props_lantern_hanging_render.001
22:08:17 | INFO: Blender create Mesh node KIT_water_stream.001
22:08:17 | INFO: Blender create Mesh node SITE_qiushuang-zhai_backstage.001
22:08:17 | INFO: Blender create Mesh node KIT_pavilion_finial.005
22:08:17 | INFO: Blender create Mesh node KIT_wall_lattice_vertical.042
22:08:17 | INFO: Blender create Mesh node SITE_qiushuang-zhai_platform.001
22:08:17 | INFO: Blender create Mesh node KIT_props_lantern_hanging_render.010
22:08:17 | INFO: Blender create Mesh node KIT_pavilion_roof.005
22:08:17 | INFO: Blender create Mesh node KIT_tech_terminal_desk_render.007
22:08:17 | INFO: Blender create Mesh node SITE_qiushuang-zhai_front.001
22:08:17 | INFO: Blender create Mesh node GATE_banana_pseudostem.001
22:08:17 | INFO: Blender create Mesh node GATE_banana_soil.001
22:08:17 | INFO: Blender create Mesh node KIT_rockery_passage.001
22:08:17 | INFO: Blender create Mesh node GATE_paving.002
22:08:17 | INFO: Blender create Mesh node KIT_props_lantern_hanging_render.008
22:08:17 | INFO: Blender create Mesh node KIT_stage_fog_plane_render.017
22:08:17 | INFO: Blender create Mesh node KIT_stage_floor.001
22:08:17 | INFO: Blender create Mesh node AOJING_approach_guard.001
22:08:17 | INFO: Blender create Mesh node KIT_stage_painted_moon.001
22:08:17 | INFO: Blender create Mesh node KIT_stage_painted_mountain_layer.003
22:08:17 | INFO: Blender create Mesh node KIT_stage_painted_mountain_layer.004
22:08:17 | INFO: Blender create Mesh node KIT_stage_painted_mountain_layer.005
22:08:17 | INFO: Blender create Mesh node KIT_water_stone_walk.005
22:08:17 | INFO: Blender create Mesh node Painted coved ceiling candidate.001
22:08:17 | INFO: Blender create Mesh node KIT_stage_painted_canvas.002
22:08:17 | INFO: Blender create Mesh node Eight painted cyclorama arcs.001
22:08:17 | INFO: Blender create Mesh node KIT_stage_fog_plane_render.002
22:08:17 | INFO: Blender create Mesh node KIT_tech_cell_side.012
22:08:17 | INFO: Blender create Mesh node KIT_wall_window_bar.030
22:08:17 | INFO: Blender create Mesh node KIT_stage_entry_walk.002
22:08:17 | INFO: Blender create Mesh node KIT_props_folding_chair_render.001
22:08:17 | INFO: Blender create Mesh node KIT_stage_floor_boards_render.002
22:08:17 | INFO: Blender create Mesh node KIT_stage_gel_frame_render.002
22:08:17 | INFO: Blender create Mesh node KIT_stage_studio_wall_render.002
22:08:17 | INFO: Blender create Mesh node KIT_stage_fog_plane_render.020
22:08:17 | INFO: Blender create Mesh node KIT_tech_terminal_desk_render.001
22:08:17 | INFO: Blender create Mesh node KIT_props_scroll_render.001
22:08:17 | INFO: Blender create Mesh node SITE_tubi-tang_backstage.001
22:08:17 | INFO: Blender create Mesh node KIT_pavilion_finial.007
22:08:17 | INFO: Blender create Mesh node KIT_wall_amber_window.003
22:08:17 | INFO: Blender create Mesh node TUBI_topic_line.001
22:08:17 | INFO: Blender create Mesh node KIT_wall_lattice_vertical.063
22:08:17 | INFO: Blender create Mesh node SITE_tubi-tang_platform.001
22:08:17 | INFO: Blender create Mesh node KIT_props_lantern_hanging_render.012
22:08:17 | INFO: Blender create Mesh node KIT_pavilion_roof.007
22:08:18 | INFO: Blender create Mesh node TUBI_terrace.002
22:08:18 | INFO: Blender create Mesh node SITE_tubi-tang_front.001
22:08:18 | INFO: Blender create Mesh node XIAOXIANG_black_back.001
22:08:18 | INFO: Blender create Mesh node XIAOXIANG_gate_pull.002
22:08:18 | INFO: Blender create Mesh node XIAOXIANG_amber_window.001
22:08:18 | INFO: Blender create Mesh node XIAOXIANG_gate_leaf.002
22:08:18 | INFO: Blender create Mesh node XIAOXIANG_paving.001
22:08:18 | INFO: Blender create Mesh node XIAOXIANG_wall_cap.001
22:08:18 | INFO: Blender create Mesh node XIAOXIANG_closed_front.001
22:08:18 | INFO: Blender create Mesh node YIHONG_backstage.002
22:08:18 | INFO: Blender create Mesh node YIHONG_door_rail.001
22:08:18 | INFO: Blender create Mesh node YIHONG_amber_window.002
22:08:18 | INFO: Blender create Mesh node YIHONG_door_panel.001
22:08:18 | INFO: Blender create Mesh node YIHONG_paving.002
22:08:18 | INFO: Blender create Mesh node YIHONG_court_cap.001
22:08:18 | INFO: Blender create Mesh node YIHONG_closed_front.002
22:08:18 | INFO: Blender create Mesh node WESTERN_kit_lotus.004_lotus_pad.001
22:08:18 | INFO: Blender create Mesh node KIT_water_plank.002
22:08:18 | INFO: Blender create Mesh node SITE_ziling_island.001
22:08:18 | INFO: glTF import finished in 1.02s
WASH_SHADOW_INTENT {"source_glb_sha256": "c9d4fb308730733af2175c424449f8a63b731674d2527df2168a260cc0f5013e", "explicit_meshes": {"SITE_stage_MAT_stage_canopy_paint": false}, "unchanged_unflagged_meshes": 620}
/Users/auchan/projects/garden-of-dreams/.superpowers/sdd/2026-09-23-garden-completion/stage-floor-palette/candidate/scripts/bake_backdrop_wash.py:73: DeprecationWarning: 'World.use_nodes' is expected to be removed in Blender 6.0
  world.use_nodes = True
/Users/auchan/projects/garden-of-dreams/.superpowers/sdd/2026-09-23-garden-completion/stage-floor-palette/candidate/scripts/bake_backdrop_wash.py:79: DeprecationWarning: 'Material.use_nodes' is expected to be removed in Blender 6.0
  if not material.use_nodes: continue
/Users/auchan/projects/garden-of-dreams/.superpowers/sdd/2026-09-23-garden-completion/stage-floor-palette/candidate/scripts/bake_backdrop_wash.py:144: DeprecationWarning: 'Material.use_nodes' is expected to be removed in Blender 6.0
  material.use_nodes = True
Info: Baking map saved to internal image, save it externally or pack it
WASH_BAKE_TARGET SITE_stage_MAT_stage_cyclorama_moonlit_MAT_stage_atlas front
Info: Baking map saved to internal image, save it externally or pack it
WASH_BAKED {"mesh": "SITE_stage_MAT_stage_cyclorama_moonlit_MAT_stage_atlas", "texture": "SITE_stage_MAT_stage_cyclorama_moonlit_MAT_stage_atlas-front.png", "scale": 1.0, "sides": {"front": {"texture": "SITE_stage_MAT_stage_cyclorama_moonlit_MAT_stage_atlas-front.png", "scale": 1.0, "linear_max": 0.22674696147441864, "nonzero_fraction": 0.15479278564453125, "png_sha256": "ac7c5186b980111ebdffaccc35cf2968fc8cbdbe44a0552e8e2a48528c6ac1c2"}}, "double_sided": false, "backface_uv_mapping_verified": true, "unoccluded_control_max": null, "size": 512, "samples": 128, "uv_channel": 1, "uv_sha256": "b4cb62f0d74b92ad8e5dc44f8726bddcd738ae32a89846c7d29b9c072e51f8d2", "source_glb_sha256": "c9d4fb308730733af2175c424449f8a63b731674d2527df2168a260cc0f5013e", "stage_blend_sha256": "19301ade5907c6821acf3a417919b050d1579c2dec847b5779e21dfe8619f643", "authoring_blend_sha256": "43d7e33eff1dcfd64f4cf09b7ce8f04a42baef958f2d80d23d27636ae8ceaace", "site_blend_sha256": {"aojing-guan": "6e51e27950a93cd18ddb663299d9dd0e9b7e99bd8d2373caf2e95710a4e60670", "daguan-lou": "0b11728be0af7891d19d77b56dd1c858fed7b7b93db068256b8560a34c2b40e0", "daoxiang-cun": "b4351e65df5f5036ced603391c44338677be8e6c1de4055bb976b4f14eaf629a", "hengwu-yuan": "627b595b2c3e0d7b370ef92b0ad0ab2c1db6042b7ebea477b22d61ee09f975ff", "longcui-an": "e02487fee73e3b02f7bb17ae8d50d8d1f9ea9fabd734911a5d8bf578c595aaa6", "ouxiang-xie": "f7a3818f87eb1f32d0df87fa22cebdfbd07fbfdb0aa062c8fadfc9b32044dad0", "qinfang-ting": "c87e9831607d964570cc1aa8f7d8b0911ed6479f8c86292bdcd11e7437ab7b82", "qiushuang-zhai": "c2a5333ad947fd0bcf190ae563f5732d9c728f8ff592d6af5641854964052627", "tubi-tang": "81022b0f33026c2b87968b7cc43ce41a9693948e2931c97f128611118bd7eef0", "xiaoxiang-guan": "05c6fa1f72c63095298129d565a487b0885098264af509b572e36783d3ceb845", "yihong-yuan": "b0753db5b199afbcbfefc1280aaef28028c83ecb52b6550620e0c480a2208122", "ziling-zhou": "f31bca7e7b6ac76b95ad26a43371c879b96a61b9cd634e90755b74b6bd675906"}, "lights_baked": 12, "point_lights_baked": false, "pass_filter": ["DIRECT"], "shadow_intent": {"SITE_stage_MAT_stage_canopy_paint": false}}
WASH_BAKE_TARGET SITE_stage_MAT_stage_canopy_paint front
Info: Baking map saved to internal image, save it externally or pack it
WASH_BAKED {"mesh": "SITE_stage_MAT_stage_canopy_paint", "texture": "SITE_stage_MAT_stage_canopy_paint-front.png", "scale": 1.0, "sides": {"front": {"texture": "SITE_stage_MAT_stage_canopy_paint-front.png", "scale": 1.0, "linear_max": 0.10368452966213226, "nonzero_fraction": 0.043338775634765625, "png_sha256": "5fd81440353159f34f629d89d6e82f50a301bd7153e6eceaae375c6836b81f55"}}, "double_sided": false, "backface_uv_mapping_verified": true, "unoccluded_control_max": null, "size": 512, "samples": 128, "uv_channel": 1, "uv_sha256": "34649898b4b083dedd2342e75fc6151b8ded43d7dbc692bee806c8734d946358", "source_glb_sha256": "c9d4fb308730733af2175c424449f8a63b731674d2527df2168a260cc0f5013e", "stage_blend_sha256": "19301ade5907c6821acf3a417919b050d1579c2dec847b5779e21dfe8619f643", "authoring_blend_sha256": "43d7e33eff1dcfd64f4cf09b7ce8f04a42baef958f2d80d23d27636ae8ceaace", "site_blend_sha256": {"aojing-guan": "6e51e27950a93cd18ddb663299d9dd0e9b7e99bd8d2373caf2e95710a4e60670", "daguan-lou": "0b11728be0af7891d19d77b56dd1c858fed7b7b93db068256b8560a34c2b40e0", "daoxiang-cun": "b4351e65df5f5036ced603391c44338677be8e6c1de4055bb976b4f14eaf629a", "hengwu-yuan": "627b595b2c3e0d7b370ef92b0ad0ab2c1db6042b7ebea477b22d61ee09f975ff", "longcui-an": "e02487fee73e3b02f7bb17ae8d50d8d1f9ea9fabd734911a5d8bf578c595aaa6", "ouxiang-xie": "f7a3818f87eb1f32d0df87fa22cebdfbd07fbfdb0aa062c8fadfc9b32044dad0", "qinfang-ting": "c87e9831607d964570cc1aa8f7d8b0911ed6479f8c86292bdcd11e7437ab7b82", "qiushuang-zhai": "c2a5333ad947fd0bcf190ae563f5732d9c728f8ff592d6af5641854964052627", "tubi-tang": "81022b0f33026c2b87968b7cc43ce41a9693948e2931c97f128611118bd7eef0", "xiaoxiang-guan": "05c6fa1f72c63095298129d565a487b0885098264af509b572e36783d3ceb845", "yihong-yuan": "b0753db5b199afbcbfefc1280aaef28028c83ecb52b6550620e0c480a2208122", "ziling-zhou": "f31bca7e7b6ac76b95ad26a43371c879b96a61b9cd634e90755b74b6bd675906"}, "lights_baked": 12, "point_lights_baked": false, "pass_filter": ["DIRECT"], "shadow_intent": {"SITE_stage_MAT_stage_canopy_paint": false}}
WASH_BAKE_TARGET SITE_stage_MAT_painted_moon front
Info: Baking map saved to internal image, save it externally or pack it
WASH_BAKE_TARGET SITE_stage_MAT_painted_moon back
Info: Baking map saved to internal image, save it externally or pack it
WASH_BAKED {"mesh": "SITE_stage_MAT_painted_moon", "texture": "SITE_stage_MAT_painted_moon-front.png", "scale": 1.0, "sides": {"front": {"texture": "SITE_stage_MAT_painted_moon-front.png", "scale": 1.0, "linear_max": 0.22623233497142792, "nonzero_fraction": 0.21535110473632812, "png_sha256": "6e03e79c4e5539bebce3299186ebbce5be896a8086f416acbef0cf1f71f71e97"}, "back": {"texture": "SITE_stage_MAT_painted_moon-back.png", "scale": 1.0, "linear_max": 0.0005604923353530467, "nonzero_fraction": 6.4849853515625e-05, "png_sha256": "d1de1fd43e9b50aeb7f1d61f3b317c280e87ae0e5481cc210009f6e947002ad8"}}, "double_sided": true, "backface_uv_mapping_verified": true, "unoccluded_control_max": null, "size": 512, "samples": 128, "uv_channel": 1, "uv_sha256": "5b099e5e3229f0bd447f7af7de01b7d1a6392552f2c0a1b6c6c48a3b32db1ba1", "source_glb_sha256": "c9d4fb308730733af2175c424449f8a63b731674d2527df2168a260cc0f5013e", "stage_blend_sha256": "19301ade5907c6821acf3a417919b050d1579c2dec847b5779e21dfe8619f643", "authoring_blend_sha256": "43d7e33eff1dcfd64f4cf09b7ce8f04a42baef958f2d80d23d27636ae8ceaace", "site_blend_sha256": {"aojing-guan": "6e51e27950a93cd18ddb663299d9dd0e9b7e99bd8d2373caf2e95710a4e60670", "daguan-lou": "0b11728be0af7891d19d77b56dd1c858fed7b7b93db068256b8560a34c2b40e0", "daoxiang-cun": "b4351e65df5f5036ced603391c44338677be8e6c1de4055bb976b4f14eaf629a", "hengwu-yuan": "627b595b2c3e0d7b370ef92b0ad0ab2c1db6042b7ebea477b22d61ee09f975ff", "longcui-an": "e02487fee73e3b02f7bb17ae8d50d8d1f9ea9fabd734911a5d8bf578c595aaa6", "ouxiang-xie": "f7a3818f87eb1f32d0df87fa22cebdfbd07fbfdb0aa062c8fadfc9b32044dad0", "qinfang-ting": "c87e9831607d964570cc1aa8f7d8b0911ed6479f8c86292bdcd11e7437ab7b82", "qiushuang-zhai": "c2a5333ad947fd0bcf190ae563f5732d9c728f8ff592d6af5641854964052627", "tubi-tang": "81022b0f33026c2b87968b7cc43ce41a9693948e2931c97f128611118bd7eef0", "xiaoxiang-guan": "05c6fa1f72c63095298129d565a487b0885098264af509b572e36783d3ceb845", "yihong-yuan": "b0753db5b199afbcbfefc1280aaef28028c83ecb52b6550620e0c480a2208122", "ziling-zhou": "f31bca7e7b6ac76b95ad26a43371c879b96a61b9cd634e90755b74b6bd675906"}, "lights_baked": 12, "point_lights_baked": false, "pass_filter": ["DIRECT"], "shadow_intent": {"SITE_stage_MAT_stage_canopy_paint": false}}
WASH_BAKE_TARGET SITE_stage_MAT_painted_mountains_0 front
Info: Baking map saved to internal image, save it externally or pack it
WASH_BAKE_TARGET SITE_stage_MAT_painted_mountains_0 back
Info: Baking map saved to internal image, save it externally or pack it
Info: Baking map saved to internal image, save it externally or pack it
WASH_BAKED {"mesh": "SITE_stage_MAT_painted_mountains_0", "texture": "SITE_stage_MAT_painted_mountains_0-front.png", "scale": 1.0, "sides": {"front": {"texture": "SITE_stage_MAT_painted_mountains_0-front.png", "scale": 1.0, "linear_max": 0.0, "nonzero_fraction": 0.0, "png_sha256": "3d0c0bfd2c5437cbdc4f382593564b7ad0f09885073c0bff5322ab996c038e15"}, "back": {"texture": "SITE_stage_MAT_painted_mountains_0-back.png", "scale": 1.0, "linear_max": 0.0, "nonzero_fraction": 0.0, "png_sha256": "3d0c0bfd2c5437cbdc4f382593564b7ad0f09885073c0bff5322ab996c038e15"}}, "double_sided": true, "backface_uv_mapping_verified": true, "unoccluded_control_max": 0.1681901067495346, "size": 512, "samples": 128, "uv_channel": 1, "uv_sha256": "97a93dfe178ec8616ceae899da19646d791a25070984e7e1c52e562db883272c", "source_glb_sha256": "c9d4fb308730733af2175c424449f8a63b731674d2527df2168a260cc0f5013e", "stage_blend_sha256": "19301ade5907c6821acf3a417919b050d1579c2dec847b5779e21dfe8619f643", "authoring_blend_sha256": "43d7e33eff1dcfd64f4cf09b7ce8f04a42baef958f2d80d23d27636ae8ceaace", "site_blend_sha256": {"aojing-guan": "6e51e27950a93cd18ddb663299d9dd0e9b7e99bd8d2373caf2e95710a4e60670", "daguan-lou": "0b11728be0af7891d19d77b56dd1c858fed7b7b93db068256b8560a34c2b40e0", "daoxiang-cun": "b4351e65df5f5036ced603391c44338677be8e6c1de4055bb976b4f14eaf629a", "hengwu-yuan": "627b595b2c3e0d7b370ef92b0ad0ab2c1db6042b7ebea477b22d61ee09f975ff", "longcui-an": "e02487fee73e3b02f7bb17ae8d50d8d1f9ea9fabd734911a5d8bf578c595aaa6", "ouxiang-xie": "f7a3818f87eb1f32d0df87fa22cebdfbd07fbfdb0aa062c8fadfc9b32044dad0", "qinfang-ting": "c87e9831607d964570cc1aa8f7d8b0911ed6479f8c86292bdcd11e7437ab7b82", "qiushuang-zhai": "c2a5333ad947fd0bcf190ae563f5732d9c728f8ff592d6af5641854964052627", "tubi-tang": "81022b0f33026c2b87968b7cc43ce41a9693948e2931c97f128611118bd7eef0", "xiaoxiang-guan": "05c6fa1f72c63095298129d565a487b0885098264af509b572e36783d3ceb845", "yihong-yuan": "b0753db5b199afbcbfefc1280aaef28028c83ecb52b6550620e0c480a2208122", "ziling-zhou": "f31bca7e7b6ac76b95ad26a43371c879b96a61b9cd634e90755b74b6bd675906"}, "lights_baked": 12, "point_lights_baked": false, "pass_filter": ["DIRECT"], "shadow_intent": {"SITE_stage_MAT_stage_canopy_paint": false}}
WASH_BAKE_TARGET SITE_stage_MAT_painted_mountains_1 front
Info: Baking map saved to internal image, save it externally or pack it
WASH_BAKE_TARGET SITE_stage_MAT_painted_mountains_1 back
Info: Baking map saved to internal image, save it externally or pack it
WASH_BAKED {"mesh": "SITE_stage_MAT_painted_mountains_1", "texture": "SITE_stage_MAT_painted_mountains_1-front.png", "scale": 1.0, "sides": {"front": {"texture": "SITE_stage_MAT_painted_mountains_1-front.png", "scale": 1.0, "linear_max": 0.0, "nonzero_fraction": 0.0, "png_sha256": "3d0c0bfd2c5437cbdc4f382593564b7ad0f09885073c0bff5322ab996c038e15"}, "back": {"texture": "SITE_stage_MAT_painted_mountains_1-back.png", "scale": 1.0, "linear_max": 0.002930331276729703, "nonzero_fraction": 0.000690460205078125, "png_sha256": "f0d385997015691d5929ecbc6251bac694fd5ac19446bb21473f963a7841933b"}}, "double_sided": true, "backface_uv_mapping_verified": true, "unoccluded_control_max": null, "size": 512, "samples": 128, "uv_channel": 1, "uv_sha256": "31ca5f33801766d6233cd69b74f855e6f881dd986167a9859518f6206dc5bef2", "source_glb_sha256": "c9d4fb308730733af2175c424449f8a63b731674d2527df2168a260cc0f5013e", "stage_blend_sha256": "19301ade5907c6821acf3a417919b050d1579c2dec847b5779e21dfe8619f643", "authoring_blend_sha256": "43d7e33eff1dcfd64f4cf09b7ce8f04a42baef958f2d80d23d27636ae8ceaace", "site_blend_sha256": {"aojing-guan": "6e51e27950a93cd18ddb663299d9dd0e9b7e99bd8d2373caf2e95710a4e60670", "daguan-lou": "0b11728be0af7891d19d77b56dd1c858fed7b7b93db068256b8560a34c2b40e0", "daoxiang-cun": "b4351e65df5f5036ced603391c44338677be8e6c1de4055bb976b4f14eaf629a", "hengwu-yuan": "627b595b2c3e0d7b370ef92b0ad0ab2c1db6042b7ebea477b22d61ee09f975ff", "longcui-an": "e02487fee73e3b02f7bb17ae8d50d8d1f9ea9fabd734911a5d8bf578c595aaa6", "ouxiang-xie": "f7a3818f87eb1f32d0df87fa22cebdfbd07fbfdb0aa062c8fadfc9b32044dad0", "qinfang-ting": "c87e9831607d964570cc1aa8f7d8b0911ed6479f8c86292bdcd11e7437ab7b82", "qiushuang-zhai": "c2a5333ad947fd0bcf190ae563f5732d9c728f8ff592d6af5641854964052627", "tubi-tang": "81022b0f33026c2b87968b7cc43ce41a9693948e2931c97f128611118bd7eef0", "xiaoxiang-guan": "05c6fa1f72c63095298129d565a487b0885098264af509b572e36783d3ceb845", "yihong-yuan": "b0753db5b199afbcbfefc1280aaef28028c83ecb52b6550620e0c480a2208122", "ziling-zhou": "f31bca7e7b6ac76b95ad26a43371c879b96a61b9cd634e90755b74b6bd675906"}, "lights_baked": 12, "point_lights_baked": false, "pass_filter": ["DIRECT"], "shadow_intent": {"SITE_stage_MAT_stage_canopy_paint": false}}
WASH_BAKE_TARGET SITE_stage_MAT_painted_mountains_2 front
Info: Baking map saved to internal image, save it externally or pack it
WASH_BAKE_TARGET SITE_stage_MAT_painted_mountains_2 back
Info: Baking map saved to internal image, save it externally or pack it
WASH_BAKED {"mesh": "SITE_stage_MAT_painted_mountains_2", "texture": "SITE_stage_MAT_painted_mountains_2-front.png", "scale": 1.0, "sides": {"front": {"texture": "SITE_stage_MAT_painted_mountains_2-front.png", "scale": 1.0, "linear_max": 0.0, "nonzero_fraction": 0.0, "png_sha256": "3d0c0bfd2c5437cbdc4f382593564b7ad0f09885073c0bff5322ab996c038e15"}, "back": {"texture": "SITE_stage_MAT_painted_mountains_2-back.png", "scale": 1.0, "linear_max": 0.2248643934726715, "nonzero_fraction": 0.4390220642089844, "png_sha256": "5c68a64834d9b664679e937b066429b04d7b990ba2d9b874c2ea3b2fd3c224d5"}}, "double_sided": true, "backface_uv_mapping_verified": true, "unoccluded_control_max": null, "size": 512, "samples": 128, "uv_channel": 1, "uv_sha256": "91e8509c3d646b6172c291d80ea0e0e5c0a5321b8a6a1c587effd0afe71869c5", "source_glb_sha256": "c9d4fb308730733af2175c424449f8a63b731674d2527df2168a260cc0f5013e", "stage_blend_sha256": "19301ade5907c6821acf3a417919b050d1579c2dec847b5779e21dfe8619f643", "authoring_blend_sha256": "43d7e33eff1dcfd64f4cf09b7ce8f04a42baef958f2d80d23d27636ae8ceaace", "site_blend_sha256": {"aojing-guan": "6e51e27950a93cd18ddb663299d9dd0e9b7e99bd8d2373caf2e95710a4e60670", "daguan-lou": "0b11728be0af7891d19d77b56dd1c858fed7b7b93db068256b8560a34c2b40e0", "daoxiang-cun": "b4351e65df5f5036ced603391c44338677be8e6c1de4055bb976b4f14eaf629a", "hengwu-yuan": "627b595b2c3e0d7b370ef92b0ad0ab2c1db6042b7ebea477b22d61ee09f975ff", "longcui-an": "e02487fee73e3b02f7bb17ae8d50d8d1f9ea9fabd734911a5d8bf578c595aaa6", "ouxiang-xie": "f7a3818f87eb1f32d0df87fa22cebdfbd07fbfdb0aa062c8fadfc9b32044dad0", "qinfang-ting": "c87e9831607d964570cc1aa8f7d8b0911ed6479f8c86292bdcd11e7437ab7b82", "qiushuang-zhai": "c2a5333ad947fd0bcf190ae563f5732d9c728f8ff592d6af5641854964052627", "tubi-tang": "81022b0f33026c2b87968b7cc43ce41a9693948e2931c97f128611118bd7eef0", "xiaoxiang-guan": "05c6fa1f72c63095298129d565a487b0885098264af509b572e36783d3ceb845", "yihong-yuan": "b0753db5b199afbcbfefc1280aaef28028c83ecb52b6550620e0c480a2208122", "ziling-zhou": "f31bca7e7b6ac76b95ad26a43371c879b96a61b9cd634e90755b74b6bd675906"}, "lights_baked": 12, "point_lights_baked": false, "pass_filter": ["DIRECT"], "shadow_intent": {"SITE_stage_MAT_stage_canopy_paint": false}}
NATIVE_BACKDROP_WASH_PASS 6 building direct maximum 0.0
Blender 5.2.2 LTS (hash d13f752e3b9c built 2026-09-15 01:49:19)

Blender quit
