BlenderMCP addon registered
BlenderMCP addon unregistered
22:08:51 | INFO: Data are loaded, start creating Blender stuff
22:08:51 | INFO: Blender create Mesh node COL_aojing_approach.001
22:08:51 | INFO: Blender create Mesh node COL_aojing_approach.004
22:08:51 | INFO: Blender create Mesh node COL_aojing_approach_guard.001
22:08:51 | INFO: Blender create Mesh node COL_aojing_approach_guard.004
22:08:51 | INFO: Blender create Mesh node COL_aojing_approach_ramp.002
22:08:51 | INFO: Blender create Mesh node COL_aojing_closed_front.002
22:08:51 | INFO: Blender create Mesh node COL_aojing_dry_ledge.002
22:08:51 | INFO: Blender create Mesh node COL_aojing_hall_floor.002
22:08:51 | INFO: Blender create Mesh node COL_aojing_ledge_end.002
22:08:51 | INFO: Blender create Mesh node COL_aojing_ledge_parapet.002
22:08:51 | INFO: Blender create Mesh node COL_aojing_return.001
22:08:51 | INFO: Blender create Mesh node COL_aojing_return.004
22:08:51 | INFO: Blender create Mesh node Cube.147
22:08:51 | INFO: Blender create Mesh node Cube.148
22:08:51 | INFO: Blender create Mesh node Cube.149
22:08:51 | INFO: Blender create Mesh node Cube.150
22:08:51 | INFO: Blender create Mesh node COL_bridge_crosswalk.002
22:08:51 | INFO: Blender create Mesh node COL_bridge_crosswalk.003
22:08:51 | INFO: Blender create Mesh node COL_cell_floor.006
22:08:51 | INFO: Blender create Mesh node COL_cell_floor.007
22:08:51 | INFO: Blender create Mesh node COL_cell_floor.008
22:08:51 | INFO: Blender create Mesh node COL_cell_floor.009
22:08:51 | INFO: Blender create Mesh node COL_cell_floor.010
22:08:51 | INFO: Blender create Mesh node COL_cell_floor.011
22:08:51 | INFO: Blender create Mesh node COL_cell_wall.012
22:08:51 | INFO: Blender create Mesh node COL_cell_wall.013
22:08:51 | INFO: Blender create Mesh node COL_cell_wall.014
22:08:51 | INFO: Blender create Mesh node COL_cell_wall.015
22:08:51 | INFO: Blender create Mesh node COL_cell_wall.016
22:08:51 | INFO: Blender create Mesh node COL_cell_wall.017
22:08:51 | INFO: Blender create Mesh node COL_cell_wall.018
22:08:51 | INFO: Blender create Mesh node COL_cell_wall.019
22:08:51 | INFO: Blender create Mesh node COL_cell_wall.020
22:08:51 | INFO: Blender create Mesh node COL_cell_wall.021
22:08:51 | INFO: Blender create Mesh node COL_cell_wall.022
22:08:51 | INFO: Blender create Mesh node COL_cell_wall.023
22:08:51 | INFO: Blender create Mesh node COL_daguan_central_step.003
22:08:51 | INFO: Blender create Mesh node COL_daguan_central_step.004
22:08:51 | INFO: Blender create Mesh node COL_daguan_central_step.005
22:08:51 | INFO: Blender create Mesh node COL_daguan_closed_front.001
22:08:51 | INFO: Blender create Mesh node COL_daguan_column.006
22:08:51 | INFO: Blender create Mesh node COL_daguan_column.007
22:08:51 | INFO: Blender create Mesh node COL_daguan_column.008
22:08:51 | INFO: Blender create Mesh node COL_daguan_column.009
22:08:51 | INFO: Blender create Mesh node COL_daguan_column.010
22:08:51 | INFO: Blender create Mesh node COL_daguan_column.011
22:08:51 | INFO: Blender create Mesh node COL_daguan_floor.001
22:08:51 | INFO: Blender create Mesh node COL_daguan_return_wall.002
22:08:51 | INFO: Blender create Mesh node COL_daguan_return_wall.003
22:08:51 | INFO: Blender create Mesh node COL_daoxiang_approach.002
22:08:51 | INFO: Blender create Mesh node COL_daoxiang_approach.003
22:08:51 | INFO: Blender create Mesh node COL_daoxiang_closed_front.001
22:08:51 | INFO: Blender create Mesh node COL_daoxiang_court.001
22:08:51 | INFO: Blender create Mesh node COL_daoxiang_fence.004
22:08:51 | INFO: Blender create Mesh node COL_daoxiang_fence.005
22:08:51 | INFO: Blender create Mesh node COL_daoxiang_fence.006
22:08:51 | INFO: Blender create Mesh node COL_daoxiang_fence.007
22:08:51 | INFO: Blender create Mesh node COL_daoxiang_side.002
22:08:51 | INFO: Blender create Mesh node COL_daoxiang_side.003
22:08:51 | INFO: Blender create Mesh node COL_entry_corridor.001
22:08:51 | INFO: Blender create Mesh node COL_entry_walk.002
22:08:51 | INFO: Blender create Mesh node COL_entry_walk.003
22:08:51 | INFO: Blender create Mesh node COL_floor_joint_cell_threshold_0.001
22:08:51 | INFO: Blender create Mesh node COL_floor_joint_cell_threshold_1.001
22:08:51 | INFO: Blender create Mesh node COL_floor_joint_cell_threshold_2.001
22:08:51 | INFO: Blender create Mesh node COL_floor_joint_cell_threshold_3.001
22:08:51 | INFO: Blender create Mesh node COL_floor_joint_cell_threshold_4.001
22:08:51 | INFO: Blender create Mesh node COL_floor_joint_cell_threshold_5.001
22:08:51 | INFO: Blender create Mesh node COL_floor_joint_pavilion_east_joint.001
22:08:51 | INFO: Blender create Mesh node COL_floor_joint_pavilion_west_joint.001
22:08:51 | INFO: Blender create Mesh node Cube.146
22:08:51 | INFO: Blender create Mesh node Cube.145
22:08:51 | INFO: Blender create Mesh node COL_GATE_banana_planter.001
22:08:51 | INFO: Blender create Mesh node KIT_rockery_passage.022
22:08:51 | INFO: Blender create Mesh node KIT_rockery_passage.024
22:08:51 | INFO: Blender create Mesh node KIT_rockery_cliff.006
22:08:51 | INFO: Blender create Mesh node KIT_rockery_cliff.008
22:08:51 | INFO: Blender create Mesh node KIT_rockery_passage.004
22:08:51 | INFO: Blender create Mesh node KIT_rockery_passage.016
22:08:51 | INFO: Blender create Mesh node KIT_rockery_passage.018
22:08:51 | INFO: Blender create Mesh node KIT_rockery_passage.020
22:08:51 | INFO: Blender create Mesh node GATE_paving.003
22:08:51 | INFO: Blender create Mesh node COL_hengwu-yuan_floor.001
22:08:51 | INFO: Blender create Mesh node COL_hengwu_approach.002
22:08:51 | INFO: Blender create Mesh node COL_hengwu_approach.003
22:08:51 | INFO: Blender create Mesh node COL_hengwu_closed_hall.002
22:08:51 | INFO: Blender create Mesh node COL_hengwu_court.002
22:08:51 | INFO: Blender create Mesh node COL_hengwu_hall_post.001
22:08:51 | INFO: Blender create Mesh node COL_hengwu_hall_post.002
22:08:51 | INFO: Blender create Mesh node COL_hengwu_hall_post.006
22:08:51 | INFO: Blender create Mesh node COL_wall_bay.001
22:08:51 | INFO: Blender create Mesh node COL_wall_bay.002
22:08:51 | INFO: Blender create Mesh node COL_wall_bay.003
22:08:51 | INFO: Blender create Mesh node COL_wall_bay.004
22:08:51 | INFO: Blender create Mesh node COL_wall_bay.005
22:08:51 | INFO: Blender create Mesh node COL_wall_bay.006
22:08:51 | INFO: Blender create Mesh node KIT_wall_plaster.002
22:08:51 | INFO: Blender create Mesh node COL_wall_window.001
22:08:51 | INFO: Blender create Mesh node COL_wall_window.002
22:08:51 | INFO: Blender create Mesh node COL_hengwu_rock.001
22:08:51 | INFO: Blender create Mesh node COL_hengwu_rock.002
22:08:51 | INFO: Blender create Mesh node COL_hengwu_rock.006
22:08:51 | INFO: Blender create Mesh node COL_hengwu_stool.001
22:08:51 | INFO: Blender create Mesh node COL_hengwu_stool.002
22:08:51 | INFO: Blender create Mesh node COL_hengwu_stool.003
22:08:51 | INFO: Blender create Mesh node COL_hengwu_stool.008
22:08:51 | INFO: Blender create Mesh node COL_hengwu_table.002
22:08:51 | INFO: Blender create Mesh node COL_longcui_approach.003
22:08:51 | INFO: Blender create Mesh node COL_longcui_approach.004
22:08:51 | INFO: Blender create Mesh node COL_longcui_approach.005
22:08:51 | INFO: Blender create Mesh node COL_longcui_burner.001
22:08:51 | INFO: Blender create Mesh node COL_longcui_closed_front.001
22:08:51 | INFO: Blender create Mesh node COL_longcui_floor.001
22:08:51 | INFO: Blender create Mesh node COL_longcui_plum_trunk.002
22:08:51 | INFO: Blender create Mesh node COL_longcui_plum_trunk.003
22:08:51 | INFO: Blender create Mesh node COL_longcui_return.002
22:08:51 | INFO: Blender create Mesh node COL_longcui_return.003
22:08:51 | INFO: Blender create Mesh node COL_longcui_threshold.001
22:08:51 | INFO: Blender create Mesh node COL_ouxiang_approach.001
22:08:51 | INFO: Blender create Mesh node COL_ouxiang_deck.001
22:08:51 | INFO: Blender create Mesh node COL_ouxiang_post.004
22:08:51 | INFO: Blender create Mesh node COL_ouxiang_post.005
22:08:51 | INFO: Blender create Mesh node COL_ouxiang_post.006
22:08:51 | INFO: Blender create Mesh node COL_ouxiang_post.007
22:08:51 | INFO: Blender create Mesh node COL_ouxiang_rail.002
22:08:51 | INFO: Blender create Mesh node COL_ouxiang_rail.003
22:08:51 | INFO: Blender create Mesh node COL_ouxiang_side_rail.004
22:08:51 | INFO: Blender create Mesh node COL_ouxiang_side_rail.005
22:08:51 | INFO: Blender create Mesh node COL_ouxiang_side_rail.006
22:08:51 | INFO: Blender create Mesh node COL_ouxiang_side_rail.007
22:08:51 | INFO: Blender create Mesh node COL_ouxiang_table.001
22:08:51 | INFO: Blender create Mesh node COL_corridor_floor.009
22:08:51 | INFO: Blender create Mesh node COL_corridor_side.015
22:08:51 | INFO: Blender create Mesh node COL_corridor_side.016
22:08:51 | INFO: Blender create Mesh node COL_corridor_post.016
22:08:51 | INFO: Blender create Mesh node COL_corridor_post.017
22:08:51 | INFO: Blender create Mesh node COL_corridor_floor.010
22:08:51 | INFO: Blender create Mesh node COL_corridor_side.017
22:08:51 | INFO: Blender create Mesh node COL_corridor_side.018
22:08:51 | INFO: Blender create Mesh node COL_corridor_post.018
22:08:51 | INFO: Blender create Mesh node COL_corridor_post.019
22:08:51 | INFO: Blender create Mesh node COL_corridor_floor.011
22:08:51 | INFO: Blender create Mesh node COL_corridor_side.019
22:08:51 | INFO: Blender create Mesh node COL_corridor_side.020
22:08:51 | INFO: Blender create Mesh node COL_corridor_post.020
22:08:51 | INFO: Blender create Mesh node COL_corridor_post.021
22:08:51 | INFO: Blender create Mesh node COL_corridor_floor.012
22:08:51 | INFO: Blender create Mesh node COL_corridor_side.021
22:08:51 | INFO: Blender create Mesh node COL_corridor_side.022
22:08:51 | INFO: Blender create Mesh node COL_corridor_post.022
22:08:51 | INFO: Blender create Mesh node COL_corridor_post.023
22:08:51 | INFO: Blender create Mesh node COL_corridor_floor.001
22:08:51 | INFO: Blender create Mesh node COL_corridor_side.001
22:08:51 | INFO: Blender create Mesh node COL_corridor_side.002
22:08:51 | INFO: Blender create Mesh node COL_corridor_post.001
22:08:51 | INFO: Blender create Mesh node COL_corridor_post.002
22:08:51 | INFO: Blender create Mesh node COL_corridor_floor.002
22:08:51 | INFO: Blender create Mesh node COL_corridor_side.003
22:08:51 | INFO: Blender create Mesh node COL_corridor_side.004
22:08:51 | INFO: Blender create Mesh node COL_corridor_post.003
22:08:51 | INFO: Blender create Mesh node COL_corridor_post.004
22:08:51 | INFO: Blender create Mesh node COL_corridor_floor.003
22:08:51 | INFO: Blender create Mesh node COL_corridor_side.005
22:08:51 | INFO: Blender create Mesh node COL_corridor_side.006
22:08:51 | INFO: Blender create Mesh node COL_corridor_post.005
22:08:51 | INFO: Blender create Mesh node COL_corridor_post.006
22:08:51 | INFO: Blender create Mesh node COL_corridor_floor.004
22:08:51 | INFO: Blender create Mesh node COL_corridor_side.007
22:08:51 | INFO: Blender create Mesh node COL_corridor_side.008
22:08:51 | INFO: Blender create Mesh node COL_corridor_post.007
22:08:51 | INFO: Blender create Mesh node COL_corridor_post.008
22:08:51 | INFO: Blender create Mesh node COL_corridor_floor.005
22:08:51 | INFO: Blender create Mesh node COL_corridor_side.009
22:08:51 | INFO: Blender create Mesh node COL_corridor_side.010
22:08:51 | INFO: Blender create Mesh node COL_corridor_post.009
22:08:51 | INFO: Blender create Mesh node COL_corridor_post.010
22:08:51 | INFO: Blender create Mesh node COL_corridor_floor.006
22:08:51 | INFO: Blender create Mesh node COL_corridor_side.011
22:08:51 | INFO: Blender create Mesh node COL_corridor_post.011
22:08:51 | INFO: Blender create Mesh node COL_corridor_post.012
22:08:51 | INFO: Blender create Mesh node COL_corridor_floor.007
22:08:51 | INFO: Blender create Mesh node COL_corridor_side.012
22:08:51 | INFO: Blender create Mesh node COL_corridor_post.013
22:08:51 | INFO: Blender create Mesh node COL_corridor_floor.008
22:08:51 | INFO: Blender create Mesh node COL_corridor_side.013
22:08:51 | INFO: Blender create Mesh node COL_corridor_side.014
22:08:51 | INFO: Blender create Mesh node COL_corridor_post.014
22:08:51 | INFO: Blender create Mesh node COL_corridor_post.015
22:08:51 | INFO: Blender create Mesh node COL_corridor_floor.013
22:08:51 | INFO: Blender create Mesh node COL_corridor_side.023
22:08:51 | INFO: Blender create Mesh node COL_corridor_side.024
22:08:51 | INFO: Blender create Mesh node COL_corridor_post.024
22:08:51 | INFO: Blender create Mesh node COL_corridor_post.025
22:08:51 | INFO: Blender create Mesh node COL_corridor_floor.014
22:08:51 | INFO: Blender create Mesh node COL_corridor_side.025
22:08:51 | INFO: Blender create Mesh node COL_corridor_side.026
22:08:51 | INFO: Blender create Mesh node COL_corridor_post.026
22:08:51 | INFO: Blender create Mesh node COL_corridor_post.027
22:08:51 | INFO: Blender create Mesh node COL_corridor_floor.015
22:08:51 | INFO: Blender create Mesh node COL_corridor_side.027
22:08:51 | INFO: Blender create Mesh node COL_corridor_side.028
22:08:51 | INFO: Blender create Mesh node COL_corridor_post.028
22:08:51 | INFO: Blender create Mesh node COL_corridor_post.029
22:08:51 | INFO: Blender create Mesh node COL_corridor_floor.016
22:08:51 | INFO: Blender create Mesh node COL_corridor_side.029
22:08:51 | INFO: Blender create Mesh node COL_corridor_side.030
22:08:51 | INFO: Blender create Mesh node COL_corridor_post.030
22:08:51 | INFO: Blender create Mesh node COL_corridor_post.031
22:08:51 | INFO: Blender create Mesh node COL_qinfang_deck.001
22:08:51 | INFO: Blender create Mesh node COL_pavilion_bench.001
22:08:51 | INFO: Blender create Mesh node COL_pavilion_bench.002
22:08:51 | INFO: Blender create Mesh node COL_pavilion_bracket.001
22:08:51 | INFO: Blender create Mesh node COL_pavilion_bracket.002
22:08:51 | INFO: Blender create Mesh node COL_pavilion_bracket.003
22:08:51 | INFO: Blender create Mesh node COL_pavilion_bracket.004
22:08:51 | INFO: Blender create Mesh node COL_pavilion_bracket.005
22:08:51 | INFO: Blender create Mesh node COL_pavilion_bracket.006
22:08:51 | INFO: Blender create Mesh node COL_pavilion_post.001
22:08:51 | INFO: Blender create Mesh node COL_pavilion_post.002
22:08:51 | INFO: Blender create Mesh node COL_pavilion_post.003
22:08:51 | INFO: Blender create Mesh node COL_pavilion_post.004
22:08:51 | INFO: Blender create Mesh node COL_pavilion_post.005
22:08:51 | INFO: Blender create Mesh node COL_pavilion_post.006
22:08:51 | INFO: Blender create Mesh node COL_pavilion_roof.001
22:08:51 | INFO: Blender create Mesh node COL_qiushuang-zhai_floor.001
22:08:51 | INFO: Blender create Mesh node Cube.009
22:08:51 | INFO: Blender create Mesh node Cube.011
22:08:51 | INFO: Blender create Mesh node Cube.012
22:08:51 | INFO: Blender create Mesh node Cube.013
22:08:51 | INFO: Blender create Mesh node Cube.019
22:08:51 | INFO: Blender create Mesh node Cube.020
22:08:51 | INFO: Blender create Mesh node Cube.023
22:08:51 | INFO: Blender create Mesh node Cube.024
22:08:51 | INFO: Blender create Mesh node Cube.048
22:08:51 | INFO: Blender create Mesh node Cube.050
22:08:51 | INFO: Blender create Mesh node Cube.052
22:08:51 | INFO: Blender create Mesh node Cube.092
22:08:51 | INFO: Blender create Mesh node Cube.093
22:08:51 | INFO: Blender create Mesh node Cube.094
22:08:51 | INFO: Blender create Mesh node Cube.095
22:08:51 | INFO: Blender create Mesh node Cube.096
22:08:51 | INFO: Blender create Mesh node Cube.097
22:08:51 | INFO: Blender create Mesh node Cube.098
22:08:51 | INFO: Blender create Mesh node Cube.099
22:08:51 | INFO: Blender create Mesh node Cube.100
22:08:51 | INFO: Blender create Mesh node Cube.101
22:08:51 | INFO: Blender create Mesh node Cube.102
22:08:51 | INFO: Blender create Mesh node Cube.103
22:08:51 | INFO: Blender create Mesh node Cube.104
22:08:51 | INFO: Blender create Mesh node Cube.105
22:08:51 | INFO: Blender create Mesh node Cube.106
22:08:51 | INFO: Blender create Mesh node Cube.107
22:08:51 | INFO: Blender create Mesh node Cube.108
22:08:51 | INFO: Blender create Mesh node Cube.109
22:08:51 | INFO: Blender create Mesh node Cube.110
22:08:51 | INFO: Blender create Mesh node Cube.111
22:08:51 | INFO: Blender create Mesh node Cube.112
22:08:51 | INFO: Blender create Mesh node Cube.113
22:08:51 | INFO: Blender create Mesh node Cube.114
22:08:51 | INFO: Blender create Mesh node Cube.115
22:08:51 | INFO: Blender create Mesh node Cube.116
22:08:51 | INFO: Blender create Mesh node Cube.117
22:08:51 | INFO: Blender create Mesh node Cube.118
22:08:51 | INFO: Blender create Mesh node Cube.119
22:08:51 | INFO: Blender create Mesh node Cube.120
22:08:51 | INFO: Blender create Mesh node Cube.121
22:08:51 | INFO: Blender create Mesh node Cube.122
22:08:51 | INFO: Blender create Mesh node Cube.123
22:08:51 | INFO: Blender create Mesh node Cube.124
22:08:51 | INFO: Blender create Mesh node Cube.125
22:08:51 | INFO: Blender create Mesh node Cube.126
22:08:51 | INFO: Blender create Mesh node Cube.127
22:08:51 | INFO: Blender create Mesh node Cube.128
22:08:51 | INFO: Blender create Mesh node Cube.129
22:08:51 | INFO: Blender create Mesh node Cube.130
22:08:51 | INFO: Blender create Mesh node Cube.131
22:08:51 | INFO: Blender create Mesh node Cube.132
22:08:51 | INFO: Blender create Mesh node Cube.133
22:08:51 | INFO: Blender create Mesh node Cube.134
22:08:51 | INFO: Blender create Mesh node Cube.135
22:08:51 | INFO: Blender create Mesh node Cube.136
22:08:51 | INFO: Blender create Mesh node Cube.137
22:08:51 | INFO: Blender create Mesh node Cube.138
22:08:51 | INFO: Blender create Mesh node Cube.139
22:08:51 | INFO: Blender create Mesh node Cube.140
22:08:51 | INFO: Blender create Mesh node Cube.141
22:08:51 | INFO: Blender create Mesh node Cube.142
22:08:51 | INFO: Blender create Mesh node Cube.143
22:08:51 | INFO: Blender create Mesh node Cube.144
22:08:51 | INFO: Blender create Mesh node Cube.193
22:08:51 | INFO: Blender create Mesh node Cube.194
22:08:51 | INFO: Blender create Mesh node Cube.195
22:08:51 | INFO: Blender create Mesh node Cube.196
22:08:51 | INFO: Blender create Mesh node Cube.197
22:08:51 | INFO: Blender create Mesh node Cube.198
22:08:51 | INFO: Blender create Mesh node Cube.199
22:08:51 | INFO: Blender create Mesh node Cube.200
22:08:51 | INFO: Blender create Mesh node COL_stone_walk.005
22:08:51 | INFO: Blender create Mesh node COL_stone_walk.008
22:08:51 | INFO: Blender create Mesh node COL_stone_walk.009
22:08:51 | INFO: Blender create Mesh node COL_stone_walk.010
22:08:51 | INFO: Blender create Mesh node COL_stone_walk.011
22:08:51 | INFO: Blender create Mesh node COL_stone_walk.012
22:08:51 | INFO: Blender create Mesh node COL_study_approach.002
22:08:51 | INFO: Blender create Mesh node COL_study_desk_centre.002
22:08:51 | INFO: Blender create Mesh node COL_study_desk_left.002
22:08:51 | INFO: Blender create Mesh node COL_study_desk_right.002
22:08:51 | INFO: Blender create Mesh node COL_study_front_walk.002
22:08:51 | INFO: Blender create Mesh node COL_study_front_wall.002
22:08:51 | INFO: Blender create Mesh node COL_study_post.001
22:08:51 | INFO: Blender create Mesh node COL_study_post.002
22:08:51 | INFO: Blender create Mesh node COL_study_post.003
22:08:51 | INFO: Blender create Mesh node COL_study_post.008
22:08:51 | INFO: Blender create Mesh node Cube.151
22:08:51 | INFO: Blender create Mesh node Cube.152
22:08:51 | INFO: Blender create Mesh node Cube.153
22:08:51 | INFO: Blender create Mesh node Cube.154
22:08:51 | INFO: Blender create Mesh node Cube.155
22:08:51 | INFO: Blender create Mesh node Cube.156
22:08:51 | INFO: Blender create Mesh node Cube.157
22:08:51 | INFO: Blender create Mesh node Cube.158
22:08:51 | INFO: Blender create Mesh node Cube.159
22:08:51 | INFO: Blender create Mesh node Cube.160
22:08:51 | INFO: Blender create Mesh node Cube.161
22:08:51 | INFO: Blender create Mesh node Cube.162
22:08:51 | INFO: Blender create Mesh node Cube.163
22:08:51 | INFO: Blender create Mesh node Cube.164
22:08:51 | INFO: Blender create Mesh node Cube.165
22:08:51 | INFO: Blender create Mesh node Cube.166
22:08:51 | INFO: Blender create Mesh node Cube.167
22:08:51 | INFO: Blender create Mesh node Cube.168
22:08:51 | INFO: Blender create Mesh node Cube.169
22:08:51 | INFO: Blender create Mesh node Cube.170
22:08:51 | INFO: Blender create Mesh node Cube.171
22:08:51 | INFO: Blender create Mesh node Cube.172
22:08:51 | INFO: Blender create Mesh node Cube.173
22:08:51 | INFO: Blender create Mesh node Cube.174
22:08:51 | INFO: Blender create Mesh node Cube.175
22:08:51 | INFO: Blender create Mesh node Cube.176
22:08:51 | INFO: Blender create Mesh node Cube.177
22:08:51 | INFO: Blender create Mesh node Cube.178
22:08:51 | INFO: Blender create Mesh node Cube.179
22:08:51 | INFO: Blender create Mesh node Cube.180
22:08:51 | INFO: Blender create Mesh node Cube.201
22:08:51 | INFO: Blender create Mesh node Cube.202
22:08:51 | INFO: Blender create Mesh node Cube.203
22:08:51 | INFO: Blender create Mesh node Cube.181
22:08:51 | INFO: Blender create Mesh node Cube.182
22:08:51 | INFO: Blender create Mesh node Cube.183
22:08:51 | INFO: Blender create Mesh node Cube.184
22:08:51 | INFO: Blender create Mesh node Cube.185
22:08:51 | INFO: Blender create Mesh node Cube.186
22:08:51 | INFO: Blender create Mesh node Cube.187
22:08:51 | INFO: Blender create Mesh node Cube.188
22:08:51 | INFO: Blender create Mesh node Cube.189
22:08:51 | INFO: Blender create Mesh node Cube.190
22:08:51 | INFO: Blender create Mesh node Cube.191
22:08:51 | INFO: Blender create Mesh node Cube.192
22:08:51 | INFO: Blender create Mesh node COL_tubi-tang_floor.001
22:08:51 | INFO: Blender create Mesh node COL_tubi_approach.001
22:08:51 | INFO: Blender create Mesh node COL_tubi_approach.002
22:08:51 | INFO: Blender create Mesh node COL_tubi_approach.007
22:08:51 | INFO: Blender create Mesh node COL_tubi_approach.008
22:08:51 | INFO: Blender create Mesh node COL_tubi_closed_hall.002
22:08:51 | INFO: Blender create Mesh node COL_tubi_hall_post.001
22:08:51 | INFO: Blender create Mesh node COL_tubi_hall_post.002
22:08:51 | INFO: Blender create Mesh node COL_tubi_hall_post.006
22:08:51 | INFO: Blender create Mesh node COL_tubi_parapet.001
22:08:51 | INFO: Blender create Mesh node COL_tubi_parapet.002
22:08:51 | INFO: Blender create Mesh node COL_tubi_parapet.003
22:08:51 | INFO: Blender create Mesh node COL_tubi_parapet.008
22:08:51 | INFO: Blender create Mesh node COL_tubi_stair_guard.001
22:08:51 | INFO: Blender create Mesh node COL_tubi_stair_guard.004
22:08:51 | INFO: Blender create Mesh node COL_tubi_stair_ramp.002
22:08:51 | INFO: Blender create Mesh node COL_tubi_terrace.002
22:08:51 | INFO: Blender create Mesh node COL_tubi_topic_table.002
22:08:51 | INFO: Blender create Mesh node COL_tubi_view_bench_left.001
22:08:51 | INFO: Blender create Mesh node COL_tubi_view_bench_right.001
22:08:51 | INFO: Blender create Mesh node COL_water_embankment.082
22:08:51 | INFO: Blender create Mesh node COL_water_embankment.083
22:08:51 | INFO: Blender create Mesh node COL_water_embankment.084
22:08:51 | INFO: Blender create Mesh node COL_water_embankment.085
22:08:51 | INFO: Blender create Mesh node COL_water_embankment.086
22:08:51 | INFO: Blender create Mesh node COL_water_embankment.087
22:08:51 | INFO: Blender create Mesh node COL_water_embankment.088
22:08:51 | INFO: Blender create Mesh node COL_water_embankment.089
22:08:51 | INFO: Blender create Mesh node COL_water_embankment.090
22:08:51 | INFO: Blender create Mesh node COL_water_embankment.091
22:08:51 | INFO: Blender create Mesh node COL_water_embankment.092
22:08:51 | INFO: Blender create Mesh node COL_water_embankment.093
22:08:51 | INFO: Blender create Mesh node COL_water_embankment.094
22:08:51 | INFO: Blender create Mesh node COL_water_embankment.095
22:08:51 | INFO: Blender create Mesh node COL_water_embankment.096
22:08:51 | INFO: Blender create Mesh node COL_water_embankment.097
22:08:51 | INFO: Blender create Mesh node COL_water_embankment.098
22:08:51 | INFO: Blender create Mesh node COL_water_embankment.099
22:08:51 | INFO: Blender create Mesh node COL_water_embankment.100
22:08:51 | INFO: Blender create Mesh node COL_water_embankment.101
22:08:51 | INFO: Blender create Mesh node COL_water_embankment.102
22:08:51 | INFO: Blender create Mesh node COL_water_embankment.103
22:08:51 | INFO: Blender create Mesh node COL_water_embankment.104
22:08:51 | INFO: Blender create Mesh node COL_water_embankment.105
22:08:51 | INFO: Blender create Mesh node COL_water_embankment.106
22:08:51 | INFO: Blender create Mesh node COL_water_embankment.107
22:08:51 | INFO: Blender create Mesh node COL_water_embankment.108
22:08:51 | INFO: Blender create Mesh node COL_water_embankment.055
22:08:51 | INFO: Blender create Mesh node COL_water_embankment.056
22:08:51 | INFO: Blender create Mesh node COL_water_embankment.057
22:08:51 | INFO: Blender create Mesh node COL_water_embankment.058
22:08:51 | INFO: Blender create Mesh node COL_water_embankment.059
22:08:51 | INFO: Blender create Mesh node COL_water_embankment.060
22:08:51 | INFO: Blender create Mesh node COL_water_embankment.061
22:08:51 | INFO: Blender create Mesh node COL_water_embankment.062
22:08:51 | INFO: Blender create Mesh node COL_water_embankment.063
22:08:51 | INFO: Blender create Mesh node COL_water_embankment.064
22:08:51 | INFO: Blender create Mesh node COL_water_embankment.065
22:08:51 | INFO: Blender create Mesh node COL_water_embankment.066
22:08:51 | INFO: Blender create Mesh node COL_water_embankment.067
22:08:51 | INFO: Blender create Mesh node COL_water_embankment.068
22:08:51 | INFO: Blender create Mesh node COL_water_embankment.069
22:08:51 | INFO: Blender create Mesh node COL_water_embankment.070
22:08:51 | INFO: Blender create Mesh node COL_water_embankment.071
22:08:51 | INFO: Blender create Mesh node COL_water_embankment.072
22:08:51 | INFO: Blender create Mesh node COL_water_embankment.073
22:08:51 | INFO: Blender create Mesh node COL_water_embankment.074
22:08:51 | INFO: Blender create Mesh node COL_water_embankment.075
22:08:51 | INFO: Blender create Mesh node COL_water_embankment.076
22:08:51 | INFO: Blender create Mesh node COL_water_embankment.077
22:08:51 | INFO: Blender create Mesh node COL_water_embankment.078
22:08:51 | INFO: Blender create Mesh node COL_water_embankment.079
22:08:51 | INFO: Blender create Mesh node COL_water_embankment.080
22:08:51 | INFO: Blender create Mesh node COL_water_embankment.081
22:08:51 | INFO: Blender create Mesh node COL_water_bridge_side.001
22:08:51 | INFO: Blender create Mesh node COL_water_bridge_side.004
22:08:51 | INFO: Blender create Mesh node COL_water_bridge_deck.002
22:08:51 | INFO: Blender create Mesh node COL_xiaoxiang_bamboo_bed.004
22:08:51 | INFO: Blender create Mesh node COL_xiaoxiang_bamboo_bed.005
22:08:51 | INFO: Blender create Mesh node COL_xiaoxiang_bamboo_bed.006
22:08:51 | INFO: Blender create Mesh node COL_xiaoxiang_bamboo_bed.007
22:08:51 | INFO: Blender create Mesh node COL_xiaoxiang_closed_front.001
22:08:51 | INFO: Blender create Mesh node COL_xiaoxiang_floor.001
22:08:51 | INFO: Blender create Mesh node COL_xiaoxiang_return.002
22:08:51 | INFO: Blender create Mesh node COL_xiaoxiang_return.003
22:08:51 | INFO: Blender create Mesh node COL_xiaoxiang_threshold.001
22:08:51 | INFO: Blender create Mesh node COL_yihong_closed_front.002
22:08:51 | INFO: Blender create Mesh node COL_yihong_court_side.001
22:08:51 | INFO: Blender create Mesh node COL_yihong_court_side.004
22:08:51 | INFO: Blender create Mesh node COL_yihong_floor.002
22:08:51 | INFO: Blender create Mesh node COL_yihong_planter.001
22:08:51 | INFO: Blender create Mesh node COL_yihong_planter.004
22:08:51 | INFO: Blender create Mesh node COL_yihong_side_return.001
22:08:51 | INFO: Blender create Mesh node COL_yihong_side_return.004
22:08:51 | INFO: Blender create Mesh node COL_yihong_threshold.002
22:08:51 | INFO: Blender create Mesh node COL_ziling_landing.001
22:08:51 | INFO: Blender create Mesh node HERO_aojing-guan_title.002
22:08:51 | INFO: Blender create Mesh node HERO_daguan_title.001
22:08:51 | INFO: Blender create Mesh node HERO_daoxiang-cun_title.002
22:08:51 | INFO: Blender create Mesh node KIT_flora_plum_render.001
22:08:51 | INFO: Blender create Mesh node KIT_flora_plum_render.002
22:08:51 | INFO: Blender create Mesh node KIT_flora_bamboo_large_render.001
22:08:51 | INFO: Blender create Mesh node KIT_flora_bamboo_large_render.002
22:08:51 | INFO: Blender create Mesh node KIT_flora_bamboo_small_render.001
22:08:51 | INFO: Blender create Mesh node KIT_flora_willow_render.001
22:08:51 | INFO: Blender create Mesh node KIT_flora_willow_render.002
22:08:51 | INFO: Blender create Mesh node KIT_flora_bamboo_large_render.003
22:08:51 | INFO: Blender create Mesh node KIT_flora_bamboo_medium_render.001
22:08:51 | INFO: Blender create Mesh node KIT_flora_bamboo_small_render.002
22:08:51 | INFO: Blender create Mesh node KIT_flora_bamboo_large_render.004
22:08:51 | INFO: Blender create Mesh node KIT_flora_banana_render.001
22:08:51 | INFO: Blender create Mesh node KIT_flora_banana_render.002
22:08:51 | INFO: Blender create Mesh node TEMP_reed_geometry.001
22:08:51 | INFO: Blender create Mesh node TEMP_reed_geometry.002
22:08:51 | INFO: Blender create Mesh node TEMP_reed_geometry.003
22:08:51 | INFO: Blender create Mesh node TEMP_reed_geometry.004
22:08:51 | INFO: Blender create Mesh node TEMP_reed_geometry.005
22:08:51 | INFO: Blender create Mesh node TEMP_reed_geometry.006
22:08:51 | INFO: Blender create Mesh node TEMP_reed_geometry.007
22:08:51 | INFO: Blender create Mesh node TEMP_reed_geometry.008
22:08:51 | INFO: Blender create Mesh node TEMP_reed_geometry.009
22:08:51 | INFO: Blender create Mesh node TEMP_reed_geometry.010
22:08:51 | INFO: Blender create Mesh node HERO_gate_inscription.001
22:08:51 | INFO: Blender create Mesh node HERO_gate_water_drips.001
22:08:51 | INFO: Blender create Mesh node HERO_hengwu-yuan_title.002
22:08:51 | INFO: Blender create Mesh node HERO_longcui-an_title.002
22:08:51 | INFO: Blender create Mesh node HERO_qinfang-ting_title.002
22:08:51 | INFO: Blender create Mesh node HERO_qinfang_bridge.001
22:08:51 | INFO: Blender create Mesh node HERO_study_scroll_bamboo.002
22:08:51 | INFO: Blender create Mesh node HERO_study_scroll_plum.002
22:08:51 | INFO: Blender create Mesh node HERO_study_title.002
22:08:51 | INFO: Blender create Mesh node HERO_table_hexagram.001
22:08:51 | INFO: Blender create Mesh node line_piece.005
22:08:51 | INFO: Blender create Mesh node line_piece.002
22:08:51 | INFO: Blender create Mesh node line_piece.011
22:08:51 | INFO: Blender create Mesh node line_piece.008
22:08:51 | INFO: Blender create Mesh node line_piece.017
22:08:51 | INFO: Blender create Mesh node line_piece.014
22:08:51 | INFO: Blender create Mesh node line_piece.019
22:08:51 | INFO: Blender create Mesh node line_piece.018
22:08:51 | INFO: Blender create Mesh node line_piece.021
22:08:51 | INFO: Blender create Mesh node line_piece.020
22:08:51 | INFO: Blender create Mesh node line_piece.023
22:08:51 | INFO: Blender create Mesh node line_piece.022
22:08:51 | INFO: Blender create Mesh node HERO_table_pedestal.001
22:08:51 | INFO: Blender create Mesh node HERO_tubi_title.002
22:08:51 | INFO: Blender create Mesh node HERO_xiaoxiang-guan_title.002
22:08:51 | INFO: Blender create Mesh node HERO_yihong-yuan_title.002
22:08:51 | INFO: Blender create Mesh node AOJING_pond.002
22:08:51 | INFO: Blender create Mesh node AOJING_backstage.002
22:08:51 | INFO: Blender create Mesh node AOJING_amber_window.002
22:08:51 | INFO: Blender create Mesh node AOJING_window_lattice.001
22:08:51 | INFO: Blender create Mesh node AOJING_dry_ledge.002
22:08:51 | INFO: Blender create Mesh node AOJING_roof.002
22:08:51 | INFO: Blender create Mesh node AOJING_closed_front.002
22:08:51 | INFO: Blender create Mesh node DAGUAN_backstage.001
22:08:51 | INFO: Blender create Mesh node DAGUAN_door_stud.180
22:08:51 | INFO: Blender create Mesh node DAGUAN_amber_transom.002
22:08:51 | INFO: Blender create Mesh node DAGUAN_closed_door.010
22:08:51 | INFO: Blender create Mesh node DAGUAN_recessed_panel.020
22:08:51 | INFO: Blender create Mesh node DAGUAN_column.006
22:08:51 | INFO: Blender create Mesh node DAGUAN_platform.001
22:08:51 | INFO: Blender create Mesh node DAGUAN_lower_roof.001
22:08:51 | INFO: Blender create Mesh node DAGUAN_front.001
22:08:51 | INFO: Blender create Mesh node DAOXIANG_backstage.001
22:08:51 | INFO: Blender create Mesh node DAOXIANG_door_latch.001
22:08:51 | INFO: Blender create Mesh node DAOXIANG_warm_sliver.001
22:08:51 | INFO: Blender create Mesh node DAOXIANG_closed_door.001
22:08:51 | INFO: Blender create Mesh node DAOXIANG_paddy_painting.001
22:08:51 | INFO: Blender create Mesh node DAOXIANG_court.001
22:08:51 | INFO: Blender create Mesh node DAOXIANG_thatch_mass.001
22:08:51 | INFO: Blender create Mesh node DAOXIANG_front.001
22:08:51 | INFO: Blender create Mesh node SITE_hengwu-yuan_backstage.001
22:08:51 | INFO: Blender create Mesh node KIT_pavilion_finial.011
22:08:51 | INFO: Blender create Mesh node KIT_wall_amber_window.006
22:08:51 | INFO: Blender create Mesh node HENGWU_herb_leaf.001
22:08:51 | INFO: Blender create Mesh node KIT_wall_lattice_vertical.105
22:08:51 | INFO: Blender create Mesh node SITE_hengwu-yuan_platform.001
22:08:51 | INFO: Blender create Mesh node KIT_props_lantern_hanging_render.015
22:08:51 | INFO: Blender create Mesh node KIT_pavilion_roof.011
22:08:51 | INFO: Blender create Mesh node KIT_wall_bay.001
22:08:51 | INFO: Blender create Mesh node SITE_hengwu-yuan_front.001
22:08:51 | INFO: Blender create Mesh node LONGCUI_backstage.001
22:08:51 | INFO: Blender create Mesh node LONGCUI_gate_pull.002
22:08:51 | INFO: Blender create Mesh node LONGCUI_closed_gate.002
22:08:51 | INFO: Blender create Mesh node LONGCUI_paving.001
22:08:51 | INFO: Blender create Mesh node KIT_props_lantern_hanging_render.016
22:08:51 | INFO: Blender create Mesh node LONGCUI_wall_cap.001
22:08:51 | INFO: Blender create Mesh node LONGCUI_closed_front.001
22:08:51 | INFO: Blender create Mesh node KIT_props_tea_cup.006
22:08:51 | INFO: Blender create Mesh node SITE_ouxiang_deck.001
22:08:51 | INFO: Blender create Mesh node WESTERN_kit_lotus_lotus_pad.001
22:08:51 | INFO: Blender create Mesh node KIT_pavilion_water_pier.004
22:08:51 | INFO: Blender create Mesh node KIT_props_lantern_hanging_render.013
22:08:51 | INFO: Blender create Mesh node KIT_pavilion_water_hipped_roof.001
22:08:51 | INFO: Blender create Mesh node KIT_corridor_rail.008
22:08:51 | INFO: Blender create Mesh node KIT_water_lotus_lotus_pad.001
22:08:51 | INFO: Blender create Mesh node KIT_pavilion_roof_shell.001
22:08:51 | INFO: Blender create Mesh node KIT_pavilion_plinth.001
22:08:51 | INFO: Blender create Mesh node KIT_props_lantern_hanging_render.001
22:08:51 | INFO: Blender create Mesh node KIT_water_stream.001
22:08:51 | INFO: Blender create Mesh node SITE_qiushuang-zhai_backstage.001
22:08:51 | INFO: Blender create Mesh node KIT_pavilion_finial.005
22:08:51 | INFO: Blender create Mesh node KIT_wall_lattice_vertical.042
22:08:51 | INFO: Blender create Mesh node SITE_qiushuang-zhai_platform.001
22:08:51 | INFO: Blender create Mesh node KIT_props_lantern_hanging_render.010
22:08:51 | INFO: Blender create Mesh node KIT_pavilion_roof.005
22:08:51 | INFO: Blender create Mesh node KIT_tech_terminal_desk_render.007
22:08:51 | INFO: Blender create Mesh node SITE_qiushuang-zhai_front.001
22:08:51 | INFO: Blender create Mesh node GATE_banana_pseudostem.001
22:08:51 | INFO: Blender create Mesh node GATE_banana_soil.001
22:08:51 | INFO: Blender create Mesh node KIT_rockery_passage.001
22:08:51 | INFO: Blender create Mesh node GATE_paving.002
22:08:51 | INFO: Blender create Mesh node KIT_props_lantern_hanging_render.008
22:08:51 | INFO: Blender create Mesh node KIT_stage_fog_plane_render.017
22:08:51 | INFO: Blender create Mesh node KIT_stage_floor.001
22:08:51 | INFO: Blender create Mesh node AOJING_approach_guard.001
22:08:51 | INFO: Blender create Mesh node KIT_stage_painted_moon.001
22:08:51 | INFO: Blender create Mesh node KIT_stage_painted_mountain_layer.003
22:08:51 | INFO: Blender create Mesh node KIT_stage_painted_mountain_layer.004
22:08:51 | INFO: Blender create Mesh node KIT_stage_painted_mountain_layer.005
22:08:51 | INFO: Blender create Mesh node KIT_water_stone_walk.005
22:08:51 | INFO: Blender create Mesh node Painted coved ceiling candidate.001
22:08:51 | INFO: Blender create Mesh node KIT_stage_painted_canvas.002
22:08:51 | INFO: Blender create Mesh node Eight painted cyclorama arcs.001
22:08:51 | INFO: Blender create Mesh node KIT_stage_fog_plane_render.002
22:08:51 | INFO: Blender create Mesh node KIT_tech_cell_side.012
22:08:51 | INFO: Blender create Mesh node KIT_wall_window_bar.030
22:08:51 | INFO: Blender create Mesh node KIT_stage_entry_walk.002
22:08:51 | INFO: Blender create Mesh node KIT_props_folding_chair_render.001
22:08:51 | INFO: Blender create Mesh node KIT_stage_floor_boards_render.002
22:08:51 | INFO: Blender create Mesh node KIT_stage_gel_frame_render.002
22:08:51 | INFO: Blender create Mesh node KIT_stage_studio_wall_render.002
22:08:51 | INFO: Blender create Mesh node KIT_stage_fog_plane_render.020
22:08:51 | INFO: Blender create Mesh node KIT_tech_terminal_desk_render.001
22:08:51 | INFO: Blender create Mesh node KIT_props_scroll_render.001
22:08:51 | INFO: Blender create Mesh node SITE_tubi-tang_backstage.001
22:08:51 | INFO: Blender create Mesh node KIT_pavilion_finial.007
22:08:51 | INFO: Blender create Mesh node KIT_wall_amber_window.003
22:08:51 | INFO: Blender create Mesh node TUBI_topic_line.001
22:08:51 | INFO: Blender create Mesh node KIT_wall_lattice_vertical.063
22:08:51 | INFO: Blender create Mesh node SITE_tubi-tang_platform.001
22:08:51 | INFO: Blender create Mesh node KIT_props_lantern_hanging_render.012
22:08:51 | INFO: Blender create Mesh node KIT_pavilion_roof.007
22:08:52 | INFO: Blender create Mesh node TUBI_terrace.002
22:08:52 | INFO: Blender create Mesh node SITE_tubi-tang_front.001
22:08:52 | INFO: Blender create Mesh node XIAOXIANG_black_back.001
22:08:52 | INFO: Blender create Mesh node XIAOXIANG_gate_pull.002
22:08:52 | INFO: Blender create Mesh node XIAOXIANG_amber_window.001
22:08:52 | INFO: Blender create Mesh node XIAOXIANG_gate_leaf.002
22:08:52 | INFO: Blender create Mesh node XIAOXIANG_paving.001
22:08:52 | INFO: Blender create Mesh node XIAOXIANG_wall_cap.001
22:08:52 | INFO: Blender create Mesh node XIAOXIANG_closed_front.001
22:08:52 | INFO: Blender create Mesh node YIHONG_backstage.002
22:08:52 | INFO: Blender create Mesh node YIHONG_door_rail.001
22:08:52 | INFO: Blender create Mesh node YIHONG_amber_window.002
22:08:52 | INFO: Blender create Mesh node YIHONG_door_panel.001
22:08:52 | INFO: Blender create Mesh node YIHONG_paving.002
22:08:52 | INFO: Blender create Mesh node YIHONG_court_cap.001
22:08:52 | INFO: Blender create Mesh node YIHONG_closed_front.002
22:08:52 | INFO: Blender create Mesh node WESTERN_kit_lotus.004_lotus_pad.001
22:08:52 | INFO: Blender create Mesh node KIT_water_plank.002
22:08:52 | INFO: Blender create Mesh node SITE_ziling_island.001
22:08:52 | INFO: glTF import finished in 1.01s
Info: Baking map saved to internal image, save it externally or pack it
TERMINAL_SPILL_CONTROL direct [{'pixels': 282, 'linear_max': 0.0, 'linear_mean': [0.0, 0.0, 0.0]}, {'pixels': 314, 'linear_max': 0.0, 'linear_mean': [0.0, 0.0, 0.0]}, {'pixels': 279, 'linear_max': 0.0, 'linear_mean': [0.0, 0.0, 0.0]}, {'pixels': 292, 'linear_max': 0.0, 'linear_mean': [0.0, 0.0, 0.0]}, {'pixels': 266, 'linear_max': 0.0, 'linear_mean': [0.0, 0.0, 0.0]}, {'pixels': 249, 'linear_max': 0.0, 'linear_mean': [0.0, 0.0, 0.0]}]
/Users/auchan/projects/garden-of-dreams/.superpowers/sdd/2026-09-23-garden-completion/stage-floor-palette/candidate/scripts/bake_terminal_spill.py:101: DeprecationWarning: 'Material.use_nodes' is expected to be removed in Blender 6.0
  material.use_nodes = True
Info: Baking map saved to internal image, save it externally or pack it
TERMINAL_SPILL_CONTROL window_only [{'pixels': 282, 'linear_max': 5.030837201047689e-05, 'linear_mean': [1.083858933270676e-06, 1.4334592606246588e-06, 2.538887201808393e-06]}, {'pixels': 314, 'linear_max': 6.72836322337389e-05, 'linear_mean': [1.0395837080068304e-06, 1.435642388969427e-06, 2.7034645881940378e-06]}, {'pixels': 279, 'linear_max': 3.732814730028622e-05, 'linear_mean': [7.673118034290383e-07, 1.0180725666941726e-06, 1.8615669432620052e-06]}, {'pixels': 292, 'linear_max': 9.717855573398992e-05, 'linear_mean': [7.125375418581825e-07, 9.48722686189285e-07, 1.7798905673771515e-06]}, {'pixels': 266, 'linear_max': 5.091131606604904e-05, 'linear_mean': [5.632766146845825e-07, 7.982101237757888e-07, 1.4533345620293403e-06]}, {'pixels': 249, 'linear_max': 0.00013205793220549822, 'linear_mean': [1.073742964763369e-06, 1.514939867774956e-06, 2.9759428343822947e-06]}]
Info: Baking map saved to internal image, save it externally or pack it
TERMINAL_SPILL_CONTROL sealed [{'pixels': 282, 'linear_max': 0.0, 'linear_mean': [0.0, 0.0, 0.0]}, {'pixels': 314, 'linear_max': 0.0, 'linear_mean': [0.0, 0.0, 0.0]}, {'pixels': 279, 'linear_max': 0.0, 'linear_mean': [0.0, 0.0, 0.0]}, {'pixels': 292, 'linear_max': 0.0, 'linear_mean': [0.0, 0.0, 0.0]}, {'pixels': 266, 'linear_max': 0.0, 'linear_mean': [0.0, 0.0, 0.0]}, {'pixels': 249, 'linear_max': 0.0, 'linear_mean': [0.0, 0.0, 0.0]}]
Info: Baking map saved to internal image, save it externally or pack it
TERMINAL_SPILL_CONTROL washes_off [{'pixels': 282, 'linear_max': 0.0, 'linear_mean': [0.0, 0.0, 0.0]}, {'pixels': 314, 'linear_max': 0.0, 'linear_mean': [0.0, 0.0, 0.0]}, {'pixels': 279, 'linear_max': 0.0, 'linear_mean': [0.0, 0.0, 0.0]}, {'pixels': 292, 'linear_max': 0.0, 'linear_mean': [0.0, 0.0, 0.0]}, {'pixels': 266, 'linear_max': 0.0, 'linear_mean': [0.0, 0.0, 0.0]}, {'pixels': 249, 'linear_max': 0.0, 'linear_mean': [0.0, 0.0, 0.0]}]
Info: Baking map saved to internal image, save it externally or pack it
TERMINAL_SPILL_BAKED SITE_terminal-cells_MAT_backstage 0.008708635345101357 0.4048271179199219
Info: Baking map saved to internal image, save it externally or pack it
TERMINAL_SPILL_BAKED SITE_terminal-cells_MAT_lattice_wood 0.0025435062125325203 0.24979400634765625
Info: Baking map saved to internal image, save it externally or pack it
TERMINAL_SPILL_BAKED SITE_terminal-cells_MAT_plaster_rock 0.0014821619261056185 0.28022003173828125
Info: Baking map saved to internal image, save it externally or pack it
TERMINAL_SPILL_BAKED SITE_terminal-cells_MAT_props_atlas 0.00035744108026847243 0.43047332763671875
Info: Baking map saved to internal image, save it externally or pack it
TERMINAL_SPILL_BAKED SITE_terminal-cells_MAT_stage_atlas 0.0011418258072808385 0.11767196655273438
Info: Baking map saved to internal image, save it externally or pack it
TERMINAL_SPILL_BAKED SITE_terminal-cells_MAT_tech_atlas 0.0012542841723188758 0.14218902587890625
Info: Baking map saved to internal image, save it externally or pack it
TERMINAL_SPILL_BAKED SITE_terminal-cells_MAT_terminal_scroll 0.0008598029962740839 0.2602386474609375
NATIVE_TERMINAL_SPILL_PASS 7 source files unchanged
Blender 5.2.2 LTS (hash d13f752e3b9c built 2026-09-15 01:49:19)

Blender quit
