Godot Engine v4.7.2.stable.official.ed1daf0bf - https://godotengine.org
OpenGL API 4.1 Metal - 90.5 - Compatibility - Using Device: Apple - Apple M2 Max

ERROR: ZILING_FRAMING_REJECTED: Portrait projection: arrival-portrait
   at: push_error (core/variant/variant_utility.cpp:1023)
   GDScript backtrace (most recent call first):
       [0] check (res://tests/test_ziling_framing.gd:22)
       [1] inspect (res://tests/test_ziling_framing.gd:66)
       [2] run (res://tests/test_ziling_framing.gd:103)
       [3] settle (res://tests/test_ziling_framing.gd:30)
ERROR: ZILING_FRAMING_REJECTED: island clipped or covered: arrival-portrait
   at: push_error (core/variant/variant_utility.cpp:1023)
   GDScript backtrace (most recent call first):
       [0] check (res://tests/test_ziling_framing.gd:22)
       [1] inspect (res://tests/test_ziling_framing.gd:67)
       [2] run (res://tests/test_ziling_framing.gd:103)
       [3] settle (res://tests/test_ziling_framing.gd:30)
ERROR: ZILING_FRAMING_REJECTED: bridge clipped or covered: arrival-portrait
   at: push_error (core/variant/variant_utility.cpp:1023)
   GDScript backtrace (most recent call first):
       [0] check (res://tests/test_ziling_framing.gd:22)
       [1] inspect (res://tests/test_ziling_framing.gd:67)
       [2] run (res://tests/test_ziling_framing.gd:103)
       [3] settle (res://tests/test_ziling_framing.gd:30)
ERROR: ZILING_FRAMING_REJECTED: pavilion_roof clipped or covered: arrival-portrait
   at: push_error (core/variant/variant_utility.cpp:1023)
   GDScript backtrace (most recent call first):
       [0] check (res://tests/test_ziling_framing.gd:22)
       [1] inspect (res://tests/test_ziling_framing.gd:67)
       [2] run (res://tests/test_ziling_framing.gd:103)
       [3] settle (res://tests/test_ziling_framing.gd:30)
ERROR: ZILING_FRAMING_REJECTED: reeds clipped or covered: arrival-portrait
   at: push_error (core/variant/variant_utility.cpp:1023)
   GDScript backtrace (most recent call first):
       [0] check (res://tests/test_ziling_framing.gd:22)
       [1] inspect (res://tests/test_ziling_framing.gd:67)
       [2] run (res://tests/test_ziling_framing.gd:103)
       [3] settle (res://tests/test_ziling_framing.gd:30)
ERROR: ZILING_FRAMING_REJECTED: Island view too high: arrival-portrait
   at: push_error (core/variant/variant_utility.cpp:1023)
   GDScript backtrace (most recent call first):
       [0] check (res://tests/test_ziling_framing.gd:22)
       [1] inspect (res://tests/test_ziling_framing.gd:71)
       [2] run (res://tests/test_ziling_framing.gd:103)
       [3] settle (res://tests/test_ziling_framing.gd:30)
ERROR: ZILING_FRAMING_REJECTED: Portrait projection: arrival-narrow
   at: push_error (core/variant/variant_utility.cpp:1023)
   GDScript backtrace (most recent call first):
       [0] check (res://tests/test_ziling_framing.gd:22)
       [1] inspect (res://tests/test_ziling_framing.gd:66)
       [2] run (res://tests/test_ziling_framing.gd:104)
       [3] settle (res://tests/test_ziling_framing.gd:30)
ERROR: ZILING_FRAMING_REJECTED: island clipped or covered: arrival-narrow
   at: push_error (core/variant/variant_utility.cpp:1023)
   GDScript backtrace (most recent call first):
       [0] check (res://tests/test_ziling_framing.gd:22)
       [1] inspect (res://tests/test_ziling_framing.gd:67)
       [2] run (res://tests/test_ziling_framing.gd:104)
       [3] settle (res://tests/test_ziling_framing.gd:30)
ERROR: ZILING_FRAMING_REJECTED: bridge clipped or covered: arrival-narrow
   at: push_error (core/variant/variant_utility.cpp:1023)
   GDScript backtrace (most recent call first):
       [0] check (res://tests/test_ziling_framing.gd:22)
       [1] inspect (res://tests/test_ziling_framing.gd:67)
       [2] run (res://tests/test_ziling_framing.gd:104)
       [3] settle (res://tests/test_ziling_framing.gd:30)
ERROR: ZILING_FRAMING_REJECTED: pavilion_roof clipped or covered: arrival-narrow
   at: push_error (core/variant/variant_utility.cpp:1023)
   GDScript backtrace (most recent call first):
       [0] check (res://tests/test_ziling_framing.gd:22)
       [1] inspect (res://tests/test_ziling_framing.gd:67)
       [2] run (res://tests/test_ziling_framing.gd:104)
       [3] settle (res://tests/test_ziling_framing.gd:30)
ERROR: ZILING_FRAMING_REJECTED: reeds clipped or covered: arrival-narrow
   at: push_error (core/variant/variant_utility.cpp:1023)
   GDScript backtrace (most recent call first):
       [0] check (res://tests/test_ziling_framing.gd:22)
       [1] inspect (res://tests/test_ziling_framing.gd:67)
       [2] run (res://tests/test_ziling_framing.gd:104)
       [3] settle (res://tests/test_ziling_framing.gd:30)
ERROR: ZILING_FRAMING_REJECTED: Island view too high: arrival-narrow
   at: push_error (core/variant/variant_utility.cpp:1023)
   GDScript backtrace (most recent call first):
       [0] check (res://tests/test_ziling_framing.gd:22)
       [1] inspect (res://tests/test_ziling_framing.gd:71)
       [2] run (res://tests/test_ziling_framing.gd:104)
       [3] settle (res://tests/test_ziling_framing.gd:30)
ERROR: ZILING_FRAMING_REJECTED: Original desktop arrival not restored
   at: push_error (core/variant/variant_utility.cpp:1023)
   GDScript backtrace (most recent call first):
       [0] check (res://tests/test_ziling_framing.gd:22)
       [1] run (res://tests/test_ziling_framing.gd:107)
       [2] settle (res://tests/test_ziling_framing.gd:30)
ERROR: ZILING_FRAMING_REJECTED: Portrait projection: arrival-return
   at: push_error (core/variant/variant_utility.cpp:1023)
   GDScript backtrace (most recent call first):
       [0] check (res://tests/test_ziling_framing.gd:22)
       [1] inspect (res://tests/test_ziling_framing.gd:66)
       [2] run (res://tests/test_ziling_framing.gd:109)
       [3] settle (res://tests/test_ziling_framing.gd:30)
ERROR: ZILING_FRAMING_REJECTED: island clipped or covered: arrival-return
   at: push_error (core/variant/variant_utility.cpp:1023)
   GDScript backtrace (most recent call first):
       [0] check (res://tests/test_ziling_framing.gd:22)
       [1] inspect (res://tests/test_ziling_framing.gd:67)
       [2] run (res://tests/test_ziling_framing.gd:109)
       [3] settle (res://tests/test_ziling_framing.gd:30)
ERROR: ZILING_FRAMING_REJECTED: bridge clipped or covered: arrival-return
   at: push_error (core/variant/variant_utility.cpp:1023)
   GDScript backtrace (most recent call first):
       [0] check (res://tests/test_ziling_framing.gd:22)
       [1] inspect (res://tests/test_ziling_framing.gd:67)
       [2] run (res://tests/test_ziling_framing.gd:109)
       [3] settle (res://tests/test_ziling_framing.gd:30)
ERROR: ZILING_FRAMING_REJECTED: pavilion_roof clipped or covered: arrival-return
   at: push_error (core/variant/variant_utility.cpp:1023)
   GDScript backtrace (most recent call first):
       [0] check (res://tests/test_ziling_framing.gd:22)
       [1] inspect (res://tests/test_ziling_framing.gd:67)
       [2] run (res://tests/test_ziling_framing.gd:109)
       [3] settle (res://tests/test_ziling_framing.gd:30)
ERROR: ZILING_FRAMING_REJECTED: reeds clipped or covered: arrival-return
   at: push_error (core/variant/variant_utility.cpp:1023)
   GDScript backtrace (most recent call first):
       [0] check (res://tests/test_ziling_framing.gd:22)
       [1] inspect (res://tests/test_ziling_framing.gd:67)
       [2] run (res://tests/test_ziling_framing.gd:109)
       [3] settle (res://tests/test_ziling_framing.gd:30)
ERROR: ZILING_FRAMING_REJECTED: Island view too high: arrival-return
   at: push_error (core/variant/variant_utility.cpp:1023)
   GDScript backtrace (most recent call first):
       [0] check (res://tests/test_ziling_framing.gd:22)
       [1] inspect (res://tests/test_ziling_framing.gd:71)
       [2] run (res://tests/test_ziling_framing.gd:109)
       [3] settle (res://tests/test_ziling_framing.gd:30)
ERROR: ZILING_FRAMING_REJECTED: Portrait projection: reeds-portrait
   at: push_error (core/variant/variant_utility.cpp:1023)
   GDScript backtrace (most recent call first):
       [0] check (res://tests/test_ziling_framing.gd:22)
       [1] inspect (res://tests/test_ziling_framing.gd:66)
       [2] run (res://tests/test_ziling_framing.gd:114)
       [3] settle (res://tests/test_ziling_framing.gd:30)
ERROR: ZILING_FRAMING_REJECTED: island clipped or covered: reeds-portrait
   at: push_error (core/variant/variant_utility.cpp:1023)
   GDScript backtrace (most recent call first):
       [0] check (res://tests/test_ziling_framing.gd:22)
       [1] inspect (res://tests/test_ziling_framing.gd:67)
       [2] run (res://tests/test_ziling_framing.gd:114)
       [3] settle (res://tests/test_ziling_framing.gd:30)
ERROR: ZILING_FRAMING_REJECTED: bridge clipped or covered: reeds-portrait
   at: push_error (core/variant/variant_utility.cpp:1023)
   GDScript backtrace (most recent call first):
       [0] check (res://tests/test_ziling_framing.gd:22)
       [1] inspect (res://tests/test_ziling_framing.gd:67)
       [2] run (res://tests/test_ziling_framing.gd:114)
       [3] settle (res://tests/test_ziling_framing.gd:30)
ERROR: ZILING_FRAMING_REJECTED: pavilion_roof clipped or covered: reeds-portrait
   at: push_error (core/variant/variant_utility.cpp:1023)
   GDScript backtrace (most recent call first):
       [0] check (res://tests/test_ziling_framing.gd:22)
       [1] inspect (res://tests/test_ziling_framing.gd:67)
       [2] run (res://tests/test_ziling_framing.gd:114)
       [3] settle (res://tests/test_ziling_framing.gd:30)
ERROR: ZILING_FRAMING_REJECTED: reeds clipped or covered: reeds-portrait
   at: push_error (core/variant/variant_utility.cpp:1023)
   GDScript backtrace (most recent call first):
       [0] check (res://tests/test_ziling_framing.gd:22)
       [1] inspect (res://tests/test_ziling_framing.gd:67)
       [2] run (res://tests/test_ziling_framing.gd:114)
       [3] settle (res://tests/test_ziling_framing.gd:30)
ERROR: ZILING_FRAMING_REJECTED: Island view too high: reeds-portrait
   at: push_error (core/variant/variant_utility.cpp:1023)
   GDScript backtrace (most recent call first):
       [0] check (res://tests/test_ziling_framing.gd:22)
       [1] inspect (res://tests/test_ziling_framing.gd:71)
       [2] run (res://tests/test_ziling_framing.gd:114)
       [3] settle (res://tests/test_ziling_framing.gd:30)
ERROR: ZILING_FRAMING_REJECTED: Portrait projection: reeds-narrow
   at: push_error (core/variant/variant_utility.cpp:1023)
   GDScript backtrace (most recent call first):
       [0] check (res://tests/test_ziling_framing.gd:22)
       [1] inspect (res://tests/test_ziling_framing.gd:66)
       [2] run (res://tests/test_ziling_framing.gd:115)
       [3] settle (res://tests/test_ziling_framing.gd:30)
ERROR: ZILING_FRAMING_REJECTED: island clipped or covered: reeds-narrow
   at: push_error (core/variant/variant_utility.cpp:1023)
   GDScript backtrace (most recent call first):
       [0] check (res://tests/test_ziling_framing.gd:22)
       [1] inspect (res://tests/test_ziling_framing.gd:67)
       [2] run (res://tests/test_ziling_framing.gd:115)
       [3] settle (res://tests/test_ziling_framing.gd:30)
ERROR: ZILING_FRAMING_REJECTED: bridge clipped or covered: reeds-narrow
   at: push_error (core/variant/variant_utility.cpp:1023)
   GDScript backtrace (most recent call first):
       [0] check (res://tests/test_ziling_framing.gd:22)
       [1] inspect (res://tests/test_ziling_framing.gd:67)
       [2] run (res://tests/test_ziling_framing.gd:115)
       [3] settle (res://tests/test_ziling_framing.gd:30)
ERROR: ZILING_FRAMING_REJECTED: pavilion_roof clipped or covered: reeds-narrow
   at: push_error (core/variant/variant_utility.cpp:1023)
   GDScript backtrace (most recent call first):
       [0] check (res://tests/test_ziling_framing.gd:22)
       [1] inspect (res://tests/test_ziling_framing.gd:67)
       [2] run (res://tests/test_ziling_framing.gd:115)
       [3] settle (res://tests/test_ziling_framing.gd:30)
ERROR: ZILING_FRAMING_REJECTED: reeds clipped or covered: reeds-narrow
   at: push_error (core/variant/variant_utility.cpp:1023)
   GDScript backtrace (most recent call first):
       [0] check (res://tests/test_ziling_framing.gd:22)
       [1] inspect (res://tests/test_ziling_framing.gd:67)
       [2] run (res://tests/test_ziling_framing.gd:115)
       [3] settle (res://tests/test_ziling_framing.gd:30)
ERROR: ZILING_FRAMING_REJECTED: Island view too high: reeds-narrow
   at: push_error (core/variant/variant_utility.cpp:1023)
   GDScript backtrace (most recent call first):
       [0] check (res://tests/test_ziling_framing.gd:22)
       [1] inspect (res://tests/test_ziling_framing.gd:71)
       [2] run (res://tests/test_ziling_framing.gd:115)
       [3] settle (res://tests/test_ziling_framing.gd:30)
ERROR: ZILING_FRAMING_REJECTED: Reed rotation did not restore original desktop camera
   at: push_error (core/variant/variant_utility.cpp:1023)
   GDScript backtrace (most recent call first):
       [0] check (res://tests/test_ziling_framing.gd:22)
       [1] run (res://tests/test_ziling_framing.gd:118)
       [2] settle (res://tests/test_ziling_framing.gd:30)
ERROR: ZILING_FRAMING_REJECTED: Portrait projection: reeds-return
   at: push_error (core/variant/variant_utility.cpp:1023)
   GDScript backtrace (most recent call first):
       [0] check (res://tests/test_ziling_framing.gd:22)
       [1] inspect (res://tests/test_ziling_framing.gd:66)
       [2] run (res://tests/test_ziling_framing.gd:120)
       [3] settle (res://tests/test_ziling_framing.gd:30)
ERROR: ZILING_FRAMING_REJECTED: island clipped or covered: reeds-return
   at: push_error (core/variant/variant_utility.cpp:1023)
   GDScript backtrace (most recent call first):
       [0] check (res://tests/test_ziling_framing.gd:22)
       [1] inspect (res://tests/test_ziling_framing.gd:67)
       [2] run (res://tests/test_ziling_framing.gd:120)
       [3] settle (res://tests/test_ziling_framing.gd:30)
ERROR: ZILING_FRAMING_REJECTED: bridge clipped or covered: reeds-return
   at: push_error (core/variant/variant_utility.cpp:1023)
   GDScript backtrace (most recent call first):
       [0] check (res://tests/test_ziling_framing.gd:22)
       [1] inspect (res://tests/test_ziling_framing.gd:67)
       [2] run (res://tests/test_ziling_framing.gd:120)
       [3] settle (res://tests/test_ziling_framing.gd:30)
ERROR: ZILING_FRAMING_REJECTED: pavilion_roof clipped or covered: reeds-return
   at: push_error (core/variant/variant_utility.cpp:1023)
   GDScript backtrace (most recent call first):
       [0] check (res://tests/test_ziling_framing.gd:22)
       [1] inspect (res://tests/test_ziling_framing.gd:67)
       [2] run (res://tests/test_ziling_framing.gd:120)
       [3] settle (res://tests/test_ziling_framing.gd:30)
ERROR: ZILING_FRAMING_REJECTED: reeds clipped or covered: reeds-return
   at: push_error (core/variant/variant_utility.cpp:1023)
   GDScript backtrace (most recent call first):
       [0] check (res://tests/test_ziling_framing.gd:22)
       [1] inspect (res://tests/test_ziling_framing.gd:67)
       [2] run (res://tests/test_ziling_framing.gd:120)
       [3] settle (res://tests/test_ziling_framing.gd:30)
ERROR: ZILING_FRAMING_REJECTED: Island view too high: reeds-return
   at: push_error (core/variant/variant_utility.cpp:1023)
   GDScript backtrace (most recent call first):
       [0] check (res://tests/test_ziling_framing.gd:22)
       [1] inspect (res://tests/test_ziling_framing.gd:71)
       [2] run (res://tests/test_ziling_framing.gd:120)
       [3] settle (res://tests/test_ziling_framing.gd:30)
ERROR: ZILING_FRAMING_REJECTED: Portrait projection: look-portrait
   at: push_error (core/variant/variant_utility.cpp:1023)
   GDScript backtrace (most recent call first):
       [0] check (res://tests/test_ziling_framing.gd:22)
       [1] inspect (res://tests/test_ziling_framing.gd:66)
       [2] run (res://tests/test_ziling_framing.gd:121)
       [3] settle (res://tests/test_ziling_framing.gd:30)
ERROR: ZILING_FRAMING_REJECTED: island clipped or covered: look-portrait
   at: push_error (core/variant/variant_utility.cpp:1023)
   GDScript backtrace (most recent call first):
       [0] check (res://tests/test_ziling_framing.gd:22)
       [1] inspect (res://tests/test_ziling_framing.gd:67)
       [2] run (res://tests/test_ziling_framing.gd:121)
       [3] settle (res://tests/test_ziling_framing.gd:30)
ERROR: ZILING_FRAMING_REJECTED: bridge clipped or covered: look-portrait
   at: push_error (core/variant/variant_utility.cpp:1023)
   GDScript backtrace (most recent call first):
       [0] check (res://tests/test_ziling_framing.gd:22)
       [1] inspect (res://tests/test_ziling_framing.gd:67)
       [2] run (res://tests/test_ziling_framing.gd:121)
       [3] settle (res://tests/test_ziling_framing.gd:30)
ERROR: ZILING_FRAMING_REJECTED: pavilion_roof clipped or covered: look-portrait
   at: push_error (core/variant/variant_utility.cpp:1023)
   GDScript backtrace (most recent call first):
       [0] check (res://tests/test_ziling_framing.gd:22)
       [1] inspect (res://tests/test_ziling_framing.gd:67)
       [2] run (res://tests/test_ziling_framing.gd:121)
       [3] settle (res://tests/test_ziling_framing.gd:30)
ERROR: ZILING_FRAMING_REJECTED: reeds clipped or covered: look-portrait
   at: push_error (core/variant/variant_utility.cpp:1023)
   GDScript backtrace (most recent call first):
       [0] check (res://tests/test_ziling_framing.gd:22)
       [1] inspect (res://tests/test_ziling_framing.gd:67)
       [2] run (res://tests/test_ziling_framing.gd:121)
       [3] settle (res://tests/test_ziling_framing.gd:30)
ERROR: ZILING_FRAMING_REJECTED: Island view too high: look-portrait
   at: push_error (core/variant/variant_utility.cpp:1023)
   GDScript backtrace (most recent call first):
       [0] check (res://tests/test_ziling_framing.gd:22)
       [1] inspect (res://tests/test_ziling_framing.gd:71)
       [2] run (res://tests/test_ziling_framing.gd:121)
       [3] settle (res://tests/test_ziling_framing.gd:30)
ERROR: ZILING_FRAMING_REJECTED: Portrait projection: look-narrow
   at: push_error (core/variant/variant_utility.cpp:1023)
   GDScript backtrace (most recent call first):
       [0] check (res://tests/test_ziling_framing.gd:22)
       [1] inspect (res://tests/test_ziling_framing.gd:66)
       [2] run (res://tests/test_ziling_framing.gd:123)
       [3] settle (res://tests/test_ziling_framing.gd:30)
ERROR: ZILING_FRAMING_REJECTED: island clipped or covered: look-narrow
   at: push_error (core/variant/variant_utility.cpp:1023)
   GDScript backtrace (most recent call first):
       [0] check (res://tests/test_ziling_framing.gd:22)
       [1] inspect (res://tests/test_ziling_framing.gd:67)
       [2] run (res://tests/test_ziling_framing.gd:123)
       [3] settle (res://tests/test_ziling_framing.gd:30)
ERROR: ZILING_FRAMING_REJECTED: bridge clipped or covered: look-narrow
   at: push_error (core/variant/variant_utility.cpp:1023)
   GDScript backtrace (most recent call first):
       [0] check (res://tests/test_ziling_framing.gd:22)
       [1] inspect (res://tests/test_ziling_framing.gd:67)
       [2] run (res://tests/test_ziling_framing.gd:123)
       [3] settle (res://tests/test_ziling_framing.gd:30)
ERROR: ZILING_FRAMING_REJECTED: pavilion_roof clipped or covered: look-narrow
   at: push_error (core/variant/variant_utility.cpp:1023)
   GDScript backtrace (most recent call first):
       [0] check (res://tests/test_ziling_framing.gd:22)
       [1] inspect (res://tests/test_ziling_framing.gd:67)
       [2] run (res://tests/test_ziling_framing.gd:123)
       [3] settle (res://tests/test_ziling_framing.gd:30)
ERROR: ZILING_FRAMING_REJECTED: reeds clipped or covered: look-narrow
   at: push_error (core/variant/variant_utility.cpp:1023)
   GDScript backtrace (most recent call first):
       [0] check (res://tests/test_ziling_framing.gd:22)
       [1] inspect (res://tests/test_ziling_framing.gd:67)
       [2] run (res://tests/test_ziling_framing.gd:123)
       [3] settle (res://tests/test_ziling_framing.gd:30)
ERROR: ZILING_FRAMING_REJECTED: Island view too high: look-narrow
   at: push_error (core/variant/variant_utility.cpp:1023)
   GDScript backtrace (most recent call first):
       [0] check (res://tests/test_ziling_framing.gd:22)
       [1] inspect (res://tests/test_ziling_framing.gd:71)
       [2] run (res://tests/test_ziling_framing.gd:123)
       [3] settle (res://tests/test_ziling_framing.gd:30)
ZILING_FRAMING_RESULT 10 originals; 50 failures
