Godot Engine v4.7.2.stable.official.ed1daf0bf - https://godotengine.org
OpenGL API 4.1 Metal - 90.5 - Compatibility - Using Device: Apple - Apple M2 Max

WARNING: Loaded resource as image file, this will not work on export: 'res://lightmaps/SITE_qinfang-ting_MAT_pavilion_atlas.png'. Instead, import the image file as an Image resource and load it normally as a resource.
     at: load_from_file (core/io/image.cpp:2780)
     GDScript backtrace (most recent call first):
         [0] run (res://tests/diagnose_tile_ridge_candidate.gd:38)
WARNING: Loaded resource as image file, this will not work on export: 'res://tests/tile-ridge-lightmap.png'. Instead, import the image file as an Image resource and load it normally as a resource.
     at: load_from_file (core/io/image.cpp:2780)
     GDScript backtrace (most recent call first):
         [0] run (res://tests/diagnose_tile_ridge_candidate.gd:39)
WARNING: Loaded resource as image file, this will not work on export: 'res://lightmaps/SITE_qinfang-ting_MAT_pavilion_atlas.png'. Instead, import the image file as an Image resource and load it normally as a resource.
     at: load_from_file (core/io/image.cpp:2780)
     GDScript backtrace (most recent call first):
         [0] run (res://tests/diagnose_tile_ridge_candidate.gd:38)
WARNING: Loaded resource as image file, this will not work on export: 'res://tests/tile-ridge-lightmap.png'. Instead, import the image file as an Image resource and load it normally as a resource.
     at: load_from_file (core/io/image.cpp:2780)
     GDScript backtrace (most recent call first):
         [0] run (res://tests/diagnose_tile_ridge_candidate.gd:39)
WARNING: Loaded resource as image file, this will not work on export: 'res://lightmaps/SITE_qinfang-ting_MAT_pavilion_atlas.png'. Instead, import the image file as an Image resource and load it normally as a resource.
     at: load_from_file (core/io/image.cpp:2780)
     GDScript backtrace (most recent call first):
         [0] run (res://tests/diagnose_tile_ridge_candidate.gd:38)
WARNING: Loaded resource as image file, this will not work on export: 'res://tests/tile-ridge-lightmap.png'. Instead, import the image file as an Image resource and load it normally as a resource.
     at: load_from_file (core/io/image.cpp:2780)
     GDScript backtrace (most recent call first):
         [0] run (res://tests/diagnose_tile_ridge_candidate.gd:39)
TILE_RIDGE_NATIVE_COMPARISON_PASS: three views, fresh candidate roof bake
