BlenderMCP addon registered
BlenderMCP addon unregistered
20:40:37 | INFO: Data are loaded, start creating Blender stuff
20:40:37 | INFO: Blender create Mesh node COL_aojing_approach.001
20:40:37 | INFO: Blender create Mesh node COL_aojing_approach.004
20:40:37 | INFO: Blender create Mesh node COL_aojing_approach_guard.001
20:40:37 | INFO: Blender create Mesh node COL_aojing_approach_guard.004
20:40:37 | INFO: Blender create Mesh node COL_aojing_approach_ramp.002
20:40:37 | INFO: Blender create Mesh node COL_aojing_closed_front.002
20:40:37 | INFO: Blender create Mesh node COL_aojing_dry_ledge.002
20:40:37 | INFO: Blender create Mesh node COL_aojing_hall_floor.002
20:40:37 | INFO: Blender create Mesh node COL_aojing_ledge_end.002
20:40:37 | INFO: Blender create Mesh node COL_aojing_ledge_parapet.002
20:40:37 | INFO: Blender create Mesh node COL_aojing_return.001
20:40:37 | INFO: Blender create Mesh node COL_aojing_return.004
20:40:37 | INFO: Blender create Mesh node Cube.147
20:40:37 | INFO: Blender create Mesh node Cube.148
20:40:37 | INFO: Blender create Mesh node Cube.149
20:40:37 | INFO: Blender create Mesh node Cube.150
20:40:37 | INFO: Blender create Mesh node COL_bridge_crosswalk.002
20:40:37 | INFO: Blender create Mesh node COL_bridge_crosswalk.003
20:40:37 | INFO: Blender create Mesh node COL_cell_floor.006
20:40:37 | INFO: Blender create Mesh node COL_cell_floor.007
20:40:37 | INFO: Blender create Mesh node COL_cell_floor.008
20:40:37 | INFO: Blender create Mesh node COL_cell_floor.009
20:40:37 | INFO: Blender create Mesh node COL_cell_floor.010
20:40:37 | INFO: Blender create Mesh node COL_cell_floor.011
20:40:37 | INFO: Blender create Mesh node COL_cell_wall.012
20:40:37 | INFO: Blender create Mesh node COL_cell_wall.013
20:40:37 | INFO: Blender create Mesh node COL_cell_wall.014
20:40:37 | INFO: Blender create Mesh node COL_cell_wall.015
20:40:37 | INFO: Blender create Mesh node COL_cell_wall.016
20:40:37 | INFO: Blender create Mesh node COL_cell_wall.017
20:40:37 | INFO: Blender create Mesh node COL_cell_wall.018
20:40:37 | INFO: Blender create Mesh node COL_cell_wall.019
20:40:37 | INFO: Blender create Mesh node COL_cell_wall.020
20:40:37 | INFO: Blender create Mesh node COL_cell_wall.021
20:40:37 | INFO: Blender create Mesh node COL_cell_wall.022
20:40:37 | INFO: Blender create Mesh node COL_cell_wall.023
20:40:37 | INFO: Blender create Mesh node COL_daguan_central_step.003
20:40:37 | INFO: Blender create Mesh node COL_daguan_central_step.004
20:40:37 | INFO: Blender create Mesh node COL_daguan_central_step.005
20:40:37 | INFO: Blender create Mesh node COL_daguan_closed_front.001
20:40:37 | INFO: Blender create Mesh node COL_daguan_column.006
20:40:37 | INFO: Blender create Mesh node COL_daguan_column.007
20:40:37 | INFO: Blender create Mesh node COL_daguan_column.008
20:40:37 | INFO: Blender create Mesh node COL_daguan_column.009
20:40:37 | INFO: Blender create Mesh node COL_daguan_column.010
20:40:37 | INFO: Blender create Mesh node COL_daguan_column.011
20:40:37 | INFO: Blender create Mesh node COL_daguan_floor.001
20:40:37 | INFO: Blender create Mesh node COL_daguan_return_wall.002
20:40:37 | INFO: Blender create Mesh node COL_daguan_return_wall.003
20:40:37 | INFO: Blender create Mesh node COL_daoxiang_approach.002
20:40:37 | INFO: Blender create Mesh node COL_daoxiang_approach.003
20:40:37 | INFO: Blender create Mesh node COL_daoxiang_closed_front.001
20:40:37 | INFO: Blender create Mesh node COL_daoxiang_court.001
20:40:37 | INFO: Blender create Mesh node COL_daoxiang_fence.004
20:40:37 | INFO: Blender create Mesh node COL_daoxiang_fence.005
20:40:37 | INFO: Blender create Mesh node COL_daoxiang_fence.006
20:40:37 | INFO: Blender create Mesh node COL_daoxiang_fence.007
20:40:37 | INFO: Blender create Mesh node COL_daoxiang_side.002
20:40:37 | INFO: Blender create Mesh node COL_daoxiang_side.003
20:40:37 | INFO: Blender create Mesh node COL_entry_corridor.001
20:40:37 | INFO: Blender create Mesh node COL_entry_walk.002
20:40:37 | INFO: Blender create Mesh node COL_entry_walk.003
20:40:37 | INFO: Blender create Mesh node COL_floor_joint_cell_threshold_0.001
20:40:37 | INFO: Blender create Mesh node COL_floor_joint_cell_threshold_1.001
20:40:37 | INFO: Blender create Mesh node COL_floor_joint_cell_threshold_2.001
20:40:37 | INFO: Blender create Mesh node COL_floor_joint_cell_threshold_3.001
20:40:37 | INFO: Blender create Mesh node COL_floor_joint_cell_threshold_4.001
20:40:37 | INFO: Blender create Mesh node COL_floor_joint_cell_threshold_5.001
20:40:37 | INFO: Blender create Mesh node COL_floor_joint_pavilion_east_joint.001
20:40:37 | INFO: Blender create Mesh node COL_floor_joint_pavilion_west_joint.001
20:40:37 | INFO: Blender create Mesh node Cube.146
20:40:37 | INFO: Blender create Mesh node Cube.145
20:40:37 | INFO: Blender create Mesh node COL_GATE_banana_planter.001
20:40:37 | INFO: Blender create Mesh node KIT_rockery_passage.022
20:40:37 | INFO: Blender create Mesh node KIT_rockery_passage.024
20:40:37 | INFO: Blender create Mesh node KIT_rockery_cliff.006
20:40:37 | INFO: Blender create Mesh node KIT_rockery_cliff.008
20:40:37 | INFO: Blender create Mesh node KIT_rockery_passage.004
20:40:37 | INFO: Blender create Mesh node KIT_rockery_passage.016
20:40:37 | INFO: Blender create Mesh node KIT_rockery_passage.018
20:40:37 | INFO: Blender create Mesh node KIT_rockery_passage.020
20:40:37 | INFO: Blender create Mesh node GATE_paving.003
20:40:37 | INFO: Blender create Mesh node COL_hengwu-yuan_floor.001
20:40:37 | INFO: Blender create Mesh node COL_hengwu_approach.002
20:40:37 | INFO: Blender create Mesh node COL_hengwu_approach.003
20:40:37 | INFO: Blender create Mesh node COL_hengwu_closed_hall.002
20:40:37 | INFO: Blender create Mesh node COL_hengwu_court.002
20:40:37 | INFO: Blender create Mesh node COL_hengwu_hall_post.001
20:40:37 | INFO: Blender create Mesh node COL_hengwu_hall_post.002
20:40:37 | INFO: Blender create Mesh node COL_hengwu_hall_post.006
20:40:37 | INFO: Blender create Mesh node COL_wall_bay.001
20:40:37 | INFO: Blender create Mesh node COL_wall_bay.002
20:40:37 | INFO: Blender create Mesh node COL_wall_bay.003
20:40:37 | INFO: Blender create Mesh node COL_wall_bay.004
20:40:37 | INFO: Blender create Mesh node COL_wall_bay.005
20:40:37 | INFO: Blender create Mesh node COL_wall_bay.006
20:40:37 | INFO: Blender create Mesh node KIT_wall_plaster.002
20:40:37 | INFO: Blender create Mesh node COL_wall_window.001
20:40:37 | INFO: Blender create Mesh node COL_wall_window.002
20:40:37 | INFO: Blender create Mesh node COL_hengwu_rock.001
20:40:37 | INFO: Blender create Mesh node COL_hengwu_rock.002
20:40:37 | INFO: Blender create Mesh node COL_hengwu_rock.006
20:40:37 | INFO: Blender create Mesh node COL_hengwu_stool.001
20:40:37 | INFO: Blender create Mesh node COL_hengwu_stool.002
20:40:37 | INFO: Blender create Mesh node COL_hengwu_stool.003
20:40:37 | INFO: Blender create Mesh node COL_hengwu_stool.008
20:40:37 | INFO: Blender create Mesh node COL_hengwu_table.002
20:40:37 | INFO: Blender create Mesh node COL_longcui_approach.003
20:40:37 | INFO: Blender create Mesh node COL_longcui_approach.004
20:40:37 | INFO: Blender create Mesh node COL_longcui_approach.005
20:40:37 | INFO: Blender create Mesh node COL_longcui_burner.001
20:40:37 | INFO: Blender create Mesh node COL_longcui_closed_front.001
20:40:37 | INFO: Blender create Mesh node COL_longcui_floor.001
20:40:37 | INFO: Blender create Mesh node COL_longcui_plum_trunk.002
20:40:37 | INFO: Blender create Mesh node COL_longcui_plum_trunk.003
20:40:37 | INFO: Blender create Mesh node COL_longcui_return.002
20:40:37 | INFO: Blender create Mesh node COL_longcui_return.003
20:40:37 | INFO: Blender create Mesh node COL_longcui_threshold.001
20:40:37 | INFO: Blender create Mesh node COL_ouxiang_approach.001
20:40:37 | INFO: Blender create Mesh node COL_ouxiang_deck.001
20:40:37 | INFO: Blender create Mesh node COL_ouxiang_post.004
20:40:37 | INFO: Blender create Mesh node COL_ouxiang_post.005
20:40:37 | INFO: Blender create Mesh node COL_ouxiang_post.006
20:40:37 | INFO: Blender create Mesh node COL_ouxiang_post.007
20:40:37 | INFO: Blender create Mesh node COL_ouxiang_rail.002
20:40:37 | INFO: Blender create Mesh node COL_ouxiang_rail.003
20:40:37 | INFO: Blender create Mesh node COL_ouxiang_side_rail.004
20:40:37 | INFO: Blender create Mesh node COL_ouxiang_side_rail.005
20:40:37 | INFO: Blender create Mesh node COL_ouxiang_side_rail.006
20:40:37 | INFO: Blender create Mesh node COL_ouxiang_side_rail.007
20:40:37 | INFO: Blender create Mesh node COL_ouxiang_table.001
20:40:37 | INFO: Blender create Mesh node COL_corridor_floor.009
20:40:37 | INFO: Blender create Mesh node COL_corridor_side.015
20:40:37 | INFO: Blender create Mesh node COL_corridor_side.016
20:40:37 | INFO: Blender create Mesh node COL_corridor_post.016
20:40:37 | INFO: Blender create Mesh node COL_corridor_post.017
20:40:37 | INFO: Blender create Mesh node COL_corridor_floor.010
20:40:37 | INFO: Blender create Mesh node COL_corridor_side.017
20:40:37 | INFO: Blender create Mesh node COL_corridor_side.018
20:40:37 | INFO: Blender create Mesh node COL_corridor_post.018
20:40:37 | INFO: Blender create Mesh node COL_corridor_post.019
20:40:37 | INFO: Blender create Mesh node COL_corridor_floor.011
20:40:37 | INFO: Blender create Mesh node COL_corridor_side.019
20:40:37 | INFO: Blender create Mesh node COL_corridor_side.020
20:40:37 | INFO: Blender create Mesh node COL_corridor_post.020
20:40:37 | INFO: Blender create Mesh node COL_corridor_post.021
20:40:37 | INFO: Blender create Mesh node COL_corridor_floor.012
20:40:37 | INFO: Blender create Mesh node COL_corridor_side.021
20:40:37 | INFO: Blender create Mesh node COL_corridor_side.022
20:40:37 | INFO: Blender create Mesh node COL_corridor_post.022
20:40:37 | INFO: Blender create Mesh node COL_corridor_post.023
20:40:37 | INFO: Blender create Mesh node COL_corridor_floor.001
20:40:37 | INFO: Blender create Mesh node COL_corridor_side.001
20:40:37 | INFO: Blender create Mesh node COL_corridor_side.002
20:40:37 | INFO: Blender create Mesh node COL_corridor_post.001
20:40:37 | INFO: Blender create Mesh node COL_corridor_post.002
20:40:37 | INFO: Blender create Mesh node COL_corridor_floor.002
20:40:37 | INFO: Blender create Mesh node COL_corridor_side.003
20:40:37 | INFO: Blender create Mesh node COL_corridor_side.004
20:40:37 | INFO: Blender create Mesh node COL_corridor_post.003
20:40:37 | INFO: Blender create Mesh node COL_corridor_post.004
20:40:37 | INFO: Blender create Mesh node COL_corridor_floor.003
20:40:37 | INFO: Blender create Mesh node COL_corridor_side.005
20:40:37 | INFO: Blender create Mesh node COL_corridor_side.006
20:40:37 | INFO: Blender create Mesh node COL_corridor_post.005
20:40:37 | INFO: Blender create Mesh node COL_corridor_post.006
20:40:37 | INFO: Blender create Mesh node COL_corridor_floor.004
20:40:37 | INFO: Blender create Mesh node COL_corridor_side.007
20:40:37 | INFO: Blender create Mesh node COL_corridor_side.008
20:40:37 | INFO: Blender create Mesh node COL_corridor_post.007
20:40:37 | INFO: Blender create Mesh node COL_corridor_post.008
20:40:37 | INFO: Blender create Mesh node COL_corridor_floor.005
20:40:37 | INFO: Blender create Mesh node COL_corridor_side.009
20:40:37 | INFO: Blender create Mesh node COL_corridor_side.010
20:40:37 | INFO: Blender create Mesh node COL_corridor_post.009
20:40:37 | INFO: Blender create Mesh node COL_corridor_post.010
20:40:37 | INFO: Blender create Mesh node COL_corridor_floor.006
20:40:37 | INFO: Blender create Mesh node COL_corridor_side.011
20:40:37 | INFO: Blender create Mesh node COL_corridor_post.011
20:40:37 | INFO: Blender create Mesh node COL_corridor_post.012
20:40:37 | INFO: Blender create Mesh node COL_corridor_floor.007
20:40:37 | INFO: Blender create Mesh node COL_corridor_side.012
20:40:37 | INFO: Blender create Mesh node COL_corridor_post.013
20:40:37 | INFO: Blender create Mesh node COL_corridor_floor.008
20:40:37 | INFO: Blender create Mesh node COL_corridor_side.013
20:40:37 | INFO: Blender create Mesh node COL_corridor_side.014
20:40:37 | INFO: Blender create Mesh node COL_corridor_post.014
20:40:37 | INFO: Blender create Mesh node COL_corridor_post.015
20:40:37 | INFO: Blender create Mesh node COL_corridor_floor.013
20:40:37 | INFO: Blender create Mesh node COL_corridor_side.023
20:40:37 | INFO: Blender create Mesh node COL_corridor_side.024
20:40:37 | INFO: Blender create Mesh node COL_corridor_post.024
20:40:37 | INFO: Blender create Mesh node COL_corridor_post.025
20:40:37 | INFO: Blender create Mesh node COL_corridor_floor.014
20:40:37 | INFO: Blender create Mesh node COL_corridor_side.025
20:40:37 | INFO: Blender create Mesh node COL_corridor_side.026
20:40:37 | INFO: Blender create Mesh node COL_corridor_post.026
20:40:37 | INFO: Blender create Mesh node COL_corridor_post.027
20:40:37 | INFO: Blender create Mesh node COL_corridor_floor.015
20:40:37 | INFO: Blender create Mesh node COL_corridor_side.027
20:40:37 | INFO: Blender create Mesh node COL_corridor_side.028
20:40:37 | INFO: Blender create Mesh node COL_corridor_post.028
20:40:37 | INFO: Blender create Mesh node COL_corridor_post.029
20:40:37 | INFO: Blender create Mesh node COL_corridor_floor.016
20:40:37 | INFO: Blender create Mesh node COL_corridor_side.029
20:40:37 | INFO: Blender create Mesh node COL_corridor_side.030
20:40:37 | INFO: Blender create Mesh node COL_corridor_post.030
20:40:37 | INFO: Blender create Mesh node COL_corridor_post.031
20:40:37 | INFO: Blender create Mesh node COL_qinfang_deck.001
20:40:37 | INFO: Blender create Mesh node COL_pavilion_bench.001
20:40:37 | INFO: Blender create Mesh node COL_pavilion_bench.002
20:40:37 | INFO: Blender create Mesh node COL_pavilion_bracket.001
20:40:37 | INFO: Blender create Mesh node COL_pavilion_bracket.002
20:40:37 | INFO: Blender create Mesh node COL_pavilion_bracket.003
20:40:37 | INFO: Blender create Mesh node COL_pavilion_bracket.004
20:40:37 | INFO: Blender create Mesh node COL_pavilion_bracket.005
20:40:37 | INFO: Blender create Mesh node COL_pavilion_bracket.006
20:40:37 | INFO: Blender create Mesh node COL_pavilion_post.001
20:40:37 | INFO: Blender create Mesh node COL_pavilion_post.002
20:40:37 | INFO: Blender create Mesh node COL_pavilion_post.003
20:40:37 | INFO: Blender create Mesh node COL_pavilion_post.004
20:40:37 | INFO: Blender create Mesh node COL_pavilion_post.005
20:40:37 | INFO: Blender create Mesh node COL_pavilion_post.006
20:40:37 | INFO: Blender create Mesh node COL_pavilion_roof.001
20:40:37 | INFO: Blender create Mesh node COL_qiushuang-zhai_floor.001
20:40:37 | INFO: Blender create Mesh node Cube.009
20:40:37 | INFO: Blender create Mesh node Cube.011
20:40:37 | INFO: Blender create Mesh node Cube.012
20:40:37 | INFO: Blender create Mesh node Cube.013
20:40:37 | INFO: Blender create Mesh node Cube.019
20:40:37 | INFO: Blender create Mesh node Cube.020
20:40:37 | INFO: Blender create Mesh node Cube.023
20:40:37 | INFO: Blender create Mesh node Cube.024
20:40:37 | INFO: Blender create Mesh node Cube.048
20:40:37 | INFO: Blender create Mesh node Cube.050
20:40:37 | INFO: Blender create Mesh node Cube.052
20:40:37 | INFO: Blender create Mesh node Cube.092
20:40:37 | INFO: Blender create Mesh node Cube.093
20:40:37 | INFO: Blender create Mesh node Cube.094
20:40:37 | INFO: Blender create Mesh node Cube.095
20:40:37 | INFO: Blender create Mesh node Cube.096
20:40:37 | INFO: Blender create Mesh node Cube.097
20:40:37 | INFO: Blender create Mesh node Cube.098
20:40:37 | INFO: Blender create Mesh node Cube.099
20:40:37 | INFO: Blender create Mesh node Cube.100
20:40:37 | INFO: Blender create Mesh node Cube.101
20:40:37 | INFO: Blender create Mesh node Cube.102
20:40:37 | INFO: Blender create Mesh node Cube.103
20:40:37 | INFO: Blender create Mesh node Cube.104
20:40:37 | INFO: Blender create Mesh node Cube.105
20:40:37 | INFO: Blender create Mesh node Cube.106
20:40:37 | INFO: Blender create Mesh node Cube.107
20:40:37 | INFO: Blender create Mesh node Cube.108
20:40:37 | INFO: Blender create Mesh node Cube.109
20:40:37 | INFO: Blender create Mesh node Cube.110
20:40:37 | INFO: Blender create Mesh node Cube.111
20:40:37 | INFO: Blender create Mesh node Cube.112
20:40:37 | INFO: Blender create Mesh node Cube.113
20:40:37 | INFO: Blender create Mesh node Cube.114
20:40:37 | INFO: Blender create Mesh node Cube.115
20:40:37 | INFO: Blender create Mesh node Cube.116
20:40:37 | INFO: Blender create Mesh node Cube.117
20:40:37 | INFO: Blender create Mesh node Cube.118
20:40:37 | INFO: Blender create Mesh node Cube.119
20:40:37 | INFO: Blender create Mesh node Cube.120
20:40:37 | INFO: Blender create Mesh node Cube.121
20:40:37 | INFO: Blender create Mesh node Cube.122
20:40:37 | INFO: Blender create Mesh node Cube.123
20:40:37 | INFO: Blender create Mesh node Cube.124
20:40:37 | INFO: Blender create Mesh node Cube.125
20:40:37 | INFO: Blender create Mesh node Cube.126
20:40:37 | INFO: Blender create Mesh node Cube.127
20:40:37 | INFO: Blender create Mesh node Cube.128
20:40:37 | INFO: Blender create Mesh node Cube.129
20:40:37 | INFO: Blender create Mesh node Cube.130
20:40:37 | INFO: Blender create Mesh node Cube.131
20:40:37 | INFO: Blender create Mesh node Cube.132
20:40:37 | INFO: Blender create Mesh node Cube.133
20:40:37 | INFO: Blender create Mesh node Cube.134
20:40:37 | INFO: Blender create Mesh node Cube.135
20:40:37 | INFO: Blender create Mesh node Cube.136
20:40:37 | INFO: Blender create Mesh node Cube.137
20:40:37 | INFO: Blender create Mesh node Cube.138
20:40:37 | INFO: Blender create Mesh node Cube.139
20:40:37 | INFO: Blender create Mesh node Cube.140
20:40:37 | INFO: Blender create Mesh node Cube.141
20:40:37 | INFO: Blender create Mesh node Cube.142
20:40:37 | INFO: Blender create Mesh node Cube.143
20:40:37 | INFO: Blender create Mesh node Cube.144
20:40:37 | INFO: Blender create Mesh node Cube.193
20:40:37 | INFO: Blender create Mesh node Cube.194
20:40:37 | INFO: Blender create Mesh node Cube.195
20:40:37 | INFO: Blender create Mesh node Cube.196
20:40:37 | INFO: Blender create Mesh node Cube.197
20:40:37 | INFO: Blender create Mesh node Cube.198
20:40:37 | INFO: Blender create Mesh node Cube.199
20:40:37 | INFO: Blender create Mesh node Cube.200
20:40:37 | INFO: Blender create Mesh node COL_stone_walk.005
20:40:37 | INFO: Blender create Mesh node COL_stone_walk.008
20:40:37 | INFO: Blender create Mesh node COL_stone_walk.009
20:40:37 | INFO: Blender create Mesh node COL_stone_walk.010
20:40:37 | INFO: Blender create Mesh node COL_stone_walk.011
20:40:37 | INFO: Blender create Mesh node COL_stone_walk.012
20:40:37 | INFO: Blender create Mesh node COL_study_approach.002
20:40:37 | INFO: Blender create Mesh node COL_study_desk_centre.002
20:40:37 | INFO: Blender create Mesh node COL_study_desk_left.002
20:40:37 | INFO: Blender create Mesh node COL_study_desk_right.002
20:40:37 | INFO: Blender create Mesh node COL_study_front_walk.002
20:40:37 | INFO: Blender create Mesh node COL_study_front_wall.002
20:40:37 | INFO: Blender create Mesh node COL_study_post.001
20:40:37 | INFO: Blender create Mesh node COL_study_post.002
20:40:37 | INFO: Blender create Mesh node COL_study_post.003
20:40:37 | INFO: Blender create Mesh node COL_study_post.008
20:40:37 | INFO: Blender create Mesh node Cube.151
20:40:37 | INFO: Blender create Mesh node Cube.152
20:40:37 | INFO: Blender create Mesh node Cube.153
20:40:37 | INFO: Blender create Mesh node Cube.154
20:40:37 | INFO: Blender create Mesh node Cube.155
20:40:37 | INFO: Blender create Mesh node Cube.156
20:40:37 | INFO: Blender create Mesh node Cube.157
20:40:37 | INFO: Blender create Mesh node Cube.158
20:40:37 | INFO: Blender create Mesh node Cube.159
20:40:37 | INFO: Blender create Mesh node Cube.160
20:40:37 | INFO: Blender create Mesh node Cube.161
20:40:37 | INFO: Blender create Mesh node Cube.162
20:40:37 | INFO: Blender create Mesh node Cube.163
20:40:37 | INFO: Blender create Mesh node Cube.164
20:40:37 | INFO: Blender create Mesh node Cube.165
20:40:37 | INFO: Blender create Mesh node Cube.166
20:40:37 | INFO: Blender create Mesh node Cube.167
20:40:37 | INFO: Blender create Mesh node Cube.168
20:40:37 | INFO: Blender create Mesh node Cube.169
20:40:37 | INFO: Blender create Mesh node Cube.170
20:40:37 | INFO: Blender create Mesh node Cube.171
20:40:37 | INFO: Blender create Mesh node Cube.172
20:40:37 | INFO: Blender create Mesh node Cube.173
20:40:37 | INFO: Blender create Mesh node Cube.174
20:40:37 | INFO: Blender create Mesh node Cube.175
20:40:37 | INFO: Blender create Mesh node Cube.176
20:40:37 | INFO: Blender create Mesh node Cube.177
20:40:37 | INFO: Blender create Mesh node Cube.178
20:40:37 | INFO: Blender create Mesh node Cube.179
20:40:37 | INFO: Blender create Mesh node Cube.180
20:40:37 | INFO: Blender create Mesh node Cube.201
20:40:37 | INFO: Blender create Mesh node Cube.202
20:40:37 | INFO: Blender create Mesh node Cube.203
20:40:37 | INFO: Blender create Mesh node Cube.181
20:40:37 | INFO: Blender create Mesh node Cube.182
20:40:37 | INFO: Blender create Mesh node Cube.183
20:40:37 | INFO: Blender create Mesh node Cube.184
20:40:37 | INFO: Blender create Mesh node Cube.185
20:40:37 | INFO: Blender create Mesh node Cube.186
20:40:37 | INFO: Blender create Mesh node Cube.187
20:40:37 | INFO: Blender create Mesh node Cube.188
20:40:37 | INFO: Blender create Mesh node Cube.189
20:40:37 | INFO: Blender create Mesh node Cube.190
20:40:37 | INFO: Blender create Mesh node Cube.191
20:40:37 | INFO: Blender create Mesh node Cube.192
20:40:37 | INFO: Blender create Mesh node COL_tubi-tang_floor.001
20:40:37 | INFO: Blender create Mesh node COL_tubi_approach.001
20:40:37 | INFO: Blender create Mesh node COL_tubi_approach.002
20:40:37 | INFO: Blender create Mesh node COL_tubi_approach.007
20:40:37 | INFO: Blender create Mesh node COL_tubi_approach.008
20:40:37 | INFO: Blender create Mesh node COL_tubi_closed_hall.002
20:40:37 | INFO: Blender create Mesh node COL_tubi_hall_post.001
20:40:37 | INFO: Blender create Mesh node COL_tubi_hall_post.002
20:40:37 | INFO: Blender create Mesh node COL_tubi_hall_post.006
20:40:37 | INFO: Blender create Mesh node COL_tubi_parapet.001
20:40:37 | INFO: Blender create Mesh node COL_tubi_parapet.002
20:40:37 | INFO: Blender create Mesh node COL_tubi_parapet.003
20:40:37 | INFO: Blender create Mesh node COL_tubi_parapet.008
20:40:37 | INFO: Blender create Mesh node COL_tubi_stair_guard.001
20:40:37 | INFO: Blender create Mesh node COL_tubi_stair_guard.004
20:40:37 | INFO: Blender create Mesh node COL_tubi_stair_ramp.002
20:40:37 | INFO: Blender create Mesh node COL_tubi_terrace.002
20:40:37 | INFO: Blender create Mesh node COL_tubi_topic_table.002
20:40:37 | INFO: Blender create Mesh node COL_tubi_view_bench_left.001
20:40:37 | INFO: Blender create Mesh node COL_tubi_view_bench_right.001
20:40:37 | INFO: Blender create Mesh node COL_water_embankment.082
20:40:37 | INFO: Blender create Mesh node COL_water_embankment.083
20:40:37 | INFO: Blender create Mesh node COL_water_embankment.084
20:40:37 | INFO: Blender create Mesh node COL_water_embankment.085
20:40:37 | INFO: Blender create Mesh node COL_water_embankment.086
20:40:37 | INFO: Blender create Mesh node COL_water_embankment.087
20:40:37 | INFO: Blender create Mesh node COL_water_embankment.088
20:40:37 | INFO: Blender create Mesh node COL_water_embankment.089
20:40:37 | INFO: Blender create Mesh node COL_water_embankment.090
20:40:37 | INFO: Blender create Mesh node COL_water_embankment.091
20:40:37 | INFO: Blender create Mesh node COL_water_embankment.092
20:40:37 | INFO: Blender create Mesh node COL_water_embankment.093
20:40:37 | INFO: Blender create Mesh node COL_water_embankment.094
20:40:37 | INFO: Blender create Mesh node COL_water_embankment.095
20:40:37 | INFO: Blender create Mesh node COL_water_embankment.096
20:40:37 | INFO: Blender create Mesh node COL_water_embankment.097
20:40:37 | INFO: Blender create Mesh node COL_water_embankment.098
20:40:37 | INFO: Blender create Mesh node COL_water_embankment.099
20:40:37 | INFO: Blender create Mesh node COL_water_embankment.100
20:40:37 | INFO: Blender create Mesh node COL_water_embankment.101
20:40:37 | INFO: Blender create Mesh node COL_water_embankment.102
20:40:37 | INFO: Blender create Mesh node COL_water_embankment.103
20:40:37 | INFO: Blender create Mesh node COL_water_embankment.104
20:40:37 | INFO: Blender create Mesh node COL_water_embankment.105
20:40:37 | INFO: Blender create Mesh node COL_water_embankment.106
20:40:37 | INFO: Blender create Mesh node COL_water_embankment.107
20:40:37 | INFO: Blender create Mesh node COL_water_embankment.108
20:40:37 | INFO: Blender create Mesh node COL_water_embankment.055
20:40:37 | INFO: Blender create Mesh node COL_water_embankment.056
20:40:37 | INFO: Blender create Mesh node COL_water_embankment.057
20:40:37 | INFO: Blender create Mesh node COL_water_embankment.058
20:40:37 | INFO: Blender create Mesh node COL_water_embankment.059
20:40:37 | INFO: Blender create Mesh node COL_water_embankment.060
20:40:37 | INFO: Blender create Mesh node COL_water_embankment.061
20:40:37 | INFO: Blender create Mesh node COL_water_embankment.062
20:40:37 | INFO: Blender create Mesh node COL_water_embankment.063
20:40:37 | INFO: Blender create Mesh node COL_water_embankment.064
20:40:37 | INFO: Blender create Mesh node COL_water_embankment.065
20:40:37 | INFO: Blender create Mesh node COL_water_embankment.066
20:40:37 | INFO: Blender create Mesh node COL_water_embankment.067
20:40:37 | INFO: Blender create Mesh node COL_water_embankment.068
20:40:37 | INFO: Blender create Mesh node COL_water_embankment.069
20:40:37 | INFO: Blender create Mesh node COL_water_embankment.070
20:40:37 | INFO: Blender create Mesh node COL_water_embankment.071
20:40:37 | INFO: Blender create Mesh node COL_water_embankment.072
20:40:37 | INFO: Blender create Mesh node COL_water_embankment.073
20:40:37 | INFO: Blender create Mesh node COL_water_embankment.074
20:40:37 | INFO: Blender create Mesh node COL_water_embankment.075
20:40:37 | INFO: Blender create Mesh node COL_water_embankment.076
20:40:37 | INFO: Blender create Mesh node COL_water_embankment.077
20:40:37 | INFO: Blender create Mesh node COL_water_embankment.078
20:40:37 | INFO: Blender create Mesh node COL_water_embankment.079
20:40:37 | INFO: Blender create Mesh node COL_water_embankment.080
20:40:37 | INFO: Blender create Mesh node COL_water_embankment.081
20:40:37 | INFO: Blender create Mesh node COL_water_bridge_side.001
20:40:37 | INFO: Blender create Mesh node COL_water_bridge_side.004
20:40:37 | INFO: Blender create Mesh node COL_water_bridge_deck.002
20:40:37 | INFO: Blender create Mesh node COL_xiaoxiang_bamboo_bed.004
20:40:37 | INFO: Blender create Mesh node COL_xiaoxiang_bamboo_bed.005
20:40:37 | INFO: Blender create Mesh node COL_xiaoxiang_bamboo_bed.006
20:40:37 | INFO: Blender create Mesh node COL_xiaoxiang_bamboo_bed.007
20:40:37 | INFO: Blender create Mesh node COL_xiaoxiang_closed_front.001
20:40:37 | INFO: Blender create Mesh node COL_xiaoxiang_floor.001
20:40:37 | INFO: Blender create Mesh node COL_xiaoxiang_return.002
20:40:37 | INFO: Blender create Mesh node COL_xiaoxiang_return.003
20:40:37 | INFO: Blender create Mesh node COL_xiaoxiang_threshold.001
20:40:37 | INFO: Blender create Mesh node COL_yihong_closed_front.002
20:40:37 | INFO: Blender create Mesh node COL_yihong_court_side.001
20:40:37 | INFO: Blender create Mesh node COL_yihong_court_side.004
20:40:37 | INFO: Blender create Mesh node COL_yihong_floor.002
20:40:37 | INFO: Blender create Mesh node COL_yihong_planter.001
20:40:37 | INFO: Blender create Mesh node COL_yihong_planter.004
20:40:37 | INFO: Blender create Mesh node COL_yihong_side_return.001
20:40:37 | INFO: Blender create Mesh node COL_yihong_side_return.004
20:40:37 | INFO: Blender create Mesh node COL_yihong_threshold.002
20:40:37 | INFO: Blender create Mesh node COL_ziling_landing.001
20:40:37 | INFO: Blender create Mesh node HERO_aojing-guan_title.002
20:40:37 | INFO: Blender create Mesh node HERO_daguan_title.001
20:40:37 | INFO: Blender create Mesh node HERO_daoxiang-cun_title.002
20:40:37 | INFO: Blender create Mesh node KIT_flora_plum_render.001
20:40:37 | INFO: Blender create Mesh node KIT_flora_plum_render.002
20:40:37 | INFO: Blender create Mesh node KIT_flora_bamboo_large_render.001
20:40:37 | INFO: Blender create Mesh node KIT_flora_bamboo_large_render.002
20:40:37 | INFO: Blender create Mesh node KIT_flora_bamboo_small_render.001
20:40:37 | INFO: Blender create Mesh node KIT_flora_willow_render.001
20:40:37 | INFO: Blender create Mesh node KIT_flora_willow_render.002
20:40:37 | INFO: Blender create Mesh node KIT_flora_bamboo_large_render.003
20:40:37 | INFO: Blender create Mesh node KIT_flora_bamboo_medium_render.001
20:40:37 | INFO: Blender create Mesh node KIT_flora_bamboo_small_render.002
20:40:37 | INFO: Blender create Mesh node KIT_flora_bamboo_large_render.004
20:40:37 | INFO: Blender create Mesh node KIT_flora_banana_render.001
20:40:37 | INFO: Blender create Mesh node KIT_flora_banana_render.002
20:40:37 | INFO: Blender create Mesh node TEMP_reed_geometry.001
20:40:37 | INFO: Blender create Mesh node TEMP_reed_geometry.002
20:40:37 | INFO: Blender create Mesh node TEMP_reed_geometry.003
20:40:37 | INFO: Blender create Mesh node TEMP_reed_geometry.004
20:40:38 | INFO: Blender create Mesh node TEMP_reed_geometry.005
20:40:38 | INFO: Blender create Mesh node TEMP_reed_geometry.006
20:40:38 | INFO: Blender create Mesh node TEMP_reed_geometry.007
20:40:38 | INFO: Blender create Mesh node TEMP_reed_geometry.008
20:40:38 | INFO: Blender create Mesh node TEMP_reed_geometry.009
20:40:38 | INFO: Blender create Mesh node TEMP_reed_geometry.010
20:40:38 | INFO: Blender create Mesh node HERO_gate_inscription.001
20:40:38 | INFO: Blender create Mesh node HERO_gate_water_drips.001
20:40:38 | INFO: Blender create Mesh node HERO_hengwu-yuan_title.002
20:40:38 | INFO: Blender create Mesh node HERO_longcui-an_title.002
20:40:38 | INFO: Blender create Mesh node HERO_qinfang-ting_title.002
20:40:38 | INFO: Blender create Mesh node HERO_qinfang_bridge.001
20:40:38 | INFO: Blender create Mesh node HERO_study_scroll_bamboo.002
20:40:38 | INFO: Blender create Mesh node HERO_study_scroll_plum.002
20:40:38 | INFO: Blender create Mesh node HERO_study_title.002
20:40:38 | INFO: Blender create Mesh node HERO_table_hexagram.001
20:40:38 | INFO: Blender create Mesh node line_piece.005
20:40:38 | INFO: Blender create Mesh node line_piece.002
20:40:38 | INFO: Blender create Mesh node line_piece.011
20:40:38 | INFO: Blender create Mesh node line_piece.008
20:40:38 | INFO: Blender create Mesh node line_piece.017
20:40:38 | INFO: Blender create Mesh node line_piece.014
20:40:38 | INFO: Blender create Mesh node line_piece.019
20:40:38 | INFO: Blender create Mesh node line_piece.018
20:40:38 | INFO: Blender create Mesh node line_piece.021
20:40:38 | INFO: Blender create Mesh node line_piece.020
20:40:38 | INFO: Blender create Mesh node line_piece.023
20:40:38 | INFO: Blender create Mesh node line_piece.022
20:40:38 | INFO: Blender create Mesh node HERO_table_pedestal.001
20:40:38 | INFO: Blender create Mesh node HERO_tubi_title.002
20:40:38 | INFO: Blender create Mesh node HERO_xiaoxiang-guan_title.002
20:40:38 | INFO: Blender create Mesh node HERO_yihong-yuan_title.002
20:40:38 | INFO: Blender create Mesh node AOJING_pond.002
20:40:38 | INFO: Blender create Mesh node AOJING_backstage.002
20:40:38 | INFO: Blender create Mesh node AOJING_amber_window.002
20:40:38 | INFO: Blender create Mesh node AOJING_window_lattice.001
20:40:38 | INFO: Blender create Mesh node AOJING_dry_ledge.002
20:40:38 | INFO: Blender create Mesh node AOJING_roof.002
20:40:38 | INFO: Blender create Mesh node AOJING_closed_front.002
20:40:38 | INFO: Blender create Mesh node DAGUAN_backstage.001
20:40:38 | INFO: Blender create Mesh node DAGUAN_door_stud.180
20:40:38 | INFO: Blender create Mesh node DAGUAN_amber_transom.002
20:40:38 | INFO: Blender create Mesh node DAGUAN_closed_door.010
20:40:38 | INFO: Blender create Mesh node DAGUAN_recessed_panel.020
20:40:38 | INFO: Blender create Mesh node DAGUAN_column.006
20:40:38 | INFO: Blender create Mesh node DAGUAN_platform.001
20:40:38 | INFO: Blender create Mesh node DAGUAN_lower_roof.001
20:40:38 | INFO: Blender create Mesh node DAGUAN_front.001
20:40:38 | INFO: Blender create Mesh node DAOXIANG_backstage.001
20:40:38 | INFO: Blender create Mesh node DAOXIANG_door_latch.001
20:40:38 | INFO: Blender create Mesh node DAOXIANG_warm_sliver.001
20:40:38 | INFO: Blender create Mesh node DAOXIANG_closed_door.001
20:40:38 | INFO: Blender create Mesh node DAOXIANG_paddy_painting.001
20:40:38 | INFO: Blender create Mesh node DAOXIANG_court.001
20:40:38 | INFO: Blender create Mesh node DAOXIANG_thatch_mass.001
20:40:38 | INFO: Blender create Mesh node DAOXIANG_front.001
20:40:38 | INFO: Blender create Mesh node SITE_hengwu-yuan_backstage.001
20:40:38 | INFO: Blender create Mesh node KIT_pavilion_finial.011
20:40:38 | INFO: Blender create Mesh node KIT_wall_amber_window.006
20:40:38 | INFO: Blender create Mesh node HENGWU_herb_leaf.001
20:40:38 | INFO: Blender create Mesh node KIT_wall_lattice_vertical.105
20:40:38 | INFO: Blender create Mesh node SITE_hengwu-yuan_platform.001
20:40:38 | INFO: Blender create Mesh node KIT_props_lantern_hanging_render.015
20:40:38 | INFO: Blender create Mesh node KIT_pavilion_roof.011
20:40:38 | INFO: Blender create Mesh node KIT_wall_bay.001
20:40:38 | INFO: Blender create Mesh node SITE_hengwu-yuan_front.001
20:40:38 | INFO: Blender create Mesh node LONGCUI_backstage.001
20:40:38 | INFO: Blender create Mesh node LONGCUI_gate_pull.002
20:40:38 | INFO: Blender create Mesh node LONGCUI_closed_gate.002
20:40:38 | INFO: Blender create Mesh node LONGCUI_paving.001
20:40:38 | INFO: Blender create Mesh node KIT_props_lantern_hanging_render.016
20:40:38 | INFO: Blender create Mesh node LONGCUI_wall_cap.001
20:40:38 | INFO: Blender create Mesh node LONGCUI_closed_front.001
20:40:38 | INFO: Blender create Mesh node KIT_props_tea_cup.006
20:40:38 | INFO: Blender create Mesh node SITE_ouxiang_deck.001
20:40:38 | INFO: Blender create Mesh node WESTERN_kit_lotus_lotus_pad.001
20:40:38 | INFO: Blender create Mesh node KIT_pavilion_water_pier.004
20:40:38 | INFO: Blender create Mesh node KIT_props_lantern_hanging_render.013
20:40:38 | INFO: Blender create Mesh node KIT_pavilion_water_hipped_roof.001
20:40:38 | INFO: Blender create Mesh node KIT_corridor_rail.008
20:40:38 | INFO: Blender create Mesh node KIT_water_lotus_lotus_pad.001
20:40:38 | INFO: Blender create Mesh node KIT_pavilion_roof_shell.001
20:40:38 | INFO: Blender create Mesh node KIT_pavilion_plinth.001
20:40:38 | INFO: Blender create Mesh node KIT_props_lantern_hanging_render.001
20:40:38 | INFO: Blender create Mesh node KIT_water_stream.001
20:40:38 | INFO: Blender create Mesh node SITE_qiushuang-zhai_backstage.001
20:40:38 | INFO: Blender create Mesh node KIT_pavilion_finial.005
20:40:38 | INFO: Blender create Mesh node KIT_wall_lattice_vertical.042
20:40:38 | INFO: Blender create Mesh node SITE_qiushuang-zhai_platform.001
20:40:38 | INFO: Blender create Mesh node KIT_props_lantern_hanging_render.010
20:40:38 | INFO: Blender create Mesh node KIT_pavilion_roof.005
20:40:38 | INFO: Blender create Mesh node KIT_tech_terminal_desk_render.007
20:40:38 | INFO: Blender create Mesh node SITE_qiushuang-zhai_front.001
20:40:38 | INFO: Blender create Mesh node GATE_banana_pseudostem.001
20:40:38 | INFO: Blender create Mesh node GATE_banana_soil.001
20:40:38 | INFO: Blender create Mesh node KIT_rockery_passage.001
20:40:38 | INFO: Blender create Mesh node GATE_paving.002
20:40:38 | INFO: Blender create Mesh node KIT_props_lantern_hanging_render.008
20:40:38 | INFO: Blender create Mesh node KIT_stage_fog_plane_render.017
20:40:38 | INFO: Blender create Mesh node KIT_stage_floor.001
20:40:38 | INFO: Blender create Mesh node AOJING_approach_guard.001
20:40:38 | INFO: Blender create Mesh node KIT_stage_painted_moon.001
20:40:38 | INFO: Blender create Mesh node KIT_stage_painted_mountain_layer.003
20:40:38 | INFO: Blender create Mesh node KIT_stage_painted_mountain_layer.004
20:40:38 | INFO: Blender create Mesh node KIT_stage_painted_mountain_layer.005
20:40:38 | INFO: Blender create Mesh node KIT_water_stone_walk.005
20:40:38 | INFO: Blender create Mesh node Painted coved ceiling candidate.001
20:40:38 | INFO: Blender create Mesh node KIT_stage_painted_canvas.002
20:40:38 | INFO: Blender create Mesh node Eight painted cyclorama arcs.001
20:40:38 | INFO: Blender create Mesh node KIT_stage_fog_plane_render.002
20:40:38 | INFO: Blender create Mesh node KIT_tech_cell_side.012
20:40:38 | INFO: Blender create Mesh node KIT_wall_window_bar.030
20:40:38 | INFO: Blender create Mesh node KIT_stage_entry_walk.002
20:40:38 | INFO: Blender create Mesh node KIT_props_folding_chair_render.001
20:40:38 | INFO: Blender create Mesh node KIT_stage_floor_boards_render.002
20:40:38 | INFO: Blender create Mesh node KIT_stage_gel_frame_render.002
20:40:38 | INFO: Blender create Mesh node KIT_stage_studio_wall_render.002
20:40:38 | INFO: Blender create Mesh node KIT_stage_fog_plane_render.020
20:40:38 | INFO: Blender create Mesh node KIT_tech_terminal_desk_render.001
20:40:38 | INFO: Blender create Mesh node KIT_props_scroll_render.001
20:40:38 | INFO: Blender create Mesh node SITE_tubi-tang_backstage.001
20:40:38 | INFO: Blender create Mesh node KIT_pavilion_finial.007
20:40:38 | INFO: Blender create Mesh node KIT_wall_amber_window.003
20:40:38 | INFO: Blender create Mesh node TUBI_topic_line.001
20:40:38 | INFO: Blender create Mesh node KIT_wall_lattice_vertical.063
20:40:38 | INFO: Blender create Mesh node SITE_tubi-tang_platform.001
20:40:38 | INFO: Blender create Mesh node KIT_props_lantern_hanging_render.012
20:40:38 | INFO: Blender create Mesh node KIT_pavilion_roof.007
20:40:38 | INFO: Blender create Mesh node TUBI_terrace.002
20:40:38 | INFO: Blender create Mesh node SITE_tubi-tang_front.001
20:40:38 | INFO: Blender create Mesh node XIAOXIANG_black_back.001
20:40:38 | INFO: Blender create Mesh node XIAOXIANG_gate_pull.002
20:40:38 | INFO: Blender create Mesh node XIAOXIANG_amber_window.001
20:40:38 | INFO: Blender create Mesh node XIAOXIANG_gate_leaf.002
20:40:38 | INFO: Blender create Mesh node XIAOXIANG_paving.001
20:40:38 | INFO: Blender create Mesh node XIAOXIANG_wall_cap.001
20:40:38 | INFO: Blender create Mesh node XIAOXIANG_closed_front.001
20:40:38 | INFO: Blender create Mesh node YIHONG_backstage.002
20:40:38 | INFO: Blender create Mesh node YIHONG_door_rail.001
20:40:38 | INFO: Blender create Mesh node YIHONG_amber_window.002
20:40:38 | INFO: Blender create Mesh node YIHONG_door_panel.001
20:40:38 | INFO: Blender create Mesh node YIHONG_paving.002
20:40:38 | INFO: Blender create Mesh node YIHONG_court_cap.001
20:40:38 | INFO: Blender create Mesh node YIHONG_closed_front.002
20:40:38 | INFO: Blender create Mesh node WESTERN_kit_lotus.004_lotus_pad.001
20:40:38 | INFO: Blender create Mesh node KIT_water_plank.002
20:40:38 | INFO: Blender create Mesh node SITE_ziling_island.001
20:40:38 | INFO: glTF import finished in 1.07s
Info: Baking map saved to internal image, save it externally or pack it
TERMINAL_SPILL_CONTROL direct [{'pixels': 282, 'linear_max': 0.0, 'linear_mean': [0.0, 0.0, 0.0]}, {'pixels': 314, 'linear_max': 0.0, 'linear_mean': [0.0, 0.0, 0.0]}, {'pixels': 279, 'linear_max': 0.0, 'linear_mean': [0.0, 0.0, 0.0]}, {'pixels': 292, 'linear_max': 0.0, 'linear_mean': [0.0, 0.0, 0.0]}, {'pixels': 266, 'linear_max': 0.0, 'linear_mean': [0.0, 0.0, 0.0]}, {'pixels': 249, 'linear_max': 0.0, 'linear_mean': [0.0, 0.0, 0.0]}]
/Users/auchan/projects/garden-of-dreams/.superpowers/sdd/2026-09-23-garden-completion/island-face-source/candidate/scripts/bake_terminal_spill.py:101: DeprecationWarning: 'Material.use_nodes' is expected to be removed in Blender 6.0
  material.use_nodes = True
Info: Baking map saved to internal image, save it externally or pack it
TERMINAL_SPILL_CONTROL window_only [{'pixels': 282, 'linear_max': 5.030837201047689e-05, 'linear_mean': [1.0817776683325064e-06, 1.4517332829200313e-06, 2.52840527537046e-06]}, {'pixels': 314, 'linear_max': 6.72836322337389e-05, 'linear_mean': [1.0390211855337839e-06, 1.4413296867132885e-06, 2.700470986383152e-06]}, {'pixels': 279, 'linear_max': 3.732814730028622e-05, 'linear_mean': [7.650244810974982e-07, 1.0425632126498385e-06, 1.845131350819429e-06]}, {'pixels': 292, 'linear_max': 9.717855573398992e-05, 'linear_mean': [7.118221674318193e-07, 9.581186759533011e-07, 1.7717882201395696e-06]}, {'pixels': 266, 'linear_max': 5.091131606604904e-05, 'linear_mean': [5.629997872347303e-07, 8.01605324340926e-07, 1.4507703554045293e-06]}, {'pixels': 249, 'linear_max': 0.00013205793220549822, 'linear_mean': [1.0735826663221815e-06, 1.5168607205851004e-06, 2.9746361178695224e-06]}]
Info: Baking map saved to internal image, save it externally or pack it
TERMINAL_SPILL_CONTROL sealed [{'pixels': 282, 'linear_max': 0.0, 'linear_mean': [0.0, 0.0, 0.0]}, {'pixels': 314, 'linear_max': 0.0, 'linear_mean': [0.0, 0.0, 0.0]}, {'pixels': 279, 'linear_max': 0.0, 'linear_mean': [0.0, 0.0, 0.0]}, {'pixels': 292, 'linear_max': 0.0, 'linear_mean': [0.0, 0.0, 0.0]}, {'pixels': 266, 'linear_max': 0.0, 'linear_mean': [0.0, 0.0, 0.0]}, {'pixels': 249, 'linear_max': 0.0, 'linear_mean': [0.0, 0.0, 0.0]}]
Info: Baking map saved to internal image, save it externally or pack it
TERMINAL_SPILL_CONTROL washes_off [{'pixels': 282, 'linear_max': 0.0, 'linear_mean': [0.0, 0.0, 0.0]}, {'pixels': 314, 'linear_max': 0.0, 'linear_mean': [0.0, 0.0, 0.0]}, {'pixels': 279, 'linear_max': 0.0, 'linear_mean': [0.0, 0.0, 0.0]}, {'pixels': 292, 'linear_max': 0.0, 'linear_mean': [0.0, 0.0, 0.0]}, {'pixels': 266, 'linear_max': 0.0, 'linear_mean': [0.0, 0.0, 0.0]}, {'pixels': 249, 'linear_max': 0.0, 'linear_mean': [0.0, 0.0, 0.0]}]
Info: Baking map saved to internal image, save it externally or pack it
TERMINAL_SPILL_BAKED SITE_terminal-cells_MAT_backstage 0.008685972541570663 0.4059257507324219
Info: Baking map saved to internal image, save it externally or pack it
TERMINAL_SPILL_BAKED SITE_terminal-cells_MAT_lattice_wood 0.0025281982962042093 0.249786376953125
Info: Baking map saved to internal image, save it externally or pack it
TERMINAL_SPILL_BAKED SITE_terminal-cells_MAT_plaster_rock 0.00146975158713758 0.28022003173828125
Info: Baking map saved to internal image, save it externally or pack it
TERMINAL_SPILL_BAKED SITE_terminal-cells_MAT_props_atlas 0.00035744108026847243 0.43047332763671875
Info: Baking map saved to internal image, save it externally or pack it
TERMINAL_SPILL_BAKED SITE_terminal-cells_MAT_stage_atlas 0.0011377469636499882 0.11767196655273438
Info: Baking map saved to internal image, save it externally or pack it
TERMINAL_SPILL_BAKED SITE_terminal-cells_MAT_tech_atlas 0.001252953545190394 0.14218902587890625
Info: Baking map saved to internal image, save it externally or pack it
TERMINAL_SPILL_BAKED SITE_terminal-cells_MAT_terminal_scroll 0.0008598029962740839 0.2602577209472656
NATIVE_TERMINAL_SPILL_PASS 7 source files unchanged
Blender 5.2.2 LTS (hash d13f752e3b9c built 2026-09-15 01:49:19)

Blender quit
