--------- beginning of main
10-10 17:46:30.937 19429 19473 I godot   : FULL_PHONE_LEG_RECORDED 00-12-qinfang_ting-to-hengwu_yuan timed_seconds=189.070771
10-10 17:46:51.043 19429 19473 I godot   : FULL_PHONE_LEG_RECORDED 00-13-hengwu_yuan-to-daoxiang_cun timed_seconds=205.114712
10-10 17:47:11.130 19429 19473 I godot   : FULL_PHONE_LEG_RECORDED 00-14-daoxiang_cun-to-hengwu_yuan timed_seconds=221.113238
10-10 17:47:33.297 19429 19473 I godot   : FULL_PHONE_LEG_RECORDED 00-15-hengwu_yuan-to-qinfang_ting timed_seconds=239.299303
10-10 17:47:50.999 19429 19473 I godot   : FULL_PHONE_LEG_RECORDED 00-16-qinfang_ting-to-daguan_lou timed_seconds=252.967285
10-10 17:48:08.589 19429 19473 I godot   : FULL_PHONE_LEG_RECORDED 00-17-daguan_lou-to-qinfang_ting timed_seconds=266.570254
10-10 17:48:25.670 19429 19473 I godot   : FULL_PHONE_LEG_RECORDED 00-18-qinfang_ting-to-yihong_yuan timed_seconds=279.609204
10-10 17:48:42.201 19429 19473 I godot   : FULL_PHONE_LEG_RECORDED 00-19-yihong_yuan-to-aojing_guan timed_seconds=292.158967
10-10 17:48:58.763 19429 19473 I godot   : FULL_PHONE_LEG_RECORDED 00-20-aojing_guan-to-yihong_yuan timed_seconds=304.702075
10-10 17:49:15.850 19429 19473 I godot   : FULL_PHONE_LEG_RECORDED 00-21-yihong_yuan-to-qinfang_ting timed_seconds=317.805231
10-10 17:49:30.623 19429 19473 I godot   : FULL_PHONE_LEG_RECORDED 00-22-qinfang_ting-to-xiaoxiang_guan timed_seconds=328.474203
10-10 17:49:45.249 19429 19473 I godot   : FULL_PHONE_LEG_RECORDED 00-23-xiaoxiang_guan-to-qinfang_ting timed_seconds=339.108274
10-10 17:50:06.101 19429 19473 I godot   : FULL_PHONE_LEG_RECORDED 00-24-qinfang_ting-to-rockery_gate timed_seconds=356.065798
10-10 17:50:23.490 19429 19473 I godot   : FULL_PHONE_LEG_RECORDED 00-25-rockery_gate-to-terminal_room timed_seconds=369.552923
10-10 17:50:40.744 19429 19473 I godot   : FULL_PHONE_LEG_RECORDED 01-00-terminal_room-to-rockery_gate timed_seconds=382.925056
10-10 17:51:05.832 19429 19473 I godot   : FULL_PHONE_LEG_RECORDED 01-01-rockery_gate-to-qinfang_ting timed_seconds=404.002906
10-10 17:51:27.958 19429 19473 I godot   : FULL_PHONE_LEG_RECORDED 01-02-qinfang_ting-to-qiushuang_zhai timed_seconds=422.120625
10-10 17:51:48.868 19429 19473 I godot   : FULL_PHONE_LEG_RECORDED 01-03-qiushuang_zhai-to-tubi_tang timed_seconds=438.948938
10-10 17:52:08.965 19429 19473 I godot   : FULL_PHONE_LEG_RECORDED 01-04-tubi_tang-to-qiushuang_zhai timed_seconds=455.062985
10-10 17:52:31.102 19429 19473 I godot   : FULL_PHONE_LEG_RECORDED 01-05-qiushuang_zhai-to-qinfang_ting timed_seconds=473.198213
10-10 17:52:48.217 19429 19473 I godot   : FULL_PHONE_LEG_RECORDED 01-06-qinfang_ting-to-ouxiang_xie timed_seconds=486.286916
10-10 17:53:00.231 19429 19473 I godot   : FULL_PHONE_LEG_RECORDED 01-07-ouxiang_xie-to-ziling_zhou timed_seconds=494.310249
10-10 17:53:12.173 19429 19473 I godot   : FULL_PHONE_LEG_RECORDED 01-08-ziling_zhou-to-ouxiang_xie timed_seconds=502.222246
10-10 17:53:27.338 19429 19473 I godot   : FULL_PHONE_LEG_RECORDED 01-09-ouxiang_xie-to-longcui_an timed_seconds=513.345314
10-10 17:53:42.360 19429 19473 I godot   : FULL_PHONE_LEG_RECORDED 01-10-longcui_an-to-ouxiang_xie timed_seconds=524.358553
10-10 17:53:59.407 19429 19473 I godot   : FULL_PHONE_LEG_RECORDED 01-11-ouxiang_xie-to-qinfang_ting timed_seconds=537.395455
10-10 17:54:21.651 19429 19473 I godot   : FULL_PHONE_LEG_RECORDED 01-12-qinfang_ting-to-hengwu_yuan timed_seconds=555.550396
10-10 17:54:41.712 19429 19473 I godot   : FULL_PHONE_LEG_RECORDED 01-13-hengwu_yuan-to-daoxiang_cun timed_seconds=571.561131
10-10 17:55:01.825 19429 19473 I godot   : FULL_PHONE_LEG_RECORDED 01-14-daoxiang_cun-to-hengwu_yuan timed_seconds=587.566135
10-10 17:55:24.005 19429 19473 I godot   : FULL_PHONE_LEG_RECORDED 01-15-hengwu_yuan-to-qinfang_ting timed_seconds=605.722391
10-10 17:55:41.724 19429 19473 I godot   : FULL_PHONE_LEG_RECORDED 01-16-qinfang_ting-to-daguan_lou timed_seconds=619.402746
10-10 17:55:59.209 19429 19473 I godot   : FULL_PHONE_LEG_RECORDED 01-17-daguan_lou-to-qinfang_ting timed_seconds=632.962582
10-10 17:56:16.281 19429 19473 I godot   : FULL_PHONE_LEG_RECORDED 01-18-qinfang_ting-to-yihong_yuan timed_seconds=645.996033
10-10 17:56:32.746 19429 19473 I godot   : FULL_PHONE_LEG_RECORDED 01-19-yihong_yuan-to-aojing_guan timed_seconds=658.473762
10-10 17:56:49.339 19429 19473 I godot   : FULL_PHONE_LEG_RECORDED 01-20-aojing_guan-to-yihong_yuan timed_seconds=671.027911
10-10 17:57:06.414 19429 19473 I godot   : FULL_PHONE_LEG_RECORDED 01-21-yihong_yuan-to-qinfang_ting timed_seconds=684.119811
10-10 17:57:21.221 19429 19473 I godot   : FULL_PHONE_LEG_RECORDED 01-22-qinfang_ting-to-xiaoxiang_guan timed_seconds=694.780954
10-10 17:57:35.847 19429 19473 I godot   : FULL_PHONE_LEG_RECORDED 01-23-xiaoxiang_guan-to-qinfang_ting timed_seconds=705.423866
10-10 17:57:56.692 19429 19473 I godot   : FULL_PHONE_LEG_RECORDED 01-24-qinfang_ting-to-rockery_gate timed_seconds=722.376955
10-10 17:58:14.075 19429 19473 I godot   : FULL_PHONE_LEG_RECORDED 01-25-rockery_gate-to-terminal_room timed_seconds=735.865019
10-10 17:58:14.086 19429 19473 I godot   : FULL_PHONE_PROFILE_COMPLETE tours=2 rooms=14 timed_seconds=735.865019
