00:01.087  blend            | Read blend: "/private/var/folders/gf/s_g2zvzj3jxbylz3ylbc7k4c0000gn/T/garden-imperial-chart-full-review-5gcmsl9c/blender/authoring.blend"
/private/var/folders/gf/s_g2zvzj3jxbylz3ylbc7k4c0000gn/T/garden-imperial-chart-full-review-5gcmsl9c/scripts/audit_site_sources.py:36: DeprecationWarning: 'Material.use_nodes' is expected to be removed in Blender 6.0
  images = sorted({node.image.name for mat in obj.data.materials if mat and mat.use_nodes
00:01.913  blend            | Read blend: "/private/var/folders/gf/s_g2zvzj3jxbylz3ylbc7k4c0000gn/T/garden-imperial-chart-full-review-5gcmsl9c/blender/sites/SITE_aojing-guan.blend"
00:02.176  blend            | Read blend: "/private/var/folders/gf/s_g2zvzj3jxbylz3ylbc7k4c0000gn/T/garden-imperial-chart-full-review-5gcmsl9c/blender/sites/SITE_daguan-lou.blend"
00:02.479  blend            | Read blend: "/private/var/folders/gf/s_g2zvzj3jxbylz3ylbc7k4c0000gn/T/garden-imperial-chart-full-review-5gcmsl9c/blender/sites/SITE_daoxiang-cun.blend"
00:02.784  blend            | Read blend: "/private/var/folders/gf/s_g2zvzj3jxbylz3ylbc7k4c0000gn/T/garden-imperial-chart-full-review-5gcmsl9c/blender/sites/SITE_hengwu-yuan.blend"
00:03.221  blend            | Read blend: "/private/var/folders/gf/s_g2zvzj3jxbylz3ylbc7k4c0000gn/T/garden-imperial-chart-full-review-5gcmsl9c/blender/sites/SITE_longcui-an.blend"
00:03.452  blend            | Read blend: "/private/var/folders/gf/s_g2zvzj3jxbylz3ylbc7k4c0000gn/T/garden-imperial-chart-full-review-5gcmsl9c/blender/sites/SITE_ouxiang-xie.blend"
00:03.672  blend            | Read blend: "/private/var/folders/gf/s_g2zvzj3jxbylz3ylbc7k4c0000gn/T/garden-imperial-chart-full-review-5gcmsl9c/blender/sites/SITE_qinfang-ting.blend"
00:04.128  blend            | Read blend: "/private/var/folders/gf/s_g2zvzj3jxbylz3ylbc7k4c0000gn/T/garden-imperial-chart-full-review-5gcmsl9c/blender/sites/SITE_qiushuang-zhai.blend"
00:04.489  blend            | Read blend: "/private/var/folders/gf/s_g2zvzj3jxbylz3ylbc7k4c0000gn/T/garden-imperial-chart-full-review-5gcmsl9c/blender/sites/SITE_rockery-gate.blend"
00:04.768  blend            | Read blend: "/private/var/folders/gf/s_g2zvzj3jxbylz3ylbc7k4c0000gn/T/garden-imperial-chart-full-review-5gcmsl9c/blender/sites/SITE_terminal-cells.blend"
00:04.858  blend            | Read blend: "/private/var/folders/gf/s_g2zvzj3jxbylz3ylbc7k4c0000gn/T/garden-imperial-chart-full-review-5gcmsl9c/blender/sites/SITE_tubi-tang.blend"
00:05.107  blend            | Read blend: "/private/var/folders/gf/s_g2zvzj3jxbylz3ylbc7k4c0000gn/T/garden-imperial-chart-full-review-5gcmsl9c/blender/sites/SITE_xiaoxiang-guan.blend"
00:05.339  blend            | Read blend: "/private/var/folders/gf/s_g2zvzj3jxbylz3ylbc7k4c0000gn/T/garden-imperial-chart-full-review-5gcmsl9c/blender/sites/SITE_yihong-yuan.blend"
00:05.553  blend            | Read blend: "/private/var/folders/gf/s_g2zvzj3jxbylz3ylbc7k4c0000gn/T/garden-imperial-chart-full-review-5gcmsl9c/blender/sites/SITE_ziling-zhou.blend"
BlenderMCP addon registered
Info: Read library: '/private/var/folders/gf/s_g2zvzj3jxbylz3ylbc7k4c0000gn/T/garden-imperial-chart-full-review-5gcmsl9c/blender/sites/SITE_stage.blend', '//SITE_stage.blend', parent '<direct>'
SITE_AUDIT aojing-guan typeset 0 bakes 6 / 6 structural differences 0
Info: Read library: '/private/var/folders/gf/s_g2zvzj3jxbylz3ylbc7k4c0000gn/T/garden-imperial-chart-full-review-5gcmsl9c/blender/sites/SITE_stage.blend', '//SITE_stage.blend', parent '<direct>'
SITE_AUDIT daguan-lou typeset 0 bakes 9 / 9 structural differences 0
Info: Read library: '/private/var/folders/gf/s_g2zvzj3jxbylz3ylbc7k4c0000gn/T/garden-imperial-chart-full-review-5gcmsl9c/blender/sites/SITE_stage.blend', '//SITE_stage.blend', parent '<direct>'
SITE_AUDIT daoxiang-cun typeset 0 bakes 8 / 8 structural differences 0
Info: Read library: '/private/var/folders/gf/s_g2zvzj3jxbylz3ylbc7k4c0000gn/T/garden-imperial-chart-full-review-5gcmsl9c/blender/sites/SITE_stage.blend', '//SITE_stage.blend', parent '<direct>'
SITE_AUDIT hengwu-yuan typeset 0 bakes 10 / 10 structural differences 0
Info: Read library: '/private/var/folders/gf/s_g2zvzj3jxbylz3ylbc7k4c0000gn/T/garden-imperial-chart-full-review-5gcmsl9c/blender/sites/SITE_stage.blend', '//SITE_stage.blend', parent '<direct>'
SITE_AUDIT longcui-an typeset 0 bakes 7 / 7 structural differences 0
Info: Read library: '/private/var/folders/gf/s_g2zvzj3jxbylz3ylbc7k4c0000gn/T/garden-imperial-chart-full-review-5gcmsl9c/blender/sites/SITE_stage.blend', '//SITE_stage.blend', parent '<direct>'
SITE_AUDIT ouxiang-xie typeset 0 bakes 6 / 6 structural differences 0
Info: Read library: '/private/var/folders/gf/s_g2zvzj3jxbylz3ylbc7k4c0000gn/T/garden-imperial-chart-full-review-5gcmsl9c/blender/sites/SITE_stage.blend', '//SITE_stage.blend', parent '<direct>'
SITE_AUDIT qinfang-ting typeset 0 bakes 20 / 20 structural differences 0
Info: Read library: '/private/var/folders/gf/s_g2zvzj3jxbylz3ylbc7k4c0000gn/T/garden-imperial-chart-full-review-5gcmsl9c/blender/sites/SITE_stage.blend', '//SITE_stage.blend', parent '<direct>'
SITE_AUDIT qiushuang-zhai typeset 0 bakes 10 / 10 structural differences 0
SITE_AUDIT rockery-gate typeset 0 bakes 6 / 6 structural differences 0
SITE_AUDIT terminal-cells typeset 0 bakes 7 / 7 structural differences 0
Info: Read library: '/private/var/folders/gf/s_g2zvzj3jxbylz3ylbc7k4c0000gn/T/garden-imperial-chart-full-review-5gcmsl9c/blender/sites/SITE_stage.blend', '//SITE_stage.blend', parent '<direct>'
SITE_AUDIT tubi-tang typeset 0 bakes 10 / 10 structural differences 0
Info: Read library: '/private/var/folders/gf/s_g2zvzj3jxbylz3ylbc7k4c0000gn/T/garden-imperial-chart-full-review-5gcmsl9c/blender/sites/SITE_stage.blend', '//SITE_stage.blend', parent '<direct>'
SITE_AUDIT xiaoxiang-guan typeset 0 bakes 7 / 7 structural differences 0
Info: Read library: '/private/var/folders/gf/s_g2zvzj3jxbylz3ylbc7k4c0000gn/T/garden-imperial-chart-full-review-5gcmsl9c/blender/sites/SITE_stage.blend', '//SITE_stage.blend', parent '<direct>'
SITE_AUDIT yihong-yuan typeset 0 bakes 7 / 7 structural differences 0
Info: Read library: '/private/var/folders/gf/s_g2zvzj3jxbylz3ylbc7k4c0000gn/T/garden-imperial-chart-full-review-5gcmsl9c/blender/sites/SITE_stage.blend', '//SITE_stage.blend', parent '<direct>'
SITE_AUDIT ziling-zhou typeset 0 bakes 3 / 3 structural differences 0
SITE_SOURCE_AUDIT_RECORDED 14 sites; scene files unchanged
BlenderMCP addon unregistered
Blender 5.2.2 LTS (hash d13f752e3b9c built 2026-09-15 01:49:19)

Blender quit
