LIGHTMAP_DATA_PASS SITE_terminal-cells_MAT_stage_atlas (1024, 1024) scale 1.0
LIGHTMAP_DATA_PASS SITE_stage_MAT_painted_moon (256, 256) scale 1.0
LIGHTMAP_DATA_PASS SITE_hengwu-yuan_MAT_props_atlas (1024, 1024) scale 2.5115599632263184
LIGHTMAP_DATA_PASS SITE_aojing-guan_MAT_rooftile (1024, 1024) scale 1.0
LIGHTMAP_DATA_PASS SITE_terminal-cells_MAT_lattice_wood (1024, 1024) scale 1.0
LIGHTMAP_DATA_PASS SITE_qinfang-ting_MAT_lattice_wood (1024, 1024) scale 1.0
LIGHTMAP_DATA_PASS HERO_study_scroll_bamboo.001 (256, 256) scale 1.1780143976211548
LIGHTMAP_DATA_PASS SITE_daguan-lou_MAT_whitewash (1024, 1024) scale 3.055391788482666
LIGHTMAP_DATA_PASS SITE_ouxiang-xie_MAT_foliage_card (1024, 1024) scale 1.0
LIGHTMAP_DATA_PASS SITE_qiushuang-zhai_MAT_whitewash (1024, 1024) scale 1.0
LIGHTMAP_DATA_PASS SITE_hengwu-yuan_MAT_foliage_card (1024, 1024) scale 1.0
LIGHTMAP_DATA_PASS SITE_ziling-zhou_MAT_foliage_card (1024, 1024) scale 1.0
LIGHTMAP_DATA_PASS SITE_aojing-guan_MAT_crt_amber (256, 256) scale 1.570093035697937
LIGHTMAP_DATA_PASS SITE_hengwu-yuan_MAT_crt_amber (1024, 1024) scale 1.0
LIGHTMAP_DATA_PASS SITE_daguan-lou_MAT_backstage (1024, 1024) scale 2.5863986015319824
LIGHTMAP_DATA_PASS SITE_qiushuang-zhai_MAT_backstage (1024, 1024) scale 1.697932243347168
LIGHTMAP_DATA_PASS SITE_hengwu-yuan_MAT_plaster_rock (1024, 1024) scale 1.0
LIGHTMAP_DATA_PASS SITE_daoxiang-cun_MAT_plaster_rock (1024, 1024) scale 2.6871540546417236
LIGHTMAP_DATA_PASS SITE_ouxiang-xie_MAT_plaster_rock (1024, 1024) scale 1.0
LIGHTMAP_DATA_PASS SITE_yihong-yuan_MAT_plaster_rock (1024, 1024) scale 1.0
LIGHTMAP_DATA_PASS SITE_ziling-zhou_MAT_plaster_rock (1024, 1024) scale 1.0
LIGHTMAP_DATA_PASS SITE_terminal-cells_MAT_terminal_scroll (1024, 1024) scale 1.0
LIGHTMAP_DATA_PASS SITE_daguan-lou_MAT_plaster_rock (1024, 1024) scale 1.0
LIGHTMAP_DATA_PASS SITE_qinfang-ting_MAT_props_atlas (1024, 1024) scale 1.2309424877166748
LIGHTMAP_DATA_PASS HERO_study_scroll_plum.001 (256, 256) scale 1.4505953788757324
LIGHTMAP_DATA_PASS SITE_aojing-guan_MAT_lattice_wood (1024, 1024) scale 3.4887261390686035
LIGHTMAP_DATA_PASS SITE_qiushuang-zhai_MAT_plaster_rock (1024, 1024) scale 1.0
LIGHTMAP_DATA_PASS SITE_daguan-lou_MAT_rooftile (1024, 1024) scale 1.0
LIGHTMAP_DATA_PASS HERO_table_pedestal.001 (256, 256) scale 1.0
LIGHTMAP_DATA_PASS SITE_tubi-tang_MAT_crt_amber (1024, 1024) scale 1.0
LIGHTMAP_DATA_PASS SITE_daoxiang-cun_MAT_crt_amber (256, 256) scale 1.0
LIGHTMAP_DATA_PASS SITE_longcui-an_MAT_props_atlas (1024, 1024) scale 1.225581169128418
LIGHTMAP_DATA_PASS SITE_stage_MAT_painted_mountains_2 (1024, 1024) scale 1.0
LIGHTMAP_DATA_PASS SITE_qinfang-ting_MAT_plaster_rock (1024, 1024) scale 1.0
LIGHTMAP_DATA_PASS SITE_terminal-cells_MAT_plaster_rock (1024, 1024) scale 1.0
LIGHTMAP_DATA_PASS SITE_terminal-cells_MAT_tech_atlas (1024, 1024) scale 1.0
LIGHTMAP_DATA_PASS SITE_qiushuang-zhai_MAT_tech_atlas (1024, 1024) scale 1.3345527648925781
LIGHTMAP_DATA_PASS SITE_qiushuang-zhai_MAT_bronze (1024, 1024) scale 1.2145206928253174
LIGHTMAP_DATA_PASS SITE_xiaoxiang-guan_MAT_backstage (1024, 1024) scale 5.276724815368652
LIGHTMAP_DATA_PASS SITE_ouxiang-xie_MAT_bronze (256, 256) scale 1.0
LIGHTMAP_DATA_PASS HERO_table_line_1_broken.001 (256, 256) scale 1.0
LIGHTMAP_DATA_PASS SITE_rockery-gate_MAT_props_atlas (1024, 1024) scale 1.3295890092849731
LIGHTMAP_DATA_PASS SITE_stage_MAT_backstage (1024, 1024) scale 1.0
LIGHTMAP_DATA_PASS SITE_daguan-lou_MAT_lattice_wood (1024, 1024) scale 3.4477877616882324
LIGHTMAP_DATA_PASS SITE_hengwu-yuan_MAT_rooftile (1024, 1024) scale 1.0
LIGHTMAP_DATA_PASS SITE_xiaoxiang-guan_MAT_whitewash (1024, 1024) scale 16.670997619628906
LIGHTMAP_DATA_PASS SITE_ziling-zhou_MAT_pavilion_atlas (1024, 1024) scale 1.0
LIGHTMAP_DATA_PASS SITE_daoxiang-cun_MAT_bronze (256, 256) scale 1.0
LIGHTMAP_DATA_PASS SITE_yihong-yuan_MAT_lattice_wood (256, 256) scale 4.830532550811768
LIGHTMAP_DATA_PASS SITE_ouxiang-xie_MAT_lattice_wood (1024, 1024) scale 1.0
LIGHTMAP_DATA_PASS SITE_ouxiang-xie_MAT_rooftile (1024, 1024) scale 1.0
LIGHTMAP_DATA_PASS HERO_table_line_6_broken.001 (256, 256) scale 1.0
LIGHTMAP_DATA_PASS SITE_daoxiang-cun_MAT_lattice_wood (1024, 1024) scale 2.4727025032043457
LIGHTMAP_DATA_PASS SITE_hengwu-yuan_MAT_lattice_wood (1024, 1024) scale 2.7783119678497314
LIGHTMAP_DATA_PASS SITE_qinfang-ting_MAT_foliage_card (1024, 1024) scale 1.0
LIGHTMAP_DATA_PASS SITE_xiaoxiang-guan_MAT_bronze (256, 256) scale 1.0
LIGHTMAP_DATA_PASS HERO_qinfang_bridge.001 (1024, 1024) scale 1.0
LIGHTMAP_DATA_PASS SITE_qiushuang-zhai_MAT_lattice_wood (1024, 1024) scale 1.4314682483673096
LIGHTMAP_DATA_PASS SITE_yihong-yuan_MAT_backstage (1024, 1024) scale 1.1026651859283447
LIGHTMAP_DATA_PASS SITE_aojing-guan_MAT_plaster_rock (1024, 1024) scale 1.0
LIGHTMAP_DATA_PASS HERO_table_hexagram.001 (256, 256) scale 1.0
LIGHTMAP_DATA_PASS SITE_tubi-tang_MAT_lantern (256, 256) scale 1.0397816896438599
LIGHTMAP_DATA_PASS SITE_daguan-lou_MAT_bronze (1024, 1024) scale 1.0
LIGHTMAP_DATA_PASS HERO_table_line_1_solid.001 (256, 256) scale 1.0
LIGHTMAP_DATA_PASS SITE_stage_MAT_painted_mountains_0 (1024, 1024) scale 1.0
LIGHTMAP_DATA_PASS SITE_qinfang-ting_MAT_pavilion_atlas (1024, 1024) scale 1.0
LIGHTMAP_DATA_PASS SITE_tubi-tang_MAT_props_atlas (1024, 1024) scale 1.251909852027893
LIGHTMAP_DATA_PASS SITE_tubi-tang_MAT_plaster_rock (1024, 1024) scale 1.0
LIGHTMAP_DATA_PASS HERO_table_line_6_solid.001 (256, 256) scale 1.0
LIGHTMAP_DATA_PASS SITE_yihong-yuan_MAT_yihong_lacquer (1024, 1024) scale 4.4329376220703125
LIGHTMAP_DATA_PASS SITE_daguan-lou_MAT_daguan_recess (1024, 1024) scale 1.0
LIGHTMAP_DATA_PASS HERO_table_line_3_broken.001 (256, 256) scale 1.0
LIGHTMAP_DATA_PASS SITE_xiaoxiang-guan_MAT_plaster_rock (1024, 1024) scale 1.0
LIGHTMAP_DATA_PASS SITE_qiushuang-zhai_MAT_props_atlas (1024, 1024) scale 1.2189445495605469
LIGHTMAP_DATA_PASS SITE_xiaoxiang-guan_MAT_crt_amber (256, 256) scale 4.872325897216797
LIGHTMAP_DATA_PASS HERO_table_line_4_broken.001 (256, 256) scale 1.0
LIGHTMAP_DATA_PASS SITE_rockery-gate_MAT_lattice_wood (256, 256) scale 1.0
LIGHTMAP_DATA_PASS SITE_terminal-cells_MAT_props_atlas (1024, 1024) scale 1.0
LIGHTMAP_DATA_PASS SITE_longcui-an_MAT_lattice_wood (256, 256) scale 1.0
LIGHTMAP_DATA_PASS HERO_gate_water_drips.001 (1024, 1024) scale 3.3168070316314697
LIGHTMAP_DATA_PASS SITE_stage_MAT_lattice_wood (256, 256) scale 1.0
LIGHTMAP_DATA_PASS SITE_longcui-an_MAT_bronze (256, 256) scale 1.0
LIGHTMAP_DATA_PASS SITE_stage_MAT_painted_mountains_1 (1024, 1024) scale 1.0
LIGHTMAP_DATA_PASS SITE_terminal-cells_MAT_backstage (1024, 1024) scale 1.0
LIGHTMAP_DATA_PASS SITE_yihong-yuan_MAT_crt_amber (256, 256) scale 1.2452861070632935
LIGHTMAP_DATA_PASS SITE_tubi-tang_MAT_rooftile (1024, 1024) scale 1.0
LIGHTMAP_DATA_PASS SITE_daoxiang-cun_MAT_whitewash (1024, 1024) scale 1.0
LIGHTMAP_DATA_PASS SITE_tubi-tang_MAT_lattice_wood (1024, 1024) scale 2.67558217048645
LIGHTMAP_DATA_PASS SITE_tubi-tang_MAT_whitewash (1024, 1024) scale 1.0027945041656494
LIGHTMAP_DATA_PASS SITE_qiushuang-zhai_MAT_rooftile (1024, 1024) scale 1.0
LIGHTMAP_DATA_PASS SITE_longcui-an_MAT_rooftile (1024, 1024) scale 1.0
LIGHTMAP_DATA_PASS HERO_table_line_5_broken.001 (256, 256) scale 1.0
LIGHTMAP_DATA_PASS SITE_hengwu-yuan_MAT_bronze (256, 256) scale 1.0
LIGHTMAP_DATA_PASS HERO_table_line_2_solid.001 (256, 256) scale 1.0
LIGHTMAP_DATA_PASS SITE_longcui-an_MAT_backstage (256, 256) scale 1.0
LIGHTMAP_DATA_PASS SITE_daoxiang-cun_MAT_paddy_painted_texture (256, 256) scale 1.0
LIGHTMAP_DATA_PASS SITE_daoxiang-cun_MAT_thatch (1024, 1024) scale 1.0
LIGHTMAP_DATA_PASS SITE_xiaoxiang-guan_MAT_lattice_wood (256, 256) scale 16.479768753051758
LIGHTMAP_DATA_PASS SITE_aojing-guan_MAT_backstage (1024, 1024) scale 1.6916913986206055
LIGHTMAP_DATA_PASS SITE_rockery-gate_MAT_foliage_card (1024, 1024) scale 1.0
LIGHTMAP_DATA_PASS HERO_table_line_5_solid.001 (256, 256) scale 1.0
LIGHTMAP_DATA_PASS SITE_ouxiang-xie_MAT_props_atlas (1024, 1024) scale 1.2321131229400635
LIGHTMAP_DATA_PASS SITE_rockery-gate_MAT_pavilion_atlas (1024, 1024) scale 1.0
LIGHTMAP_DATA_PASS SITE_hengwu-yuan_MAT_whitewash (1024, 1024) scale 1.0
LIGHTMAP_DATA_PASS SITE_yihong-yuan_MAT_rooftile (1024, 1024) scale 1.0
LIGHTMAP_DATA_PASS HERO_table_line_4_solid.001 (256, 256) scale 1.0
LIGHTMAP_DATA_PASS SITE_stage_MAT_plaster_rock (1024, 1024) scale 1.0
LIGHTMAP_DATA_PASS SITE_aojing-guan_MAT_whitewash (1024, 1024) scale 4.746621608734131
LIGHTMAP_DATA_PASS SITE_stage_MAT_stage_canvas (1024, 1024) scale 1.0
LIGHTMAP_DATA_PASS SITE_yihong-yuan_MAT_bronze (256, 256) scale 1.0
LIGHTMAP_DATA_PASS SITE_tubi-tang_MAT_bronze (256, 256) scale 1.0
LIGHTMAP_DATA_PASS SITE_tubi-tang_MAT_tubi_terrace_plaster (1024, 1024) scale 1.0
LIGHTMAP_DATA_PASS SITE_xiaoxiang-guan_MAT_rooftile (1024, 1024) scale 1.0482133626937866
LIGHTMAP_DATA_PASS SITE_longcui-an_MAT_plaster_rock (1024, 1024) scale 1.0
LIGHTMAP_DATA_PASS SITE_rockery-gate_MAT_plaster_rock (1024, 1024) scale 1.0
LIGHTMAP_DATA_PASS SITE_hengwu-yuan_MAT_backstage (1024, 1024) scale 5.461350917816162
LIGHTMAP_DATA_PASS SITE_daguan-lou_MAT_crt_amber (1024, 1024) scale 1.0
LIGHTMAP_DATA_PASS HERO_table_line_3_solid.001 (256, 256) scale 1.0
LIGHTMAP_DATA_PASS SITE_daoxiang-cun_MAT_backstage (1024, 1024) scale 36.85921096801758
LIGHTMAP_DATA_PASS SITE_tubi-tang_MAT_backstage (1024, 1024) scale 6.107351779937744
LIGHTMAP_DATA_PASS SITE_daguan-lou_MAT_daguan_lacquer (1024, 1024) scale 1.709368348121643
LIGHTMAP_DATA_PASS SITE_longcui-an_MAT_whitewash (1024, 1024) scale 1.0
LIGHTMAP_DATA_PASS HERO_table_line_2_broken.001 (256, 256) scale 1.0
LIGHTMAP_DATA_PASS SITE_hengwu-yuan_MAT_wall_atlas (1024, 1024) scale 1.0
BAKE_COVERAGE 124 / 124
