BlenderMCP addon registered
BlenderMCP addon unregistered
07:52:53 | INFO: Data are loaded, start creating Blender stuff
07:52:53 | INFO: Blender create Mesh node COL_aojing_approach.001
07:52:53 | INFO: Blender create Mesh node COL_aojing_approach.004
07:52:53 | INFO: Blender create Mesh node COL_aojing_approach_guard.001
07:52:53 | INFO: Blender create Mesh node COL_aojing_approach_guard.004
07:52:53 | INFO: Blender create Mesh node COL_aojing_approach_ramp.002
07:52:53 | INFO: Blender create Mesh node COL_aojing_closed_front.002
07:52:53 | INFO: Blender create Mesh node COL_aojing_dry_ledge.002
07:52:53 | INFO: Blender create Mesh node COL_aojing_hall_floor.002
07:52:53 | INFO: Blender create Mesh node COL_aojing_ledge_end.002
07:52:53 | INFO: Blender create Mesh node COL_aojing_ledge_parapet.002
07:52:53 | INFO: Blender create Mesh node COL_aojing_return.001
07:52:53 | INFO: Blender create Mesh node COL_aojing_return.004
07:52:53 | INFO: Blender create Mesh node Cube.147
07:52:53 | INFO: Blender create Mesh node Cube.148
07:52:53 | INFO: Blender create Mesh node Cube.149
07:52:53 | INFO: Blender create Mesh node Cube.150
07:52:53 | INFO: Blender create Mesh node COL_bridge_crosswalk.002
07:52:53 | INFO: Blender create Mesh node COL_bridge_crosswalk.003
07:52:53 | INFO: Blender create Mesh node COL_cell_floor.006
07:52:53 | INFO: Blender create Mesh node COL_cell_floor.007
07:52:53 | INFO: Blender create Mesh node COL_cell_floor.008
07:52:53 | INFO: Blender create Mesh node COL_cell_floor.009
07:52:53 | INFO: Blender create Mesh node COL_cell_floor.010
07:52:53 | INFO: Blender create Mesh node COL_cell_floor.011
07:52:53 | INFO: Blender create Mesh node COL_cell_wall.012
07:52:53 | INFO: Blender create Mesh node COL_cell_wall.013
07:52:53 | INFO: Blender create Mesh node COL_cell_wall.014
07:52:53 | INFO: Blender create Mesh node COL_cell_wall.015
07:52:53 | INFO: Blender create Mesh node COL_cell_wall.016
07:52:53 | INFO: Blender create Mesh node COL_cell_wall.017
07:52:53 | INFO: Blender create Mesh node COL_cell_wall.018
07:52:53 | INFO: Blender create Mesh node COL_cell_wall.019
07:52:53 | INFO: Blender create Mesh node COL_cell_wall.020
07:52:53 | INFO: Blender create Mesh node COL_cell_wall.021
07:52:53 | INFO: Blender create Mesh node COL_cell_wall.022
07:52:53 | INFO: Blender create Mesh node COL_cell_wall.023
07:52:53 | INFO: Blender create Mesh node COL_daguan_central_step.003
07:52:53 | INFO: Blender create Mesh node COL_daguan_central_step.004
07:52:53 | INFO: Blender create Mesh node COL_daguan_central_step.005
07:52:53 | INFO: Blender create Mesh node COL_daguan_closed_front.001
07:52:53 | INFO: Blender create Mesh node COL_daguan_column.006
07:52:53 | INFO: Blender create Mesh node COL_daguan_column.007
07:52:53 | INFO: Blender create Mesh node COL_daguan_column.008
07:52:53 | INFO: Blender create Mesh node COL_daguan_column.009
07:52:53 | INFO: Blender create Mesh node COL_daguan_column.010
07:52:53 | INFO: Blender create Mesh node COL_daguan_column.011
07:52:53 | INFO: Blender create Mesh node COL_daguan_floor.001
07:52:53 | INFO: Blender create Mesh node COL_daguan_return_wall.002
07:52:53 | INFO: Blender create Mesh node COL_daguan_return_wall.003
07:52:53 | INFO: Blender create Mesh node COL_daoxiang_approach.002
07:52:53 | INFO: Blender create Mesh node COL_daoxiang_approach.003
07:52:53 | INFO: Blender create Mesh node COL_daoxiang_closed_front.001
07:52:53 | INFO: Blender create Mesh node COL_daoxiang_court.001
07:52:53 | INFO: Blender create Mesh node COL_daoxiang_fence.004
07:52:53 | INFO: Blender create Mesh node COL_daoxiang_fence.005
07:52:53 | INFO: Blender create Mesh node COL_daoxiang_fence.006
07:52:53 | INFO: Blender create Mesh node COL_daoxiang_fence.007
07:52:53 | INFO: Blender create Mesh node COL_daoxiang_side.002
07:52:53 | INFO: Blender create Mesh node COL_daoxiang_side.003
07:52:53 | INFO: Blender create Mesh node COL_entry_corridor.001
07:52:53 | INFO: Blender create Mesh node COL_entry_walk.002
07:52:53 | INFO: Blender create Mesh node COL_entry_walk.003
07:52:53 | INFO: Blender create Mesh node Cube.146
07:52:53 | INFO: Blender create Mesh node Cube.145
07:52:53 | INFO: Blender create Mesh node COL_GATE_banana_planter.001
07:52:53 | INFO: Blender create Mesh node KIT_rockery_passage.022
07:52:53 | INFO: Blender create Mesh node KIT_rockery_passage.024
07:52:53 | INFO: Blender create Mesh node KIT_rockery_cliff.006
07:52:53 | INFO: Blender create Mesh node KIT_rockery_cliff.008
07:52:53 | INFO: Blender create Mesh node KIT_rockery_passage.004
07:52:53 | INFO: Blender create Mesh node KIT_rockery_passage.016
07:52:53 | INFO: Blender create Mesh node KIT_rockery_passage.018
07:52:53 | INFO: Blender create Mesh node KIT_rockery_passage.020
07:52:53 | INFO: Blender create Mesh node GATE_paving.003
07:52:53 | INFO: Blender create Mesh node COL_hengwu-yuan_floor.001
07:52:53 | INFO: Blender create Mesh node COL_hengwu_approach.002
07:52:53 | INFO: Blender create Mesh node COL_hengwu_approach.003
07:52:53 | INFO: Blender create Mesh node COL_hengwu_closed_hall.002
07:52:53 | INFO: Blender create Mesh node COL_hengwu_court.002
07:52:53 | INFO: Blender create Mesh node COL_hengwu_hall_post.001
07:52:53 | INFO: Blender create Mesh node COL_hengwu_hall_post.002
07:52:53 | INFO: Blender create Mesh node COL_hengwu_hall_post.006
07:52:53 | INFO: Blender create Mesh node COL_wall_bay.001
07:52:53 | INFO: Blender create Mesh node COL_wall_bay.002
07:52:53 | INFO: Blender create Mesh node COL_wall_bay.003
07:52:53 | INFO: Blender create Mesh node COL_wall_bay.004
07:52:53 | INFO: Blender create Mesh node COL_wall_bay.005
07:52:53 | INFO: Blender create Mesh node COL_wall_bay.006
07:52:53 | INFO: Blender create Mesh node KIT_wall_plaster.002
07:52:53 | INFO: Blender create Mesh node COL_wall_window.001
07:52:53 | INFO: Blender create Mesh node COL_wall_window.002
07:52:53 | INFO: Blender create Mesh node COL_hengwu_rock.001
07:52:53 | INFO: Blender create Mesh node COL_hengwu_rock.002
07:52:53 | INFO: Blender create Mesh node COL_hengwu_rock.006
07:52:53 | INFO: Blender create Mesh node COL_hengwu_stool.001
07:52:53 | INFO: Blender create Mesh node COL_hengwu_stool.002
07:52:53 | INFO: Blender create Mesh node COL_hengwu_stool.003
07:52:53 | INFO: Blender create Mesh node COL_hengwu_stool.008
07:52:53 | INFO: Blender create Mesh node COL_hengwu_table.002
07:52:53 | INFO: Blender create Mesh node COL_longcui_approach.003
07:52:53 | INFO: Blender create Mesh node COL_longcui_approach.004
07:52:53 | INFO: Blender create Mesh node COL_longcui_approach.005
07:52:53 | INFO: Blender create Mesh node COL_longcui_burner.001
07:52:53 | INFO: Blender create Mesh node COL_longcui_closed_front.001
07:52:53 | INFO: Blender create Mesh node COL_longcui_floor.001
07:52:53 | INFO: Blender create Mesh node COL_longcui_plum_trunk.002
07:52:53 | INFO: Blender create Mesh node COL_longcui_plum_trunk.003
07:52:53 | INFO: Blender create Mesh node COL_longcui_return.002
07:52:53 | INFO: Blender create Mesh node COL_longcui_return.003
07:52:53 | INFO: Blender create Mesh node COL_longcui_threshold.001
07:52:53 | INFO: Blender create Mesh node COL_ouxiang_approach.001
07:52:53 | INFO: Blender create Mesh node COL_ouxiang_deck.001
07:52:53 | INFO: Blender create Mesh node COL_ouxiang_post.004
07:52:53 | INFO: Blender create Mesh node COL_ouxiang_post.005
07:52:53 | INFO: Blender create Mesh node COL_ouxiang_post.006
07:52:53 | INFO: Blender create Mesh node COL_ouxiang_post.007
07:52:53 | INFO: Blender create Mesh node COL_ouxiang_rail.002
07:52:53 | INFO: Blender create Mesh node COL_ouxiang_rail.003
07:52:53 | INFO: Blender create Mesh node COL_ouxiang_side_rail.004
07:52:53 | INFO: Blender create Mesh node COL_ouxiang_side_rail.005
07:52:53 | INFO: Blender create Mesh node COL_ouxiang_side_rail.006
07:52:53 | INFO: Blender create Mesh node COL_ouxiang_side_rail.007
07:52:53 | INFO: Blender create Mesh node COL_ouxiang_table.001
07:52:53 | INFO: Blender create Mesh node COL_corridor_floor.009
07:52:53 | INFO: Blender create Mesh node COL_corridor_side.015
07:52:53 | INFO: Blender create Mesh node COL_corridor_side.016
07:52:53 | INFO: Blender create Mesh node COL_corridor_post.016
07:52:53 | INFO: Blender create Mesh node COL_corridor_post.017
07:52:53 | INFO: Blender create Mesh node COL_corridor_floor.010
07:52:53 | INFO: Blender create Mesh node COL_corridor_side.017
07:52:53 | INFO: Blender create Mesh node COL_corridor_side.018
07:52:53 | INFO: Blender create Mesh node COL_corridor_post.018
07:52:53 | INFO: Blender create Mesh node COL_corridor_post.019
07:52:53 | INFO: Blender create Mesh node COL_corridor_floor.011
07:52:53 | INFO: Blender create Mesh node COL_corridor_side.019
07:52:53 | INFO: Blender create Mesh node COL_corridor_side.020
07:52:53 | INFO: Blender create Mesh node COL_corridor_post.020
07:52:53 | INFO: Blender create Mesh node COL_corridor_post.021
07:52:53 | INFO: Blender create Mesh node COL_corridor_floor.012
07:52:53 | INFO: Blender create Mesh node COL_corridor_side.021
07:52:53 | INFO: Blender create Mesh node COL_corridor_side.022
07:52:53 | INFO: Blender create Mesh node COL_corridor_post.022
07:52:53 | INFO: Blender create Mesh node COL_corridor_post.023
07:52:53 | INFO: Blender create Mesh node COL_corridor_floor.001
07:52:53 | INFO: Blender create Mesh node COL_corridor_side.001
07:52:53 | INFO: Blender create Mesh node COL_corridor_side.002
07:52:53 | INFO: Blender create Mesh node COL_corridor_post.001
07:52:53 | INFO: Blender create Mesh node COL_corridor_post.002
07:52:53 | INFO: Blender create Mesh node COL_corridor_floor.002
07:52:53 | INFO: Blender create Mesh node COL_corridor_side.003
07:52:53 | INFO: Blender create Mesh node COL_corridor_side.004
07:52:53 | INFO: Blender create Mesh node COL_corridor_post.003
07:52:53 | INFO: Blender create Mesh node COL_corridor_post.004
07:52:53 | INFO: Blender create Mesh node COL_corridor_floor.003
07:52:53 | INFO: Blender create Mesh node COL_corridor_side.005
07:52:53 | INFO: Blender create Mesh node COL_corridor_side.006
07:52:53 | INFO: Blender create Mesh node COL_corridor_post.005
07:52:53 | INFO: Blender create Mesh node COL_corridor_post.006
07:52:53 | INFO: Blender create Mesh node COL_corridor_floor.004
07:52:53 | INFO: Blender create Mesh node COL_corridor_side.007
07:52:53 | INFO: Blender create Mesh node COL_corridor_side.008
07:52:53 | INFO: Blender create Mesh node COL_corridor_post.007
07:52:53 | INFO: Blender create Mesh node COL_corridor_post.008
07:52:53 | INFO: Blender create Mesh node COL_corridor_floor.005
07:52:53 | INFO: Blender create Mesh node COL_corridor_side.009
07:52:53 | INFO: Blender create Mesh node COL_corridor_side.010
07:52:53 | INFO: Blender create Mesh node COL_corridor_post.009
07:52:53 | INFO: Blender create Mesh node COL_corridor_post.010
07:52:53 | INFO: Blender create Mesh node COL_corridor_floor.006
07:52:53 | INFO: Blender create Mesh node COL_corridor_side.011
07:52:53 | INFO: Blender create Mesh node COL_corridor_post.011
07:52:53 | INFO: Blender create Mesh node COL_corridor_post.012
07:52:53 | INFO: Blender create Mesh node COL_corridor_floor.007
07:52:53 | INFO: Blender create Mesh node COL_corridor_side.012
07:52:53 | INFO: Blender create Mesh node COL_corridor_post.013
07:52:53 | INFO: Blender create Mesh node COL_corridor_floor.008
07:52:53 | INFO: Blender create Mesh node COL_corridor_side.013
07:52:53 | INFO: Blender create Mesh node COL_corridor_side.014
07:52:53 | INFO: Blender create Mesh node COL_corridor_post.014
07:52:53 | INFO: Blender create Mesh node COL_corridor_post.015
07:52:53 | INFO: Blender create Mesh node COL_corridor_floor.013
07:52:53 | INFO: Blender create Mesh node COL_corridor_side.023
07:52:53 | INFO: Blender create Mesh node COL_corridor_side.024
07:52:53 | INFO: Blender create Mesh node COL_corridor_post.024
07:52:53 | INFO: Blender create Mesh node COL_corridor_post.025
07:52:53 | INFO: Blender create Mesh node COL_corridor_floor.014
07:52:53 | INFO: Blender create Mesh node COL_corridor_side.025
07:52:53 | INFO: Blender create Mesh node COL_corridor_side.026
07:52:53 | INFO: Blender create Mesh node COL_corridor_post.026
07:52:53 | INFO: Blender create Mesh node COL_corridor_post.027
07:52:53 | INFO: Blender create Mesh node COL_corridor_floor.015
07:52:53 | INFO: Blender create Mesh node COL_corridor_side.027
07:52:53 | INFO: Blender create Mesh node COL_corridor_side.028
07:52:53 | INFO: Blender create Mesh node COL_corridor_post.028
07:52:53 | INFO: Blender create Mesh node COL_corridor_post.029
07:52:53 | INFO: Blender create Mesh node COL_corridor_floor.016
07:52:53 | INFO: Blender create Mesh node COL_corridor_side.029
07:52:53 | INFO: Blender create Mesh node COL_corridor_side.030
07:52:53 | INFO: Blender create Mesh node COL_corridor_post.030
07:52:53 | INFO: Blender create Mesh node COL_corridor_post.031
07:52:53 | INFO: Blender create Mesh node COL_qinfang_deck.001
07:52:53 | INFO: Blender create Mesh node COL_pavilion_bench.001
07:52:53 | INFO: Blender create Mesh node COL_pavilion_bench.002
07:52:53 | INFO: Blender create Mesh node COL_pavilion_bracket.001
07:52:53 | INFO: Blender create Mesh node COL_pavilion_bracket.002
07:52:53 | INFO: Blender create Mesh node COL_pavilion_bracket.003
07:52:53 | INFO: Blender create Mesh node COL_pavilion_bracket.004
07:52:53 | INFO: Blender create Mesh node COL_pavilion_bracket.005
07:52:53 | INFO: Blender create Mesh node COL_pavilion_bracket.006
07:52:53 | INFO: Blender create Mesh node COL_pavilion_post.001
07:52:53 | INFO: Blender create Mesh node COL_pavilion_post.002
07:52:53 | INFO: Blender create Mesh node COL_pavilion_post.003
07:52:53 | INFO: Blender create Mesh node COL_pavilion_post.004
07:52:53 | INFO: Blender create Mesh node COL_pavilion_post.005
07:52:53 | INFO: Blender create Mesh node COL_pavilion_post.006
07:52:53 | INFO: Blender create Mesh node COL_pavilion_roof.001
07:52:53 | INFO: Blender create Mesh node COL_qiushuang-zhai_floor.001
07:52:53 | INFO: Blender create Mesh node Cube.009
07:52:53 | INFO: Blender create Mesh node Cube.011
07:52:53 | INFO: Blender create Mesh node Cube.012
07:52:53 | INFO: Blender create Mesh node Cube.013
07:52:53 | INFO: Blender create Mesh node Cube.019
07:52:53 | INFO: Blender create Mesh node Cube.020
07:52:53 | INFO: Blender create Mesh node Cube.023
07:52:53 | INFO: Blender create Mesh node Cube.024
07:52:53 | INFO: Blender create Mesh node Cube.048
07:52:53 | INFO: Blender create Mesh node Cube.050
07:52:53 | INFO: Blender create Mesh node Cube.052
07:52:53 | INFO: Blender create Mesh node Cube.092
07:52:53 | INFO: Blender create Mesh node Cube.093
07:52:53 | INFO: Blender create Mesh node Cube.094
07:52:53 | INFO: Blender create Mesh node Cube.095
07:52:53 | INFO: Blender create Mesh node Cube.096
07:52:53 | INFO: Blender create Mesh node Cube.097
07:52:53 | INFO: Blender create Mesh node Cube.098
07:52:53 | INFO: Blender create Mesh node Cube.099
07:52:53 | INFO: Blender create Mesh node Cube.100
07:52:53 | INFO: Blender create Mesh node Cube.101
07:52:53 | INFO: Blender create Mesh node Cube.102
07:52:53 | INFO: Blender create Mesh node Cube.103
07:52:53 | INFO: Blender create Mesh node Cube.104
07:52:53 | INFO: Blender create Mesh node Cube.105
07:52:53 | INFO: Blender create Mesh node Cube.106
07:52:53 | INFO: Blender create Mesh node Cube.107
07:52:53 | INFO: Blender create Mesh node Cube.108
07:52:53 | INFO: Blender create Mesh node Cube.109
07:52:53 | INFO: Blender create Mesh node Cube.110
07:52:53 | INFO: Blender create Mesh node Cube.111
07:52:53 | INFO: Blender create Mesh node Cube.112
07:52:53 | INFO: Blender create Mesh node Cube.113
07:52:53 | INFO: Blender create Mesh node Cube.114
07:52:53 | INFO: Blender create Mesh node Cube.115
07:52:53 | INFO: Blender create Mesh node Cube.116
07:52:53 | INFO: Blender create Mesh node Cube.117
07:52:53 | INFO: Blender create Mesh node Cube.118
07:52:53 | INFO: Blender create Mesh node Cube.119
07:52:53 | INFO: Blender create Mesh node Cube.120
07:52:53 | INFO: Blender create Mesh node Cube.121
07:52:53 | INFO: Blender create Mesh node Cube.122
07:52:53 | INFO: Blender create Mesh node Cube.123
07:52:53 | INFO: Blender create Mesh node Cube.124
07:52:53 | INFO: Blender create Mesh node Cube.125
07:52:53 | INFO: Blender create Mesh node Cube.126
07:52:53 | INFO: Blender create Mesh node Cube.127
07:52:53 | INFO: Blender create Mesh node Cube.128
07:52:53 | INFO: Blender create Mesh node Cube.129
07:52:53 | INFO: Blender create Mesh node Cube.130
07:52:53 | INFO: Blender create Mesh node Cube.131
07:52:53 | INFO: Blender create Mesh node Cube.132
07:52:53 | INFO: Blender create Mesh node Cube.133
07:52:53 | INFO: Blender create Mesh node Cube.134
07:52:53 | INFO: Blender create Mesh node Cube.135
07:52:53 | INFO: Blender create Mesh node Cube.136
07:52:53 | INFO: Blender create Mesh node Cube.137
07:52:53 | INFO: Blender create Mesh node Cube.138
07:52:53 | INFO: Blender create Mesh node Cube.139
07:52:53 | INFO: Blender create Mesh node Cube.140
07:52:53 | INFO: Blender create Mesh node Cube.141
07:52:53 | INFO: Blender create Mesh node Cube.142
07:52:53 | INFO: Blender create Mesh node Cube.143
07:52:53 | INFO: Blender create Mesh node Cube.144
07:52:53 | INFO: Blender create Mesh node Cube.193
07:52:53 | INFO: Blender create Mesh node Cube.194
07:52:53 | INFO: Blender create Mesh node Cube.195
07:52:53 | INFO: Blender create Mesh node Cube.196
07:52:53 | INFO: Blender create Mesh node Cube.197
07:52:53 | INFO: Blender create Mesh node Cube.198
07:52:53 | INFO: Blender create Mesh node Cube.199
07:52:53 | INFO: Blender create Mesh node Cube.200
07:52:53 | INFO: Blender create Mesh node COL_stone_walk.005
07:52:53 | INFO: Blender create Mesh node COL_stone_walk.008
07:52:53 | INFO: Blender create Mesh node COL_stone_walk.009
07:52:53 | INFO: Blender create Mesh node COL_stone_walk.010
07:52:53 | INFO: Blender create Mesh node COL_stone_walk.011
07:52:53 | INFO: Blender create Mesh node COL_stone_walk.012
07:52:53 | INFO: Blender create Mesh node COL_study_approach.002
07:52:53 | INFO: Blender create Mesh node COL_study_desk_centre.002
07:52:53 | INFO: Blender create Mesh node COL_study_desk_left.002
07:52:53 | INFO: Blender create Mesh node COL_study_desk_right.002
07:52:53 | INFO: Blender create Mesh node COL_study_front_walk.002
07:52:53 | INFO: Blender create Mesh node COL_study_front_wall.002
07:52:53 | INFO: Blender create Mesh node COL_study_post.001
07:52:53 | INFO: Blender create Mesh node COL_study_post.002
07:52:53 | INFO: Blender create Mesh node COL_study_post.003
07:52:53 | INFO: Blender create Mesh node COL_study_post.008
07:52:53 | INFO: Blender create Mesh node Cube.151
07:52:53 | INFO: Blender create Mesh node Cube.152
07:52:53 | INFO: Blender create Mesh node Cube.153
07:52:53 | INFO: Blender create Mesh node Cube.154
07:52:53 | INFO: Blender create Mesh node Cube.155
07:52:53 | INFO: Blender create Mesh node Cube.156
07:52:53 | INFO: Blender create Mesh node Cube.157
07:52:53 | INFO: Blender create Mesh node Cube.158
07:52:53 | INFO: Blender create Mesh node Cube.159
07:52:53 | INFO: Blender create Mesh node Cube.160
07:52:53 | INFO: Blender create Mesh node Cube.161
07:52:53 | INFO: Blender create Mesh node Cube.162
07:52:53 | INFO: Blender create Mesh node Cube.163
07:52:53 | INFO: Blender create Mesh node Cube.164
07:52:53 | INFO: Blender create Mesh node Cube.165
07:52:53 | INFO: Blender create Mesh node Cube.166
07:52:53 | INFO: Blender create Mesh node Cube.167
07:52:53 | INFO: Blender create Mesh node Cube.168
07:52:53 | INFO: Blender create Mesh node Cube.169
07:52:53 | INFO: Blender create Mesh node Cube.170
07:52:53 | INFO: Blender create Mesh node Cube.171
07:52:53 | INFO: Blender create Mesh node Cube.172
07:52:53 | INFO: Blender create Mesh node Cube.173
07:52:53 | INFO: Blender create Mesh node Cube.174
07:52:53 | INFO: Blender create Mesh node Cube.175
07:52:53 | INFO: Blender create Mesh node Cube.176
07:52:53 | INFO: Blender create Mesh node Cube.177
07:52:53 | INFO: Blender create Mesh node Cube.178
07:52:53 | INFO: Blender create Mesh node Cube.179
07:52:53 | INFO: Blender create Mesh node Cube.180
07:52:53 | INFO: Blender create Mesh node Cube.201
07:52:53 | INFO: Blender create Mesh node Cube.202
07:52:53 | INFO: Blender create Mesh node Cube.203
07:52:53 | INFO: Blender create Mesh node Cube.181
07:52:53 | INFO: Blender create Mesh node Cube.182
07:52:53 | INFO: Blender create Mesh node Cube.183
07:52:53 | INFO: Blender create Mesh node Cube.184
07:52:53 | INFO: Blender create Mesh node Cube.185
07:52:53 | INFO: Blender create Mesh node Cube.186
07:52:53 | INFO: Blender create Mesh node Cube.187
07:52:53 | INFO: Blender create Mesh node Cube.188
07:52:53 | INFO: Blender create Mesh node Cube.189
07:52:53 | INFO: Blender create Mesh node Cube.190
07:52:53 | INFO: Blender create Mesh node Cube.191
07:52:53 | INFO: Blender create Mesh node Cube.192
07:52:53 | INFO: Blender create Mesh node COL_tubi-tang_floor.001
07:52:53 | INFO: Blender create Mesh node COL_tubi_approach.001
07:52:53 | INFO: Blender create Mesh node COL_tubi_approach.002
07:52:53 | INFO: Blender create Mesh node COL_tubi_approach.007
07:52:53 | INFO: Blender create Mesh node COL_tubi_approach.008
07:52:53 | INFO: Blender create Mesh node COL_tubi_closed_hall.002
07:52:53 | INFO: Blender create Mesh node COL_tubi_hall_post.001
07:52:53 | INFO: Blender create Mesh node COL_tubi_hall_post.002
07:52:53 | INFO: Blender create Mesh node COL_tubi_hall_post.006
07:52:53 | INFO: Blender create Mesh node COL_tubi_parapet.001
07:52:53 | INFO: Blender create Mesh node COL_tubi_parapet.002
07:52:53 | INFO: Blender create Mesh node COL_tubi_parapet.003
07:52:53 | INFO: Blender create Mesh node COL_tubi_parapet.008
07:52:53 | INFO: Blender create Mesh node COL_tubi_stair_guard.001
07:52:53 | INFO: Blender create Mesh node COL_tubi_stair_guard.004
07:52:53 | INFO: Blender create Mesh node COL_tubi_stair_ramp.002
07:52:53 | INFO: Blender create Mesh node COL_tubi_terrace.002
07:52:53 | INFO: Blender create Mesh node COL_tubi_topic_table.002
07:52:53 | INFO: Blender create Mesh node COL_tubi_view_bench_left.001
07:52:53 | INFO: Blender create Mesh node COL_tubi_view_bench_right.001
07:52:53 | INFO: Blender create Mesh node COL_water_bridge_side.001
07:52:53 | INFO: Blender create Mesh node COL_water_bridge_side.004
07:52:53 | INFO: Blender create Mesh node COL_water_bridge_deck.002
07:52:53 | INFO: Blender create Mesh node COL_xiaoxiang_bamboo_bed.004
07:52:53 | INFO: Blender create Mesh node COL_xiaoxiang_bamboo_bed.005
07:52:53 | INFO: Blender create Mesh node COL_xiaoxiang_bamboo_bed.006
07:52:53 | INFO: Blender create Mesh node COL_xiaoxiang_bamboo_bed.007
07:52:53 | INFO: Blender create Mesh node COL_xiaoxiang_closed_front.001
07:52:53 | INFO: Blender create Mesh node COL_xiaoxiang_floor.001
07:52:53 | INFO: Blender create Mesh node COL_xiaoxiang_return.002
07:52:53 | INFO: Blender create Mesh node COL_xiaoxiang_return.003
07:52:53 | INFO: Blender create Mesh node COL_xiaoxiang_threshold.001
07:52:53 | INFO: Blender create Mesh node COL_yihong_closed_front.002
07:52:53 | INFO: Blender create Mesh node COL_yihong_court_side.001
07:52:53 | INFO: Blender create Mesh node COL_yihong_court_side.004
07:52:53 | INFO: Blender create Mesh node COL_yihong_floor.002
07:52:53 | INFO: Blender create Mesh node COL_yihong_planter.001
07:52:53 | INFO: Blender create Mesh node COL_yihong_planter.004
07:52:53 | INFO: Blender create Mesh node COL_yihong_side_return.001
07:52:53 | INFO: Blender create Mesh node COL_yihong_side_return.004
07:52:53 | INFO: Blender create Mesh node COL_yihong_threshold.002
07:52:53 | INFO: Blender create Mesh node COL_ziling_landing.001
07:52:53 | INFO: Blender create Mesh node HERO_aojing-guan_title.002
07:52:53 | INFO: Blender create Mesh node HERO_daguan_title.001
07:52:53 | INFO: Blender create Mesh node HERO_daoxiang-cun_title.002
07:52:53 | INFO: Blender create Mesh node KIT_flora_plum_render.001
07:52:53 | INFO: Blender create Mesh node KIT_flora_plum_render.002
07:52:53 | INFO: Blender create Mesh node KIT_flora_bamboo_large_render.001
07:52:53 | INFO: Blender create Mesh node KIT_flora_bamboo_large_render.002
07:52:53 | INFO: Blender create Mesh node KIT_flora_bamboo_small_render.001
07:52:53 | INFO: Blender create Mesh node KIT_flora_willow_render.001
07:52:53 | INFO: Blender create Mesh node KIT_flora_willow_render.002
07:52:53 | INFO: Blender create Mesh node KIT_flora_bamboo_large_render.003
07:52:53 | INFO: Blender create Mesh node KIT_flora_bamboo_medium_render.001
07:52:53 | INFO: Blender create Mesh node KIT_flora_bamboo_small_render.002
07:52:53 | INFO: Blender create Mesh node KIT_flora_bamboo_large_render.004
07:52:53 | INFO: Blender create Mesh node KIT_flora_banana_render.001
07:52:53 | INFO: Blender create Mesh node KIT_flora_banana_render.002
07:52:53 | INFO: Blender create Mesh node KIT_flora_reed_render.001
07:52:53 | INFO: Blender create Mesh node KIT_flora_reed_render.002
07:52:53 | INFO: Blender create Mesh node KIT_flora_reed_render.003
07:52:53 | INFO: Blender create Mesh node KIT_flora_reed_render.004
07:52:53 | INFO: Blender create Mesh node KIT_flora_reed_render.005
07:52:53 | INFO: Blender create Mesh node KIT_flora_reed_render.006
07:52:53 | INFO: Blender create Mesh node KIT_flora_reed_render.007
07:52:53 | INFO: Blender create Mesh node KIT_flora_reed_render.008
07:52:53 | INFO: Blender create Mesh node KIT_flora_reed_render.009
07:52:53 | INFO: Blender create Mesh node KIT_flora_reed_render.010
07:52:53 | INFO: Blender create Mesh node HERO_gate_inscription.001
07:52:53 | INFO: Blender create Mesh node HERO_gate_water_drips.001
07:52:53 | INFO: Blender create Mesh node HERO_hengwu-yuan_title.002
07:52:53 | INFO: Blender create Mesh node HERO_longcui-an_title.002
07:52:53 | INFO: Blender create Mesh node HERO_qinfang-ting_title.002
07:52:53 | INFO: Blender create Mesh node HERO_qinfang_bridge.001
07:52:53 | INFO: Blender create Mesh node HERO_study_scroll_bamboo.002
07:52:53 | INFO: Blender create Mesh node HERO_study_scroll_plum.002
07:52:53 | INFO: Blender create Mesh node HERO_study_title.002
07:52:53 | INFO: Blender create Mesh node HERO_table_hexagram.001
07:52:53 | INFO: Blender create Mesh node line_piece.005
07:52:53 | INFO: Blender create Mesh node line_piece.002
07:52:53 | INFO: Blender create Mesh node line_piece.011
07:52:53 | INFO: Blender create Mesh node line_piece.008
07:52:53 | INFO: Blender create Mesh node line_piece.017
07:52:53 | INFO: Blender create Mesh node line_piece.014
07:52:53 | INFO: Blender create Mesh node line_piece.019
07:52:53 | INFO: Blender create Mesh node line_piece.018
07:52:53 | INFO: Blender create Mesh node line_piece.021
07:52:53 | INFO: Blender create Mesh node line_piece.020
07:52:53 | INFO: Blender create Mesh node line_piece.023
07:52:53 | INFO: Blender create Mesh node line_piece.022
07:52:53 | INFO: Blender create Mesh node HERO_table_pedestal.001
07:52:53 | INFO: Blender create Mesh node HERO_tubi_title.002
07:52:53 | INFO: Blender create Mesh node HERO_xiaoxiang-guan_title.002
07:52:53 | INFO: Blender create Mesh node HERO_yihong-yuan_title.002
07:52:53 | INFO: Blender create Mesh node AOJING_pond.002
07:52:53 | INFO: Blender create Mesh node AOJING_backstage.002
07:52:53 | INFO: Blender create Mesh node AOJING_amber_window.002
07:52:53 | INFO: Blender create Mesh node AOJING_window_lattice.001
07:52:53 | INFO: Blender create Mesh node AOJING_dry_ledge.002
07:52:53 | INFO: Blender create Mesh node AOJING_roof.002
07:52:53 | INFO: Blender create Mesh node AOJING_closed_front.002
07:52:53 | INFO: Blender create Mesh node DAGUAN_backstage.001
07:52:53 | INFO: Blender create Mesh node DAGUAN_door_stud.180
07:52:53 | INFO: Blender create Mesh node DAGUAN_amber_transom.002
07:52:53 | INFO: Blender create Mesh node DAGUAN_closed_door.010
07:52:53 | INFO: Blender create Mesh node DAGUAN_recessed_panel.020
07:52:53 | INFO: Blender create Mesh node DAGUAN_column.006
07:52:53 | INFO: Blender create Mesh node DAGUAN_platform.001
07:52:53 | INFO: Blender create Mesh node DAGUAN_lower_roof.001
07:52:54 | INFO: Blender create Mesh node DAGUAN_front.001
07:52:54 | INFO: Blender create Mesh node DAOXIANG_backstage.001
07:52:54 | INFO: Blender create Mesh node DAOXIANG_door_latch.001
07:52:54 | INFO: Blender create Mesh node DAOXIANG_warm_sliver.001
07:52:54 | INFO: Blender create Mesh node DAOXIANG_closed_door.001
07:52:54 | INFO: Blender create Mesh node DAOXIANG_paddy_painting.001
07:52:54 | INFO: Blender create Mesh node DAOXIANG_court.001
07:52:54 | INFO: Blender create Mesh node DAOXIANG_thatch_mass.001
07:52:54 | INFO: Blender create Mesh node DAOXIANG_front.001
07:52:54 | INFO: Blender create Mesh node SITE_hengwu-yuan_backstage.001
07:52:54 | INFO: Blender create Mesh node KIT_pavilion_finial.011
07:52:54 | INFO: Blender create Mesh node KIT_wall_amber_window.006
07:52:54 | INFO: Blender create Mesh node HENGWU_herb_leaf.001
07:52:54 | INFO: Blender create Mesh node KIT_wall_lattice_vertical.105
07:52:54 | INFO: Blender create Mesh node SITE_hengwu-yuan_platform.001
07:52:54 | INFO: Blender create Mesh node KIT_props_lantern_hanging_render.015
07:52:54 | INFO: Blender create Mesh node KIT_pavilion_roof.011
07:52:54 | INFO: Blender create Mesh node KIT_wall_bay.001
07:52:54 | INFO: Blender create Mesh node SITE_hengwu-yuan_front.001
07:52:54 | INFO: Blender create Mesh node LONGCUI_backstage.001
07:52:54 | INFO: Blender create Mesh node LONGCUI_gate_pull.002
07:52:54 | INFO: Blender create Mesh node LONGCUI_closed_gate.002
07:52:54 | INFO: Blender create Mesh node LONGCUI_paving.001
07:52:54 | INFO: Blender create Mesh node KIT_props_lantern_hanging_render.016
07:52:54 | INFO: Blender create Mesh node LONGCUI_wall_cap.001
07:52:54 | INFO: Blender create Mesh node LONGCUI_closed_front.001
07:52:54 | INFO: Blender create Mesh node KIT_props_tea_cup.006
07:52:54 | INFO: Blender create Mesh node KIT_water_lotus_leaf.007
07:52:54 | INFO: Blender create Mesh node SITE_ouxiang_deck.001
07:52:54 | INFO: Blender create Mesh node KIT_pavilion_water_pier.004
07:52:54 | INFO: Blender create Mesh node KIT_props_lantern_hanging_render.013
07:52:54 | INFO: Blender create Mesh node KIT_pavilion_water_hipped_roof.001
07:52:54 | INFO: Blender create Mesh node KIT_water_lotus.021
07:52:54 | INFO: Blender create Mesh node KIT_corridor_rail.008
07:52:54 | INFO: Blender create Mesh node KIT_pavilion_roof_shell.001
07:52:54 | INFO: Blender create Mesh node KIT_pavilion_plinth.001
07:52:54 | INFO: Blender create Mesh node KIT_props_lantern_hanging_render.001
07:52:54 | INFO: Blender create Mesh node KIT_water_stream.001
07:52:54 | INFO: Blender create Mesh node SITE_qiushuang-zhai_backstage.001
07:52:54 | INFO: Blender create Mesh node KIT_pavilion_finial.005
07:52:54 | INFO: Blender create Mesh node KIT_wall_lattice_vertical.042
07:52:54 | INFO: Blender create Mesh node SITE_qiushuang-zhai_platform.001
07:52:54 | INFO: Blender create Mesh node KIT_props_lantern_hanging_render.010
07:52:54 | INFO: Blender create Mesh node KIT_pavilion_roof.005
07:52:54 | INFO: Blender create Mesh node KIT_tech_terminal_desk_render.007
07:52:54 | INFO: Blender create Mesh node SITE_qiushuang-zhai_front.001
07:52:54 | INFO: Blender create Mesh node GATE_banana_pseudostem.001
07:52:54 | INFO: Blender create Mesh node GATE_banana_soil.001
07:52:54 | INFO: Blender create Mesh node KIT_rockery_passage.001
07:52:54 | INFO: Blender create Mesh node GATE_paving.002
07:52:54 | INFO: Blender create Mesh node KIT_props_lantern_hanging_render.008
07:52:54 | INFO: Blender create Mesh node KIT_stage_fog_plane_render.017
07:52:54 | INFO: Blender create Mesh node KIT_stage_floor.001
07:52:54 | INFO: Blender create Mesh node AOJING_approach_guard.001
07:52:54 | INFO: Blender create Mesh node KIT_stage_painted_moon.001
07:52:54 | INFO: Blender create Mesh node KIT_stage_painted_mountain_layer.003
07:52:54 | INFO: Blender create Mesh node KIT_stage_painted_mountain_layer.004
07:52:54 | INFO: Blender create Mesh node KIT_stage_painted_mountain_layer.005
07:52:54 | INFO: Blender create Mesh node KIT_water_stone_walk.005
07:52:54 | INFO: Blender create Mesh node KIT_stage_painted_canvas.002
07:52:54 | INFO: Blender create Mesh node Eight painted cyclorama arcs.001
07:52:54 | INFO: Blender create Mesh node KIT_stage_fog_plane_render.002
07:52:54 | INFO: Blender create Mesh node KIT_tech_cell_side.012
07:52:54 | INFO: Blender create Mesh node KIT_wall_window_bar.030
07:52:54 | INFO: Blender create Mesh node KIT_stage_entry_walk.002
07:52:54 | INFO: Blender create Mesh node KIT_props_folding_chair_render.001
07:52:54 | INFO: Blender create Mesh node KIT_stage_floor_boards_render.002
07:52:54 | INFO: Blender create Mesh node KIT_stage_gel_frame_render.002
07:52:54 | INFO: Blender create Mesh node KIT_stage_studio_wall_render.002
07:52:54 | INFO: Blender create Mesh node KIT_stage_fog_plane_render.020
07:52:54 | INFO: Blender create Mesh node KIT_tech_terminal_desk_render.001
07:52:54 | INFO: Blender create Mesh node KIT_props_scroll_render.001
07:52:54 | INFO: Blender create Mesh node SITE_tubi-tang_backstage.001
07:52:54 | INFO: Blender create Mesh node KIT_pavilion_finial.007
07:52:54 | INFO: Blender create Mesh node KIT_wall_amber_window.003
07:52:54 | INFO: Blender create Mesh node TUBI_topic_line.001
07:52:54 | INFO: Blender create Mesh node KIT_wall_lattice_vertical.063
07:52:54 | INFO: Blender create Mesh node SITE_tubi-tang_platform.001
07:52:54 | INFO: Blender create Mesh node KIT_props_lantern_hanging_render.012
07:52:54 | INFO: Blender create Mesh node KIT_pavilion_roof.007
07:52:54 | INFO: Blender create Mesh node TUBI_terrace.002
07:52:54 | INFO: Blender create Mesh node SITE_tubi-tang_front.001
07:52:54 | INFO: Blender create Mesh node XIAOXIANG_black_back.001
07:52:54 | INFO: Blender create Mesh node XIAOXIANG_gate_pull.002
07:52:54 | INFO: Blender create Mesh node XIAOXIANG_amber_window.001
07:52:54 | INFO: Blender create Mesh node XIAOXIANG_gate_leaf.002
07:52:54 | INFO: Blender create Mesh node XIAOXIANG_paving.001
07:52:54 | INFO: Blender create Mesh node XIAOXIANG_wall_cap.001
07:52:54 | INFO: Blender create Mesh node XIAOXIANG_closed_front.001
07:52:54 | INFO: Blender create Mesh node YIHONG_backstage.002
07:52:54 | INFO: Blender create Mesh node YIHONG_door_rail.001
07:52:54 | INFO: Blender create Mesh node YIHONG_amber_window.002
07:52:54 | INFO: Blender create Mesh node YIHONG_door_panel.001
07:52:54 | INFO: Blender create Mesh node YIHONG_paving.002
07:52:54 | INFO: Blender create Mesh node YIHONG_court_cap.001
07:52:54 | INFO: Blender create Mesh node YIHONG_closed_front.002
07:52:54 | INFO: Blender create Mesh node KIT_water_lotus_leaf.011
07:52:54 | INFO: Blender create Mesh node KIT_water_plank.002
07:52:54 | INFO: Blender create Mesh node SITE_ziling_island.001
07:52:54 | INFO: glTF import finished in 0.92s
Info: Baking map saved to internal image, save it externally or pack it
TERMINAL_SPILL_CONTROL direct [{'pixels': 282, 'linear_max': 0.0, 'linear_mean': [0.0, 0.0, 0.0]}, {'pixels': 314, 'linear_max': 0.0, 'linear_mean': [0.0, 0.0, 0.0]}, {'pixels': 279, 'linear_max': 0.0, 'linear_mean': [0.0, 0.0, 0.0]}, {'pixels': 292, 'linear_max': 0.0, 'linear_mean': [0.0, 0.0, 0.0]}, {'pixels': 266, 'linear_max': 0.0, 'linear_mean': [0.0, 0.0, 0.0]}, {'pixels': 249, 'linear_max': 0.0, 'linear_mean': [0.0, 0.0, 0.0]}]
/Users/auchan/projects/garden-of-dreams/scripts/bake_terminal_spill.py:101: DeprecationWarning: 'Material.use_nodes' is expected to be removed in Blender 6.0
  material.use_nodes = True
Info: Baking map saved to internal image, save it externally or pack it
TERMINAL_SPILL_CONTROL window_only [{'pixels': 282, 'linear_max': 2.6891890229308046e-05, 'linear_mean': [4.7246916778931336e-07, 5.946792498434661e-07, 6.883920491418394e-07]}, {'pixels': 314, 'linear_max': 2.5487408493063413e-05, 'linear_mean': [2.830989274116291e-07, 3.4177099905718933e-07, 4.3850849351656507e-07]}, {'pixels': 279, 'linear_max': 1.5840474588912912e-05, 'linear_mean': [1.6813164904760924e-07, 2.238937355514281e-07, 2.462375334744138e-07]}, {'pixels': 292, 'linear_max': 9.660668183641974e-06, 'linear_mean': [1.2996498810480261e-07, 1.674664105166812e-07, 2.0671296852015075e-07]}, {'pixels': 266, 'linear_max': 9.563810635881964e-06, 'linear_mean': [6.952282660677156e-08, 9.042968684980224e-08, 1.268578841973067e-07]}, {'pixels': 249, 'linear_max': 1.5669465938117355e-05, 'linear_mean': [1.9354837377250078e-07, 2.3000477256118756e-07, 3.074644894240919e-07]}]
Info: Baking map saved to internal image, save it externally or pack it
TERMINAL_SPILL_CONTROL sealed [{'pixels': 282, 'linear_max': 0.0, 'linear_mean': [0.0, 0.0, 0.0]}, {'pixels': 314, 'linear_max': 0.0, 'linear_mean': [0.0, 0.0, 0.0]}, {'pixels': 279, 'linear_max': 0.0, 'linear_mean': [0.0, 0.0, 0.0]}, {'pixels': 292, 'linear_max': 0.0, 'linear_mean': [0.0, 0.0, 0.0]}, {'pixels': 266, 'linear_max': 0.0, 'linear_mean': [0.0, 0.0, 0.0]}, {'pixels': 249, 'linear_max': 0.0, 'linear_mean': [0.0, 0.0, 0.0]}]
Info: Baking map saved to internal image, save it externally or pack it
TERMINAL_SPILL_CONTROL washes_off [{'pixels': 282, 'linear_max': 0.0, 'linear_mean': [0.0, 0.0, 0.0]}, {'pixels': 314, 'linear_max': 0.0, 'linear_mean': [0.0, 0.0, 0.0]}, {'pixels': 279, 'linear_max': 0.0, 'linear_mean': [0.0, 0.0, 0.0]}, {'pixels': 292, 'linear_max': 0.0, 'linear_mean': [0.0, 0.0, 0.0]}, {'pixels': 266, 'linear_max': 0.0, 'linear_mean': [0.0, 0.0, 0.0]}, {'pixels': 249, 'linear_max': 0.0, 'linear_mean': [0.0, 0.0, 0.0]}]
Info: Baking map saved to internal image, save it externally or pack it
TERMINAL_SPILL_BAKED SITE_terminal-cells_MAT_backstage 0.007065124344080687 0.3811988830566406
Info: Baking map saved to internal image, save it externally or pack it
TERMINAL_SPILL_BAKED SITE_terminal-cells_MAT_lattice_wood 0.0020008469000458717 0.2101287841796875
Info: Baking map saved to internal image, save it externally or pack it
TERMINAL_SPILL_BAKED SITE_terminal-cells_MAT_plaster_rock 0.001091947895474732 0.2801475524902344
Info: Baking map saved to internal image, save it externally or pack it
TERMINAL_SPILL_BAKED SITE_terminal-cells_MAT_props_atlas 0.00025182461831718683 0.4252166748046875
Info: Baking map saved to internal image, save it externally or pack it
TERMINAL_SPILL_BAKED SITE_terminal-cells_MAT_stage_atlas 0.000825430965051055 0.11481094360351562
Info: Baking map saved to internal image, save it externally or pack it
TERMINAL_SPILL_BAKED SITE_terminal-cells_MAT_tech_atlas 0.0009702321258373559 0.13430404663085938
Info: Baking map saved to internal image, save it externally or pack it
TERMINAL_SPILL_BAKED SITE_terminal-cells_MAT_terminal_scroll 0.000910016184207052 0.2252197265625
NATIVE_TERMINAL_SPILL_PASS 7 source files unchanged
Blender 5.2.2 LTS (hash d13f752e3b9c built 2026-09-15 01:49:19)

Blender quit
