Godot Engine v4.7.2.stable.official.ed1daf0bf - https://godotengine.org

[   0% ] [90m[1mfirst_scan_filesystem[22m | Started Project initialization (5 steps)[39m[0m
[   0% ] [90m[1mfirst_scan_filesystem[22m | Scanning file structure...[39m[0m
[  16% ] [90m[1mfirst_scan_filesystem[22m | Loading global class names...[39m[0m
[  33% ] [90m[1mfirst_scan_filesystem[22m | Verifying GDExtensions...[39m[0m
[  50% ] [90m[1mfirst_scan_filesystem[22m | Creating autoload scripts...[39m[0m
[  66% ] [90m[1mfirst_scan_filesystem[22m | Initializing plugins...[39m[0m
[  83% ] [90m[1mfirst_scan_filesystem[22m | Starting file scan...[39m[0m
[92m[ DONE ][39m [1mfirst_scan_filesystem[22m
[0m
[   0% ] [90m[1mupdate_scripts_classes[22m | Started Registering global classes... (14 steps)[39m[0m
[   0% ] [90m[1mupdate_scripts_classes[22m | [39m[0m
[   6% ] [90m[1mupdate_scripts_classes[22m | [39m[0m
[  13% ] [90m[1mupdate_scripts_classes[22m | [39m[0m
[  20% ] [90m[1mupdate_scripts_classes[22m | [39m[0m
[  26% ] [90m[1mupdate_scripts_classes[22m | [39m[0m
[  33% ] [90m[1mupdate_scripts_classes[22m | [39m[0m
[  40% ] [90m[1mupdate_scripts_classes[22m | [39m[0m
[  46% ] [90m[1mupdate_scripts_classes[22m | [39m[0m
[  53% ] [90m[1mupdate_scripts_classes[22m | [39m[0m
[  60% ] [90m[1mupdate_scripts_classes[22m | [39m[0m
[  66% ] [90m[1mupdate_scripts_classes[22m | [39m[0m
[  73% ] [90m[1mupdate_scripts_classes[22m | [39m[0m
[  80% ] [90m[1mupdate_scripts_classes[22m | [39m[0m
[  86% ] [90m[1mupdate_scripts_classes[22m | [39m[0m
[92m[ DONE ][39m [1mupdate_scripts_classes[22m
[0m
[   0% ] [90m[1m_update_scan_actions[22m | Started Scanning actions... (17 steps)[39m[0m
[   0% ] [90m[1m_update_scan_actions[22m | flora-basecolor.png[39m[0m
[   5% ] [90m[1m_update_scan_actions[22m | props-basecolor.png[39m[0m
[  11% ] [90m[1m_update_scan_actions[22m | props-emission.png[39m[0m
[  16% ] [90m[1m_update_scan_actions[22m | props-orm.png[39m[0m
[  22% ] [90m[1m_update_scan_actions[22m | tech-basecolor.png[39m[0m
[  27% ] [90m[1m_update_scan_actions[22m | tech-emission.png[39m[0m
[  33% ] [90m[1m_update_scan_actions[22m | tech-orm.png[39m[0m
[  38% ] [90m[1m_update_scan_actions[22m | candidate.glb[39m[0m
[  44% ] [90m[1m_update_scan_actions[22m | cyclorama-dusk.png[39m[0m
[  50% ] [90m[1m_update_scan_actions[22m | cyclorama-mist.png[39m[0m
[  55% ] [90m[1m_update_scan_actions[22m | cyclorama-moonlit.png[39m[0m
[  61% ] [90m[1m_update_scan_actions[22m | mountain-paint.png[39m[0m
[  66% ] [90m[1m_update_scan_actions[22m | stage-basecolor.png[39m[0m
[  72% ] [90m[1m_update_scan_actions[22m | stage-orm.png[39m[0m
[  77% ] [90m[1m_update_scan_actions[22m | fog-mask.png[39m[0m
[  83% ] [90m[1m_update_scan_actions[22m | tech-noir-atlas.png[39m[0m
[  88% ] [90m[1m_update_scan_actions[22m | water-normal.png[39m[0m
[92m[ DONE ][39m [1m_update_scan_actions[22m
[0m
[   0% ] [90m[1mreimport[22m | Started (Re)Importing Assets (17 steps)[39m[0m
[   0% ] [90m[1mreimport[22m | Preparing files to reimport...[39m[0m
[   5% ] [90m[1mreimport[22m | Preparing files to reimport...[39m[0m
[  11% ] [90m[1mreimport[22m | Preparing files to reimport...[39m[0m
[  16% ] [90m[1mreimport[22m | Preparing files to reimport...[39m[0m
[  22% ] [90m[1mreimport[22m | Preparing files to reimport...[39m[0m
[  27% ] [90m[1mreimport[22m | Preparing files to reimport...[39m[0m
[  33% ] [90m[1mreimport[22m | Preparing files to reimport...[39m[0m
[  38% ] [90m[1mreimport[22m | Preparing files to reimport...[39m[0m
[  44% ] [90m[1mreimport[22m | Preparing files to reimport...[39m[0m
[  50% ] [90m[1mreimport[22m | Preparing files to reimport...[39m[0m
[  55% ] [90m[1mreimport[22m | Preparing files to reimport...[39m[0m
[  61% ] [90m[1mreimport[22m | Preparing files to reimport...[39m[0m
[  66% ] [90m[1mreimport[22m | Preparing files to reimport...[39m[0m
[  72% ] [90m[1mreimport[22m | Preparing files to reimport...[39m[0m
[  77% ] [90m[1mreimport[22m | Preparing files to reimport...[39m[0m
[  83% ] [90m[1mreimport[22m | Preparing files to reimport...[39m[0m
[  88% ] [90m[1mreimport[22m | Preparing files to reimport...[39m[0m
[   0% ] [90m[1mreimport[22m | Executing pre-reimport operations...[39m[0m
[   0% ] [90m[1mreimport[22m | water-normal.png[39m[0m
[   5% ] [90m[1mreimport[22m | tech-noir-atlas.png[39m[0m
[  11% ] [90m[1mreimport[22m | fog-mask.png[39m[0m
[  16% ] [90m[1mreimport[22m | stage-orm.png[39m[0m
[  22% ] [90m[1mreimport[22m | stage-basecolor.png[39m[0m
[  27% ] [90m[1mreimport[22m | mountain-paint.png[39m[0m
[  33% ] [90m[1mreimport[22m | cyclorama-moonlit.png[39m[0m
[  38% ] [90m[1mreimport[22m | cyclorama-mist.png[39m[0m
[  44% ] [90m[1mreimport[22m | cyclorama-dusk.png[39m[0m
[  50% ] [90m[1mreimport[22m | tech-orm.png[39m[0m
[  55% ] [90m[1mreimport[22m | tech-emission.png[39m[0m
[  61% ] [90m[1mreimport[22m | tech-basecolor.png[39m[0m
[  66% ] [90m[1mreimport[22m | props-orm.png[39m[0m
[  72% ] [90m[1mreimport[22m | props-emission.png[39m[0m
[  77% ] [90m[1mreimport[22m | props-basecolor.png[39m[0m
[  83% ] [90m[1mreimport[22m | flora-basecolor.png[39m[0m
[  88% ] [90m[1mreimport[22m | candidate.glb[39m[0m
[   0% ] [90m[1mimport[22m | Started Import Scene (104 steps)[39m[0m
[   0% ] [90m[1mimport[22m | Importing Scene...[39m[0m
[   1% ] [90m[1mimport[22m | Running Custom Script...[39m[0m
[  99% ] [90m[1mimport[22m | Saving...[39m[0m
[92m[ DONE ][39m [1mimport[22m
[0m
[  94% ] [90m[1mreimport[22m | Finalizing Asset Import...[39m[0m
[92m[ DONE ][39m [1mreimport[22m
[0m
[   0% ] [90m[1mreimport[22m | Started (Re)Importing Assets (17 steps)[39m[0m
[   0% ] [90m[1mreimport[22m | Executing post-reimport operations...[39m[0m
[92m[ DONE ][39m [1mreimport[22m
[0m
[   0% ] [90m[1mloading_editor_layout[22m | Started Loading editor (5 steps)[39m[0m
[   0% ] [90m[1mloading_editor_layout[22m | Loading editor layout...[39m[0m
[  16% ] [90m[1mloading_editor_layout[22m | Loading docks...[39m[0m
[92m[ DONE ][39m [1mloading_editor_layout[22m
[0m
