00:01.257  blend            | Read blend: "/Users/auchan/projects/garden-of-dreams/blender/authoring.blend"
/Users/auchan/projects/garden-of-dreams/scripts/audit_site_sources.py:33: DeprecationWarning: 'Material.use_nodes' is expected to be removed in Blender 6.0
  images = sorted({node.image.name for mat in obj.data.materials if mat and mat.use_nodes
00:02.250  blend            | Read blend: "/Users/auchan/projects/garden-of-dreams/blender/sites/SITE_aojing-guan.blend"
00:02.478  blend            | Read blend: "/Users/auchan/projects/garden-of-dreams/blender/sites/SITE_daguan-lou.blend"
00:02.717  blend            | Read blend: "/Users/auchan/projects/garden-of-dreams/blender/sites/SITE_daoxiang-cun.blend"
00:02.968  blend            | Read blend: "/Users/auchan/projects/garden-of-dreams/blender/sites/SITE_hengwu-yuan.blend"
00:03.388  blend            | Read blend: "/Users/auchan/projects/garden-of-dreams/blender/sites/SITE_longcui-an.blend"
00:03.550  blend            | Read blend: "/Users/auchan/projects/garden-of-dreams/blender/sites/SITE_ouxiang-xie.blend"
00:03.796  blend            | Read blend: "/Users/auchan/projects/garden-of-dreams/blender/sites/SITE_qinfang-ting.blend"
00:04.326  blend            | Read blend: "/Users/auchan/projects/garden-of-dreams/blender/sites/SITE_qiushuang-zhai.blend"
00:04.651  blend            | Read blend: "/Users/auchan/projects/garden-of-dreams/blender/sites/SITE_rockery-gate.blend"
00:04.964  blend            | Read blend: "/Users/auchan/projects/garden-of-dreams/blender/sites/SITE_terminal-cells.blend"
00:05.070  blend            | Read blend: "/Users/auchan/projects/garden-of-dreams/blender/sites/SITE_tubi-tang.blend"
00:05.262  blend            | Read blend: "/Users/auchan/projects/garden-of-dreams/blender/sites/SITE_xiaoxiang-guan.blend"
00:05.429  blend            | Read blend: "/Users/auchan/projects/garden-of-dreams/blender/sites/SITE_yihong-yuan.blend"
00:05.573  blend            | Read blend: "/Users/auchan/projects/garden-of-dreams/blender/sites/SITE_ziling-zhou.blend"
BlenderMCP addon registered
Info: Read library: '/Users/auchan/projects/garden-of-dreams/blender/sites/SITE_stage.blend', '//SITE_stage.blend', parent '<direct>'
SITE_AUDIT aojing-guan typeset 0 bakes 2 / 6 structural differences 0
Info: Read library: '/Users/auchan/projects/garden-of-dreams/blender/sites/SITE_stage.blend', '//SITE_stage.blend', parent '<direct>'
SITE_AUDIT daguan-lou typeset 0 bakes 0 / 9 structural differences 0
Info: Read library: '/Users/auchan/projects/garden-of-dreams/blender/sites/SITE_stage.blend', '//SITE_stage.blend', parent '<direct>'
SITE_AUDIT daoxiang-cun typeset 0 bakes 0 / 8 structural differences 0
Info: Read library: '/Users/auchan/projects/garden-of-dreams/blender/sites/SITE_stage.blend', '//SITE_stage.blend', parent '<direct>'
SITE_AUDIT hengwu-yuan typeset 0 bakes 0 / 10 structural differences 0
Info: Read library: '/Users/auchan/projects/garden-of-dreams/blender/sites/SITE_stage.blend', '//SITE_stage.blend', parent '<direct>'
SITE_AUDIT longcui-an typeset 0 bakes 0 / 7 structural differences 0
Info: Read library: '/Users/auchan/projects/garden-of-dreams/blender/sites/SITE_stage.blend', '//SITE_stage.blend', parent '<direct>'
SITE_AUDIT ouxiang-xie typeset 0 bakes 0 / 6 structural differences 0
Info: Read library: '/Users/auchan/projects/garden-of-dreams/blender/sites/SITE_stage.blend', '//SITE_stage.blend', parent '<direct>'
SITE_AUDIT qinfang-ting typeset 0 bakes 0 / 20 structural differences 0
Info: Read library: '/Users/auchan/projects/garden-of-dreams/blender/sites/SITE_stage.blend', '//SITE_stage.blend', parent '<direct>'
SITE_AUDIT qiushuang-zhai typeset 0 bakes 0 / 10 structural differences 0
SITE_AUDIT rockery-gate typeset 0 bakes 0 / 6 structural differences 0
SITE_AUDIT terminal-cells typeset 0 bakes 0 / 7 structural differences 0
Info: Read library: '/Users/auchan/projects/garden-of-dreams/blender/sites/SITE_stage.blend', '//SITE_stage.blend', parent '<direct>'
SITE_AUDIT tubi-tang typeset 0 bakes 0 / 10 structural differences 0
Info: Read library: '/Users/auchan/projects/garden-of-dreams/blender/sites/SITE_stage.blend', '//SITE_stage.blend', parent '<direct>'
SITE_AUDIT xiaoxiang-guan typeset 0 bakes 0 / 7 structural differences 0
Info: Read library: '/Users/auchan/projects/garden-of-dreams/blender/sites/SITE_stage.blend', '//SITE_stage.blend', parent '<direct>'
SITE_AUDIT yihong-yuan typeset 0 bakes 0 / 7 structural differences 0
Info: Read library: '/Users/auchan/projects/garden-of-dreams/blender/sites/SITE_stage.blend', '//SITE_stage.blend', parent '<direct>'
SITE_AUDIT ziling-zhou typeset 0 bakes 0 / 3 structural differences 0
SITE_SOURCE_AUDIT_RECORDED 14 sites; scene files unchanged
BlenderMCP addon unregistered
Blender 5.2.2 LTS (hash d13f752e3b9c built 2026-09-15 01:49:19)

Blender quit
