To honour the JVM settings for this build a single-use Daemon process will be forked. For more on this, please refer to https://docs.gradle.org/8.11.1/userguide/gradle_daemon.html#sec:disabling_the_daemon in the Gradle documentation.
Daemon will be stopped at the end of the build 
WARNING: We recommend using a newer Android Gradle plugin to use compileSdk = 36

This Android Gradle plugin (8.6.1) was tested up to compileSdk = 35.

You are strongly encouraged to update your project to use a newer
Android Gradle plugin that has been tested with compileSdk = 36.

If you are already using the latest version of the Android Gradle plugin,
you may need to wait until a newer version with support for compileSdk = 36 is available.

For more information refer to the compatibility table:
https://d.android.com/r/tools/api-level-support

To suppress this warning, add/update
    android.suppressUnsupportedCompileSdk=36
to this project's gradle.properties.
> Task :identity:preBuild UP-TO-DATE
> Task :identity:preDebugBuild UP-TO-DATE
> Task :identity:mergeDebugJniLibFolders
> Task :identity:mergeDebugNativeLibs NO-SOURCE
> Task :identity:stripDebugDebugSymbols NO-SOURCE
> Task :identity:generateDebugResValues
> Task :identity:copyDebugJniLibsProjectAndLocalJars
> Task :identity:generateDebugResources
> Task :identity:packageDebugResources
> Task :identity:extractDeepLinksForAarDebug
> Task :identity:javaPreCompileDebug
> Task :identity:mergeDebugShaders
> Task :identity:compileDebugShaders NO-SOURCE
> Task :identity:generateDebugAssets UP-TO-DATE
> Task :identity:packageDebugAssets
> Task :identity:prepareDebugArtProfile
> Task :identity:prepareLintJarForPublish
> Task :identity:parseDebugLocalResources
> Task :identity:generateDebugRFile
> Task :identity:processDebugManifest
> Task :identity:extractDebugAnnotations

> Task :identity:compileDebugJavaWithJavac
Note: /private/var/folders/gf/s_g2zvzj3jxbylz3ylbc7k4c0000gn/T/garden-identity-build-3vdsmhft/identity/src/main/java/ai/eightbitoracle/garden/identity/GardenIdentityPlugin.java uses or overrides a deprecated API.
Note: Recompile with -Xlint:deprecation for details.

> Task :identity:mergeDebugGeneratedProguardFiles
> Task :identity:mergeDebugConsumerProguardFiles
> Task :identity:processDebugJavaRes NO-SOURCE
> Task :identity:writeDebugAarMetadata
> Task :identity:preReleaseBuild UP-TO-DATE
> Task :identity:mergeReleaseJniLibFolders
> Task :identity:mergeReleaseNativeLibs NO-SOURCE
> Task :identity:stripReleaseDebugSymbols NO-SOURCE
> Task :identity:copyReleaseJniLibsProjectAndLocalJars
> Task :identity:generateReleaseResValues
> Task :identity:extractDeepLinksForAarRelease
> Task :identity:mergeDebugJavaResource
> Task :identity:generateReleaseResources
> Task :identity:syncDebugLibJars
> Task :identity:bundleDebugAar
> Task :identity:assembleDebug
> Task :identity:packageReleaseResources
> Task :identity:javaPreCompileRelease
> Task :identity:parseReleaseLocalResources
> Task :identity:mergeReleaseShaders
> Task :identity:compileReleaseShaders NO-SOURCE
> Task :identity:generateReleaseAssets UP-TO-DATE
> Task :identity:packageReleaseAssets
> Task :identity:generateReleaseRFile
> Task :identity:prepareReleaseArtProfile
> Task :identity:extractReleaseAnnotations

> Task :identity:compileReleaseJavaWithJavac
Note: /private/var/folders/gf/s_g2zvzj3jxbylz3ylbc7k4c0000gn/T/garden-identity-build-3vdsmhft/identity/src/main/java/ai/eightbitoracle/garden/identity/GardenIdentityPlugin.java uses or overrides a deprecated API.
Note: Recompile with -Xlint:deprecation for details.

> Task :identity:mergeReleaseGeneratedProguardFiles
> Task :identity:mergeReleaseConsumerProguardFiles
> Task :identity:processReleaseJavaRes NO-SOURCE
> Task :identity:processReleaseManifest
> Task :identity:mergeReleaseJavaResource
> Task :identity:writeReleaseAarMetadata
> Task :identity:syncReleaseLibJars
> Task :identity:bundleReleaseAar
> Task :identity:mapReleaseSourceSetPaths
> Task :identity:mergeReleaseResources
> Task :identity:verifyReleaseResources
> Task :identity:assembleRelease
[Incubating] Problems report is available at: file:///private/var/folders/gf/s_g2zvzj3jxbylz3ylbc7k4c0000gn/T/garden-identity-build-3vdsmhft/build/reports/problems/problems-report.html

BUILD SUCCESSFUL in 49s
46 actionable tasks: 46 executed
