/Users/auchan/projects/garden-of-dreams/.superpowers/sdd/2026-09-23-garden-completion/ziling-source-art/flora-generator-reproduction/scripts/complete_flora_kit.py:13: DeprecationWarning: 'Material.use_nodes' is expected to be removed in Blender 6.0
  mat=bpy.data.materials.new('MAT_flora_atlas');mat.use_nodes=True;mat.use_backface_culling=False
BlenderMCP addon registered
BlenderMCP addon unregistered
INFO Draco is available, use library at /Applications/Blender.app/Contents/Resources/5.2/scripts/addons_core/io_scene_gltf2/libbf_intern_draco_bridge.dylib
INFO MeshOptimizer is available, use library at /Applications/Blender.app/Contents/Resources/5.2/scripts/addons_core/io_scene_gltf2/libbf_intern_meshopt_bridge.dylib
14:42:47 | INFO: Starting glTF 2.0 export
14:42:47 | INFO: Extracting primitive: KIT_flora_bamboo_small_render
14:42:47 | WARNING: More than one shader node tex image used for a texture. The resulting glTF sampler will behave like the first shader node tex image.
14:42:47 | INFO: Primitives created: 1
14:42:47 | INFO: Finished glTF 2.0 export in 0.00621795654296875 s

14:42:47 | INFO: Starting glTF 2.0 export
14:42:47 | INFO: Extracting primitive: KIT_flora_bamboo_small_render_LOD1
14:42:47 | WARNING: More than one shader node tex image used for a texture. The resulting glTF sampler will behave like the first shader node tex image.
14:42:47 | INFO: Primitives created: 1
14:42:47 | INFO: Finished glTF 2.0 export in 0.0028879642486572266 s

14:42:47 | INFO: Starting glTF 2.0 export
14:42:47 | INFO: Extracting primitive: KIT_flora_bamboo_medium_render
14:42:47 | WARNING: More than one shader node tex image used for a texture. The resulting glTF sampler will behave like the first shader node tex image.
14:42:47 | INFO: Primitives created: 1
14:42:47 | INFO: Finished glTF 2.0 export in 0.003654003143310547 s

14:42:47 | INFO: Starting glTF 2.0 export
14:42:47 | INFO: Extracting primitive: KIT_flora_bamboo_medium_render_LOD1
14:42:47 | WARNING: More than one shader node tex image used for a texture. The resulting glTF sampler will behave like the first shader node tex image.
14:42:47 | INFO: Primitives created: 1
14:42:47 | INFO: Finished glTF 2.0 export in 0.004065752029418945 s

14:42:47 | INFO: Starting glTF 2.0 export
14:42:47 | INFO: Extracting primitive: KIT_flora_bamboo_large_render
14:42:47 | WARNING: More than one shader node tex image used for a texture. The resulting glTF sampler will behave like the first shader node tex image.
14:42:47 | INFO: Primitives created: 1
14:42:47 | INFO: Finished glTF 2.0 export in 0.003465890884399414 s

14:42:47 | INFO: Starting glTF 2.0 export
14:42:47 | INFO: Extracting primitive: KIT_flora_bamboo_large_render_LOD1
14:42:47 | WARNING: More than one shader node tex image used for a texture. The resulting glTF sampler will behave like the first shader node tex image.
14:42:47 | INFO: Primitives created: 1
14:42:47 | INFO: Finished glTF 2.0 export in 0.0032548904418945312 s

14:42:47 | INFO: Starting glTF 2.0 export
14:42:47 | INFO: Extracting primitive: Cube
14:42:47 | INFO: Primitives created: 1
14:42:47 | INFO: Extracting primitive: KIT_flora_plum_render
14:42:47 | WARNING: More than one shader node tex image used for a texture. The resulting glTF sampler will behave like the first shader node tex image.
14:42:47 | INFO: Primitives created: 1
14:42:47 | INFO: Finished glTF 2.0 export in 0.003534078598022461 s

14:42:47 | INFO: Starting glTF 2.0 export
14:42:47 | INFO: Extracting primitive: Cube.001
14:42:47 | INFO: Primitives created: 1
14:42:47 | INFO: Extracting primitive: KIT_flora_plum_render_LOD1
14:42:47 | WARNING: More than one shader node tex image used for a texture. The resulting glTF sampler will behave like the first shader node tex image.
14:42:47 | INFO: Primitives created: 1
14:42:47 | INFO: Finished glTF 2.0 export in 0.0035669803619384766 s

14:42:47 | INFO: Starting glTF 2.0 export
14:42:47 | INFO: Extracting primitive: Cube.002
14:42:47 | INFO: Primitives created: 1
14:42:47 | INFO: Extracting primitive: KIT_flora_willow_render
14:42:47 | WARNING: More than one shader node tex image used for a texture. The resulting glTF sampler will behave like the first shader node tex image.
14:42:47 | INFO: Primitives created: 1
14:42:47 | INFO: Finished glTF 2.0 export in 0.004441976547241211 s

14:42:47 | INFO: Starting glTF 2.0 export
14:42:47 | INFO: Extracting primitive: Cube.003
14:42:47 | INFO: Primitives created: 1
14:42:47 | INFO: Extracting primitive: KIT_flora_willow_render_LOD1
14:42:47 | WARNING: More than one shader node tex image used for a texture. The resulting glTF sampler will behave like the first shader node tex image.
14:42:47 | INFO: Primitives created: 1
14:42:47 | INFO: Finished glTF 2.0 export in 0.0033159255981445312 s

14:42:47 | INFO: Starting glTF 2.0 export
14:42:47 | INFO: Extracting primitive: KIT_flora_banana_render
14:42:47 | WARNING: More than one shader node tex image used for a texture. The resulting glTF sampler will behave like the first shader node tex image.
14:42:47 | INFO: Primitives created: 1
14:42:47 | INFO: Finished glTF 2.0 export in 0.002893209457397461 s

14:42:47 | INFO: Starting glTF 2.0 export
14:42:47 | INFO: Extracting primitive: KIT_flora_banana_render_LOD1
14:42:47 | WARNING: More than one shader node tex image used for a texture. The resulting glTF sampler will behave like the first shader node tex image.
14:42:47 | INFO: Primitives created: 1
14:42:47 | INFO: Finished glTF 2.0 export in 0.003256082534790039 s

14:42:47 | INFO: Starting glTF 2.0 export
14:42:47 | INFO: Extracting primitive: KIT_flora_reed_render
14:42:47 | WARNING: More than one shader node tex image used for a texture. The resulting glTF sampler will behave like the first shader node tex image.
14:42:47 | INFO: Primitives created: 1
14:42:47 | INFO: Finished glTF 2.0 export in 0.0039141178131103516 s

14:42:47 | INFO: Starting glTF 2.0 export
14:42:47 | INFO: Extracting primitive: KIT_flora_reed_render_LOD1
14:42:47 | WARNING: More than one shader node tex image used for a texture. The resulting glTF sampler will behave like the first shader node tex image.
14:42:47 | INFO: Primitives created: 1
14:42:47 | INFO: Finished glTF 2.0 export in 0.0025980472564697266 s

14:42:47 | INFO: Starting glTF 2.0 export
14:42:47 | INFO: Extracting primitive: Cube.004
14:42:47 | INFO: Primitives created: 1
14:42:47 | INFO: Extracting primitive: KIT_flora_potted_render
14:42:47 | WARNING: More than one shader node tex image used for a texture. The resulting glTF sampler will behave like the first shader node tex image.
14:42:47 | INFO: Primitives created: 1
14:42:47 | INFO: Finished glTF 2.0 export in 0.0037949085235595703 s

14:42:47 | INFO: Starting glTF 2.0 export
14:42:47 | INFO: Extracting primitive: Cube.005
14:42:47 | INFO: Primitives created: 1
14:42:47 | INFO: Extracting primitive: KIT_flora_potted_render_LOD1
14:42:47 | WARNING: More than one shader node tex image used for a texture. The resulting glTF sampler will behave like the first shader node tex image.
14:42:47 | INFO: Primitives created: 1
14:42:47 | INFO: Finished glTF 2.0 export in 0.003312826156616211 s
/Users/auchan/projects/garden-of-dreams/.superpowers/sdd/2026-09-23-garden-completion/ziling-source-art/flora-generator-reproduction/scripts/complete_flora_kit.py:189: DeprecationWarning: 'World.use_nodes' is expected to be removed in Blender 6.0
  gallery.world=bpy.data.worlds.new('Flora preview');gallery.world.use_nodes=True;gallery.world.node_tree.nodes['Background'].inputs[0].default_value=(.25,.28,.32,1)

Info: Saved as "KIT_flora.blend"
FLORA_KIT_COMPLETE {"units": "metres", "atlas": "flora-basecolor.png", "atlas_size": 2048, "variants": {"bamboo_small": {"triangles_lod0": 684, "triangles_lod1": 252, "ratio": 0.3684210526315789, "colliders": 0, "connectors": {"ground": [0, 0, 0]}}, "bamboo_medium": {"triangles_lod0": 1140, "triangles_lod1": 420, "ratio": 0.3684210526315789, "colliders": 0, "connectors": {"ground": [0, 0, 0]}}, "bamboo_large": {"triangles_lod0": 1596, "triangles_lod1": 588, "ratio": 0.3684210526315789, "colliders": 0, "connectors": {"ground": [0, 0, 0]}}, "plum": {"triangles_lod0": 576, "triangles_lod1": 244, "ratio": 0.4236111111111111, "colliders": 1, "connectors": {"ground": [0, 0, 0]}}, "willow": {"triangles_lod0": 1198, "triangles_lod1": 464, "ratio": 0.38731218697829717, "colliders": 1, "connectors": {"ground": [0, 0, 0]}}, "banana": {"triangles_lod0": 252, "triangles_lod1": 98, "ratio": 0.3888888888888889, "colliders": 0, "connectors": {"ground": [0, 0, 0]}}, "reed": {"triangles_lod0": 1648, "triangles_lod1": 592, "ratio": 0.3592233009708738, "colliders": 0, "connectors": {"ground": [0, 0, 0]}}, "potted": {"triangles_lod0": 320, "triangles_lod1": 110, "ratio": 0.34375, "colliders": 1, "connectors": {"ground": [0, 0, 0]}}}}
Blender 5.2.2 LTS (hash d13f752e3b9c built 2026-09-15 01:49:19)

Blender quit
