00:00.364  blend            | Read blend: "/Users/auchan/projects/garden-of-dreams/.superpowers/sdd/2026-09-23-garden-completion/ziling-source-art/flora-collider-preview-repair/KIT_flora.blend"
BlenderMCP addon registered
INFO Draco is available, use library at /Applications/Blender.app/Contents/Resources/5.2/scripts/addons_core/io_scene_gltf2/libbf_intern_draco_bridge.dylib
INFO MeshOptimizer is available, use library at /Applications/Blender.app/Contents/Resources/5.2/scripts/addons_core/io_scene_gltf2/libbf_intern_meshopt_bridge.dylib
14:42:46 | INFO: Starting glTF 2.0 export
14:42:46 | INFO: Extracting primitive: KIT_flora_bamboo_small_render
14:42:46 | WARNING: More than one shader node tex image used for a texture. The resulting glTF sampler will behave like the first shader node tex image.
14:42:46 | INFO: Primitives created: 1
14:42:46 | INFO: Finished glTF 2.0 export in 0.07401704788208008 s

14:42:46 | INFO: Starting glTF 2.0 export
14:42:46 | INFO: Extracting primitive: KIT_flora_bamboo_small_render_LOD1
14:42:46 | WARNING: More than one shader node tex image used for a texture. The resulting glTF sampler will behave like the first shader node tex image.
14:42:46 | INFO: Primitives created: 1
14:42:46 | INFO: Finished glTF 2.0 export in 0.003107786178588867 s

14:42:46 | INFO: Starting glTF 2.0 export
14:42:46 | INFO: Extracting primitive: KIT_flora_bamboo_medium_render
14:42:46 | WARNING: More than one shader node tex image used for a texture. The resulting glTF sampler will behave like the first shader node tex image.
14:42:46 | INFO: Primitives created: 1
14:42:46 | INFO: Finished glTF 2.0 export in 0.0031130313873291016 s

14:42:46 | INFO: Starting glTF 2.0 export
14:42:46 | INFO: Extracting primitive: KIT_flora_bamboo_medium_render_LOD1
14:42:46 | WARNING: More than one shader node tex image used for a texture. The resulting glTF sampler will behave like the first shader node tex image.
14:42:46 | INFO: Primitives created: 1
14:42:46 | INFO: Finished glTF 2.0 export in 0.002935171127319336 s

14:42:46 | INFO: Starting glTF 2.0 export
14:42:46 | INFO: Extracting primitive: KIT_flora_bamboo_large_render
14:42:46 | WARNING: More than one shader node tex image used for a texture. The resulting glTF sampler will behave like the first shader node tex image.
14:42:46 | INFO: Primitives created: 1
14:42:46 | INFO: Finished glTF 2.0 export in 0.003648042678833008 s

14:42:46 | INFO: Starting glTF 2.0 export
14:42:46 | INFO: Extracting primitive: KIT_flora_bamboo_large_render_LOD1
14:42:46 | WARNING: More than one shader node tex image used for a texture. The resulting glTF sampler will behave like the first shader node tex image.
14:42:46 | INFO: Primitives created: 1
14:42:46 | INFO: Finished glTF 2.0 export in 0.002665996551513672 s

14:42:46 | INFO: Starting glTF 2.0 export
14:42:46 | INFO: Extracting primitive: Cube
14:42:46 | INFO: Primitives created: 1
14:42:46 | INFO: Extracting primitive: KIT_flora_plum_render
14:42:46 | WARNING: More than one shader node tex image used for a texture. The resulting glTF sampler will behave like the first shader node tex image.
14:42:46 | INFO: Primitives created: 1
14:42:46 | INFO: Finished glTF 2.0 export in 0.00356292724609375 s

14:42:46 | INFO: Starting glTF 2.0 export
14:42:46 | INFO: Extracting primitive: Cube.001
14:42:46 | INFO: Primitives created: 1
14:42:46 | INFO: Extracting primitive: KIT_flora_plum_render_LOD1
14:42:46 | WARNING: More than one shader node tex image used for a texture. The resulting glTF sampler will behave like the first shader node tex image.
14:42:46 | INFO: Primitives created: 1
14:42:46 | INFO: Finished glTF 2.0 export in 0.0029230117797851562 s

14:42:46 | INFO: Starting glTF 2.0 export
14:42:46 | INFO: Extracting primitive: Cube.002
14:42:46 | INFO: Primitives created: 1
14:42:46 | INFO: Extracting primitive: KIT_flora_willow_render
14:42:46 | WARNING: More than one shader node tex image used for a texture. The resulting glTF sampler will behave like the first shader node tex image.
14:42:46 | INFO: Primitives created: 1
14:42:46 | INFO: Finished glTF 2.0 export in 0.0041370391845703125 s

14:42:46 | INFO: Starting glTF 2.0 export
14:42:46 | INFO: Extracting primitive: Cube.003
14:42:46 | INFO: Primitives created: 1
14:42:46 | INFO: Extracting primitive: KIT_flora_willow_render_LOD1
14:42:46 | WARNING: More than one shader node tex image used for a texture. The resulting glTF sampler will behave like the first shader node tex image.
14:42:46 | INFO: Primitives created: 1
14:42:46 | INFO: Finished glTF 2.0 export in 0.0030400753021240234 s

14:42:46 | INFO: Starting glTF 2.0 export
14:42:46 | INFO: Extracting primitive: KIT_flora_banana_render
14:42:46 | WARNING: More than one shader node tex image used for a texture. The resulting glTF sampler will behave like the first shader node tex image.
14:42:46 | INFO: Primitives created: 1
14:42:46 | INFO: Finished glTF 2.0 export in 0.002375364303588867 s

14:42:46 | INFO: Starting glTF 2.0 export
14:42:46 | INFO: Extracting primitive: KIT_flora_banana_render_LOD1
14:42:46 | WARNING: More than one shader node tex image used for a texture. The resulting glTF sampler will behave like the first shader node tex image.
14:42:46 | INFO: Primitives created: 1
14:42:46 | INFO: Finished glTF 2.0 export in 0.0023670196533203125 s

14:42:46 | INFO: Starting glTF 2.0 export
14:42:46 | INFO: Extracting primitive: TEMP_reed_geometry
14:42:46 | WARNING: More than one shader node tex image used for a texture. The resulting glTF sampler will behave like the first shader node tex image.
14:42:46 | INFO: Primitives created: 1
14:42:46 | INFO: Finished glTF 2.0 export in 0.0032320022583007812 s

14:42:46 | INFO: Starting glTF 2.0 export
14:42:46 | INFO: Extracting primitive: TEMP_reed_geometry_LOD1
14:42:46 | WARNING: More than one shader node tex image used for a texture. The resulting glTF sampler will behave like the first shader node tex image.
14:42:46 | INFO: Primitives created: 1
14:42:46 | INFO: Finished glTF 2.0 export in 0.0029807090759277344 s

14:42:46 | INFO: Starting glTF 2.0 export
14:42:46 | INFO: Extracting primitive: Cube.004
14:42:46 | INFO: Primitives created: 1
14:42:46 | INFO: Extracting primitive: KIT_flora_potted_render
14:42:46 | WARNING: More than one shader node tex image used for a texture. The resulting glTF sampler will behave like the first shader node tex image.
14:42:46 | INFO: Primitives created: 1
14:42:46 | INFO: Finished glTF 2.0 export in 0.0037441253662109375 s

14:42:46 | INFO: Starting glTF 2.0 export
14:42:46 | INFO: Extracting primitive: Cube.005
14:42:46 | INFO: Primitives created: 1
14:42:46 | INFO: Extracting primitive: KIT_flora_potted_render_LOD1
14:42:46 | WARNING: More than one shader node tex image used for a texture. The resulting glTF sampler will behave like the first shader node tex image.
14:42:46 | INFO: Primitives created: 1
14:42:46 | INFO: Finished glTF 2.0 export in 0.0034189224243164062 s

SAVED_FLORA_REEXPORT_PASS_16
BlenderMCP addon unregistered
Blender 5.2.2 LTS (hash d13f752e3b9c built 2026-09-15 01:49:19)

Blender quit
