Downloading https://services.gradle.org/distributions/gradle-8.11.1-bin.zip
.............10%.............20%.............30%.............40%.............50%.............60%.............70%.............80%.............90%.............100%

Welcome to Gradle 8.11.1!

Here are the highlights of this release:
 - Parallel load and store for Configuration Cache
 - Java compilation errors at the end of the build output
 - Consolidated report for warnings and deprecations

For more details see https://docs.gradle.org/8.11.1/release-notes.html

To honour the JVM settings for this build a single-use Daemon process will be forked. For more on this, please refer to https://docs.gradle.org/8.11.1/userguide/gradle_daemon.html#sec:disabling_the_daemon in the Gradle documentation.
Daemon will be stopped at the end of the build 
WARNING: We recommend using a newer Android Gradle plugin to use compileSdk = 36

This Android Gradle plugin (8.6.1) was tested up to compileSdk = 35.

You are strongly encouraged to update your project to use a newer
Android Gradle plugin that has been tested with compileSdk = 36.

If you are already using the latest version of the Android Gradle plugin,
you may need to wait until a newer version with support for compileSdk = 36 is available.

For more information refer to the compatibility table:
https://d.android.com/r/tools/api-level-support

To suppress this warning, add/update
    android.suppressUnsupportedCompileSdk=36
to this project's gradle.properties.
> Task :identity:preBuild UP-TO-DATE
> Task :identity:preDebugBuild UP-TO-DATE
> Task :identity:mergeDebugJniLibFolders
> Task :identity:mergeDebugNativeLibs NO-SOURCE
> Task :identity:stripDebugDebugSymbols NO-SOURCE
> Task :identity:generateDebugResValues
> Task :identity:copyDebugJniLibsProjectAndLocalJars
> Task :identity:generateDebugResources
> Task :identity:packageDebugResources
> Task :identity:extractDeepLinksForAarDebug
> Task :identity:javaPreCompileDebug
> Task :identity:mergeDebugShaders
> Task :identity:compileDebugShaders NO-SOURCE
> Task :identity:generateDebugAssets UP-TO-DATE
> Task :identity:packageDebugAssets
> Task :identity:prepareDebugArtProfile
> Task :identity:prepareLintJarForPublish
> Task :identity:parseDebugLocalResources
> Task :identity:processDebugJavaRes NO-SOURCE
> Task :identity:preReleaseBuild UP-TO-DATE
> Task :identity:mergeReleaseJniLibFolders
> Task :identity:writeDebugAarMetadata
> Task :identity:mergeReleaseNativeLibs NO-SOURCE
> Task :identity:stripReleaseDebugSymbols NO-SOURCE
> Task :identity:copyReleaseJniLibsProjectAndLocalJars
> Task :identity:generateReleaseResValues
> Task :identity:extractDeepLinksForAarRelease
> Task :identity:generateReleaseResources
> Task :identity:generateDebugRFile
> Task :identity:packageReleaseResources
> Task :identity:processDebugManifest
> Task :identity:mergeDebugJavaResource
> Task :identity:extractDebugAnnotations FAILED

FAILURE: Build failed with an exception.

* What went wrong:
Execution failed for task ':identity:extractDebugAnnotations'.
> Error while evaluating property 'hasAndroidAnnotations' of task ':identity:extractDebugAnnotations'.
   > Could not resolve all dependencies for configuration ':identity:debugCompileClasspath'.
      > Configuration `:identity:debugRuntimeClasspath` contains AndroidX dependencies, but the `android.useAndroidX` property is not enabled, which may cause runtime issues.
        Set `android.useAndroidX=true` in the `gradle.properties` file and retry.
        The following AndroidX dependencies are detected:
        :identity:debugRuntimeClasspath -> androidx.credentials:credentials:1.5.0
        :identity:debugRuntimeClasspath -> androidx.credentials:credentials:1.5.0 -> androidx.annotation:annotation:1.8.1
        :identity:debugRuntimeClasspath -> androidx.credentials:credentials:1.5.0 -> androidx.annotation:annotation:1.8.1 -> androidx.annotation:annotation-jvm:1.8.1
        :identity:debugRuntimeClasspath -> androidx.credentials:credentials:1.5.0 -> androidx.biometric:biometric:1.1.0
        :identity:debugRuntimeClasspath -> androidx.credentials:credentials:1.5.0 -> androidx.biometric:biometric:1.1.0 -> androidx.activity:activity:1.5.1
        :identity:debugRuntimeClasspath -> androidx.credentials:credentials:1.5.0 -> androidx.biometric:biometric:1.1.0 -> androidx.appcompat:appcompat:1.2.0 -> androidx.collection:collection:1.4.2
        :identity:debugRuntimeClasspath -> androidx.credentials:credentials:1.5.0 -> androidx.biometric:biometric:1.1.0 -> androidx.appcompat:appcompat:1.2.0 -> androidx.collection:collection:1.4.2 -> androidx.collection:collection-jvm:1.4.2
        :identity:debugRuntimeClasspath -> androidx.credentials:credentials:1.5.0 -> androidx.core:core:1.15.0
        :identity:debugRuntimeClasspath -> androidx.credentials:credentials:1.5.0 -> androidx.biometric:biometric:1.1.0 -> androidx.fragment:fragment:1.5.7 -> androidx.annotation:annotation-experimental:1.4.1
        :identity:debugRuntimeClasspath -> androidx.credentials:credentials:1.5.0 -> androidx.core:core:1.15.0 -> androidx.concurrent:concurrent-futures:1.1.0
        :identity:debugRuntimeClasspath -> androidx.credentials:credentials:1.5.0 -> androidx.biometric:biometric:1.1.0 -> androidx.appcompat:appcompat:1.2.0 -> androidx.appcompat:appcompat-resources:1.2.0 -> androidx.vectordrawable:vectordrawable-animated:1.1.0 -> androidx.interpolator:interpolator:1.0.0
        :identity:debugRuntimeClasspath -> androidx.credentials:credentials:1.5.0 -> androidx.biometric:biometric:1.1.0 -> androidx.activity:activity:1.5.1 -> androidx.lifecycle:lifecycle-runtime:2.6.2
        :identity:debugRuntimeClasspath -> androidx.credentials:credentials:1.5.0 -> androidx.biometric:biometric:1.1.0 -> androidx.fragment:fragment:1.5.7 -> androidx.loader:loader:1.0.0 -> androidx.lifecycle:lifecycle-livedata:2.6.2 -> androidx.arch.core:core-common:2.2.0
        :identity:debugRuntimeClasspath -> androidx.credentials:credentials:1.5.0 -> androidx.biometric:biometric:1.1.0 -> androidx.fragment:fragment:1.5.7 -> androidx.loader:loader:1.0.0 -> androidx.lifecycle:lifecycle-livedata:2.6.2 -> androidx.arch.core:core-runtime:2.2.0
        :identity:debugRuntimeClasspath -> androidx.credentials:credentials:1.5.0 -> androidx.biometric:biometric:1.1.0 -> androidx.fragment:fragment:1.5.7 -> androidx.loader:loader:1.0.0 -> androidx.lifecycle:lifecycle-livedata:2.6.2 -> androidx.lifecycle:lifecycle-common:2.6.2
        :identity:debugRuntimeClasspath -> androidx.credentials:credentials:1.5.0 -> androidx.biometric:biometric:1.1.0 -> androidx.lifecycle:lifecycle-livedata-core:2.6.2
        :identity:debugRuntimeClasspath -> androidx.credentials:credentials:1.5.0 -> androidx.biometric:biometric:1.1.0 -> androidx.lifecycle:lifecycle-viewmodel:2.6.2
        :identity:debugRuntimeClasspath -> androidx.credentials:credentials:1.5.0 -> androidx.biometric:biometric:1.1.0 -> androidx.fragment:fragment:1.5.7 -> androidx.lifecycle:lifecycle-viewmodel-savedstate:2.6.2
        :identity:debugRuntimeClasspath -> androidx.credentials:credentials:1.5.0 -> androidx.biometric:biometric:1.1.0 -> androidx.fragment:fragment:1.5.7 -> androidx.core:core-ktx:1.15.0
        :identity:debugRuntimeClasspath -> androidx.credentials:credentials:1.5.0 -> androidx.biometric:biometric:1.1.0 -> androidx.fragment:fragment:1.5.7 -> androidx.savedstate:savedstate:1.2.1
        :identity:debugRuntimeClasspath -> androidx.credentials:credentials:1.5.0 -> androidx.biometric:biometric:1.1.0 -> androidx.fragment:fragment:1.5.7 -> androidx.loader:loader:1.0.0 -> androidx.lifecycle:lifecycle-livedata:2.6.2
        :identity:debugRuntimeClasspath -> androidx.credentials:credentials:1.5.0 -> androidx.biometric:biometric:1.1.0 -> androidx.activity:activity:1.5.1 -> androidx.lifecycle:lifecycle-runtime:2.6.2 -> androidx.profileinstaller:profileinstaller:1.3.0
        :identity:debugRuntimeClasspath -> androidx.credentials:credentials:1.5.0 -> androidx.biometric:biometric:1.1.0 -> androidx.activity:activity:1.5.1 -> androidx.lifecycle:lifecycle-runtime:2.6.2 -> androidx.profileinstaller:profileinstaller:1.3.0 -> androidx.startup:startup-runtime:1.1.1
        :identity:debugRuntimeClasspath -> androidx.credentials:credentials:1.5.0 -> androidx.biometric:biometric:1.1.0 -> androidx.activity:activity:1.5.1 -> androidx.tracing:tracing:1.2.0
        :identity:debugRuntimeClasspath -> androidx.credentials:credentials:1.5.0 -> androidx.core:core:1.15.0 -> androidx.versionedparcelable:versionedparcelable:1.1.1
        :identity:debugRuntimeClasspath -> androidx.credentials:credentials:1.5.0 -> androidx.biometric:biometric:1.1.0 -> androidx.appcompat:appcompat:1.2.0
        :identity:debugRuntimeClasspath -> androidx.credentials:credentials:1.5.0 -> androidx.biometric:biometric:1.1.0 -> androidx.appcompat:appcompat:1.2.0 -> androidx.cursoradapter:cursoradapter:1.0.0
        :identity:debugRuntimeClasspath -> androidx.credentials:credentials:1.5.0 -> androidx.biometric:biometric:1.1.0 -> androidx.fragment:fragment:1.5.7
        :identity:debugRuntimeClasspath -> androidx.credentials:credentials:1.5.0 -> androidx.biometric:biometric:1.1.0 -> androidx.fragment:fragment:1.5.7 -> androidx.loader:loader:1.0.0
        :identity:debugRuntimeClasspath -> androidx.credentials:credentials:1.5.0 -> androidx.biometric:biometric:1.1.0 -> androidx.fragment:fragment:1.5.7 -> androidx.viewpager:viewpager:1.0.0
        :identity:debugRuntimeClasspath -> androidx.credentials:credentials:1.5.0 -> androidx.biometric:biometric:1.1.0 -> androidx.appcompat:appcompat:1.2.0 -> androidx.drawerlayout:drawerlayout:1.0.0 -> androidx.customview:customview:1.0.0
        :identity:debugRuntimeClasspath -> androidx.credentials:credentials:1.5.0 -> androidx.biometric:biometric:1.1.0 -> androidx.appcompat:appcompat:1.2.0 -> androidx.appcompat:appcompat-resources:1.2.0
        :identity:debugRuntimeClasspath -> androidx.credentials:credentials:1.5.0 -> androidx.biometric:biometric:1.1.0 -> androidx.appcompat:appcompat:1.2.0 -> androidx.appcompat:appcompat-resources:1.2.0 -> androidx.vectordrawable:vectordrawable:1.1.0
        :identity:debugRuntimeClasspath -> androidx.credentials:credentials:1.5.0 -> androidx.biometric:biometric:1.1.0 -> androidx.appcompat:appcompat:1.2.0 -> androidx.appcompat:appcompat-resources:1.2.0 -> androidx.vectordrawable:vectordrawable-animated:1.1.0
        :identity:debugRuntimeClasspath -> androidx.credentials:credentials:1.5.0 -> androidx.biometric:biometric:1.1.0 -> androidx.appcompat:appcompat:1.2.0 -> androidx.drawerlayout:drawerlayout:1.0.0
        :identity:debugRuntimeClasspath -> androidx.credentials:credentials-play-services-auth:1.5.0

* Try:
> Run with --stacktrace option to get the stack trace.
> Run with --info or --debug option to get more log output.
> Run with --scan to get full insights.
> Get more help at https://help.gradle.org.

BUILD FAILED in 1m 7s
23 actionable tasks: 23 executed
