To honour the JVM settings for this build a single-use Daemon process will be forked. For more on this, please refer to https://docs.gradle.org/8.11.1/userguide/gradle_daemon.html#sec:disabling_the_daemon in the Gradle documentation.
Daemon will be stopped at the end of the build 
WARNING: We recommend using a newer Android Gradle plugin to use compileSdk = 36

This Android Gradle plugin (8.6.1) was tested up to compileSdk = 35.

You are strongly encouraged to update your project to use a newer
Android Gradle plugin that has been tested with compileSdk = 36.

If you are already using the latest version of the Android Gradle plugin,
you may need to wait until a newer version with support for compileSdk = 36 is available.

For more information refer to the compatibility table:
https://d.android.com/r/tools/api-level-support

To suppress this warning, add/update
    android.suppressUnsupportedCompileSdk=36
to this project's gradle.properties.
> Task :identity:preBuild UP-TO-DATE
> Task :identity:preDebugBuild UP-TO-DATE
> Task :identity:mergeDebugJniLibFolders
> Task :identity:mergeDebugNativeLibs NO-SOURCE
> Task :identity:stripDebugDebugSymbols NO-SOURCE
> Task :identity:copyDebugJniLibsProjectAndLocalJars
> Task :identity:generateDebugResValues
> Task :identity:generateDebugResources
> Task :identity:packageDebugResources
> Task :identity:extractDeepLinksForAarDebug
> Task :identity:javaPreCompileDebug
> Task :identity:mergeDebugShaders
> Task :identity:compileDebugShaders NO-SOURCE
> Task :identity:generateDebugAssets UP-TO-DATE
> Task :identity:packageDebugAssets
> Task :identity:prepareDebugArtProfile
> Task :identity:parseDebugLocalResources
> Task :identity:prepareLintJarForPublish
> Task :identity:generateDebugRFile
> Task :identity:processDebugManifest
> Task :identity:extractDebugAnnotations FAILED

FAILURE: Build failed with an exception.

* What went wrong:
Execution failed for task ':identity:extractDebugAnnotations'.
> Error while evaluating property 'hasAndroidAnnotations' of task ':identity:extractDebugAnnotations'.
   > Could not resolve all artifacts for configuration ':identity:debugCompileClasspath'.
      > Could not resolve androidx.fragment:fragment:1.8.6.
        Required by:
            project :identity
         > Cannot find a version of 'androidx.fragment:fragment' that satisfies the version constraints:
              Dependency path 'GardenIdentity:identity:unspecified' --> 'androidx.fragment:fragment:1.8.6'
              Constraint path 'GardenIdentity:identity:unspecified' --> 'androidx.fragment:fragment:{strictly 1.5.7}' because of the following reason: version resolved in configuration ':identity:debugRuntimeClasspath' by consistent resolution
              Dependency path 'GardenIdentity:identity:unspecified' --> 'androidx.credentials:credentials:1.5.0' (releaseVariantReleaseApiPublication) --> 'androidx.biometric:biometric:1.1.0' (releaseApiPublication) --> 'androidx.fragment:fragment:1.2.5'

> There are 2 more failures with identical causes.

* Try:
> Run with --stacktrace option to get the stack trace.
> Run with --info or --debug option to get more log output.
> Run with --scan to get full insights.
> Get more help at https://help.gradle.org.

BUILD FAILED in 9s
15 actionable tasks: 15 executed
