Godot Engine v4.7.2.stable.official.ed1daf0bf - https://godotengine.org
OpenGL API 4.1 Metal - 90.5 - Compatibility - Using Device: Apple - Apple M2 Max

CPU_PHASE_START terminal_room-disabled
CPU_PHASE_END terminal_room-disabled {"automatic_render_frames":480,"global_draw_calls_max":160,"global_primitives_max":199017,"interval_max_ms":20.896,"interval_p50_ms":16.688,"interval_p95_ms":18.278,"occlusion_active":false,"sample_frames":480}
CPU_PHASE_START terminal_room-enabled
CPU_PHASE_END terminal_room-enabled {"automatic_render_frames":480,"global_draw_calls_max":46,"global_primitives_max":94945,"interval_max_ms":18.922,"interval_p50_ms":16.664,"interval_p95_ms":18.281,"occlusion_active":true,"sample_frames":480}
CPU_PHASE_START terminal_room-disabled_repeat
CPU_PHASE_END terminal_room-disabled_repeat {"automatic_render_frames":480,"global_draw_calls_max":160,"global_primitives_max":199017,"interval_max_ms":19.623,"interval_p50_ms":16.663,"interval_p95_ms":18.546,"occlusion_active":false,"sample_frames":480}
CPU_PHASE_START rockery_gate-disabled
CPU_PHASE_END rockery_gate-disabled {"automatic_render_frames":480,"global_draw_calls_max":155,"global_primitives_max":165311,"interval_max_ms":20.96,"interval_p50_ms":16.67,"interval_p95_ms":17.828,"occlusion_active":false,"sample_frames":480}
CPU_PHASE_START rockery_gate-enabled
CPU_PHASE_END rockery_gate-enabled {"automatic_render_frames":480,"global_draw_calls_max":77,"global_primitives_max":85201,"interval_max_ms":18.608,"interval_p50_ms":16.666,"interval_p95_ms":17.859,"occlusion_active":true,"sample_frames":480}
CPU_PHASE_START rockery_gate-disabled_repeat
CPU_PHASE_END rockery_gate-disabled_repeat {"automatic_render_frames":480,"global_draw_calls_max":155,"global_primitives_max":165311,"interval_max_ms":18.733,"interval_p50_ms":16.667,"interval_p95_ms":17.548,"occlusion_active":false,"sample_frames":480}
CPU_PHASE_START qinfang_ting-disabled
CPU_PHASE_END qinfang_ting-disabled {"automatic_render_frames":480,"global_draw_calls_max":135,"global_primitives_max":147217,"interval_max_ms":18.861,"interval_p50_ms":16.668,"interval_p95_ms":17.833,"occlusion_active":false,"sample_frames":480}
CPU_PHASE_START qinfang_ting-enabled
CPU_PHASE_END qinfang_ting-enabled {"automatic_render_frames":480,"global_draw_calls_max":135,"global_primitives_max":147217,"interval_max_ms":18.735,"interval_p50_ms":16.668,"interval_p95_ms":18.492,"occlusion_active":false,"sample_frames":480}
CPU_PHASE_START qinfang_ting-disabled_repeat
CPU_PHASE_END qinfang_ting-disabled_repeat {"automatic_render_frames":480,"global_draw_calls_max":135,"global_primitives_max":147217,"interval_max_ms":18.81,"interval_p50_ms":16.669,"interval_p95_ms":18.104,"occlusion_active":false,"sample_frames":480}
OCCLUSION_CPU_NATIVE_PASS phases=9
