Godot Engine v4.7.2.stable.official.ed1daf0bf - https://godotengine.org
OpenGL API 4.1 Metal - 90.5 - Compatibility - Using Device: Apple - Apple M2 Max

OCCLUDER_MATERIAL SITE_terminal-cells_MAT_plaster_rock ShaderMaterial shader=res://shaders/baked_diffuse.gdshader transparency=-1
OCCLUDER_MATERIAL SITE_terminal-cells_MAT_backstage ShaderMaterial shader=res://shaders/baked_diffuse.gdshader transparency=-1
OCCLUDER_MATERIAL SITE_terminal-cells_MAT_stage_backstage StandardMaterial3D shader=none transparency=0
OCCLUDER_MATERIAL SITE_rockery-gate_MAT_pavilion_atlas ShaderMaterial shader=res://shaders/baked_diffuse.gdshader transparency=-1
OCCLUDER_MATERIAL SITE_rockery-gate_MAT_plaster_rock ShaderMaterial shader=res://shaders/baked_diffuse.gdshader transparency=-1
OCCLUSION_PUBLIC_LEG_PASS 0 frames=638
OCCLUSION_PUBLIC_LEG_PASS 1 frames=1095
OCCLUSION_PUBLIC_LEG_PASS 2 frames=848
OCCLUSION_PUBLIC_LEG_PASS 3 frames=641
OCCLUSION_TRACE_COMPLETE poses=147 reveal_frames=240 floor_rays=3222
OCCLUSION_PATH_PIXEL_PASS desktop leg-0-frame-30 draws=36/36
OCCLUSION_PATH_PIXEL_PASS desktop leg-0-frame-60 draws=49/41
OCCLUSION_PATH_PIXEL_PASS desktop leg-0-frame-90 draws=49/41
OCCLUSION_PATH_PIXEL_PASS desktop leg-0-frame-120 draws=49/41
OCCLUSION_PATH_PIXEL_PASS desktop leg-0-frame-150 draws=48/41
OCCLUSION_PATH_PIXEL_PASS desktop leg-0-frame-180 draws=46/39
OCCLUSION_PATH_PIXEL_PASS desktop leg-0-frame-210 draws=45/38
OCCLUSION_PATH_PIXEL_PASS desktop leg-0-frame-240 draws=42/36
OCCLUSION_PATH_PIXEL_PASS desktop leg-0-frame-270 draws=106/83
OCCLUSION_PATH_PIXEL_PASS desktop leg-0-frame-300 draws=155/90
OCCLUSION_PATH_PIXEL_PASS desktop leg-0-frame-330 draws=159/88
OCCLUSION_PATH_PIXEL_PASS desktop leg-0-frame-360 draws=155/103
OCCLUSION_PATH_PIXEL_PASS desktop leg-0-frame-390 draws=150/98
OCCLUSION_PATH_PIXEL_PASS desktop leg-0-frame-420 draws=148/96
OCCLUSION_PATH_PIXEL_PASS desktop leg-0-frame-450 draws=97/47
OCCLUSION_PATH_PIXEL_PASS desktop leg-0-frame-480 draws=89/44
OCCLUSION_PATH_PIXEL_PASS desktop leg-0-frame-510 draws=85/44
OCCLUSION_PATH_PIXEL_PASS desktop leg-0-frame-540 draws=80/44
OCCLUSION_PATH_PIXEL_PASS desktop leg-0-frame-570 draws=78/44
OCCLUSION_PATH_PIXEL_PASS desktop leg-0-frame-600 draws=71/44
OCCLUSION_PATH_PIXEL_PASS desktop leg-0-frame-630 draws=129/33
OCCLUSION_PATH_PIXEL_PASS desktop leg-0-arrival draws=155/77
OCCLUSION_PATH_PIXEL_PASS desktop leg-1-frame-30 draws=157/31
OCCLUSION_PATH_PIXEL_PASS desktop leg-1-frame-60 draws=112/32
OCCLUSION_PATH_PIXEL_PASS desktop leg-1-frame-90 draws=121/31
OCCLUSION_PATH_PIXEL_PASS desktop leg-1-frame-120 draws=127/31
OCCLUSION_PATH_PIXEL_PASS desktop leg-1-frame-150 draws=146/32
OCCLUSION_PATH_PIXEL_PASS desktop leg-1-frame-180 draws=131/32
OCCLUSION_PATH_PIXEL_PASS desktop leg-1-frame-210 draws=131/32
OCCLUSION_PATH_PIXEL_PASS desktop leg-1-frame-240 draws=130/32
OCCLUSION_PATH_PIXEL_PASS desktop leg-1-frame-270 draws=138/32
OCCLUSION_PATH_PIXEL_PASS desktop leg-1-frame-300 draws=141/71
OCCLUSION_PATH_PIXEL_PASS desktop leg-1-frame-330 draws=133/70
OCCLUSION_PATH_PIXEL_PASS desktop leg-1-frame-360 draws=103/60
OCCLUSION_PATH_PIXEL_PASS desktop leg-1-frame-390 draws=99/81
OCCLUSION_PATH_PIXEL_PASS desktop leg-1-frame-420 draws=123/94
OCCLUSION_PATH_PIXEL_PASS desktop leg-1-frame-450 draws=118/118
OCCLUSION_PATH_PIXEL_PASS desktop leg-1-frame-480 draws=112/112
OCCLUSION_PATH_PIXEL_PASS desktop leg-1-frame-510 draws=99/99
OCCLUSION_PATH_PIXEL_PASS desktop leg-1-frame-540 draws=101/101
OCCLUSION_PATH_PIXEL_PASS desktop leg-1-frame-570 draws=100/100
OCCLUSION_PATH_PIXEL_PASS desktop leg-1-frame-600 draws=95/95
OCCLUSION_PATH_PIXEL_PASS desktop leg-1-frame-630 draws=95/95
OCCLUSION_PATH_PIXEL_PASS desktop leg-1-frame-660 draws=108/108
OCCLUSION_PATH_PIXEL_PASS desktop leg-1-frame-690 draws=106/106
OCCLUSION_PATH_PIXEL_PASS desktop leg-1-frame-720 draws=106/106
OCCLUSION_PATH_PIXEL_PASS desktop leg-1-frame-750 draws=119/119
OCCLUSION_PATH_PIXEL_PASS desktop leg-1-frame-780 draws=119/119
OCCLUSION_PATH_PIXEL_PASS desktop leg-1-frame-810 draws=119/119
OCCLUSION_PATH_PIXEL_PASS desktop leg-1-frame-840 draws=119/119
OCCLUSION_PATH_PIXEL_PASS desktop leg-1-frame-870 draws=119/119
OCCLUSION_PATH_PIXEL_PASS desktop leg-1-frame-900 draws=119/119
OCCLUSION_PATH_PIXEL_PASS desktop leg-1-frame-930 draws=119/119
OCCLUSION_PATH_PIXEL_PASS desktop leg-1-frame-960 draws=119/119
OCCLUSION_PATH_PIXEL_PASS desktop leg-1-frame-990 draws=119/119
OCCLUSION_PATH_PIXEL_PASS desktop leg-1-frame-1020 draws=119/119
OCCLUSION_PATH_PIXEL_PASS desktop leg-1-frame-1050 draws=119/119
OCCLUSION_PATH_PIXEL_PASS desktop leg-1-frame-1080 draws=119/119
OCCLUSION_PATH_PIXEL_PASS desktop leg-1-arrival draws=135/135
OCCLUSION_PATH_PIXEL_PASS desktop leg-2-frame-30 draws=91/88
OCCLUSION_PATH_PIXEL_PASS desktop leg-2-frame-60 draws=108/105
OCCLUSION_PATH_PIXEL_PASS desktop leg-2-frame-90 draws=81/80
OCCLUSION_PATH_PIXEL_PASS desktop leg-2-frame-120 draws=80/77
OCCLUSION_PATH_PIXEL_PASS desktop leg-2-frame-150 draws=76/72
OCCLUSION_PATH_PIXEL_PASS desktop leg-2-frame-180 draws=75/72
OCCLUSION_PATH_PIXEL_PASS desktop leg-2-frame-210 draws=73/68
OCCLUSION_PATH_PIXEL_PASS desktop leg-2-frame-240 draws=71/64
OCCLUSION_PATH_PIXEL_PASS desktop leg-2-frame-270 draws=70/59
OCCLUSION_PATH_PIXEL_PASS desktop leg-2-frame-300 draws=69/58
OCCLUSION_PATH_PIXEL_PASS desktop leg-2-frame-330 draws=67/56
OCCLUSION_PATH_PIXEL_PASS desktop leg-2-frame-360 draws=65/53
OCCLUSION_PATH_PIXEL_PASS desktop leg-2-frame-390 draws=64/52
OCCLUSION_PATH_PIXEL_PASS desktop leg-2-frame-420 draws=63/51
OCCLUSION_PATH_PIXEL_PASS desktop leg-2-frame-450 draws=62/50
OCCLUSION_PATH_PIXEL_PASS desktop leg-2-frame-480 draws=64/52
OCCLUSION_PATH_PIXEL_PASS desktop leg-2-frame-510 draws=64/52
OCCLUSION_PATH_PIXEL_PASS desktop leg-2-frame-540 draws=63/51
OCCLUSION_PATH_PIXEL_PASS desktop leg-2-frame-570 draws=62/50
OCCLUSION_PATH_PIXEL_PASS desktop leg-2-frame-600 draws=62/50
OCCLUSION_PATH_PIXEL_PASS desktop leg-2-frame-630 draws=61/49
OCCLUSION_PATH_PIXEL_PASS desktop leg-2-frame-660 draws=61/49
OCCLUSION_PATH_PIXEL_PASS desktop leg-2-frame-690 draws=61/50
OCCLUSION_PATH_PIXEL_PASS desktop leg-2-frame-720 draws=61/61
OCCLUSION_PATH_PIXEL_PASS desktop leg-2-frame-750 draws=60/60
OCCLUSION_PATH_PIXEL_PASS desktop leg-2-frame-780 draws=59/59
OCCLUSION_PATH_PIXEL_PASS desktop leg-2-frame-810 draws=58/58
OCCLUSION_PATH_PIXEL_PASS desktop leg-2-frame-840 draws=58/58
OCCLUSION_PATH_PIXEL_PASS desktop leg-2-arrival draws=155/77
OCCLUSION_PATH_PIXEL_PASS desktop leg-3-frame-30 draws=57/40
OCCLUSION_PATH_PIXEL_PASS desktop leg-3-frame-60 draws=55/40
OCCLUSION_PATH_PIXEL_PASS desktop leg-3-frame-90 draws=49/39
OCCLUSION_PATH_PIXEL_PASS desktop leg-3-frame-120 draws=43/43
OCCLUSION_PATH_PIXEL_PASS desktop leg-3-frame-150 draws=41/41
OCCLUSION_PATH_PIXEL_PASS desktop leg-3-frame-180 draws=39/39
OCCLUSION_PATH_PIXEL_PASS desktop leg-3-frame-210 draws=37/37
OCCLUSION_PATH_PIXEL_PASS desktop leg-3-frame-240 draws=34/34
OCCLUSION_PATH_PIXEL_PASS desktop leg-3-frame-270 draws=32/30
OCCLUSION_PATH_PIXEL_PASS desktop leg-3-frame-300 draws=32/30
OCCLUSION_PATH_PIXEL_PASS desktop leg-3-frame-330 draws=31/28
OCCLUSION_PATH_PIXEL_PASS desktop leg-3-frame-360 draws=29/29
OCCLUSION_PATH_PIXEL_PASS desktop leg-3-frame-390 draws=56/38
OCCLUSION_PATH_PIXEL_PASS desktop leg-3-frame-420 draws=67/38
OCCLUSION_PATH_PIXEL_PASS desktop leg-3-frame-450 draws=66/38
OCCLUSION_PATH_PIXEL_PASS desktop leg-3-frame-480 draws=66/38
OCCLUSION_PATH_PIXEL_PASS desktop leg-3-frame-510 draws=65/38
OCCLUSION_PATH_PIXEL_PASS desktop leg-3-frame-540 draws=61/38
OCCLUSION_PATH_PIXEL_PASS desktop leg-3-frame-570 draws=60/38
OCCLUSION_PATH_PIXEL_PASS desktop leg-3-frame-600 draws=58/37
OCCLUSION_PATH_PIXEL_PASS desktop leg-3-frame-630 draws=159/65
OCCLUSION_PATH_PIXEL_PASS desktop leg-3-arrival draws=160/46
OCCLUSION_PATH_PIXEL_PASS desktop terminal_room-look draws=160/46
OCCLUSION_PATH_PIXEL_PASS desktop terminal_room-terminal draws=160/46
OCCLUSION_PATH_PIXEL_PASS desktop rockery_gate-look draws=155/77
OCCLUSION_PATH_PIXEL_PASS desktop qinfang_ting-look draws=135/135
OCCLUSION_PATH_PIXEL_PASS desktop qinfang_ting-table draws=57/57
OCCLUSION_PATH_PIXEL_PASS desktop qinfang_ting-water draws=119/119
OCCLUSION_PATH_PIXEL_PASS desktop ouxiang_xie-look draws=76/76
OCCLUSION_PATH_PIXEL_PASS desktop ouxiang_xie-tea draws=76/76
OCCLUSION_PATH_PIXEL_PASS desktop ziling_zhou-look draws=124/124
OCCLUSION_PATH_PIXEL_PASS desktop ziling_zhou-reeds draws=124/124
OCCLUSION_PATH_PIXEL_PASS desktop qiushuang_zhai-look draws=61/61
OCCLUSION_PATH_PIXEL_PASS desktop qiushuang_zhai-left draws=59/59
OCCLUSION_PATH_PIXEL_PASS desktop qiushuang_zhai-centre draws=55/55
OCCLUSION_PATH_PIXEL_PASS desktop qiushuang_zhai-right draws=51/51
OCCLUSION_PATH_PIXEL_PASS desktop tubi_tang-look draws=58/58
OCCLUSION_PATH_PIXEL_PASS desktop tubi_tang-overlook draws=146/146
OCCLUSION_PATH_PIXEL_PASS desktop hengwu_yuan-look draws=129/129
OCCLUSION_PATH_PIXEL_PASS desktop hengwu_yuan-read draws=47/47
OCCLUSION_PATH_PIXEL_PASS desktop hengwu_yuan-rocks draws=66/66
OCCLUSION_PATH_PIXEL_PASS desktop daoxiang_cun-look draws=38/38
OCCLUSION_PATH_PIXEL_PASS desktop daoxiang_cun-doors draws=35/35
OCCLUSION_PATH_PIXEL_PASS desktop daoxiang_cun-tools draws=35/35
OCCLUSION_PATH_PIXEL_PASS desktop daoxiang_cun-paddy draws=36/36
OCCLUSION_PATH_PIXEL_PASS desktop aojing_guan-look draws=118/118
OCCLUSION_PATH_PIXEL_PASS desktop aojing_guan-doors draws=106/106
OCCLUSION_PATH_PIXEL_PASS desktop aojing_guan-reflection draws=112/112
OCCLUSION_PATH_PIXEL_PASS desktop longcui_an-look draws=45/45
OCCLUSION_PATH_PIXEL_PASS desktop longcui_an-doors draws=49/49
OCCLUSION_PATH_PIXEL_PASS desktop longcui_an-incense draws=33/33
OCCLUSION_PATH_PIXEL_PASS desktop xiaoxiang_guan-look draws=89/89
OCCLUSION_PATH_PIXEL_PASS desktop xiaoxiang_guan-doors draws=74/74
OCCLUSION_PATH_PIXEL_PASS desktop xiaoxiang_guan-stems draws=92/92
OCCLUSION_PATH_PIXEL_PASS desktop yihong_yuan-look draws=56/56
OCCLUSION_PATH_PIXEL_PASS desktop yihong_yuan-doors draws=48/48
OCCLUSION_PATH_PIXEL_PASS desktop yihong_yuan-leaves draws=53/53
OCCLUSION_PATH_PIXEL_PASS desktop daguan_lou-look draws=65/65
OCCLUSION_PATH_PIXEL_PASS desktop daguan_lou-doors draws=44/44
OCCLUSION_PATH_VIEWS_PASS desktop cases=147
