Godot Engine v4.7.2.stable.official.ed1daf0bf - https://godotengine.org
OpenGL API 4.1 Metal - 90.5 - Compatibility - Using Device: Apple - Apple M2 Max

OCCLUSION_PUBLIC_LEG_PASS 0 frames=639
OCCLUSION_PUBLIC_LEG_PASS 1 frames=1094
OCCLUSION_PUBLIC_LEG_PASS 2 frames=848
OCCLUSION_PUBLIC_LEG_PASS 3 frames=641
SCOPED_PUBLIC_ACTUAL_PRODUCER {"active_practicals_max":4,"frame_costs":{"monitors":{"enabled_viewports_cpu_plus_setup_ms":{"max_ms":294.085986572266,"median_ms":1.51399995326996,"p95_ms":3.1790000629425,"positive_samples":3642,"samples":3642,"status":"observed"},"frame_setup_cpu_ms":{"max_ms":0.11,"median_ms":0.014,"p95_ms":0.038,"positive_samples":3642,"samples":3642,"status":"observed"},"physics_monitor_ms":{"max_ms":3.994,"median_ms":0.586,"p95_ms":1.894,"positive_samples":3642,"samples":3642,"status":"observed"},"process_monitor_ms":{"max_ms":297.412,"median_ms":10.321,"p95_ms":36.498,"positive_samples":3642,"samples":3642,"status":"observed"}},"scope":"Engine frame/physics monitors and enabled viewport render counters. CPU rendering excludes script/physics work; overlapping monitor values are not additive. All-zero counters are unavailable, not evidence of zero GPU/CPU work.","viewports":{"/root":{"cpu_ms":{"max_ms":294.079986572266,"median_ms":1.49699997901917,"p95_ms":3.16599988937378,"positive_samples":3637,"samples":3642,"status":"observed"},"gpu_ms":{"max_ms":0.0,"median_ms":0.0,"p95_ms":0.0,"positive_samples":0,"samples":3642,"status":"unavailable_all_zero"},"observations":3642,"size":[1410,600],"update_enabled_observations":3642,"update_modes":{"-1":true}},"/root/GardenEntryRoute/PondReflection/ReflectionCapture":{"cpu_ms":{"positive_samples":0,"samples":0,"status":"not_sampled"},"gpu_ms":{"positive_samples":0,"samples":0,"status":"not_sampled"},"observations":3642,"size":[768,327],"update_enabled_observations":0,"update_modes":{"0":true}}}},"frame_interval_median_ms":16.66,"frame_interval_p95_ms":18.324,"frames":3642,"global_draw_calls_max":139,"global_primitives_max":163083,"texture_memory_bytes":41203025,"visible_draw_calls_max":105,"visible_primitives_max":163055}
OCCLUSION_TRACE_COMPLETE poses=147 reveal_frames=239 floor_rays=3222
OCCLUSION_PATH_PIXEL_PASS desktop leg-0-frame-30 draws=31/31
OCCLUSION_PATH_PIXEL_PASS desktop leg-0-frame-60 draws=49/41
OCCLUSION_PATH_PIXEL_PASS desktop leg-0-frame-90 draws=49/41
OCCLUSION_PATH_PIXEL_PASS desktop leg-0-frame-120 draws=49/41
OCCLUSION_PATH_PIXEL_PASS desktop leg-0-frame-150 draws=48/41
OCCLUSION_PATH_PIXEL_PASS desktop leg-0-frame-180 draws=46/39
OCCLUSION_PATH_PIXEL_PASS desktop leg-0-frame-210 draws=45/38
OCCLUSION_PATH_PIXEL_PASS desktop leg-0-frame-240 draws=42/36
OCCLUSION_PATH_PIXEL_PASS desktop leg-0-frame-270 draws=101/74
OCCLUSION_PATH_PIXEL_PASS desktop leg-0-frame-300 draws=155/90
OCCLUSION_PATH_PIXEL_PASS desktop leg-0-frame-330 draws=159/88
OCCLUSION_PATH_PIXEL_PASS desktop leg-0-frame-360 draws=155/102
OCCLUSION_PATH_PIXEL_PASS desktop leg-0-frame-390 draws=150/98
OCCLUSION_PATH_PIXEL_PASS desktop leg-0-frame-420 draws=148/96
OCCLUSION_PATH_PIXEL_PASS desktop leg-0-frame-450 draws=97/46
OCCLUSION_PATH_PIXEL_PASS desktop leg-0-frame-480 draws=89/44
OCCLUSION_PATH_PIXEL_PASS desktop leg-0-frame-510 draws=85/44
OCCLUSION_PATH_PIXEL_PASS desktop leg-0-frame-540 draws=80/44
OCCLUSION_PATH_PIXEL_PASS desktop leg-0-frame-570 draws=78/44
OCCLUSION_PATH_PIXEL_PASS desktop leg-0-frame-600 draws=71/44
OCCLUSION_PATH_PIXEL_PASS desktop leg-0-frame-630 draws=129/33
OCCLUSION_PATH_PIXEL_PASS desktop leg-0-arrival draws=155/77
OCCLUSION_PATH_PIXEL_PASS desktop leg-1-frame-30 draws=157/31
OCCLUSION_PATH_PIXEL_PASS desktop leg-1-frame-60 draws=112/32
OCCLUSION_PATH_PIXEL_PASS desktop leg-1-frame-90 draws=121/31
OCCLUSION_PATH_PIXEL_PASS desktop leg-1-frame-120 draws=127/31
OCCLUSION_PATH_PIXEL_PASS desktop leg-1-frame-150 draws=146/32
OCCLUSION_PATH_PIXEL_PASS desktop leg-1-frame-180 draws=131/32
OCCLUSION_PATH_PIXEL_PASS desktop leg-1-frame-210 draws=131/32
OCCLUSION_PATH_PIXEL_PASS desktop leg-1-frame-240 draws=130/32
OCCLUSION_PATH_PIXEL_PASS desktop leg-1-frame-270 draws=138/32
OCCLUSION_PATH_PIXEL_PASS desktop leg-1-frame-300 draws=141/71
OCCLUSION_PATH_PIXEL_PASS desktop leg-1-frame-330 draws=133/70
OCCLUSION_PATH_PIXEL_PASS desktop leg-1-frame-360 draws=103/60
OCCLUSION_PATH_PIXEL_PASS desktop leg-1-frame-390 draws=99/81
OCCLUSION_PATH_PIXEL_PASS desktop leg-1-frame-420 draws=123/94
OCCLUSION_PATH_PIXEL_PASS desktop leg-1-frame-450 draws=118/118
OCCLUSION_PATH_PIXEL_PASS desktop leg-1-frame-480 draws=112/112
OCCLUSION_PATH_PIXEL_PASS desktop leg-1-frame-510 draws=99/99
OCCLUSION_PATH_PIXEL_PASS desktop leg-1-frame-540 draws=101/101
OCCLUSION_PATH_PIXEL_PASS desktop leg-1-frame-570 draws=100/100
OCCLUSION_PATH_PIXEL_PASS desktop leg-1-frame-600 draws=95/95
OCCLUSION_PATH_PIXEL_PASS desktop leg-1-frame-630 draws=95/95
OCCLUSION_PATH_PIXEL_PASS desktop leg-1-frame-660 draws=108/108
OCCLUSION_PATH_PIXEL_PASS desktop leg-1-frame-690 draws=106/106
OCCLUSION_PATH_PIXEL_PASS desktop leg-1-frame-720 draws=106/106
OCCLUSION_PATH_PIXEL_PASS desktop leg-1-frame-750 draws=119/119
OCCLUSION_PATH_PIXEL_PASS desktop leg-1-frame-780 draws=119/119
OCCLUSION_PATH_PIXEL_PASS desktop leg-1-frame-810 draws=119/119
OCCLUSION_PATH_PIXEL_PASS desktop leg-1-frame-840 draws=119/119
OCCLUSION_PATH_PIXEL_PASS desktop leg-1-frame-870 draws=119/119
OCCLUSION_PATH_PIXEL_PASS desktop leg-1-frame-900 draws=119/119
OCCLUSION_PATH_PIXEL_PASS desktop leg-1-frame-930 draws=119/119
OCCLUSION_PATH_PIXEL_PASS desktop leg-1-frame-960 draws=119/119
OCCLUSION_PATH_PIXEL_PASS desktop leg-1-frame-990 draws=119/119
OCCLUSION_PATH_PIXEL_PASS desktop leg-1-frame-1020 draws=119/119
OCCLUSION_PATH_PIXEL_PASS desktop leg-1-frame-1050 draws=119/119
OCCLUSION_PATH_PIXEL_PASS desktop leg-1-frame-1080 draws=119/119
OCCLUSION_PATH_PIXEL_PASS desktop leg-1-arrival draws=135/135
OCCLUSION_PATH_PIXEL_PASS desktop leg-2-frame-30 draws=91/88
OCCLUSION_PATH_PIXEL_PASS desktop leg-2-frame-60 draws=108/105
OCCLUSION_PATH_PIXEL_PASS desktop leg-2-frame-90 draws=81/80
OCCLUSION_PATH_PIXEL_PASS desktop leg-2-frame-120 draws=80/77
SCRIPT ERROR: Assertion failed: Culling changed pixels: leg-2-frame-150
          at: run (res://tests/capture_scoped_occlusion_views.gd:146)
          GDScript backtrace (most recent call first):
              [0] run (res://tests/capture_scoped_occlusion_views.gd:146)
