Godot Engine v4.7.2.stable.official.ed1daf0bf - https://godotengine.org
OpenGL API 4.1 Metal - 90.5 - Compatibility - Using Device: Apple - Apple M2 Max

OCCLUSION_PUBLIC_LEG_PASS 0 frames=639
OCCLUSION_PUBLIC_LEG_PASS 1 frames=1095
OCCLUSION_TRACE_COMPLETE poses=21 reveal_frames=240 floor_rays=1734
FOCUSED_RETURN_CAPTURE desktop return-frame-140 draws=77/73
FOCUSED_RETURN_CAPTURE desktop return-frame-141 draws=77/74
FOCUSED_RETURN_CAPTURE desktop return-frame-142 draws=77/74
FOCUSED_RETURN_CAPTURE desktop return-frame-143 draws=77/74
FOCUSED_RETURN_CAPTURE desktop return-frame-144 draws=77/74
FOCUSED_RETURN_CAPTURE desktop return-frame-145 draws=77/74
FOCUSED_RETURN_CAPTURE desktop return-frame-146 draws=76/73
FOCUSED_RETURN_CAPTURE desktop return-frame-147 draws=76/73
FOCUSED_RETURN_CAPTURE desktop return-frame-148 draws=76/73
FOCUSED_RETURN_CAPTURE desktop return-frame-149 draws=76/72
FOCUSED_RETURN_CAPTURE desktop return-frame-150 draws=76/72
FOCUSED_RETURN_CAPTURE desktop return-frame-151 draws=76/72
FOCUSED_RETURN_CAPTURE desktop return-frame-152 draws=76/72
FOCUSED_RETURN_CAPTURE desktop return-frame-153 draws=76/72
FOCUSED_RETURN_CAPTURE desktop return-frame-154 draws=76/72
FOCUSED_RETURN_CAPTURE desktop return-frame-155 draws=76/72
FOCUSED_RETURN_CAPTURE desktop return-frame-156 draws=76/72
FOCUSED_RETURN_CAPTURE desktop return-frame-157 draws=76/72
FOCUSED_RETURN_CAPTURE desktop return-frame-158 draws=75/71
FOCUSED_RETURN_CAPTURE desktop return-frame-159 draws=75/71
FOCUSED_RETURN_CAPTURE desktop return-frame-160 draws=75/71
FOCUSED_RETURN_DIAGNOSTIC_COMPLETE desktop cases=21
