Godot Engine v4.7.2.stable.official.ed1daf0bf - https://godotengine.org
OpenGL API 4.1 Metal - 90.5 - Compatibility - Using Device: Apple - Apple M2 Max

OCCLUDER_MATERIAL SITE_terminal-cells_MAT_plaster_rock ShaderMaterial shader=res://shaders/baked_diffuse.gdshader transparency=-1
OCCLUDER_MATERIAL SITE_terminal-cells_MAT_backstage ShaderMaterial shader=res://shaders/baked_diffuse.gdshader transparency=-1
OCCLUDER_MATERIAL SITE_terminal-cells_MAT_stage_backstage StandardMaterial3D shader=none transparency=0
OCCLUDER_MATERIAL SITE_rockery-gate_MAT_pavilion_atlas ShaderMaterial shader=res://shaders/baked_diffuse.gdshader transparency=-1
OCCLUDER_MATERIAL SITE_rockery-gate_MAT_plaster_rock ShaderMaterial shader=res://shaders/baked_diffuse.gdshader transparency=-1
OCCLUSION_PUBLIC_LEG_PASS 0 frames=638
OCCLUSION_PUBLIC_LEG_PASS 1 frames=1095
OCCLUSION_PUBLIC_LEG_PASS 2 frames=848
OCCLUSION_PUBLIC_LEG_PASS 3 frames=641
OCCLUSION_TRACE_COMPLETE poses=147 reveal_frames=240 floor_rays=3222
OCCLUSION_PATH_PIXEL_PASS portrait leg-0-frame-30 draws=35/35
OCCLUSION_PATH_PIXEL_PASS portrait leg-0-frame-60 draws=35/35
OCCLUSION_PATH_PIXEL_PASS portrait leg-0-frame-90 draws=35/35
OCCLUSION_PATH_PIXEL_PASS portrait leg-0-frame-120 draws=34/34
OCCLUSION_PATH_PIXEL_PASS portrait leg-0-frame-150 draws=34/34
OCCLUSION_PATH_PIXEL_PASS portrait leg-0-frame-180 draws=33/33
OCCLUSION_PATH_PIXEL_PASS portrait leg-0-frame-210 draws=27/27
OCCLUSION_PATH_PIXEL_PASS portrait leg-0-frame-240 draws=27/27
OCCLUSION_PATH_PIXEL_PASS portrait leg-0-frame-270 draws=55/42
OCCLUSION_PATH_PIXEL_PASS portrait leg-0-frame-300 draws=73/69
OCCLUSION_PATH_PIXEL_PASS portrait leg-0-frame-330 draws=77/67
OCCLUSION_PATH_PIXEL_PASS portrait leg-0-frame-360 draws=75/64
OCCLUSION_PATH_PIXEL_PASS portrait leg-0-frame-390 draws=75/66
OCCLUSION_PATH_PIXEL_PASS portrait leg-0-frame-420 draws=67/64
OCCLUSION_PATH_PIXEL_PASS portrait leg-0-frame-450 draws=34/34
OCCLUSION_PATH_PIXEL_PASS portrait leg-0-frame-480 draws=36/36
OCCLUSION_PATH_PIXEL_PASS portrait leg-0-frame-510 draws=35/35
OCCLUSION_PATH_PIXEL_PASS portrait leg-0-frame-540 draws=34/34
OCCLUSION_PATH_PIXEL_PASS portrait leg-0-frame-570 draws=33/33
OCCLUSION_PATH_PIXEL_PASS portrait leg-0-frame-600 draws=31/31
OCCLUSION_PATH_PIXEL_PASS portrait leg-0-frame-630 draws=91/36
OCCLUSION_PATH_PIXEL_PASS portrait leg-0-arrival draws=113/29
OCCLUSION_PATH_PIXEL_PASS portrait leg-1-frame-30 draws=78/31
OCCLUSION_PATH_PIXEL_PASS portrait leg-1-frame-60 draws=65/36
OCCLUSION_PATH_PIXEL_PASS portrait leg-1-frame-90 draws=57/32
OCCLUSION_PATH_PIXEL_PASS portrait leg-1-frame-120 draws=60/31
OCCLUSION_PATH_PIXEL_PASS portrait leg-1-frame-150 draws=79/32
OCCLUSION_PATH_PIXEL_PASS portrait leg-1-frame-180 draws=78/32
OCCLUSION_PATH_PIXEL_PASS portrait leg-1-frame-210 draws=83/32
OCCLUSION_PATH_PIXEL_PASS portrait leg-1-frame-240 draws=79/31
OCCLUSION_PATH_PIXEL_PASS portrait leg-1-frame-270 draws=74/31
OCCLUSION_PATH_PIXEL_PASS portrait leg-1-frame-300 draws=75/31
OCCLUSION_PATH_PIXEL_PASS portrait leg-1-frame-330 draws=78/66
OCCLUSION_PATH_PIXEL_PASS portrait leg-1-frame-360 draws=55/50
OCCLUSION_PATH_PIXEL_PASS portrait leg-1-frame-390 draws=57/49
OCCLUSION_PATH_PIXEL_PASS portrait leg-1-frame-420 draws=68/68
OCCLUSION_PATH_PIXEL_PASS portrait leg-1-frame-450 draws=67/67
OCCLUSION_PATH_PIXEL_PASS portrait leg-1-frame-480 draws=66/66
OCCLUSION_PATH_PIXEL_PASS portrait leg-1-frame-510 draws=50/50
OCCLUSION_PATH_PIXEL_PASS portrait leg-1-frame-540 draws=50/50
OCCLUSION_PATH_PIXEL_PASS portrait leg-1-frame-570 draws=49/49
OCCLUSION_PATH_PIXEL_PASS portrait leg-1-frame-600 draws=49/49
OCCLUSION_PATH_PIXEL_PASS portrait leg-1-frame-630 draws=50/50
OCCLUSION_PATH_PIXEL_PASS portrait leg-1-frame-660 draws=51/51
OCCLUSION_PATH_PIXEL_PASS portrait leg-1-frame-690 draws=51/51
OCCLUSION_PATH_PIXEL_PASS portrait leg-1-frame-720 draws=51/51
OCCLUSION_PATH_PIXEL_PASS portrait leg-1-frame-750 draws=64/64
OCCLUSION_PATH_PIXEL_PASS portrait leg-1-frame-780 draws=64/64
OCCLUSION_PATH_PIXEL_PASS portrait leg-1-frame-810 draws=64/64
OCCLUSION_PATH_PIXEL_PASS portrait leg-1-frame-840 draws=64/64
OCCLUSION_PATH_PIXEL_PASS portrait leg-1-frame-870 draws=64/64
OCCLUSION_PATH_PIXEL_PASS portrait leg-1-frame-900 draws=64/64
OCCLUSION_PATH_PIXEL_PASS portrait leg-1-frame-930 draws=64/64
OCCLUSION_PATH_PIXEL_PASS portrait leg-1-frame-960 draws=64/64
OCCLUSION_PATH_PIXEL_PASS portrait leg-1-frame-990 draws=64/64
OCCLUSION_PATH_PIXEL_PASS portrait leg-1-frame-1020 draws=64/64
OCCLUSION_PATH_PIXEL_PASS portrait leg-1-frame-1050 draws=64/64
OCCLUSION_PATH_PIXEL_PASS portrait leg-1-frame-1080 draws=64/64
OCCLUSION_PATH_PIXEL_PASS portrait leg-1-arrival draws=74/74
OCCLUSION_PATH_PIXEL_PASS portrait leg-2-frame-30 draws=47/47
OCCLUSION_PATH_PIXEL_PASS portrait leg-2-frame-60 draws=67/67
OCCLUSION_PATH_PIXEL_PASS portrait leg-2-frame-90 draws=64/58
OCCLUSION_PATH_PIXEL_PASS portrait leg-2-frame-120 draws=61/55
OCCLUSION_PATH_PIXEL_PASS portrait leg-2-frame-150 draws=58/51
OCCLUSION_PATH_PIXEL_PASS portrait leg-2-frame-180 draws=58/48
OCCLUSION_PATH_PIXEL_PASS portrait leg-2-frame-210 draws=58/48
OCCLUSION_PATH_PIXEL_PASS portrait leg-2-frame-240 draws=59/48
OCCLUSION_PATH_PIXEL_PASS portrait leg-2-frame-270 draws=60/48
OCCLUSION_PATH_PIXEL_PASS portrait leg-2-frame-300 draws=60/48
OCCLUSION_PATH_PIXEL_PASS portrait leg-2-frame-330 draws=59/47
OCCLUSION_PATH_PIXEL_PASS portrait leg-2-frame-360 draws=59/47
OCCLUSION_PATH_PIXEL_PASS portrait leg-2-frame-390 draws=58/46
OCCLUSION_PATH_PIXEL_PASS portrait leg-2-frame-420 draws=57/45
OCCLUSION_PATH_PIXEL_PASS portrait leg-2-frame-450 draws=56/44
OCCLUSION_PATH_PIXEL_PASS portrait leg-2-frame-480 draws=52/47
OCCLUSION_PATH_PIXEL_PASS portrait leg-2-frame-510 draws=56/46
OCCLUSION_PATH_PIXEL_PASS portrait leg-2-frame-540 draws=54/44
OCCLUSION_PATH_PIXEL_PASS portrait leg-2-frame-570 draws=55/43
OCCLUSION_PATH_PIXEL_PASS portrait leg-2-frame-600 draws=57/46
OCCLUSION_PATH_PIXEL_PASS portrait leg-2-frame-630 draws=57/46
OCCLUSION_PATH_PIXEL_PASS portrait leg-2-frame-660 draws=55/46
OCCLUSION_PATH_PIXEL_PASS portrait leg-2-frame-690 draws=54/43
OCCLUSION_PATH_PIXEL_PASS portrait leg-2-frame-720 draws=54/43
OCCLUSION_PATH_PIXEL_PASS portrait leg-2-frame-750 draws=54/54
OCCLUSION_PATH_PIXEL_PASS portrait leg-2-frame-780 draws=57/57
OCCLUSION_PATH_PIXEL_PASS portrait leg-2-frame-810 draws=56/56
OCCLUSION_PATH_PIXEL_PASS portrait leg-2-frame-840 draws=52/52
OCCLUSION_PATH_PIXEL_PASS portrait leg-2-arrival draws=113/29
OCCLUSION_PATH_PIXEL_PASS portrait leg-3-frame-30 draws=26/26
OCCLUSION_PATH_PIXEL_PASS portrait leg-3-frame-60 draws=26/26
OCCLUSION_PATH_PIXEL_PASS portrait leg-3-frame-90 draws=26/26
OCCLUSION_PATH_PIXEL_PASS portrait leg-3-frame-120 draws=25/25
OCCLUSION_PATH_PIXEL_PASS portrait leg-3-frame-150 draws=24/24
OCCLUSION_PATH_PIXEL_PASS portrait leg-3-frame-180 draws=24/24
OCCLUSION_PATH_PIXEL_PASS portrait leg-3-frame-210 draws=23/23
OCCLUSION_PATH_PIXEL_PASS portrait leg-3-frame-240 draws=30/30
OCCLUSION_PATH_PIXEL_PASS portrait leg-3-frame-270 draws=30/28
OCCLUSION_PATH_PIXEL_PASS portrait leg-3-frame-300 draws=29/27
OCCLUSION_PATH_PIXEL_PASS portrait leg-3-frame-330 draws=26/26
OCCLUSION_PATH_PIXEL_PASS portrait leg-3-frame-360 draws=25/25
OCCLUSION_PATH_PIXEL_PASS portrait leg-3-frame-390 draws=31/31
OCCLUSION_PATH_PIXEL_PASS portrait leg-3-frame-420 draws=33/33
OCCLUSION_PATH_PIXEL_PASS portrait leg-3-frame-450 draws=33/33
OCCLUSION_PATH_PIXEL_PASS portrait leg-3-frame-480 draws=33/33
OCCLUSION_PATH_PIXEL_PASS portrait leg-3-frame-510 draws=33/33
OCCLUSION_PATH_PIXEL_PASS portrait leg-3-frame-540 draws=33/33
OCCLUSION_PATH_PIXEL_PASS portrait leg-3-frame-570 draws=32/32
OCCLUSION_PATH_PIXEL_PASS portrait leg-3-frame-600 draws=31/31
OCCLUSION_PATH_PIXEL_PASS portrait leg-3-frame-630 draws=92/61
OCCLUSION_PATH_PIXEL_PASS portrait leg-3-arrival draws=87/41
OCCLUSION_PATH_PIXEL_PASS portrait terminal_room-look draws=87/41
OCCLUSION_PATH_PIXEL_PASS portrait terminal_room-terminal draws=87/41
OCCLUSION_PATH_PIXEL_PASS portrait rockery_gate-look draws=113/29
OCCLUSION_PATH_PIXEL_PASS portrait qinfang_ting-look draws=74/74
OCCLUSION_PATH_PIXEL_PASS portrait qinfang_ting-table draws=50/50
OCCLUSION_PATH_PIXEL_PASS portrait qinfang_ting-water draws=69/69
OCCLUSION_PATH_PIXEL_PASS portrait ouxiang_xie-look draws=65/65
OCCLUSION_PATH_PIXEL_PASS portrait ouxiang_xie-tea draws=65/65
OCCLUSION_PATH_PIXEL_PASS portrait ziling_zhou-look draws=109/109
OCCLUSION_PATH_PIXEL_PASS portrait ziling_zhou-reeds draws=109/109
OCCLUSION_PATH_PIXEL_PASS portrait qiushuang_zhai-look draws=53/53
OCCLUSION_PATH_PIXEL_PASS portrait qiushuang_zhai-left draws=42/42
OCCLUSION_PATH_PIXEL_PASS portrait qiushuang_zhai-centre draws=41/41
OCCLUSION_PATH_PIXEL_PASS portrait qiushuang_zhai-right draws=38/38
OCCLUSION_PATH_PIXEL_PASS portrait tubi_tang-look draws=51/51
OCCLUSION_PATH_PIXEL_PASS portrait tubi_tang-overlook draws=90/90
OCCLUSION_PATH_PIXEL_PASS portrait hengwu_yuan-look draws=114/114
OCCLUSION_PATH_PIXEL_PASS portrait hengwu_yuan-read draws=48/48
OCCLUSION_PATH_PIXEL_PASS portrait hengwu_yuan-rocks draws=59/59
OCCLUSION_PATH_PIXEL_PASS portrait daoxiang_cun-look draws=39/39
OCCLUSION_PATH_PIXEL_PASS portrait daoxiang_cun-doors draws=37/37
OCCLUSION_PATH_PIXEL_PASS portrait daoxiang_cun-tools draws=35/35
OCCLUSION_PATH_PIXEL_PASS portrait daoxiang_cun-paddy draws=34/34
OCCLUSION_PATH_PIXEL_PASS portrait aojing_guan-look draws=79/79
OCCLUSION_PATH_PIXEL_PASS portrait aojing_guan-doors draws=78/78
OCCLUSION_PATH_PIXEL_PASS portrait aojing_guan-reflection draws=82/82
OCCLUSION_PATH_PIXEL_PASS portrait longcui_an-look draws=38/38
OCCLUSION_PATH_PIXEL_PASS portrait longcui_an-doors draws=37/37
OCCLUSION_PATH_PIXEL_PASS portrait longcui_an-incense draws=34/34
OCCLUSION_PATH_PIXEL_PASS portrait xiaoxiang_guan-look draws=72/72
OCCLUSION_PATH_PIXEL_PASS portrait xiaoxiang_guan-doors draws=56/56
OCCLUSION_PATH_PIXEL_PASS portrait xiaoxiang_guan-stems draws=79/79
OCCLUSION_PATH_PIXEL_PASS portrait yihong_yuan-look draws=49/49
OCCLUSION_PATH_PIXEL_PASS portrait yihong_yuan-doors draws=44/44
OCCLUSION_PATH_PIXEL_PASS portrait yihong_yuan-leaves draws=50/50
OCCLUSION_PATH_PIXEL_PASS portrait daguan_lou-look draws=49/49
OCCLUSION_PATH_PIXEL_PASS portrait daguan_lou-doors draws=46/46
OCCLUSION_PATH_VIEWS_PASS portrait cases=147
