Godot Engine v4.7.2.stable.official.ed1daf0bf - https://godotengine.org
OpenGL API 4.1 Metal - 90.5 - Compatibility - Using Device: Apple - Apple M2 Max

ERROR: HENGWU_OVERVIEW_REJECTED: stone_stool-PLACED_props_hengwu_yuan_28 is clipped or covered by interface: landscape-1410x480
   at: push_error (core/variant/variant_utility.cpp:1023)
   GDScript backtrace (most recent call first):
       [0] check (res://tests/test_hengwu_overview.gd:26)
       [1] inspect (res://tests/test_hengwu_overview.gd:61)
       [2] run (res://tests/test_hengwu_overview.gd:117)
       [3] settle (res://tests/test_hengwu_overview.gd:41)
ERROR: HENGWU_OVERVIEW_REJECTED: stone_stool-PLACED_props_hengwu_yuan_25 is clipped or covered by interface: landscape-844x390
   at: push_error (core/variant/variant_utility.cpp:1023)
   GDScript backtrace (most recent call first):
       [0] check (res://tests/test_hengwu_overview.gd:26)
       [1] inspect (res://tests/test_hengwu_overview.gd:61)
       [2] run (res://tests/test_hengwu_overview.gd:117)
       [3] settle (res://tests/test_hengwu_overview.gd:41)
ERROR: HENGWU_OVERVIEW_REJECTED: stone_stool-PLACED_props_hengwu_yuan_26 is clipped or covered by interface: landscape-844x390
   at: push_error (core/variant/variant_utility.cpp:1023)
   GDScript backtrace (most recent call first):
       [0] check (res://tests/test_hengwu_overview.gd:26)
       [1] inspect (res://tests/test_hengwu_overview.gd:61)
       [2] run (res://tests/test_hengwu_overview.gd:117)
       [3] settle (res://tests/test_hengwu_overview.gd:41)
ERROR: HENGWU_OVERVIEW_REJECTED: stone_stool-PLACED_props_hengwu_yuan_28 is clipped or covered by interface: landscape-844x390
   at: push_error (core/variant/variant_utility.cpp:1023)
   GDScript backtrace (most recent call first):
       [0] check (res://tests/test_hengwu_overview.gd:26)
       [1] inspect (res://tests/test_hengwu_overview.gd:61)
       [2] run (res://tests/test_hengwu_overview.gd:117)
       [3] settle (res://tests/test_hengwu_overview.gd:41)
ERROR: HENGWU_OVERVIEW_REJECTED: stone_table-PLACED_props_hengwu_yuan_29 is clipped or covered by interface: landscape-844x390
   at: push_error (core/variant/variant_utility.cpp:1023)
   GDScript backtrace (most recent call first):
       [0] check (res://tests/test_hengwu_overview.gd:26)
       [1] inspect (res://tests/test_hengwu_overview.gd:61)
       [2] run (res://tests/test_hengwu_overview.gd:117)
       [3] settle (res://tests/test_hengwu_overview.gd:41)
HENGWU_OVERVIEW_RESULT 13 originals; 5 failures
