00:00.451  blend            | Read blend: "/private/var/folders/gf/s_g2zvzj3jxbylz3ylbc7k4c0000gn/T/garden-kit-neutral-palette-w3eng7wx/baseline/blender/kits/KIT_pavilion.blend"
BlenderMCP addon registered
INFO Draco is available, use library at /Applications/Blender.app/Contents/Resources/5.2/scripts/addons_core/io_scene_gltf2/libbf_intern_draco_bridge.dylib
INFO MeshOptimizer is available, use library at /Applications/Blender.app/Contents/Resources/5.2/scripts/addons_core/io_scene_gltf2/libbf_intern_meshopt_bridge.dylib
02:03:40 | INFO: Starting glTF 2.0 export
02:03:40 | INFO: Extracting primitive: COL_pavilion_roof.002
02:03:40 | INFO: Primitives created: 1
02:03:40 | INFO: Extracting primitive: KIT_pavilion_roof_shell.002
02:03:40 | WARNING: More than one shader node tex image used for a texture. The resulting glTF sampler will behave like the first shader node tex image.
02:03:40 | INFO: Primitives created: 1
02:03:40 | INFO: Finished glTF 2.0 export in 0.01474308967590332 s

02:03:40 | INFO: Starting glTF 2.0 export
02:03:40 | INFO: Extracting primitive: COL_pavilion_roof.003
02:03:40 | INFO: Primitives created: 1
02:03:40 | INFO: Extracting primitive: KIT_pavilion_roof_shell.003
02:03:40 | WARNING: More than one shader node tex image used for a texture. The resulting glTF sampler will behave like the first shader node tex image.
02:03:40 | INFO: Primitives created: 1
02:03:40 | INFO: Finished glTF 2.0 export in 0.013241291046142578 s

02:03:41 | INFO: Starting glTF 2.0 export
02:03:41 | INFO: Extracting primitive: COL_pavilion_roof.004
02:03:41 | INFO: Primitives created: 1
02:03:41 | INFO: Extracting primitive: KIT_pavilion_roof_shell.004
02:03:41 | WARNING: More than one shader node tex image used for a texture. The resulting glTF sampler will behave like the first shader node tex image.
02:03:41 | INFO: Primitives created: 1
02:03:41 | INFO: Finished glTF 2.0 export in 0.023986339569091797 s

02:03:41 | INFO: Starting glTF 2.0 export
02:03:41 | INFO: Extracting primitive: COL_pavilion_roof.005
02:03:41 | INFO: Primitives created: 1
02:03:41 | INFO: Extracting primitive: KIT_pavilion_roof_shell.005
02:03:41 | WARNING: More than one shader node tex image used for a texture. The resulting glTF sampler will behave like the first shader node tex image.
02:03:41 | INFO: Primitives created: 1
02:03:41 | INFO: Finished glTF 2.0 export in 0.0124359130859375 s

02:03:41 | INFO: Starting glTF 2.0 export
02:03:41 | INFO: Extracting primitive: COL_pavilion_post.007
02:03:41 | INFO: Primitives created: 1
02:03:41 | INFO: Extracting primitive: KIT_pavilion_post
02:03:41 | WARNING: More than one shader node tex image used for a texture. The resulting glTF sampler will behave like the first shader node tex image.
02:03:41 | INFO: Primitives created: 1
02:03:41 | INFO: Finished glTF 2.0 export in 0.01526498794555664 s

02:03:41 | INFO: Starting glTF 2.0 export
02:03:41 | INFO: Extracting primitive: COL_pavilion_post.008
02:03:41 | INFO: Primitives created: 1
02:03:41 | INFO: Extracting primitive: KIT_pavilion_post.001
02:03:41 | WARNING: More than one shader node tex image used for a texture. The resulting glTF sampler will behave like the first shader node tex image.
02:03:41 | INFO: Primitives created: 1
02:03:41 | INFO: Finished glTF 2.0 export in 0.010771989822387695 s

02:03:41 | INFO: Starting glTF 2.0 export
02:03:41 | INFO: Extracting primitive: COL_pavilion_bracket.007
02:03:41 | INFO: Primitives created: 1
02:03:41 | INFO: Extracting primitive: KIT_pavilion_bracket_arm.007
02:03:41 | WARNING: More than one shader node tex image used for a texture. The resulting glTF sampler will behave like the first shader node tex image.
02:03:41 | INFO: Primitives created: 1
02:03:41 | INFO: Finished glTF 2.0 export in 0.01076507568359375 s

02:03:41 | INFO: Starting glTF 2.0 export
02:03:41 | INFO: Extracting primitive: COL_pavilion_bracket.008
02:03:41 | INFO: Primitives created: 1
02:03:41 | INFO: Extracting primitive: KIT_pavilion_bracket_arm.013
02:03:41 | WARNING: More than one shader node tex image used for a texture. The resulting glTF sampler will behave like the first shader node tex image.
02:03:41 | INFO: Primitives created: 1
02:03:41 | INFO: Finished glTF 2.0 export in 0.01071310043334961 s

02:03:41 | INFO: Starting glTF 2.0 export
02:03:41 | INFO: Extracting primitive: COL_pavilion_eave
02:03:41 | INFO: Primitives created: 1
02:03:41 | INFO: Extracting primitive: KIT_pavilion_eave_tile
02:03:41 | WARNING: More than one shader node tex image used for a texture. The resulting glTF sampler will behave like the first shader node tex image.
02:03:41 | INFO: Primitives created: 1
02:03:41 | INFO: Finished glTF 2.0 export in 0.010615825653076172 s

02:03:41 | INFO: Starting glTF 2.0 export
02:03:41 | INFO: Extracting primitive: COL_pavilion_eave.001
02:03:41 | INFO: Primitives created: 1
02:03:41 | INFO: Extracting primitive: KIT_pavilion_eave_tile.010
02:03:41 | WARNING: More than one shader node tex image used for a texture. The resulting glTF sampler will behave like the first shader node tex image.
02:03:41 | INFO: Primitives created: 1
02:03:41 | INFO: Finished glTF 2.0 export in 0.011096715927124023 s

02:03:41 | INFO: Starting glTF 2.0 export
02:03:41 | INFO: Extracting primitive: COL_pavilion_bench.003
02:03:41 | INFO: Primitives created: 1
02:03:41 | INFO: Extracting primitive: KIT_pavilion_seat.003
02:03:41 | WARNING: More than one shader node tex image used for a texture. The resulting glTF sampler will behave like the first shader node tex image.
02:03:41 | INFO: Primitives created: 1
02:03:41 | INFO: Finished glTF 2.0 export in 0.010646820068359375 s

02:03:42 | INFO: Starting glTF 2.0 export
02:03:42 | INFO: Extracting primitive: COL_pavilion_bench.004
02:03:42 | INFO: Primitives created: 1
02:03:42 | INFO: Extracting primitive: KIT_pavilion_seat.007
02:03:42 | WARNING: More than one shader node tex image used for a texture. The resulting glTF sampler will behave like the first shader node tex image.
02:03:42 | INFO: Primitives created: 1
02:03:42 | INFO: Finished glTF 2.0 export in 0.011034011840820312 s
/Users/auchan/projects/garden-of-dreams/scripts/update_standalone_kit_palette.py:136: DeprecationWarning: 'Material.use_nodes' is expected to be removed in Blender 6.0
  uses = [(m.name, n.name) for m in bpy.data.materials if m.use_nodes
00:03.333  blend            | Read blend: "/private/var/folders/gf/s_g2zvzj3jxbylz3ylbc7k4c0000gn/T/garden-kit-neutral-palette-w3eng7wx/candidate/blender/kits/KIT_pavilion.blend"

Info: Saved as "KIT_pavilion.blend"
02:03:43 | INFO: Starting glTF 2.0 export
02:03:43 | INFO: Extracting primitive: COL_pavilion_roof.002
02:03:43 | INFO: Primitives created: 1
02:03:43 | INFO: Extracting primitive: KIT_pavilion_roof_shell.002
02:03:43 | WARNING: More than one shader node tex image used for a texture. The resulting glTF sampler will behave like the first shader node tex image.
02:03:43 | INFO: Primitives created: 1
02:03:43 | INFO: Finished glTF 2.0 export in 0.012299060821533203 s

02:03:43 | INFO: Starting glTF 2.0 export
02:03:43 | INFO: Extracting primitive: COL_pavilion_roof.003
02:03:43 | INFO: Primitives created: 1
02:03:43 | INFO: Extracting primitive: KIT_pavilion_roof_shell.003
02:03:43 | WARNING: More than one shader node tex image used for a texture. The resulting glTF sampler will behave like the first shader node tex image.
02:03:43 | INFO: Primitives created: 1
02:03:43 | INFO: Finished glTF 2.0 export in 0.013052940368652344 s

02:03:43 | INFO: Starting glTF 2.0 export
02:03:43 | INFO: Extracting primitive: COL_pavilion_roof.004
02:03:43 | INFO: Primitives created: 1
02:03:43 | INFO: Extracting primitive: KIT_pavilion_roof_shell.004
02:03:43 | WARNING: More than one shader node tex image used for a texture. The resulting glTF sampler will behave like the first shader node tex image.
02:03:43 | INFO: Primitives created: 1
02:03:43 | INFO: Finished glTF 2.0 export in 0.011583089828491211 s

02:03:44 | INFO: Starting glTF 2.0 export
02:03:44 | INFO: Extracting primitive: COL_pavilion_roof.005
02:03:44 | INFO: Primitives created: 1
02:03:44 | INFO: Extracting primitive: KIT_pavilion_roof_shell.005
02:03:44 | WARNING: More than one shader node tex image used for a texture. The resulting glTF sampler will behave like the first shader node tex image.
02:03:44 | INFO: Primitives created: 1
02:03:44 | INFO: Finished glTF 2.0 export in 0.011768102645874023 s

02:03:44 | INFO: Starting glTF 2.0 export
02:03:44 | INFO: Extracting primitive: COL_pavilion_post.007
02:03:44 | INFO: Primitives created: 1
02:03:44 | INFO: Extracting primitive: KIT_pavilion_post
02:03:44 | WARNING: More than one shader node tex image used for a texture. The resulting glTF sampler will behave like the first shader node tex image.
02:03:44 | INFO: Primitives created: 1
02:03:44 | INFO: Finished glTF 2.0 export in 0.010721206665039062 s

02:03:44 | INFO: Starting glTF 2.0 export
02:03:44 | INFO: Extracting primitive: COL_pavilion_post.008
02:03:44 | INFO: Primitives created: 1
02:03:44 | INFO: Extracting primitive: KIT_pavilion_post.001
02:03:44 | WARNING: More than one shader node tex image used for a texture. The resulting glTF sampler will behave like the first shader node tex image.
02:03:44 | INFO: Primitives created: 1
02:03:44 | INFO: Finished glTF 2.0 export in 0.010607004165649414 s

02:03:44 | INFO: Starting glTF 2.0 export
02:03:44 | INFO: Extracting primitive: COL_pavilion_bracket.007
02:03:44 | INFO: Primitives created: 1
02:03:44 | INFO: Extracting primitive: KIT_pavilion_bracket_arm.007
02:03:44 | WARNING: More than one shader node tex image used for a texture. The resulting glTF sampler will behave like the first shader node tex image.
02:03:44 | INFO: Primitives created: 1
02:03:44 | INFO: Finished glTF 2.0 export in 0.012095928192138672 s

02:03:44 | INFO: Starting glTF 2.0 export
02:03:44 | INFO: Extracting primitive: COL_pavilion_bracket.008
02:03:44 | INFO: Primitives created: 1
02:03:44 | INFO: Extracting primitive: KIT_pavilion_bracket_arm.013
02:03:44 | WARNING: More than one shader node tex image used for a texture. The resulting glTF sampler will behave like the first shader node tex image.
02:03:44 | INFO: Primitives created: 1
02:03:44 | INFO: Finished glTF 2.0 export in 0.010579347610473633 s

02:03:44 | INFO: Starting glTF 2.0 export
02:03:44 | INFO: Extracting primitive: COL_pavilion_eave
02:03:44 | INFO: Primitives created: 1
02:03:44 | INFO: Extracting primitive: KIT_pavilion_eave_tile
02:03:44 | WARNING: More than one shader node tex image used for a texture. The resulting glTF sampler will behave like the first shader node tex image.
02:03:44 | INFO: Primitives created: 1
02:03:44 | INFO: Finished glTF 2.0 export in 0.010751962661743164 s

02:03:44 | INFO: Starting glTF 2.0 export
02:03:44 | INFO: Extracting primitive: COL_pavilion_eave.001
02:03:44 | INFO: Primitives created: 1
02:03:44 | INFO: Extracting primitive: KIT_pavilion_eave_tile.010
02:03:44 | WARNING: More than one shader node tex image used for a texture. The resulting glTF sampler will behave like the first shader node tex image.
02:03:44 | INFO: Primitives created: 1
02:03:44 | INFO: Finished glTF 2.0 export in 0.011398077011108398 s

02:03:44 | INFO: Starting glTF 2.0 export
02:03:44 | INFO: Extracting primitive: COL_pavilion_bench.003
02:03:44 | INFO: Primitives created: 1
02:03:44 | INFO: Extracting primitive: KIT_pavilion_seat.003
02:03:44 | WARNING: More than one shader node tex image used for a texture. The resulting glTF sampler will behave like the first shader node tex image.
02:03:44 | INFO: Primitives created: 1
02:03:44 | INFO: Finished glTF 2.0 export in 0.01045083999633789 s

02:03:44 | INFO: Starting glTF 2.0 export
02:03:44 | INFO: Extracting primitive: COL_pavilion_bench.004
02:03:44 | INFO: Primitives created: 1
02:03:44 | INFO: Extracting primitive: KIT_pavilion_seat.007
02:03:44 | WARNING: More than one shader node tex image used for a texture. The resulting glTF sampler will behave like the first shader node tex image.
02:03:44 | INFO: Primitives created: 1
02:03:44 | INFO: Finished glTF 2.0 export in 0.011728048324584961 s

SAVED_KIT_PALETTE_PASS pavilion 12
00:05.281  blend            | Read blend: "/private/var/folders/gf/s_g2zvzj3jxbylz3ylbc7k4c0000gn/T/garden-kit-neutral-palette-w3eng7wx/baseline/blender/kits/KIT_corridor.blend"
02:03:45 | INFO: Starting glTF 2.0 export
02:03:45 | INFO: Extracting primitive: COL_corridor_floor
02:03:45 | INFO: Primitives created: 1
02:03:45 | INFO: Extracting primitive: COL_corridor_post
02:03:45 | INFO: Primitives created: 1
02:03:45 | INFO: Extracting primitive: COL_corridor_post.001
02:03:45 | INFO: Primitives created: 1
02:03:45 | INFO: Extracting primitive: COL_corridor_side
02:03:45 | INFO: Primitives created: 1
02:03:45 | INFO: Extracting primitive: COL_corridor_side.001
02:03:45 | INFO: Primitives created: 1
02:03:45 | INFO: Extracting primitive: KIT_corridor_floor.016
02:03:45 | WARNING: More than one shader node tex image used for a texture. The resulting glTF sampler will behave like the first shader node tex image.
02:03:45 | INFO: Primitives created: 1
02:03:45 | INFO: Finished glTF 2.0 export in 0.014213085174560547 s

02:03:45 | INFO: Starting glTF 2.0 export
02:03:45 | INFO: Extracting primitive: COL_corridor_floor.001
02:03:45 | INFO: Primitives created: 1
02:03:45 | INFO: Extracting primitive: COL_corridor_post.002
02:03:45 | INFO: Primitives created: 1
02:03:45 | INFO: Extracting primitive: COL_corridor_post.003
02:03:45 | INFO: Primitives created: 1
02:03:45 | INFO: Extracting primitive: COL_corridor_side.002
02:03:45 | INFO: Primitives created: 1
02:03:45 | INFO: Extracting primitive: COL_corridor_side.003
02:03:45 | INFO: Primitives created: 1
02:03:45 | INFO: Extracting primitive: KIT_corridor_floor.017
02:03:45 | WARNING: More than one shader node tex image used for a texture. The resulting glTF sampler will behave like the first shader node tex image.
02:03:45 | INFO: Primitives created: 1
02:03:45 | INFO: Finished glTF 2.0 export in 0.014281988143920898 s

02:03:45 | INFO: Starting glTF 2.0 export
02:03:45 | INFO: Extracting primitive: COL_corridor_floor.002
02:03:45 | INFO: Primitives created: 1
02:03:45 | INFO: Extracting primitive: COL_corridor_floor.003
02:03:45 | INFO: Primitives created: 1
02:03:45 | INFO: Extracting primitive: COL_corridor_post.004
02:03:45 | INFO: Primitives created: 1
02:03:45 | INFO: Extracting primitive: COL_corridor_post.005
02:03:45 | INFO: Primitives created: 1
02:03:45 | INFO: Extracting primitive: COL_corridor_post.006
02:03:45 | INFO: Primitives created: 1
02:03:45 | INFO: Extracting primitive: COL_corridor_post.007
02:03:45 | INFO: Primitives created: 1
02:03:45 | INFO: Extracting primitive: COL_corridor_side.004
02:03:45 | INFO: Primitives created: 1
02:03:45 | INFO: Extracting primitive: COL_corridor_side.005
02:03:45 | INFO: Primitives created: 1
02:03:45 | INFO: Extracting primitive: KIT_corridor_floor.018
02:03:45 | WARNING: More than one shader node tex image used for a texture. The resulting glTF sampler will behave like the first shader node tex image.
02:03:45 | INFO: Primitives created: 1
02:03:45 | INFO: Finished glTF 2.0 export in 0.01435995101928711 s

02:03:45 | INFO: Starting glTF 2.0 export
02:03:45 | INFO: Extracting primitive: COL_corridor_floor.004
02:03:45 | INFO: Primitives created: 1
02:03:45 | INFO: Extracting primitive: COL_corridor_floor.005
02:03:45 | INFO: Primitives created: 1
02:03:45 | INFO: Extracting primitive: COL_corridor_post.008
02:03:45 | INFO: Primitives created: 1
02:03:45 | INFO: Extracting primitive: COL_corridor_post.009
02:03:45 | INFO: Primitives created: 1
02:03:45 | INFO: Extracting primitive: COL_corridor_post.010
02:03:45 | INFO: Primitives created: 1
02:03:45 | INFO: Extracting primitive: COL_corridor_post.011
02:03:45 | INFO: Primitives created: 1
02:03:45 | INFO: Extracting primitive: COL_corridor_side.006
02:03:45 | INFO: Primitives created: 1
02:03:45 | INFO: Extracting primitive: COL_corridor_side.007
02:03:45 | INFO: Primitives created: 1
02:03:45 | INFO: Extracting primitive: KIT_corridor_floor.019
02:03:45 | WARNING: More than one shader node tex image used for a texture. The resulting glTF sampler will behave like the first shader node tex image.
02:03:45 | INFO: Primitives created: 1
02:03:45 | INFO: Finished glTF 2.0 export in 0.015436172485351562 s

02:03:46 | INFO: Starting glTF 2.0 export
02:03:46 | INFO: Extracting primitive: COL_corridor_floor.006
02:03:46 | INFO: Primitives created: 1
02:03:46 | INFO: Extracting primitive: COL_corridor_floor.007
02:03:46 | INFO: Primitives created: 1
02:03:46 | INFO: Extracting primitive: COL_corridor_post.012
02:03:46 | INFO: Primitives created: 1
02:03:46 | INFO: Extracting primitive: COL_corridor_post.013
02:03:46 | INFO: Primitives created: 1
02:03:46 | INFO: Extracting primitive: COL_corridor_post.014
02:03:46 | INFO: Primitives created: 1
02:03:46 | INFO: Extracting primitive: COL_corridor_post.015
02:03:46 | INFO: Primitives created: 1
02:03:46 | INFO: Extracting primitive: COL_corridor_side.008
02:03:46 | INFO: Primitives created: 1
02:03:46 | INFO: Extracting primitive: KIT_corridor_floor.020
02:03:46 | WARNING: More than one shader node tex image used for a texture. The resulting glTF sampler will behave like the first shader node tex image.
02:03:46 | INFO: Primitives created: 1
02:03:46 | INFO: Finished glTF 2.0 export in 0.013170003890991211 s

02:03:46 | INFO: Starting glTF 2.0 export
02:03:46 | INFO: Extracting primitive: COL_corridor_floor.008
02:03:46 | INFO: Primitives created: 1
02:03:46 | INFO: Extracting primitive: COL_corridor_floor.009
02:03:46 | INFO: Primitives created: 1
02:03:46 | INFO: Extracting primitive: COL_corridor_post.016
02:03:46 | INFO: Primitives created: 1
02:03:46 | INFO: Extracting primitive: COL_corridor_post.017
02:03:46 | INFO: Primitives created: 1
02:03:46 | INFO: Extracting primitive: COL_corridor_post.018
02:03:46 | INFO: Primitives created: 1
02:03:46 | INFO: Extracting primitive: COL_corridor_post.019
02:03:46 | INFO: Primitives created: 1
02:03:46 | INFO: Extracting primitive: COL_corridor_side.009
02:03:46 | INFO: Primitives created: 1
02:03:46 | INFO: Extracting primitive: KIT_corridor_floor.021
02:03:46 | WARNING: More than one shader node tex image used for a texture. The resulting glTF sampler will behave like the first shader node tex image.
02:03:46 | INFO: Primitives created: 1
02:03:46 | INFO: Finished glTF 2.0 export in 0.014662981033325195 s

02:03:46 | INFO: Starting glTF 2.0 export
02:03:46 | INFO: Extracting primitive: COL_corridor_floor.010
02:03:46 | INFO: Primitives created: 1
02:03:46 | INFO: Extracting primitive: COL_corridor_post.020
02:03:46 | INFO: Primitives created: 1
02:03:46 | INFO: Extracting primitive: COL_corridor_post.021
02:03:46 | INFO: Primitives created: 1
02:03:46 | INFO: Extracting primitive: COL_corridor_side.010
02:03:46 | INFO: Primitives created: 1
02:03:46 | INFO: Extracting primitive: COL_corridor_side.011
02:03:46 | INFO: Primitives created: 1
02:03:46 | INFO: Extracting primitive: KIT_corridor_tread
02:03:46 | WARNING: More than one shader node tex image used for a texture. The resulting glTF sampler will behave like the first shader node tex image.
02:03:46 | INFO: Primitives created: 1
02:03:46 | INFO: Finished glTF 2.0 export in 0.012850284576416016 s

02:03:46 | INFO: Starting glTF 2.0 export
02:03:46 | INFO: Extracting primitive: COL_corridor_floor.011
02:03:46 | INFO: Primitives created: 1
02:03:46 | INFO: Extracting primitive: COL_corridor_post.022
02:03:46 | INFO: Primitives created: 1
02:03:46 | INFO: Extracting primitive: COL_corridor_post.023
02:03:46 | INFO: Primitives created: 1
02:03:46 | INFO: Extracting primitive: COL_corridor_side.012
02:03:46 | INFO: Primitives created: 1
02:03:46 | INFO: Extracting primitive: COL_corridor_side.013
02:03:46 | INFO: Primitives created: 1
02:03:46 | INFO: Extracting primitive: KIT_corridor_tread.006
02:03:46 | WARNING: More than one shader node tex image used for a texture. The resulting glTF sampler will behave like the first shader node tex image.
02:03:46 | INFO: Primitives created: 1
02:03:46 | INFO: Finished glTF 2.0 export in 0.024995803833007812 s
00:07.260  blend            | Read blend: "/private/var/folders/gf/s_g2zvzj3jxbylz3ylbc7k4c0000gn/T/garden-kit-neutral-palette-w3eng7wx/candidate/blender/kits/KIT_corridor.blend"

Info: Saved as "KIT_corridor.blend"
02:03:47 | INFO: Starting glTF 2.0 export
02:03:47 | INFO: Extracting primitive: COL_corridor_floor
02:03:47 | INFO: Primitives created: 1
02:03:47 | INFO: Extracting primitive: COL_corridor_post
02:03:47 | INFO: Primitives created: 1
02:03:47 | INFO: Extracting primitive: COL_corridor_post.001
02:03:47 | INFO: Primitives created: 1
02:03:47 | INFO: Extracting primitive: COL_corridor_side
02:03:47 | INFO: Primitives created: 1
02:03:47 | INFO: Extracting primitive: COL_corridor_side.001
02:03:47 | INFO: Primitives created: 1
02:03:47 | INFO: Extracting primitive: KIT_corridor_floor.016
02:03:47 | WARNING: More than one shader node tex image used for a texture. The resulting glTF sampler will behave like the first shader node tex image.
02:03:47 | INFO: Primitives created: 1
02:03:47 | INFO: Finished glTF 2.0 export in 0.013450860977172852 s

02:03:47 | INFO: Starting glTF 2.0 export
02:03:47 | INFO: Extracting primitive: COL_corridor_floor.001
02:03:47 | INFO: Primitives created: 1
02:03:47 | INFO: Extracting primitive: COL_corridor_post.002
02:03:47 | INFO: Primitives created: 1
02:03:47 | INFO: Extracting primitive: COL_corridor_post.003
02:03:47 | INFO: Primitives created: 1
02:03:47 | INFO: Extracting primitive: COL_corridor_side.002
02:03:47 | INFO: Primitives created: 1
02:03:47 | INFO: Extracting primitive: COL_corridor_side.003
02:03:47 | INFO: Primitives created: 1
02:03:47 | INFO: Extracting primitive: KIT_corridor_floor.017
02:03:47 | WARNING: More than one shader node tex image used for a texture. The resulting glTF sampler will behave like the first shader node tex image.
02:03:47 | INFO: Primitives created: 1
02:03:47 | INFO: Finished glTF 2.0 export in 0.014117240905761719 s

02:03:47 | INFO: Starting glTF 2.0 export
02:03:47 | INFO: Extracting primitive: COL_corridor_floor.002
02:03:47 | INFO: Primitives created: 1
02:03:47 | INFO: Extracting primitive: COL_corridor_floor.003
02:03:47 | INFO: Primitives created: 1
02:03:47 | INFO: Extracting primitive: COL_corridor_post.004
02:03:47 | INFO: Primitives created: 1
02:03:47 | INFO: Extracting primitive: COL_corridor_post.005
02:03:47 | INFO: Primitives created: 1
02:03:47 | INFO: Extracting primitive: COL_corridor_post.006
02:03:47 | INFO: Primitives created: 1
02:03:47 | INFO: Extracting primitive: COL_corridor_post.007
02:03:47 | INFO: Primitives created: 1
02:03:47 | INFO: Extracting primitive: COL_corridor_side.004
02:03:47 | INFO: Primitives created: 1
02:03:47 | INFO: Extracting primitive: COL_corridor_side.005
02:03:47 | INFO: Primitives created: 1
02:03:47 | INFO: Extracting primitive: KIT_corridor_floor.018
02:03:47 | WARNING: More than one shader node tex image used for a texture. The resulting glTF sampler will behave like the first shader node tex image.
02:03:47 | INFO: Primitives created: 1
02:03:47 | INFO: Finished glTF 2.0 export in 0.014412879943847656 s

02:03:47 | INFO: Starting glTF 2.0 export
02:03:47 | INFO: Extracting primitive: COL_corridor_floor.004
02:03:47 | INFO: Primitives created: 1
02:03:47 | INFO: Extracting primitive: COL_corridor_floor.005
02:03:47 | INFO: Primitives created: 1
02:03:47 | INFO: Extracting primitive: COL_corridor_post.008
02:03:47 | INFO: Primitives created: 1
02:03:47 | INFO: Extracting primitive: COL_corridor_post.009
02:03:47 | INFO: Primitives created: 1
02:03:47 | INFO: Extracting primitive: COL_corridor_post.010
02:03:47 | INFO: Primitives created: 1
02:03:47 | INFO: Extracting primitive: COL_corridor_post.011
02:03:47 | INFO: Primitives created: 1
02:03:47 | INFO: Extracting primitive: COL_corridor_side.006
02:03:47 | INFO: Primitives created: 1
02:03:47 | INFO: Extracting primitive: COL_corridor_side.007
02:03:47 | INFO: Primitives created: 1
02:03:47 | INFO: Extracting primitive: KIT_corridor_floor.019
02:03:47 | WARNING: More than one shader node tex image used for a texture. The resulting glTF sampler will behave like the first shader node tex image.
02:03:47 | INFO: Primitives created: 1
02:03:47 | INFO: Finished glTF 2.0 export in 0.014961004257202148 s

02:03:48 | INFO: Starting glTF 2.0 export
02:03:48 | INFO: Extracting primitive: COL_corridor_floor.006
02:03:48 | INFO: Primitives created: 1
02:03:48 | INFO: Extracting primitive: COL_corridor_floor.007
02:03:48 | INFO: Primitives created: 1
02:03:48 | INFO: Extracting primitive: COL_corridor_post.012
02:03:48 | INFO: Primitives created: 1
02:03:48 | INFO: Extracting primitive: COL_corridor_post.013
02:03:48 | INFO: Primitives created: 1
02:03:48 | INFO: Extracting primitive: COL_corridor_post.014
02:03:48 | INFO: Primitives created: 1
02:03:48 | INFO: Extracting primitive: COL_corridor_post.015
02:03:48 | INFO: Primitives created: 1
02:03:48 | INFO: Extracting primitive: COL_corridor_side.008
02:03:48 | INFO: Primitives created: 1
02:03:48 | INFO: Extracting primitive: KIT_corridor_floor.020
02:03:48 | WARNING: More than one shader node tex image used for a texture. The resulting glTF sampler will behave like the first shader node tex image.
02:03:48 | INFO: Primitives created: 1
02:03:48 | INFO: Finished glTF 2.0 export in 0.013276100158691406 s

02:03:48 | INFO: Starting glTF 2.0 export
02:03:48 | INFO: Extracting primitive: COL_corridor_floor.008
02:03:48 | INFO: Primitives created: 1
02:03:48 | INFO: Extracting primitive: COL_corridor_floor.009
02:03:48 | INFO: Primitives created: 1
02:03:48 | INFO: Extracting primitive: COL_corridor_post.016
02:03:48 | INFO: Primitives created: 1
02:03:48 | INFO: Extracting primitive: COL_corridor_post.017
02:03:48 | INFO: Primitives created: 1
02:03:48 | INFO: Extracting primitive: COL_corridor_post.018
02:03:48 | INFO: Primitives created: 1
02:03:48 | INFO: Extracting primitive: COL_corridor_post.019
02:03:48 | INFO: Primitives created: 1
02:03:48 | INFO: Extracting primitive: COL_corridor_side.009
02:03:48 | INFO: Primitives created: 1
02:03:48 | INFO: Extracting primitive: KIT_corridor_floor.021
02:03:48 | WARNING: More than one shader node tex image used for a texture. The resulting glTF sampler will behave like the first shader node tex image.
02:03:48 | INFO: Primitives created: 1
02:03:48 | INFO: Finished glTF 2.0 export in 0.014439821243286133 s

02:03:48 | INFO: Starting glTF 2.0 export
02:03:48 | INFO: Extracting primitive: COL_corridor_floor.010
02:03:48 | INFO: Primitives created: 1
02:03:48 | INFO: Extracting primitive: COL_corridor_post.020
02:03:48 | INFO: Primitives created: 1
02:03:48 | INFO: Extracting primitive: COL_corridor_post.021
02:03:48 | INFO: Primitives created: 1
02:03:48 | INFO: Extracting primitive: COL_corridor_side.010
02:03:48 | INFO: Primitives created: 1
02:03:48 | INFO: Extracting primitive: COL_corridor_side.011
02:03:48 | INFO: Primitives created: 1
02:03:48 | INFO: Extracting primitive: KIT_corridor_tread
02:03:48 | WARNING: More than one shader node tex image used for a texture. The resulting glTF sampler will behave like the first shader node tex image.
02:03:48 | INFO: Primitives created: 1
02:03:48 | INFO: Finished glTF 2.0 export in 0.013463973999023438 s

02:03:48 | INFO: Starting glTF 2.0 export
02:03:48 | INFO: Extracting primitive: COL_corridor_floor.011
02:03:48 | INFO: Primitives created: 1
02:03:48 | INFO: Extracting primitive: COL_corridor_post.022
02:03:48 | INFO: Primitives created: 1
02:03:48 | INFO: Extracting primitive: COL_corridor_post.023
02:03:48 | INFO: Primitives created: 1
02:03:48 | INFO: Extracting primitive: COL_corridor_side.012
02:03:48 | INFO: Primitives created: 1
02:03:48 | INFO: Extracting primitive: COL_corridor_side.013
02:03:48 | INFO: Primitives created: 1
02:03:48 | INFO: Extracting primitive: KIT_corridor_tread.006
02:03:48 | WARNING: More than one shader node tex image used for a texture. The resulting glTF sampler will behave like the first shader node tex image.
02:03:48 | INFO: Primitives created: 1
02:03:48 | INFO: Finished glTF 2.0 export in 0.014220952987670898 s

SAVED_KIT_PALETTE_PASS corridor 8
00:08.774  blend            | Read blend: "/private/var/folders/gf/s_g2zvzj3jxbylz3ylbc7k4c0000gn/T/garden-kit-neutral-palette-w3eng7wx/baseline/blender/kits/KIT_wall.blend"
02:03:49 | INFO: Starting glTF 2.0 export
02:03:49 | INFO: Extracting primitive: COL_wall_bay.007
02:03:49 | INFO: Primitives created: 1
02:03:49 | INFO: Extracting primitive: KIT_wall_bay.007
02:03:49 | WARNING: More than one shader node tex image used for a texture. The resulting glTF sampler will behave like the first shader node tex image.
02:03:49 | INFO: Primitives created: 1
02:03:49 | INFO: Finished glTF 2.0 export in 0.00971078872680664 s

02:03:49 | INFO: Starting glTF 2.0 export
02:03:49 | INFO: Extracting primitive: COL_wall_bay.008
02:03:49 | INFO: Primitives created: 1
02:03:49 | INFO: Extracting primitive: KIT_wall_bay.023
02:03:49 | WARNING: More than one shader node tex image used for a texture. The resulting glTF sampler will behave like the first shader node tex image.
02:03:49 | INFO: Primitives created: 1
02:03:49 | INFO: Finished glTF 2.0 export in 0.00983285903930664 s

02:03:49 | INFO: Starting glTF 2.0 export
02:03:49 | INFO: Extracting primitive: KIT_wall_plaster.094
02:03:49 | INFO: Primitives created: 1
02:03:49 | INFO: Extracting primitive: KIT_wall_plaster.005
02:03:49 | WARNING: More than one shader node tex image used for a texture. The resulting glTF sampler will behave like the first shader node tex image.
02:03:49 | INFO: Primitives created: 1
02:03:49 | INFO: Finished glTF 2.0 export in 0.012136220932006836 s

02:03:49 | INFO: Starting glTF 2.0 export
02:03:49 | INFO: Extracting primitive: KIT_wall_plaster.183
02:03:49 | INFO: Primitives created: 1
02:03:49 | INFO: Extracting primitive: KIT_wall_plaster.182
02:03:49 | WARNING: More than one shader node tex image used for a texture. The resulting glTF sampler will behave like the first shader node tex image.
02:03:49 | INFO: Primitives created: 1
02:03:49 | INFO: Finished glTF 2.0 export in 0.011988162994384766 s

02:03:49 | INFO: Starting glTF 2.0 export
02:03:49 | INFO: Extracting primitive: KIT_wall_plaster.272
02:03:49 | INFO: Primitives created: 1
02:03:49 | INFO: Extracting primitive: KIT_wall_plaster.184
02:03:49 | WARNING: More than one shader node tex image used for a texture. The resulting glTF sampler will behave like the first shader node tex image.
02:03:49 | INFO: Primitives created: 1
02:03:49 | INFO: Finished glTF 2.0 export in 0.010693788528442383 s

02:03:49 | INFO: Starting glTF 2.0 export
02:03:49 | INFO: Extracting primitive: KIT_wall_plaster.361
02:03:49 | INFO: Primitives created: 1
02:03:49 | INFO: Extracting primitive: KIT_wall_plaster.360
02:03:49 | WARNING: More than one shader node tex image used for a texture. The resulting glTF sampler will behave like the first shader node tex image.
02:03:49 | INFO: Primitives created: 1
02:03:49 | INFO: Finished glTF 2.0 export in 0.012569189071655273 s

02:03:49 | INFO: Starting glTF 2.0 export
02:03:49 | INFO: Extracting primitive: COL_wall_window.003
02:03:49 | INFO: Primitives created: 1
02:03:49 | INFO: Extracting primitive: KIT_wall_plaster.362
02:03:49 | WARNING: More than one shader node tex image used for a texture. The resulting glTF sampler will behave like the first shader node tex image.
02:03:49 | INFO: Primitives created: 1
02:03:49 | INFO: Finished glTF 2.0 export in 0.010850906372070312 s

02:03:49 | INFO: Starting glTF 2.0 export
02:03:49 | INFO: Extracting primitive: COL_wall_window.005
02:03:49 | INFO: Primitives created: 1
02:03:49 | INFO: Extracting primitive: KIT_wall_plaster.451
02:03:49 | WARNING: More than one shader node tex image used for a texture. The resulting glTF sampler will behave like the first shader node tex image.
02:03:49 | INFO: Primitives created: 1
02:03:49 | INFO: Finished glTF 2.0 export in 0.01178598403930664 s

02:03:49 | INFO: Starting glTF 2.0 export
02:03:49 | INFO: Extracting primitive: COL_wall_window.008
02:03:49 | INFO: Primitives created: 1
02:03:49 | INFO: Extracting primitive: KIT_wall_plaster.452
02:03:49 | WARNING: More than one shader node tex image used for a texture. The resulting glTF sampler will behave like the first shader node tex image.
02:03:49 | INFO: Primitives created: 1
02:03:49 | INFO: Finished glTF 2.0 export in 0.011772871017456055 s

02:03:49 | INFO: Starting glTF 2.0 export
02:03:49 | INFO: Extracting primitive: COL_wall_window.009
02:03:49 | INFO: Primitives created: 1
02:03:49 | INFO: Extracting primitive: KIT_wall_plaster.541
02:03:49 | WARNING: More than one shader node tex image used for a texture. The resulting glTF sampler will behave like the first shader node tex image.
02:03:49 | INFO: Primitives created: 1
02:03:49 | INFO: Finished glTF 2.0 export in 0.013612031936645508 s

02:03:50 | INFO: Starting glTF 2.0 export
02:03:50 | INFO: Extracting primitive: COL_wall_window.011
02:03:50 | INFO: Primitives created: 1
02:03:50 | INFO: Extracting primitive: KIT_wall_plaster.542
02:03:50 | WARNING: More than one shader node tex image used for a texture. The resulting glTF sampler will behave like the first shader node tex image.
02:03:50 | INFO: Primitives created: 1
02:03:50 | INFO: Finished glTF 2.0 export in 0.01143503189086914 s

02:03:50 | INFO: Starting glTF 2.0 export
02:03:50 | INFO: Extracting primitive: COL_wall_window.012
02:03:50 | INFO: Primitives created: 1
02:03:50 | INFO: Extracting primitive: KIT_wall_plaster.630
02:03:50 | WARNING: More than one shader node tex image used for a texture. The resulting glTF sampler will behave like the first shader node tex image.
02:03:50 | INFO: Primitives created: 1
02:03:50 | INFO: Finished glTF 2.0 export in 0.012124061584472656 s

02:03:50 | INFO: Starting glTF 2.0 export
02:03:50 | INFO: Extracting primitive: COL_wall_window.014
02:03:50 | INFO: Primitives created: 1
02:03:50 | INFO: Extracting primitive: KIT_wall_plaster.631
02:03:50 | WARNING: More than one shader node tex image used for a texture. The resulting glTF sampler will behave like the first shader node tex image.
02:03:50 | INFO: Primitives created: 1
02:03:50 | INFO: Finished glTF 2.0 export in 0.011345863342285156 s

02:03:50 | INFO: Starting glTF 2.0 export
02:03:50 | INFO: Extracting primitive: COL_wall_window.015
02:03:50 | INFO: Primitives created: 1
02:03:50 | INFO: Extracting primitive: KIT_wall_plaster.719
02:03:50 | WARNING: More than one shader node tex image used for a texture. The resulting glTF sampler will behave like the first shader node tex image.
02:03:50 | INFO: Primitives created: 1
02:03:50 | INFO: Finished glTF 2.0 export in 0.012775897979736328 s

02:03:50 | INFO: Starting glTF 2.0 export
02:03:50 | INFO: Extracting primitive: COL_wall_cap
02:03:50 | INFO: Primitives created: 1
02:03:50 | INFO: Extracting primitive: KIT_wall_cap.007
02:03:50 | WARNING: More than one shader node tex image used for a texture. The resulting glTF sampler will behave like the first shader node tex image.
02:03:50 | INFO: Primitives created: 1
02:03:50 | INFO: Finished glTF 2.0 export in 0.010236024856567383 s

02:03:50 | INFO: Starting glTF 2.0 export
02:03:50 | INFO: Extracting primitive: COL_wall_cap.001
02:03:50 | INFO: Primitives created: 1
02:03:50 | INFO: Extracting primitive: KIT_wall_cap.008
02:03:50 | WARNING: More than one shader node tex image used for a texture. The resulting glTF sampler will behave like the first shader node tex image.
02:03:50 | INFO: Primitives created: 1
02:03:50 | INFO: Finished glTF 2.0 export in 0.010561943054199219 s
00:11.970  blend            | Read blend: "/private/var/folders/gf/s_g2zvzj3jxbylz3ylbc7k4c0000gn/T/garden-kit-neutral-palette-w3eng7wx/candidate/blender/kits/KIT_wall.blend"

Info: Saved as "KIT_wall.blend"
02:03:52 | INFO: Starting glTF 2.0 export
02:03:52 | INFO: Extracting primitive: COL_wall_bay.007
02:03:52 | INFO: Primitives created: 1
02:03:52 | INFO: Extracting primitive: KIT_wall_bay.007
02:03:52 | WARNING: More than one shader node tex image used for a texture. The resulting glTF sampler will behave like the first shader node tex image.
02:03:52 | INFO: Primitives created: 1
02:03:52 | INFO: Finished glTF 2.0 export in 0.010360002517700195 s

02:03:52 | INFO: Starting glTF 2.0 export
02:03:52 | INFO: Extracting primitive: COL_wall_bay.008
02:03:52 | INFO: Primitives created: 1
02:03:52 | INFO: Extracting primitive: KIT_wall_bay.023
02:03:52 | WARNING: More than one shader node tex image used for a texture. The resulting glTF sampler will behave like the first shader node tex image.
02:03:52 | INFO: Primitives created: 1
02:03:52 | INFO: Finished glTF 2.0 export in 0.010869026184082031 s

02:03:52 | INFO: Starting glTF 2.0 export
02:03:52 | INFO: Extracting primitive: KIT_wall_plaster.094
02:03:52 | INFO: Primitives created: 1
02:03:52 | INFO: Extracting primitive: KIT_wall_plaster.005
02:03:52 | WARNING: More than one shader node tex image used for a texture. The resulting glTF sampler will behave like the first shader node tex image.
02:03:52 | INFO: Primitives created: 1
02:03:52 | INFO: Finished glTF 2.0 export in 0.011347770690917969 s

02:03:52 | INFO: Starting glTF 2.0 export
02:03:52 | INFO: Extracting primitive: KIT_wall_plaster.183
02:03:52 | INFO: Primitives created: 1
02:03:52 | INFO: Extracting primitive: KIT_wall_plaster.182
02:03:52 | WARNING: More than one shader node tex image used for a texture. The resulting glTF sampler will behave like the first shader node tex image.
02:03:52 | INFO: Primitives created: 1
02:03:52 | INFO: Finished glTF 2.0 export in 0.01237797737121582 s

02:03:52 | INFO: Starting glTF 2.0 export
02:03:52 | INFO: Extracting primitive: KIT_wall_plaster.272
02:03:52 | INFO: Primitives created: 1
02:03:52 | INFO: Extracting primitive: KIT_wall_plaster.184
02:03:52 | WARNING: More than one shader node tex image used for a texture. The resulting glTF sampler will behave like the first shader node tex image.
02:03:52 | INFO: Primitives created: 1
02:03:52 | INFO: Finished glTF 2.0 export in 0.011607170104980469 s

02:03:52 | INFO: Starting glTF 2.0 export
02:03:52 | INFO: Extracting primitive: KIT_wall_plaster.361
02:03:52 | INFO: Primitives created: 1
02:03:52 | INFO: Extracting primitive: KIT_wall_plaster.360
02:03:52 | WARNING: More than one shader node tex image used for a texture. The resulting glTF sampler will behave like the first shader node tex image.
02:03:52 | INFO: Primitives created: 1
02:03:52 | INFO: Finished glTF 2.0 export in 0.012862920761108398 s

02:03:52 | INFO: Starting glTF 2.0 export
02:03:52 | INFO: Extracting primitive: COL_wall_window.003
02:03:52 | INFO: Primitives created: 1
02:03:52 | INFO: Extracting primitive: KIT_wall_plaster.362
02:03:52 | WARNING: More than one shader node tex image used for a texture. The resulting glTF sampler will behave like the first shader node tex image.
02:03:52 | INFO: Primitives created: 1
02:03:52 | INFO: Finished glTF 2.0 export in 0.011317968368530273 s

02:03:53 | INFO: Starting glTF 2.0 export
02:03:53 | INFO: Extracting primitive: COL_wall_window.005
02:03:53 | INFO: Primitives created: 1
02:03:53 | INFO: Extracting primitive: KIT_wall_plaster.451
02:03:53 | WARNING: More than one shader node tex image used for a texture. The resulting glTF sampler will behave like the first shader node tex image.
02:03:53 | INFO: Primitives created: 1
02:03:53 | INFO: Finished glTF 2.0 export in 0.01275491714477539 s

02:03:53 | INFO: Starting glTF 2.0 export
02:03:53 | INFO: Extracting primitive: COL_wall_window.008
02:03:53 | INFO: Primitives created: 1
02:03:53 | INFO: Extracting primitive: KIT_wall_plaster.452
02:03:53 | WARNING: More than one shader node tex image used for a texture. The resulting glTF sampler will behave like the first shader node tex image.
02:03:53 | INFO: Primitives created: 1
02:03:53 | INFO: Finished glTF 2.0 export in 0.011939764022827148 s

02:03:53 | INFO: Starting glTF 2.0 export
02:03:53 | INFO: Extracting primitive: COL_wall_window.009
02:03:53 | INFO: Primitives created: 1
02:03:53 | INFO: Extracting primitive: KIT_wall_plaster.541
02:03:53 | WARNING: More than one shader node tex image used for a texture. The resulting glTF sampler will behave like the first shader node tex image.
02:03:53 | INFO: Primitives created: 1
02:03:53 | INFO: Finished glTF 2.0 export in 0.012639045715332031 s

02:03:53 | INFO: Starting glTF 2.0 export
02:03:53 | INFO: Extracting primitive: COL_wall_window.011
02:03:53 | INFO: Primitives created: 1
02:03:53 | INFO: Extracting primitive: KIT_wall_plaster.542
02:03:53 | WARNING: More than one shader node tex image used for a texture. The resulting glTF sampler will behave like the first shader node tex image.
02:03:53 | INFO: Primitives created: 1
02:03:53 | INFO: Finished glTF 2.0 export in 0.011812925338745117 s

02:03:53 | INFO: Starting glTF 2.0 export
02:03:53 | INFO: Extracting primitive: COL_wall_window.012
02:03:53 | INFO: Primitives created: 1
02:03:53 | INFO: Extracting primitive: KIT_wall_plaster.630
02:03:53 | WARNING: More than one shader node tex image used for a texture. The resulting glTF sampler will behave like the first shader node tex image.
02:03:53 | INFO: Primitives created: 1
02:03:53 | INFO: Finished glTF 2.0 export in 0.012075185775756836 s

02:03:53 | INFO: Starting glTF 2.0 export
02:03:53 | INFO: Extracting primitive: COL_wall_window.014
02:03:53 | INFO: Primitives created: 1
02:03:53 | INFO: Extracting primitive: KIT_wall_plaster.631
02:03:53 | WARNING: More than one shader node tex image used for a texture. The resulting glTF sampler will behave like the first shader node tex image.
02:03:53 | INFO: Primitives created: 1
02:03:53 | INFO: Finished glTF 2.0 export in 0.012037038803100586 s

02:03:53 | INFO: Starting glTF 2.0 export
02:03:53 | INFO: Extracting primitive: COL_wall_window.015
02:03:53 | INFO: Primitives created: 1
02:03:53 | INFO: Extracting primitive: KIT_wall_plaster.719
02:03:53 | WARNING: More than one shader node tex image used for a texture. The resulting glTF sampler will behave like the first shader node tex image.
02:03:53 | INFO: Primitives created: 1
02:03:53 | INFO: Finished glTF 2.0 export in 0.012909889221191406 s

02:03:53 | INFO: Starting glTF 2.0 export
02:03:53 | INFO: Extracting primitive: COL_wall_cap
02:03:53 | INFO: Primitives created: 1
02:03:53 | INFO: Extracting primitive: KIT_wall_cap.007
02:03:53 | WARNING: More than one shader node tex image used for a texture. The resulting glTF sampler will behave like the first shader node tex image.
02:03:53 | INFO: Primitives created: 1
02:03:53 | INFO: Finished glTF 2.0 export in 0.012060165405273438 s

02:03:53 | INFO: Starting glTF 2.0 export
02:03:53 | INFO: Extracting primitive: COL_wall_cap.001
02:03:53 | INFO: Primitives created: 1
02:03:53 | INFO: Extracting primitive: KIT_wall_cap.008
02:03:53 | WARNING: More than one shader node tex image used for a texture. The resulting glTF sampler will behave like the first shader node tex image.
02:03:53 | INFO: Primitives created: 1
02:03:53 | INFO: Finished glTF 2.0 export in 0.010404109954833984 s

SAVED_KIT_PALETTE_PASS wall 16
00:14.112  blend            | Read blend: "/private/var/folders/gf/s_g2zvzj3jxbylz3ylbc7k4c0000gn/T/garden-kit-neutral-palette-w3eng7wx/baseline/blender/kits/KIT_rockery.blend"
02:03:54 | INFO: Starting glTF 2.0 export
02:03:54 | INFO: Extracting primitive: KIT_rockery_stone.001
02:03:54 | INFO: Primitives created: 1
02:03:54 | INFO: Extracting primitive: KIT_rockery_stone
02:03:54 | WARNING: More than one shader node tex image used for a texture. The resulting glTF sampler will behave like the first shader node tex image.
02:03:54 | INFO: Primitives created: 1
02:03:54 | INFO: Finished glTF 2.0 export in 0.010869026184082031 s

02:03:54 | INFO: Starting glTF 2.0 export
02:03:54 | INFO: Extracting primitive: KIT_rockery_stone.003
02:03:54 | INFO: Primitives created: 1
02:03:54 | INFO: Extracting primitive: KIT_rockery_stone.002
02:03:54 | WARNING: More than one shader node tex image used for a texture. The resulting glTF sampler will behave like the first shader node tex image.
02:03:54 | INFO: Primitives created: 1
02:03:54 | INFO: Finished glTF 2.0 export in 0.011549949645996094 s

02:03:54 | INFO: Starting glTF 2.0 export
02:03:54 | INFO: Extracting primitive: KIT_rockery_stone.005
02:03:54 | INFO: Primitives created: 1
02:03:54 | INFO: Extracting primitive: KIT_rockery_stone.004
02:03:54 | WARNING: More than one shader node tex image used for a texture. The resulting glTF sampler will behave like the first shader node tex image.
02:03:54 | INFO: Primitives created: 1
02:03:54 | INFO: Finished glTF 2.0 export in 0.01235508918762207 s

02:03:54 | INFO: Starting glTF 2.0 export
02:03:54 | INFO: Extracting primitive: KIT_rockery_stone.007
02:03:54 | INFO: Primitives created: 1
02:03:54 | INFO: Extracting primitive: KIT_rockery_stone.006
02:03:54 | WARNING: More than one shader node tex image used for a texture. The resulting glTF sampler will behave like the first shader node tex image.
02:03:54 | INFO: Primitives created: 1
02:03:54 | INFO: Finished glTF 2.0 export in 0.011757135391235352 s

02:03:54 | INFO: Starting glTF 2.0 export
02:03:54 | INFO: Extracting primitive: KIT_rockery_stone.009
02:03:54 | INFO: Primitives created: 1
02:03:54 | INFO: Extracting primitive: KIT_rockery_stone.008
02:03:54 | WARNING: More than one shader node tex image used for a texture. The resulting glTF sampler will behave like the first shader node tex image.
02:03:54 | INFO: Primitives created: 1
02:03:54 | INFO: Finished glTF 2.0 export in 0.013027191162109375 s

02:03:54 | INFO: Starting glTF 2.0 export
02:03:54 | INFO: Extracting primitive: KIT_rockery_stone.011
02:03:54 | INFO: Primitives created: 1
02:03:54 | INFO: Extracting primitive: KIT_rockery_stone.010
02:03:54 | WARNING: More than one shader node tex image used for a texture. The resulting glTF sampler will behave like the first shader node tex image.
02:03:54 | INFO: Primitives created: 1
02:03:54 | INFO: Finished glTF 2.0 export in 0.01224207878112793 s

02:03:55 | INFO: Starting glTF 2.0 export
02:03:55 | INFO: Extracting primitive: KIT_rockery_passage.001
02:03:55 | INFO: Primitives created: 1
02:03:55 | INFO: Extracting primitive: KIT_rockery_passage
02:03:55 | WARNING: More than one shader node tex image used for a texture. The resulting glTF sampler will behave like the first shader node tex image.
02:03:55 | INFO: Primitives created: 1
02:03:55 | INFO: Finished glTF 2.0 export in 0.012341976165771484 s

02:03:55 | INFO: Starting glTF 2.0 export
02:03:55 | INFO: Extracting primitive: KIT_rockery_passage.003
02:03:55 | INFO: Primitives created: 1
02:03:55 | INFO: Extracting primitive: KIT_rockery_passage.002
02:03:55 | WARNING: More than one shader node tex image used for a texture. The resulting glTF sampler will behave like the first shader node tex image.
02:03:55 | INFO: Primitives created: 1
02:03:55 | INFO: Finished glTF 2.0 export in 0.011770009994506836 s

02:03:55 | INFO: Starting glTF 2.0 export
02:03:55 | INFO: Extracting primitive: KIT_rockery_passage.005
02:03:55 | INFO: Primitives created: 1
02:03:55 | INFO: Extracting primitive: KIT_rockery_passage.004
02:03:55 | WARNING: More than one shader node tex image used for a texture. The resulting glTF sampler will behave like the first shader node tex image.
02:03:55 | INFO: Primitives created: 1
02:03:55 | INFO: Finished glTF 2.0 export in 0.012908935546875 s

02:03:55 | INFO: Starting glTF 2.0 export
02:03:55 | INFO: Extracting primitive: KIT_rockery_passage.007
02:03:55 | INFO: Primitives created: 1
02:03:55 | INFO: Extracting primitive: KIT_rockery_passage.006
02:03:55 | WARNING: More than one shader node tex image used for a texture. The resulting glTF sampler will behave like the first shader node tex image.
02:03:55 | INFO: Primitives created: 1
02:03:55 | INFO: Finished glTF 2.0 export in 0.013317108154296875 s

02:03:55 | INFO: Starting glTF 2.0 export
02:03:55 | INFO: Extracting primitive: KIT_rockery_cliff.001
02:03:55 | INFO: Primitives created: 1
02:03:55 | INFO: Extracting primitive: KIT_rockery_cliff
02:03:55 | WARNING: More than one shader node tex image used for a texture. The resulting glTF sampler will behave like the first shader node tex image.
02:03:55 | INFO: Primitives created: 1
02:03:55 | INFO: Finished glTF 2.0 export in 0.012346744537353516 s

02:03:55 | INFO: Starting glTF 2.0 export
02:03:55 | INFO: Extracting primitive: KIT_rockery_cliff.003
02:03:55 | INFO: Primitives created: 1
02:03:55 | INFO: Extracting primitive: KIT_rockery_cliff.002
02:03:55 | WARNING: More than one shader node tex image used for a texture. The resulting glTF sampler will behave like the first shader node tex image.
02:03:55 | INFO: Primitives created: 1
02:03:55 | INFO: Finished glTF 2.0 export in 0.017824649810791016 s
00:16.905  blend            | Read blend: "/private/var/folders/gf/s_g2zvzj3jxbylz3ylbc7k4c0000gn/T/garden-kit-neutral-palette-w3eng7wx/candidate/blender/kits/KIT_rockery.blend"

Info: Saved as "KIT_rockery.blend"
02:03:57 | INFO: Starting glTF 2.0 export
02:03:57 | INFO: Extracting primitive: KIT_rockery_stone.001
02:03:57 | INFO: Primitives created: 1
02:03:57 | INFO: Extracting primitive: KIT_rockery_stone
02:03:57 | WARNING: More than one shader node tex image used for a texture. The resulting glTF sampler will behave like the first shader node tex image.
02:03:57 | INFO: Primitives created: 1
02:03:57 | INFO: Finished glTF 2.0 export in 0.011305093765258789 s

02:03:57 | INFO: Starting glTF 2.0 export
02:03:57 | INFO: Extracting primitive: KIT_rockery_stone.003
02:03:57 | INFO: Primitives created: 1
02:03:57 | INFO: Extracting primitive: KIT_rockery_stone.002
02:03:57 | WARNING: More than one shader node tex image used for a texture. The resulting glTF sampler will behave like the first shader node tex image.
02:03:57 | INFO: Primitives created: 1
02:03:57 | INFO: Finished glTF 2.0 export in 0.012341976165771484 s

02:03:57 | INFO: Starting glTF 2.0 export
02:03:57 | INFO: Extracting primitive: KIT_rockery_stone.005
02:03:57 | INFO: Primitives created: 1
02:03:57 | INFO: Extracting primitive: KIT_rockery_stone.004
02:03:57 | WARNING: More than one shader node tex image used for a texture. The resulting glTF sampler will behave like the first shader node tex image.
02:03:57 | INFO: Primitives created: 1
02:03:57 | INFO: Finished glTF 2.0 export in 0.011747121810913086 s

02:03:57 | INFO: Starting glTF 2.0 export
02:03:57 | INFO: Extracting primitive: KIT_rockery_stone.007
02:03:57 | INFO: Primitives created: 1
02:03:57 | INFO: Extracting primitive: KIT_rockery_stone.006
02:03:57 | WARNING: More than one shader node tex image used for a texture. The resulting glTF sampler will behave like the first shader node tex image.
02:03:57 | INFO: Primitives created: 1
02:03:57 | INFO: Finished glTF 2.0 export in 0.012436389923095703 s

02:03:57 | INFO: Starting glTF 2.0 export
02:03:57 | INFO: Extracting primitive: KIT_rockery_stone.009
02:03:57 | INFO: Primitives created: 1
02:03:57 | INFO: Extracting primitive: KIT_rockery_stone.008
02:03:57 | WARNING: More than one shader node tex image used for a texture. The resulting glTF sampler will behave like the first shader node tex image.
02:03:57 | INFO: Primitives created: 1
02:03:57 | INFO: Finished glTF 2.0 export in 0.011820077896118164 s

02:03:57 | INFO: Starting glTF 2.0 export
02:03:57 | INFO: Extracting primitive: KIT_rockery_stone.011
02:03:57 | INFO: Primitives created: 1
02:03:57 | INFO: Extracting primitive: KIT_rockery_stone.010
02:03:57 | WARNING: More than one shader node tex image used for a texture. The resulting glTF sampler will behave like the first shader node tex image.
02:03:57 | INFO: Primitives created: 1
02:03:57 | INFO: Finished glTF 2.0 export in 0.012718915939331055 s

02:03:57 | INFO: Starting glTF 2.0 export
02:03:57 | INFO: Extracting primitive: KIT_rockery_passage.001
02:03:57 | INFO: Primitives created: 1
02:03:57 | INFO: Extracting primitive: KIT_rockery_passage
02:03:57 | WARNING: More than one shader node tex image used for a texture. The resulting glTF sampler will behave like the first shader node tex image.
02:03:57 | INFO: Primitives created: 1
02:03:57 | INFO: Finished glTF 2.0 export in 0.012591838836669922 s

02:03:58 | INFO: Starting glTF 2.0 export
02:03:58 | INFO: Extracting primitive: KIT_rockery_passage.003
02:03:58 | INFO: Primitives created: 1
02:03:58 | INFO: Extracting primitive: KIT_rockery_passage.002
02:03:58 | WARNING: More than one shader node tex image used for a texture. The resulting glTF sampler will behave like the first shader node tex image.
02:03:58 | INFO: Primitives created: 1
02:03:58 | INFO: Finished glTF 2.0 export in 0.011668920516967773 s

02:03:58 | INFO: Starting glTF 2.0 export
02:03:58 | INFO: Extracting primitive: KIT_rockery_passage.005
02:03:58 | INFO: Primitives created: 1
02:03:58 | INFO: Extracting primitive: KIT_rockery_passage.004
02:03:58 | WARNING: More than one shader node tex image used for a texture. The resulting glTF sampler will behave like the first shader node tex image.
02:03:58 | INFO: Primitives created: 1
02:03:58 | INFO: Finished glTF 2.0 export in 0.012879133224487305 s

02:03:58 | INFO: Starting glTF 2.0 export
02:03:58 | INFO: Extracting primitive: KIT_rockery_passage.007
02:03:58 | INFO: Primitives created: 1
02:03:58 | INFO: Extracting primitive: KIT_rockery_passage.006
02:03:58 | WARNING: More than one shader node tex image used for a texture. The resulting glTF sampler will behave like the first shader node tex image.
02:03:58 | INFO: Primitives created: 1
02:03:58 | INFO: Finished glTF 2.0 export in 0.013324260711669922 s

02:03:58 | INFO: Starting glTF 2.0 export
02:03:58 | INFO: Extracting primitive: KIT_rockery_cliff.001
02:03:58 | INFO: Primitives created: 1
02:03:58 | INFO: Extracting primitive: KIT_rockery_cliff
02:03:58 | WARNING: More than one shader node tex image used for a texture. The resulting glTF sampler will behave like the first shader node tex image.
02:03:58 | INFO: Primitives created: 1
02:03:58 | INFO: Finished glTF 2.0 export in 0.012737035751342773 s

02:03:58 | INFO: Starting glTF 2.0 export
02:03:58 | INFO: Extracting primitive: KIT_rockery_cliff.003
02:03:58 | INFO: Primitives created: 1
02:03:58 | INFO: Extracting primitive: KIT_rockery_cliff.002
02:03:58 | WARNING: More than one shader node tex image used for a texture. The resulting glTF sampler will behave like the first shader node tex image.
02:03:58 | INFO: Primitives created: 1
02:03:58 | INFO: Finished glTF 2.0 export in 0.013070106506347656 s

SAVED_KIT_PALETTE_PASS rockery 12
BlenderMCP addon unregistered
Blender 5.2.2 LTS (hash d13f752e3b9c built 2026-09-15 01:49:19)

Blender quit
