BlenderMCP addon registered
BlenderMCP addon unregistered
23:48:53 | INFO: Data are loaded, start creating Blender stuff
23:48:53 | INFO: Blender create Mesh node COL_aojing_approach.001
23:48:53 | INFO: Blender create Mesh node COL_aojing_approach.004
23:48:53 | INFO: Blender create Mesh node COL_aojing_approach_guard.001
23:48:53 | INFO: Blender create Mesh node COL_aojing_approach_guard.004
23:48:53 | INFO: Blender create Mesh node COL_aojing_approach_ramp.002
23:48:53 | INFO: Blender create Mesh node COL_aojing_closed_front.002
23:48:53 | INFO: Blender create Mesh node COL_aojing_dry_ledge.002
23:48:53 | INFO: Blender create Mesh node COL_aojing_hall_floor.002
23:48:53 | INFO: Blender create Mesh node COL_aojing_ledge_end.002
23:48:53 | INFO: Blender create Mesh node COL_aojing_ledge_parapet.002
23:48:53 | INFO: Blender create Mesh node COL_aojing_return.001
23:48:53 | INFO: Blender create Mesh node COL_aojing_return.004
23:48:53 | INFO: Blender create Mesh node Cube.147
23:48:53 | INFO: Blender create Mesh node Cube.148
23:48:53 | INFO: Blender create Mesh node Cube.149
23:48:53 | INFO: Blender create Mesh node Cube.150
23:48:53 | INFO: Blender create Mesh node COL_bridge_crosswalk.002
23:48:53 | INFO: Blender create Mesh node COL_bridge_crosswalk.003
23:48:53 | INFO: Blender create Mesh node COL_cell_floor.006
23:48:53 | INFO: Blender create Mesh node COL_cell_floor.007
23:48:53 | INFO: Blender create Mesh node COL_cell_floor.008
23:48:53 | INFO: Blender create Mesh node COL_cell_floor.009
23:48:53 | INFO: Blender create Mesh node COL_cell_floor.010
23:48:53 | INFO: Blender create Mesh node COL_cell_floor.011
23:48:53 | INFO: Blender create Mesh node COL_cell_wall.012
23:48:53 | INFO: Blender create Mesh node COL_cell_wall.013
23:48:53 | INFO: Blender create Mesh node COL_cell_wall.014
23:48:53 | INFO: Blender create Mesh node COL_cell_wall.015
23:48:53 | INFO: Blender create Mesh node COL_cell_wall.016
23:48:53 | INFO: Blender create Mesh node COL_cell_wall.017
23:48:53 | INFO: Blender create Mesh node COL_cell_wall.018
23:48:53 | INFO: Blender create Mesh node COL_cell_wall.019
23:48:53 | INFO: Blender create Mesh node COL_cell_wall.020
23:48:53 | INFO: Blender create Mesh node COL_cell_wall.021
23:48:53 | INFO: Blender create Mesh node COL_cell_wall.022
23:48:53 | INFO: Blender create Mesh node COL_cell_wall.023
23:48:53 | INFO: Blender create Mesh node COL_daguan_central_step.003
23:48:53 | INFO: Blender create Mesh node COL_daguan_central_step.004
23:48:53 | INFO: Blender create Mesh node COL_daguan_central_step.005
23:48:53 | INFO: Blender create Mesh node COL_daguan_closed_front.001
23:48:53 | INFO: Blender create Mesh node COL_daguan_column.006
23:48:53 | INFO: Blender create Mesh node COL_daguan_column.007
23:48:53 | INFO: Blender create Mesh node COL_daguan_column.008
23:48:53 | INFO: Blender create Mesh node COL_daguan_column.009
23:48:53 | INFO: Blender create Mesh node COL_daguan_column.010
23:48:53 | INFO: Blender create Mesh node COL_daguan_column.011
23:48:53 | INFO: Blender create Mesh node COL_daguan_floor.001
23:48:53 | INFO: Blender create Mesh node COL_daguan_return_wall.002
23:48:53 | INFO: Blender create Mesh node COL_daguan_return_wall.003
23:48:53 | INFO: Blender create Mesh node COL_daoxiang_approach.002
23:48:53 | INFO: Blender create Mesh node COL_daoxiang_approach.003
23:48:53 | INFO: Blender create Mesh node COL_daoxiang_closed_front.001
23:48:53 | INFO: Blender create Mesh node COL_daoxiang_court.001
23:48:53 | INFO: Blender create Mesh node COL_daoxiang_fence.004
23:48:53 | INFO: Blender create Mesh node COL_daoxiang_fence.005
23:48:53 | INFO: Blender create Mesh node COL_daoxiang_fence.006
23:48:53 | INFO: Blender create Mesh node COL_daoxiang_fence.007
23:48:53 | INFO: Blender create Mesh node COL_daoxiang_side.002
23:48:53 | INFO: Blender create Mesh node COL_daoxiang_side.003
23:48:53 | INFO: Blender create Mesh node COL_entry_corridor.001
23:48:53 | INFO: Blender create Mesh node COL_entry_walk.002
23:48:53 | INFO: Blender create Mesh node COL_entry_walk.003
23:48:53 | INFO: Blender create Mesh node COL_floor_joint_cell_threshold_0.001
23:48:53 | INFO: Blender create Mesh node COL_floor_joint_cell_threshold_1.001
23:48:53 | INFO: Blender create Mesh node COL_floor_joint_cell_threshold_2.001
23:48:53 | INFO: Blender create Mesh node COL_floor_joint_cell_threshold_3.001
23:48:53 | INFO: Blender create Mesh node COL_floor_joint_cell_threshold_4.001
23:48:53 | INFO: Blender create Mesh node COL_floor_joint_cell_threshold_5.001
23:48:53 | INFO: Blender create Mesh node COL_floor_joint_pavilion_east_joint.001
23:48:53 | INFO: Blender create Mesh node COL_floor_joint_pavilion_west_joint.001
23:48:53 | INFO: Blender create Mesh node Cube.146
23:48:53 | INFO: Blender create Mesh node Cube.145
23:48:53 | INFO: Blender create Mesh node COL_GATE_banana_planter.001
23:48:53 | INFO: Blender create Mesh node KIT_rockery_passage.022
23:48:53 | INFO: Blender create Mesh node KIT_rockery_passage.024
23:48:53 | INFO: Blender create Mesh node KIT_rockery_cliff.006
23:48:53 | INFO: Blender create Mesh node KIT_rockery_cliff.008
23:48:53 | INFO: Blender create Mesh node KIT_rockery_passage.004
23:48:53 | INFO: Blender create Mesh node KIT_rockery_passage.016
23:48:53 | INFO: Blender create Mesh node KIT_rockery_passage.018
23:48:53 | INFO: Blender create Mesh node KIT_rockery_passage.020
23:48:53 | INFO: Blender create Mesh node GATE_paving.003
23:48:53 | INFO: Blender create Mesh node COL_hengwu-yuan_floor.001
23:48:53 | INFO: Blender create Mesh node COL_hengwu_approach.002
23:48:53 | INFO: Blender create Mesh node COL_hengwu_approach.003
23:48:53 | INFO: Blender create Mesh node COL_hengwu_closed_hall.002
23:48:53 | INFO: Blender create Mesh node COL_hengwu_court.002
23:48:53 | INFO: Blender create Mesh node COL_hengwu_hall_post.001
23:48:53 | INFO: Blender create Mesh node COL_hengwu_hall_post.002
23:48:53 | INFO: Blender create Mesh node COL_hengwu_hall_post.006
23:48:53 | INFO: Blender create Mesh node COL_wall_bay.001
23:48:53 | INFO: Blender create Mesh node COL_wall_bay.002
23:48:53 | INFO: Blender create Mesh node COL_wall_bay.003
23:48:53 | INFO: Blender create Mesh node COL_wall_bay.004
23:48:53 | INFO: Blender create Mesh node COL_wall_bay.005
23:48:53 | INFO: Blender create Mesh node COL_wall_bay.006
23:48:53 | INFO: Blender create Mesh node KIT_wall_plaster.002
23:48:53 | INFO: Blender create Mesh node COL_wall_window.001
23:48:53 | INFO: Blender create Mesh node COL_wall_window.002
23:48:53 | INFO: Blender create Mesh node COL_hengwu_rock.001
23:48:53 | INFO: Blender create Mesh node COL_hengwu_rock.002
23:48:53 | INFO: Blender create Mesh node COL_hengwu_rock.006
23:48:53 | INFO: Blender create Mesh node COL_hengwu_stool.001
23:48:53 | INFO: Blender create Mesh node COL_hengwu_stool.002
23:48:53 | INFO: Blender create Mesh node COL_hengwu_stool.003
23:48:53 | INFO: Blender create Mesh node COL_hengwu_stool.008
23:48:53 | INFO: Blender create Mesh node COL_hengwu_table.002
23:48:53 | INFO: Blender create Mesh node COL_longcui_approach.003
23:48:53 | INFO: Blender create Mesh node COL_longcui_approach.004
23:48:53 | INFO: Blender create Mesh node COL_longcui_approach.005
23:48:53 | INFO: Blender create Mesh node COL_longcui_burner.001
23:48:53 | INFO: Blender create Mesh node COL_longcui_closed_front.001
23:48:53 | INFO: Blender create Mesh node COL_longcui_floor.001
23:48:53 | INFO: Blender create Mesh node COL_longcui_plum_trunk.002
23:48:53 | INFO: Blender create Mesh node COL_longcui_plum_trunk.003
23:48:53 | INFO: Blender create Mesh node COL_longcui_return.002
23:48:53 | INFO: Blender create Mesh node COL_longcui_return.003
23:48:53 | INFO: Blender create Mesh node COL_longcui_threshold.001
23:48:53 | INFO: Blender create Mesh node COL_ouxiang_approach.001
23:48:53 | INFO: Blender create Mesh node COL_ouxiang_deck.001
23:48:53 | INFO: Blender create Mesh node COL_ouxiang_post.004
23:48:53 | INFO: Blender create Mesh node COL_ouxiang_post.005
23:48:53 | INFO: Blender create Mesh node COL_ouxiang_post.006
23:48:53 | INFO: Blender create Mesh node COL_ouxiang_post.007
23:48:53 | INFO: Blender create Mesh node COL_ouxiang_rail.002
23:48:53 | INFO: Blender create Mesh node COL_ouxiang_rail.003
23:48:53 | INFO: Blender create Mesh node COL_ouxiang_side_rail.004
23:48:53 | INFO: Blender create Mesh node COL_ouxiang_side_rail.005
23:48:53 | INFO: Blender create Mesh node COL_ouxiang_side_rail.006
23:48:53 | INFO: Blender create Mesh node COL_ouxiang_side_rail.007
23:48:53 | INFO: Blender create Mesh node COL_ouxiang_table.001
23:48:53 | INFO: Blender create Mesh node COL_corridor_floor.009
23:48:53 | INFO: Blender create Mesh node COL_corridor_side.015
23:48:53 | INFO: Blender create Mesh node COL_corridor_side.016
23:48:53 | INFO: Blender create Mesh node COL_corridor_post.016
23:48:53 | INFO: Blender create Mesh node COL_corridor_post.017
23:48:53 | INFO: Blender create Mesh node COL_corridor_floor.010
23:48:53 | INFO: Blender create Mesh node COL_corridor_side.017
23:48:53 | INFO: Blender create Mesh node COL_corridor_side.018
23:48:53 | INFO: Blender create Mesh node COL_corridor_post.018
23:48:53 | INFO: Blender create Mesh node COL_corridor_post.019
23:48:53 | INFO: Blender create Mesh node COL_corridor_floor.011
23:48:53 | INFO: Blender create Mesh node COL_corridor_side.019
23:48:53 | INFO: Blender create Mesh node COL_corridor_side.020
23:48:53 | INFO: Blender create Mesh node COL_corridor_post.020
23:48:53 | INFO: Blender create Mesh node COL_corridor_post.021
23:48:53 | INFO: Blender create Mesh node COL_corridor_floor.012
23:48:53 | INFO: Blender create Mesh node COL_corridor_side.021
23:48:53 | INFO: Blender create Mesh node COL_corridor_side.022
23:48:53 | INFO: Blender create Mesh node COL_corridor_post.022
23:48:53 | INFO: Blender create Mesh node COL_corridor_post.023
23:48:53 | INFO: Blender create Mesh node COL_corridor_floor.001
23:48:53 | INFO: Blender create Mesh node COL_corridor_side.001
23:48:53 | INFO: Blender create Mesh node COL_corridor_side.002
23:48:53 | INFO: Blender create Mesh node COL_corridor_post.001
23:48:53 | INFO: Blender create Mesh node COL_corridor_post.002
23:48:53 | INFO: Blender create Mesh node COL_corridor_floor.002
23:48:53 | INFO: Blender create Mesh node COL_corridor_side.003
23:48:53 | INFO: Blender create Mesh node COL_corridor_side.004
23:48:53 | INFO: Blender create Mesh node COL_corridor_post.003
23:48:53 | INFO: Blender create Mesh node COL_corridor_post.004
23:48:53 | INFO: Blender create Mesh node COL_corridor_floor.003
23:48:53 | INFO: Blender create Mesh node COL_corridor_side.005
23:48:53 | INFO: Blender create Mesh node COL_corridor_side.006
23:48:53 | INFO: Blender create Mesh node COL_corridor_post.005
23:48:53 | INFO: Blender create Mesh node COL_corridor_post.006
23:48:53 | INFO: Blender create Mesh node COL_corridor_floor.004
23:48:53 | INFO: Blender create Mesh node COL_corridor_side.007
23:48:53 | INFO: Blender create Mesh node COL_corridor_side.008
23:48:53 | INFO: Blender create Mesh node COL_corridor_post.007
23:48:53 | INFO: Blender create Mesh node COL_corridor_post.008
23:48:53 | INFO: Blender create Mesh node COL_corridor_floor.005
23:48:53 | INFO: Blender create Mesh node COL_corridor_side.009
23:48:53 | INFO: Blender create Mesh node COL_corridor_side.010
23:48:53 | INFO: Blender create Mesh node COL_corridor_post.009
23:48:53 | INFO: Blender create Mesh node COL_corridor_post.010
23:48:53 | INFO: Blender create Mesh node COL_corridor_floor.006
23:48:53 | INFO: Blender create Mesh node COL_corridor_side.011
23:48:53 | INFO: Blender create Mesh node COL_corridor_post.011
23:48:53 | INFO: Blender create Mesh node COL_corridor_post.012
23:48:53 | INFO: Blender create Mesh node COL_corridor_floor.007
23:48:53 | INFO: Blender create Mesh node COL_corridor_side.012
23:48:53 | INFO: Blender create Mesh node COL_corridor_post.013
23:48:53 | INFO: Blender create Mesh node COL_corridor_floor.008
23:48:53 | INFO: Blender create Mesh node COL_corridor_side.013
23:48:53 | INFO: Blender create Mesh node COL_corridor_side.014
23:48:53 | INFO: Blender create Mesh node COL_corridor_post.014
23:48:53 | INFO: Blender create Mesh node COL_corridor_post.015
23:48:53 | INFO: Blender create Mesh node COL_corridor_floor.013
23:48:53 | INFO: Blender create Mesh node COL_corridor_side.023
23:48:53 | INFO: Blender create Mesh node COL_corridor_side.024
23:48:53 | INFO: Blender create Mesh node COL_corridor_post.024
23:48:53 | INFO: Blender create Mesh node COL_corridor_post.025
23:48:53 | INFO: Blender create Mesh node COL_corridor_floor.014
23:48:53 | INFO: Blender create Mesh node COL_corridor_side.025
23:48:53 | INFO: Blender create Mesh node COL_corridor_side.026
23:48:53 | INFO: Blender create Mesh node COL_corridor_post.026
23:48:53 | INFO: Blender create Mesh node COL_corridor_post.027
23:48:53 | INFO: Blender create Mesh node COL_corridor_floor.015
23:48:53 | INFO: Blender create Mesh node COL_corridor_side.027
23:48:53 | INFO: Blender create Mesh node COL_corridor_side.028
23:48:53 | INFO: Blender create Mesh node COL_corridor_post.028
23:48:53 | INFO: Blender create Mesh node COL_corridor_post.029
23:48:53 | INFO: Blender create Mesh node COL_corridor_floor.016
23:48:53 | INFO: Blender create Mesh node COL_corridor_side.029
23:48:53 | INFO: Blender create Mesh node COL_corridor_side.030
23:48:53 | INFO: Blender create Mesh node COL_corridor_post.030
23:48:53 | INFO: Blender create Mesh node COL_corridor_post.031
23:48:53 | INFO: Blender create Mesh node COL_qinfang_deck.001
23:48:53 | INFO: Blender create Mesh node COL_pavilion_bench.001
23:48:53 | INFO: Blender create Mesh node COL_pavilion_bench.002
23:48:53 | INFO: Blender create Mesh node COL_pavilion_bracket.001
23:48:53 | INFO: Blender create Mesh node COL_pavilion_bracket.002
23:48:53 | INFO: Blender create Mesh node COL_pavilion_bracket.003
23:48:53 | INFO: Blender create Mesh node COL_pavilion_bracket.004
23:48:53 | INFO: Blender create Mesh node COL_pavilion_bracket.005
23:48:53 | INFO: Blender create Mesh node COL_pavilion_bracket.006
23:48:53 | INFO: Blender create Mesh node COL_pavilion_post.001
23:48:53 | INFO: Blender create Mesh node COL_pavilion_post.002
23:48:53 | INFO: Blender create Mesh node COL_pavilion_post.003
23:48:53 | INFO: Blender create Mesh node COL_pavilion_post.004
23:48:53 | INFO: Blender create Mesh node COL_pavilion_post.005
23:48:53 | INFO: Blender create Mesh node COL_pavilion_post.006
23:48:53 | INFO: Blender create Mesh node COL_pavilion_roof.001
23:48:53 | INFO: Blender create Mesh node COL_qiushuang-zhai_floor.001
23:48:53 | INFO: Blender create Mesh node Cube.009
23:48:53 | INFO: Blender create Mesh node Cube.011
23:48:53 | INFO: Blender create Mesh node Cube.012
23:48:53 | INFO: Blender create Mesh node Cube.013
23:48:53 | INFO: Blender create Mesh node Cube.019
23:48:53 | INFO: Blender create Mesh node Cube.020
23:48:53 | INFO: Blender create Mesh node Cube.023
23:48:53 | INFO: Blender create Mesh node Cube.024
23:48:53 | INFO: Blender create Mesh node Cube.048
23:48:53 | INFO: Blender create Mesh node Cube.050
23:48:53 | INFO: Blender create Mesh node Cube.052
23:48:53 | INFO: Blender create Mesh node Cube.092
23:48:53 | INFO: Blender create Mesh node Cube.093
23:48:53 | INFO: Blender create Mesh node Cube.094
23:48:53 | INFO: Blender create Mesh node Cube.095
23:48:53 | INFO: Blender create Mesh node Cube.096
23:48:53 | INFO: Blender create Mesh node Cube.097
23:48:53 | INFO: Blender create Mesh node Cube.098
23:48:53 | INFO: Blender create Mesh node Cube.099
23:48:53 | INFO: Blender create Mesh node Cube.100
23:48:53 | INFO: Blender create Mesh node Cube.101
23:48:53 | INFO: Blender create Mesh node Cube.102
23:48:53 | INFO: Blender create Mesh node Cube.103
23:48:53 | INFO: Blender create Mesh node Cube.104
23:48:53 | INFO: Blender create Mesh node Cube.105
23:48:53 | INFO: Blender create Mesh node Cube.106
23:48:53 | INFO: Blender create Mesh node Cube.107
23:48:53 | INFO: Blender create Mesh node Cube.108
23:48:53 | INFO: Blender create Mesh node Cube.109
23:48:53 | INFO: Blender create Mesh node Cube.110
23:48:53 | INFO: Blender create Mesh node Cube.111
23:48:53 | INFO: Blender create Mesh node Cube.112
23:48:53 | INFO: Blender create Mesh node Cube.113
23:48:53 | INFO: Blender create Mesh node Cube.114
23:48:53 | INFO: Blender create Mesh node Cube.115
23:48:53 | INFO: Blender create Mesh node Cube.116
23:48:53 | INFO: Blender create Mesh node Cube.117
23:48:53 | INFO: Blender create Mesh node Cube.118
23:48:53 | INFO: Blender create Mesh node Cube.119
23:48:53 | INFO: Blender create Mesh node Cube.120
23:48:53 | INFO: Blender create Mesh node Cube.121
23:48:53 | INFO: Blender create Mesh node Cube.122
23:48:53 | INFO: Blender create Mesh node Cube.123
23:48:53 | INFO: Blender create Mesh node Cube.124
23:48:53 | INFO: Blender create Mesh node Cube.125
23:48:53 | INFO: Blender create Mesh node Cube.126
23:48:53 | INFO: Blender create Mesh node Cube.127
23:48:53 | INFO: Blender create Mesh node Cube.128
23:48:53 | INFO: Blender create Mesh node Cube.129
23:48:53 | INFO: Blender create Mesh node Cube.130
23:48:53 | INFO: Blender create Mesh node Cube.131
23:48:53 | INFO: Blender create Mesh node Cube.132
23:48:53 | INFO: Blender create Mesh node Cube.133
23:48:53 | INFO: Blender create Mesh node Cube.134
23:48:53 | INFO: Blender create Mesh node Cube.135
23:48:53 | INFO: Blender create Mesh node Cube.136
23:48:53 | INFO: Blender create Mesh node Cube.137
23:48:53 | INFO: Blender create Mesh node Cube.138
23:48:53 | INFO: Blender create Mesh node Cube.139
23:48:53 | INFO: Blender create Mesh node Cube.140
23:48:53 | INFO: Blender create Mesh node Cube.141
23:48:53 | INFO: Blender create Mesh node Cube.142
23:48:53 | INFO: Blender create Mesh node Cube.143
23:48:53 | INFO: Blender create Mesh node Cube.144
23:48:53 | INFO: Blender create Mesh node Cube.193
23:48:53 | INFO: Blender create Mesh node Cube.194
23:48:53 | INFO: Blender create Mesh node Cube.195
23:48:53 | INFO: Blender create Mesh node Cube.196
23:48:53 | INFO: Blender create Mesh node Cube.197
23:48:53 | INFO: Blender create Mesh node Cube.198
23:48:53 | INFO: Blender create Mesh node Cube.199
23:48:53 | INFO: Blender create Mesh node Cube.200
23:48:53 | INFO: Blender create Mesh node COL_stone_walk.005
23:48:53 | INFO: Blender create Mesh node COL_stone_walk.008
23:48:53 | INFO: Blender create Mesh node COL_stone_walk.009
23:48:53 | INFO: Blender create Mesh node COL_stone_walk.010
23:48:53 | INFO: Blender create Mesh node COL_stone_walk.011
23:48:53 | INFO: Blender create Mesh node COL_stone_walk.012
23:48:53 | INFO: Blender create Mesh node COL_study_approach.002
23:48:53 | INFO: Blender create Mesh node COL_study_desk_centre.002
23:48:53 | INFO: Blender create Mesh node COL_study_desk_left.002
23:48:53 | INFO: Blender create Mesh node COL_study_desk_right.002
23:48:53 | INFO: Blender create Mesh node COL_study_front_walk.002
23:48:53 | INFO: Blender create Mesh node COL_study_front_wall.002
23:48:53 | INFO: Blender create Mesh node COL_study_post.001
23:48:53 | INFO: Blender create Mesh node COL_study_post.002
23:48:53 | INFO: Blender create Mesh node COL_study_post.003
23:48:53 | INFO: Blender create Mesh node COL_study_post.008
23:48:53 | INFO: Blender create Mesh node Cube.151
23:48:53 | INFO: Blender create Mesh node Cube.152
23:48:53 | INFO: Blender create Mesh node Cube.153
23:48:53 | INFO: Blender create Mesh node Cube.154
23:48:53 | INFO: Blender create Mesh node Cube.155
23:48:53 | INFO: Blender create Mesh node Cube.156
23:48:53 | INFO: Blender create Mesh node Cube.157
23:48:53 | INFO: Blender create Mesh node Cube.158
23:48:53 | INFO: Blender create Mesh node Cube.159
23:48:53 | INFO: Blender create Mesh node Cube.160
23:48:53 | INFO: Blender create Mesh node Cube.161
23:48:53 | INFO: Blender create Mesh node Cube.162
23:48:53 | INFO: Blender create Mesh node Cube.163
23:48:53 | INFO: Blender create Mesh node Cube.164
23:48:53 | INFO: Blender create Mesh node Cube.165
23:48:53 | INFO: Blender create Mesh node Cube.166
23:48:53 | INFO: Blender create Mesh node Cube.167
23:48:53 | INFO: Blender create Mesh node Cube.168
23:48:53 | INFO: Blender create Mesh node Cube.169
23:48:53 | INFO: Blender create Mesh node Cube.170
23:48:53 | INFO: Blender create Mesh node Cube.171
23:48:53 | INFO: Blender create Mesh node Cube.172
23:48:53 | INFO: Blender create Mesh node Cube.173
23:48:53 | INFO: Blender create Mesh node Cube.174
23:48:53 | INFO: Blender create Mesh node Cube.175
23:48:53 | INFO: Blender create Mesh node Cube.176
23:48:53 | INFO: Blender create Mesh node Cube.177
23:48:53 | INFO: Blender create Mesh node Cube.178
23:48:53 | INFO: Blender create Mesh node Cube.179
23:48:53 | INFO: Blender create Mesh node Cube.180
23:48:53 | INFO: Blender create Mesh node Cube.201
23:48:53 | INFO: Blender create Mesh node Cube.202
23:48:53 | INFO: Blender create Mesh node Cube.203
23:48:53 | INFO: Blender create Mesh node Cube.181
23:48:53 | INFO: Blender create Mesh node Cube.182
23:48:53 | INFO: Blender create Mesh node Cube.183
23:48:53 | INFO: Blender create Mesh node Cube.184
23:48:53 | INFO: Blender create Mesh node Cube.185
23:48:53 | INFO: Blender create Mesh node Cube.186
23:48:53 | INFO: Blender create Mesh node Cube.187
23:48:53 | INFO: Blender create Mesh node Cube.188
23:48:53 | INFO: Blender create Mesh node Cube.189
23:48:53 | INFO: Blender create Mesh node Cube.190
23:48:53 | INFO: Blender create Mesh node Cube.191
23:48:53 | INFO: Blender create Mesh node Cube.192
23:48:53 | INFO: Blender create Mesh node COL_tubi-tang_floor.001
23:48:53 | INFO: Blender create Mesh node COL_tubi_approach.001
23:48:53 | INFO: Blender create Mesh node COL_tubi_approach.002
23:48:53 | INFO: Blender create Mesh node COL_tubi_approach.007
23:48:53 | INFO: Blender create Mesh node COL_tubi_approach.008
23:48:53 | INFO: Blender create Mesh node COL_tubi_closed_hall.002
23:48:53 | INFO: Blender create Mesh node COL_tubi_hall_post.001
23:48:53 | INFO: Blender create Mesh node COL_tubi_hall_post.002
23:48:53 | INFO: Blender create Mesh node COL_tubi_hall_post.006
23:48:53 | INFO: Blender create Mesh node COL_tubi_parapet.001
23:48:53 | INFO: Blender create Mesh node COL_tubi_parapet.002
23:48:53 | INFO: Blender create Mesh node COL_tubi_parapet.003
23:48:53 | INFO: Blender create Mesh node COL_tubi_parapet.008
23:48:53 | INFO: Blender create Mesh node COL_tubi_stair_guard.001
23:48:53 | INFO: Blender create Mesh node COL_tubi_stair_guard.004
23:48:53 | INFO: Blender create Mesh node COL_tubi_stair_ramp.002
23:48:53 | INFO: Blender create Mesh node COL_tubi_terrace.002
23:48:53 | INFO: Blender create Mesh node COL_tubi_topic_table.002
23:48:53 | INFO: Blender create Mesh node COL_tubi_view_bench_left.001
23:48:53 | INFO: Blender create Mesh node COL_tubi_view_bench_right.001
23:48:53 | INFO: Blender create Mesh node COL_water_bridge_side.001
23:48:53 | INFO: Blender create Mesh node COL_water_bridge_side.004
23:48:53 | INFO: Blender create Mesh node COL_water_bridge_deck.002
23:48:53 | INFO: Blender create Mesh node COL_xiaoxiang_bamboo_bed.004
23:48:53 | INFO: Blender create Mesh node COL_xiaoxiang_bamboo_bed.005
23:48:53 | INFO: Blender create Mesh node COL_xiaoxiang_bamboo_bed.006
23:48:53 | INFO: Blender create Mesh node COL_xiaoxiang_bamboo_bed.007
23:48:53 | INFO: Blender create Mesh node COL_xiaoxiang_closed_front.001
23:48:53 | INFO: Blender create Mesh node COL_xiaoxiang_floor.001
23:48:53 | INFO: Blender create Mesh node COL_xiaoxiang_return.002
23:48:53 | INFO: Blender create Mesh node COL_xiaoxiang_return.003
23:48:53 | INFO: Blender create Mesh node COL_xiaoxiang_threshold.001
23:48:53 | INFO: Blender create Mesh node COL_yihong_closed_front.002
23:48:53 | INFO: Blender create Mesh node COL_yihong_court_side.001
23:48:53 | INFO: Blender create Mesh node COL_yihong_court_side.004
23:48:53 | INFO: Blender create Mesh node COL_yihong_floor.002
23:48:53 | INFO: Blender create Mesh node COL_yihong_planter.001
23:48:53 | INFO: Blender create Mesh node COL_yihong_planter.004
23:48:53 | INFO: Blender create Mesh node COL_yihong_side_return.001
23:48:53 | INFO: Blender create Mesh node COL_yihong_side_return.004
23:48:53 | INFO: Blender create Mesh node COL_yihong_threshold.002
23:48:53 | INFO: Blender create Mesh node COL_ziling_landing.001
23:48:53 | INFO: Blender create Mesh node HERO_aojing-guan_title.002
23:48:53 | INFO: Blender create Mesh node HERO_daguan_title.001
23:48:53 | INFO: Blender create Mesh node HERO_daoxiang-cun_title.002
23:48:53 | INFO: Blender create Mesh node KIT_flora_plum_render.001
23:48:53 | INFO: Blender create Mesh node KIT_flora_plum_render.002
23:48:53 | INFO: Blender create Mesh node KIT_flora_bamboo_large_render.001
23:48:53 | INFO: Blender create Mesh node KIT_flora_bamboo_large_render.002
23:48:53 | INFO: Blender create Mesh node KIT_flora_bamboo_small_render.001
23:48:53 | INFO: Blender create Mesh node KIT_flora_willow_render.001
23:48:53 | INFO: Blender create Mesh node KIT_flora_willow_render.002
23:48:53 | INFO: Blender create Mesh node KIT_flora_bamboo_large_render.003
23:48:53 | INFO: Blender create Mesh node KIT_flora_bamboo_medium_render.001
23:48:53 | INFO: Blender create Mesh node KIT_flora_bamboo_small_render.002
23:48:53 | INFO: Blender create Mesh node KIT_flora_bamboo_large_render.004
23:48:53 | INFO: Blender create Mesh node KIT_flora_banana_render.001
23:48:53 | INFO: Blender create Mesh node KIT_flora_banana_render.002
23:48:53 | INFO: Blender create Mesh node KIT_flora_reed_render.001
23:48:53 | INFO: Blender create Mesh node KIT_flora_reed_render.002
23:48:53 | INFO: Blender create Mesh node KIT_flora_reed_render.003
23:48:53 | INFO: Blender create Mesh node KIT_flora_reed_render.004
23:48:53 | INFO: Blender create Mesh node KIT_flora_reed_render.005
23:48:53 | INFO: Blender create Mesh node KIT_flora_reed_render.006
23:48:53 | INFO: Blender create Mesh node KIT_flora_reed_render.007
23:48:53 | INFO: Blender create Mesh node KIT_flora_reed_render.008
23:48:53 | INFO: Blender create Mesh node KIT_flora_reed_render.009
23:48:53 | INFO: Blender create Mesh node KIT_flora_reed_render.010
23:48:53 | INFO: Blender create Mesh node HERO_gate_inscription.001
23:48:53 | INFO: Blender create Mesh node HERO_gate_water_drips.001
23:48:53 | INFO: Blender create Mesh node HERO_hengwu-yuan_title.002
23:48:53 | INFO: Blender create Mesh node HERO_longcui-an_title.002
23:48:53 | INFO: Blender create Mesh node HERO_qinfang-ting_title.002
23:48:53 | INFO: Blender create Mesh node HERO_qinfang_bridge.001
23:48:53 | INFO: Blender create Mesh node HERO_study_scroll_bamboo.002
23:48:53 | INFO: Blender create Mesh node HERO_study_scroll_plum.002
23:48:53 | INFO: Blender create Mesh node HERO_study_title.002
23:48:53 | INFO: Blender create Mesh node HERO_table_hexagram.001
23:48:53 | INFO: Blender create Mesh node line_piece.005
23:48:53 | INFO: Blender create Mesh node line_piece.002
23:48:53 | INFO: Blender create Mesh node line_piece.011
23:48:53 | INFO: Blender create Mesh node line_piece.008
23:48:53 | INFO: Blender create Mesh node line_piece.017
23:48:53 | INFO: Blender create Mesh node line_piece.014
23:48:53 | INFO: Blender create Mesh node line_piece.019
23:48:53 | INFO: Blender create Mesh node line_piece.018
23:48:53 | INFO: Blender create Mesh node line_piece.021
23:48:53 | INFO: Blender create Mesh node line_piece.020
23:48:53 | INFO: Blender create Mesh node line_piece.023
23:48:53 | INFO: Blender create Mesh node line_piece.022
23:48:53 | INFO: Blender create Mesh node HERO_table_pedestal.001
23:48:53 | INFO: Blender create Mesh node HERO_tubi_title.002
23:48:53 | INFO: Blender create Mesh node HERO_xiaoxiang-guan_title.002
23:48:53 | INFO: Blender create Mesh node HERO_yihong-yuan_title.002
23:48:53 | INFO: Blender create Mesh node AOJING_pond.002
23:48:53 | INFO: Blender create Mesh node AOJING_backstage.002
23:48:53 | INFO: Blender create Mesh node AOJING_amber_window.002
23:48:53 | INFO: Blender create Mesh node AOJING_window_lattice.001
23:48:53 | INFO: Blender create Mesh node AOJING_dry_ledge.002
23:48:53 | INFO: Blender create Mesh node AOJING_roof.002
23:48:53 | INFO: Blender create Mesh node AOJING_closed_front.002
23:48:53 | INFO: Blender create Mesh node DAGUAN_backstage.001
23:48:53 | INFO: Blender create Mesh node DAGUAN_door_stud.180
23:48:53 | INFO: Blender create Mesh node DAGUAN_amber_transom.002
23:48:53 | INFO: Blender create Mesh node DAGUAN_closed_door.010
23:48:53 | INFO: Blender create Mesh node DAGUAN_recessed_panel.020
23:48:53 | INFO: Blender create Mesh node DAGUAN_column.006
23:48:53 | INFO: Blender create Mesh node DAGUAN_platform.001
23:48:53 | INFO: Blender create Mesh node DAGUAN_lower_roof.001
23:48:53 | INFO: Blender create Mesh node DAGUAN_front.001
23:48:53 | INFO: Blender create Mesh node DAOXIANG_backstage.001
23:48:53 | INFO: Blender create Mesh node DAOXIANG_door_latch.001
23:48:53 | INFO: Blender create Mesh node DAOXIANG_warm_sliver.001
23:48:53 | INFO: Blender create Mesh node DAOXIANG_closed_door.001
23:48:53 | INFO: Blender create Mesh node DAOXIANG_paddy_painting.001
23:48:53 | INFO: Blender create Mesh node DAOXIANG_court.001
23:48:53 | INFO: Blender create Mesh node DAOXIANG_thatch_mass.001
23:48:53 | INFO: Blender create Mesh node DAOXIANG_front.001
23:48:53 | INFO: Blender create Mesh node SITE_hengwu-yuan_backstage.001
23:48:53 | INFO: Blender create Mesh node KIT_pavilion_finial.011
23:48:53 | INFO: Blender create Mesh node KIT_wall_amber_window.006
23:48:53 | INFO: Blender create Mesh node HENGWU_herb_leaf.001
23:48:53 | INFO: Blender create Mesh node KIT_wall_lattice_vertical.105
23:48:53 | INFO: Blender create Mesh node SITE_hengwu-yuan_platform.001
23:48:53 | INFO: Blender create Mesh node KIT_props_lantern_hanging_render.015
23:48:53 | INFO: Blender create Mesh node KIT_pavilion_roof.011
23:48:53 | INFO: Blender create Mesh node KIT_wall_bay.001
23:48:53 | INFO: Blender create Mesh node SITE_hengwu-yuan_front.001
23:48:53 | INFO: Blender create Mesh node LONGCUI_backstage.001
23:48:53 | INFO: Blender create Mesh node LONGCUI_gate_pull.002
23:48:53 | INFO: Blender create Mesh node LONGCUI_closed_gate.002
23:48:53 | INFO: Blender create Mesh node LONGCUI_paving.001
23:48:53 | INFO: Blender create Mesh node KIT_props_lantern_hanging_render.016
23:48:53 | INFO: Blender create Mesh node LONGCUI_wall_cap.001
23:48:53 | INFO: Blender create Mesh node LONGCUI_closed_front.001
23:48:53 | INFO: Blender create Mesh node KIT_props_tea_cup.006
23:48:53 | INFO: Blender create Mesh node KIT_water_lotus_leaf.007
23:48:53 | INFO: Blender create Mesh node SITE_ouxiang_deck.001
23:48:53 | INFO: Blender create Mesh node KIT_pavilion_water_pier.004
23:48:53 | INFO: Blender create Mesh node KIT_props_lantern_hanging_render.013
23:48:53 | INFO: Blender create Mesh node KIT_pavilion_water_hipped_roof.001
23:48:53 | INFO: Blender create Mesh node KIT_water_lotus.021
23:48:53 | INFO: Blender create Mesh node KIT_corridor_rail.008
23:48:53 | INFO: Blender create Mesh node KIT_pavilion_roof_shell.001
23:48:53 | INFO: Blender create Mesh node KIT_pavilion_plinth.001
23:48:53 | INFO: Blender create Mesh node KIT_props_lantern_hanging_render.001
23:48:53 | INFO: Blender create Mesh node KIT_water_stream.001
23:48:53 | INFO: Blender create Mesh node SITE_qiushuang-zhai_backstage.001
23:48:53 | INFO: Blender create Mesh node KIT_pavilion_finial.005
23:48:53 | INFO: Blender create Mesh node KIT_wall_lattice_vertical.042
23:48:53 | INFO: Blender create Mesh node SITE_qiushuang-zhai_platform.001
23:48:53 | INFO: Blender create Mesh node KIT_props_lantern_hanging_render.010
23:48:53 | INFO: Blender create Mesh node KIT_pavilion_roof.005
23:48:53 | INFO: Blender create Mesh node KIT_tech_terminal_desk_render.007
23:48:53 | INFO: Blender create Mesh node SITE_qiushuang-zhai_front.001
23:48:53 | INFO: Blender create Mesh node GATE_banana_pseudostem.001
23:48:53 | INFO: Blender create Mesh node GATE_banana_soil.001
23:48:53 | INFO: Blender create Mesh node KIT_rockery_passage.001
23:48:53 | INFO: Blender create Mesh node GATE_paving.002
23:48:53 | INFO: Blender create Mesh node KIT_props_lantern_hanging_render.008
23:48:53 | INFO: Blender create Mesh node KIT_stage_fog_plane_render.017
23:48:53 | INFO: Blender create Mesh node KIT_stage_floor.001
23:48:53 | INFO: Blender create Mesh node AOJING_approach_guard.001
23:48:53 | INFO: Blender create Mesh node KIT_stage_painted_moon.001
23:48:53 | INFO: Blender create Mesh node KIT_stage_painted_mountain_layer.003
23:48:53 | INFO: Blender create Mesh node KIT_stage_painted_mountain_layer.004
23:48:53 | INFO: Blender create Mesh node KIT_stage_painted_mountain_layer.005
23:48:53 | INFO: Blender create Mesh node KIT_water_stone_walk.005
23:48:53 | INFO: Blender create Mesh node Painted coved ceiling candidate.001
23:48:53 | INFO: Blender create Mesh node KIT_stage_painted_canvas.002
23:48:53 | INFO: Blender create Mesh node Eight painted cyclorama arcs.001
23:48:53 | INFO: Blender create Mesh node KIT_stage_fog_plane_render.002
23:48:53 | INFO: Blender create Mesh node KIT_tech_cell_side.012
23:48:53 | INFO: Blender create Mesh node KIT_wall_window_bar.030
23:48:53 | INFO: Blender create Mesh node KIT_stage_entry_walk.002
23:48:53 | INFO: Blender create Mesh node KIT_props_folding_chair_render.001
23:48:53 | INFO: Blender create Mesh node KIT_stage_floor_boards_render.002
23:48:53 | INFO: Blender create Mesh node KIT_stage_gel_frame_render.002
23:48:53 | INFO: Blender create Mesh node KIT_stage_studio_wall_render.002
23:48:53 | INFO: Blender create Mesh node KIT_stage_fog_plane_render.020
23:48:53 | INFO: Blender create Mesh node KIT_tech_terminal_desk_render.001
23:48:53 | INFO: Blender create Mesh node KIT_props_scroll_render.001
23:48:53 | INFO: Blender create Mesh node SITE_tubi-tang_backstage.001
23:48:53 | INFO: Blender create Mesh node KIT_pavilion_finial.007
23:48:53 | INFO: Blender create Mesh node KIT_wall_amber_window.003
23:48:53 | INFO: Blender create Mesh node TUBI_topic_line.001
23:48:53 | INFO: Blender create Mesh node KIT_wall_lattice_vertical.063
23:48:53 | INFO: Blender create Mesh node SITE_tubi-tang_platform.001
23:48:53 | INFO: Blender create Mesh node KIT_props_lantern_hanging_render.012
23:48:53 | INFO: Blender create Mesh node KIT_pavilion_roof.007
23:48:53 | INFO: Blender create Mesh node TUBI_terrace.002
23:48:53 | INFO: Blender create Mesh node SITE_tubi-tang_front.001
23:48:53 | INFO: Blender create Mesh node XIAOXIANG_black_back.001
23:48:53 | INFO: Blender create Mesh node XIAOXIANG_gate_pull.002
23:48:53 | INFO: Blender create Mesh node XIAOXIANG_amber_window.001
23:48:53 | INFO: Blender create Mesh node XIAOXIANG_gate_leaf.002
23:48:53 | INFO: Blender create Mesh node XIAOXIANG_paving.001
23:48:53 | INFO: Blender create Mesh node XIAOXIANG_wall_cap.001
23:48:53 | INFO: Blender create Mesh node XIAOXIANG_closed_front.001
23:48:53 | INFO: Blender create Mesh node YIHONG_backstage.002
23:48:53 | INFO: Blender create Mesh node YIHONG_door_rail.001
23:48:53 | INFO: Blender create Mesh node YIHONG_amber_window.002
23:48:53 | INFO: Blender create Mesh node YIHONG_door_panel.001
23:48:53 | INFO: Blender create Mesh node YIHONG_paving.002
23:48:53 | INFO: Blender create Mesh node YIHONG_court_cap.001
23:48:53 | INFO: Blender create Mesh node YIHONG_closed_front.002
23:48:53 | INFO: Blender create Mesh node KIT_water_lotus_leaf.011
23:48:53 | INFO: Blender create Mesh node KIT_water_plank.002
23:48:53 | INFO: Blender create Mesh node SITE_ziling_island.001
23:48:53 | INFO: glTF import finished in 0.91s
Info: Baking map saved to internal image, save it externally or pack it
TERMINAL_SPILL_CONTROL direct [{'pixels': 282, 'linear_max': 0.0, 'linear_mean': [0.0, 0.0, 0.0]}, {'pixels': 314, 'linear_max': 0.0, 'linear_mean': [0.0, 0.0, 0.0]}, {'pixels': 279, 'linear_max': 0.0, 'linear_mean': [0.0, 0.0, 0.0]}, {'pixels': 292, 'linear_max': 0.0, 'linear_mean': [0.0, 0.0, 0.0]}, {'pixels': 266, 'linear_max': 0.0, 'linear_mean': [0.0, 0.0, 0.0]}, {'pixels': 249, 'linear_max': 0.0, 'linear_mean': [0.0, 0.0, 0.0]}]
/private/var/folders/gf/s_g2zvzj3jxbylz3ylbc7k4c0000gn/T/garden-neutral-path-full-source-qerzvuc4/scripts/bake_terminal_spill.py:101: DeprecationWarning: 'Material.use_nodes' is expected to be removed in Blender 6.0
  material.use_nodes = True
Info: Baking map saved to internal image, save it externally or pack it
TERMINAL_SPILL_CONTROL window_only [{'pixels': 282, 'linear_max': 5.030837201047689e-05, 'linear_mean': [1.0637586456141435e-06, 1.448129864911607e-06, 2.467864305799594e-06]}, {'pixels': 314, 'linear_max': 6.72836322337389e-05, 'linear_mean': [1.0376026011726935e-06, 1.4393162928172387e-06, 2.6961590720020467e-06]}, {'pixels': 279, 'linear_max': 3.732814730028622e-05, 'linear_mean': [7.64668470765173e-07, 1.0433403758725035e-06, 1.8446282865625108e-06]}, {'pixels': 292, 'linear_max': 9.717855573398992e-05, 'linear_mean': [7.121190606085293e-07, 9.603290891391225e-07, 1.7727129488775972e-06]}, {'pixels': 266, 'linear_max': 5.091131606604904e-05, 'linear_mean': [5.625265089292952e-07, 8.024760518310359e-07, 1.4495473124043201e-06]}, {'pixels': 249, 'linear_max': 0.00013205793220549822, 'linear_mean': [1.0684177595976507e-06, 1.507553406554507e-06, 2.929247102656518e-06]}]
Info: Baking map saved to internal image, save it externally or pack it
TERMINAL_SPILL_CONTROL sealed [{'pixels': 282, 'linear_max': 0.0, 'linear_mean': [0.0, 0.0, 0.0]}, {'pixels': 314, 'linear_max': 0.0, 'linear_mean': [0.0, 0.0, 0.0]}, {'pixels': 279, 'linear_max': 0.0, 'linear_mean': [0.0, 0.0, 0.0]}, {'pixels': 292, 'linear_max': 0.0, 'linear_mean': [0.0, 0.0, 0.0]}, {'pixels': 266, 'linear_max': 0.0, 'linear_mean': [0.0, 0.0, 0.0]}, {'pixels': 249, 'linear_max': 0.0, 'linear_mean': [0.0, 0.0, 0.0]}]
Info: Baking map saved to internal image, save it externally or pack it
TERMINAL_SPILL_CONTROL washes_off [{'pixels': 282, 'linear_max': 0.0, 'linear_mean': [0.0, 0.0, 0.0]}, {'pixels': 314, 'linear_max': 0.0, 'linear_mean': [0.0, 0.0, 0.0]}, {'pixels': 279, 'linear_max': 0.0, 'linear_mean': [0.0, 0.0, 0.0]}, {'pixels': 292, 'linear_max': 0.0, 'linear_mean': [0.0, 0.0, 0.0]}, {'pixels': 266, 'linear_max': 0.0, 'linear_mean': [0.0, 0.0, 0.0]}, {'pixels': 249, 'linear_max': 0.0, 'linear_mean': [0.0, 0.0, 0.0]}]
Info: Baking map saved to internal image, save it externally or pack it
TERMINAL_SPILL_BAKED SITE_terminal-cells_MAT_backstage 0.007564145606011152 0.4060783386230469
Info: Baking map saved to internal image, save it externally or pack it
TERMINAL_SPILL_BAKED SITE_terminal-cells_MAT_lattice_wood 0.0025242038536816835 0.249786376953125
Info: Baking map saved to internal image, save it externally or pack it
TERMINAL_SPILL_BAKED SITE_terminal-cells_MAT_plaster_rock 0.001468248781748116 0.2802238464355469
Info: Baking map saved to internal image, save it externally or pack it
TERMINAL_SPILL_BAKED SITE_terminal-cells_MAT_props_atlas 0.00035744108026847243 0.43047332763671875
Info: Baking map saved to internal image, save it externally or pack it
TERMINAL_SPILL_BAKED SITE_terminal-cells_MAT_stage_atlas 0.0011361679062247276 0.11767196655273438
Info: Baking map saved to internal image, save it externally or pack it
TERMINAL_SPILL_BAKED SITE_terminal-cells_MAT_tech_atlas 0.001252953545190394 0.14203262329101562
Info: Baking map saved to internal image, save it externally or pack it
TERMINAL_SPILL_BAKED SITE_terminal-cells_MAT_terminal_scroll 0.0008598029962740839 0.2602119445800781
NATIVE_TERMINAL_SPILL_PASS 7 source files unchanged
Blender 5.2.2 LTS (hash d13f752e3b9c built 2026-09-15 01:49:19)

Blender quit
