To honour the JVM settings for this build a single-use Daemon process will be forked. For more on this, please refer to https://docs.gradle.org/8.11.1/userguide/gradle_daemon.html#sec:disabling_the_daemon in the Gradle documentation.
Daemon will be stopped at the end of the build 
WARNING: We recommend using a newer Android Gradle plugin to use compileSdk = 36

This Android Gradle plugin (8.6.1) was tested up to compileSdk = 35.

You are strongly encouraged to update your project to use a newer
Android Gradle plugin that has been tested with compileSdk = 36.

If you are already using the latest version of the Android Gradle plugin,
you may need to wait until a newer version with support for compileSdk = 36 is available.

For more information refer to the compatibility table:
https://d.android.com/r/tools/api-level-support

To suppress this warning, add/update
    android.suppressUnsupportedCompileSdk=36
to this project's gradle.properties.
> Task :identity:preBuild UP-TO-DATE
> Task :identity:preDebugBuild UP-TO-DATE
> Task :identity:mergeDebugJniLibFolders
> Task :identity:mergeDebugNativeLibs NO-SOURCE
> Task :identity:stripDebugDebugSymbols NO-SOURCE
> Task :identity:copyDebugJniLibsProjectAndLocalJars
> Task :identity:generateDebugResValues
> Task :identity:generateDebugResources
> Task :identity:packageDebugResources
> Task :identity:extractDeepLinksForAarDebug
> Task :identity:javaPreCompileDebug
> Task :identity:mergeDebugShaders
> Task :identity:compileDebugShaders NO-SOURCE
> Task :identity:generateDebugAssets UP-TO-DATE
> Task :identity:parseDebugLocalResources
> Task :identity:packageDebugAssets
> Task :identity:prepareDebugArtProfile
> Task :identity:prepareLintJarForPublish
> Task :identity:generateDebugRFile
> Task :identity:processDebugManifest
> Task :identity:extractDebugAnnotations

> Task :identity:compileDebugJavaWithJavac
Note: /private/var/folders/gf/s_g2zvzj3jxbylz3ylbc7k4c0000gn/T/garden-identity-build-hz9fhouh/identity/src/main/java/ai/eightbitoracle/garden/identity/GardenIdentityPlugin.java uses or overrides a deprecated API.
Note: Recompile with -Xlint:deprecation for details.

> Task :identity:mergeDebugGeneratedProguardFiles
> Task :identity:mergeDebugConsumerProguardFiles
> Task :identity:processDebugJavaRes NO-SOURCE
> Task :identity:writeDebugAarMetadata
> Task :identity:preReleaseBuild UP-TO-DATE
> Task :identity:mergeReleaseJniLibFolders
> Task :identity:mergeReleaseNativeLibs NO-SOURCE
> Task :identity:stripReleaseDebugSymbols NO-SOURCE
> Task :identity:copyReleaseJniLibsProjectAndLocalJars
> Task :identity:generateReleaseResValues
> Task :identity:extractDeepLinksForAarRelease
> Task :identity:generateReleaseResources
> Task :identity:mergeDebugJavaResource
> Task :identity:syncDebugLibJars
> Task :identity:bundleDebugAar
> Task :identity:assembleDebug
> Task :identity:packageReleaseResources
> Task :identity:parseReleaseLocalResources
> Task :identity:javaPreCompileRelease
> Task :identity:generateReleaseRFile
> Task :identity:mergeReleaseShaders
> Task :identity:extractReleaseAnnotations

> Task :identity:compileReleaseJavaWithJavac
Note: /private/var/folders/gf/s_g2zvzj3jxbylz3ylbc7k4c0000gn/T/garden-identity-build-hz9fhouh/identity/src/main/java/ai/eightbitoracle/garden/identity/GardenIdentityPlugin.java uses or overrides a deprecated API.
Note: Recompile with -Xlint:deprecation for details.

> Task :identity:mergeReleaseGeneratedProguardFiles
> Task :identity:mergeReleaseConsumerProguardFiles
> Task :identity:compileReleaseShaders NO-SOURCE
> Task :identity:generateReleaseAssets UP-TO-DATE
> Task :identity:packageReleaseAssets
> Task :identity:prepareReleaseArtProfile
> Task :identity:processReleaseJavaRes NO-SOURCE
> Task :identity:mergeReleaseJavaResource
> Task :identity:processReleaseManifest
> Task :identity:syncReleaseLibJars
> Task :identity:writeReleaseAarMetadata
> Task :identity:mapReleaseSourceSetPaths
> Task :identity:bundleReleaseAar
> Task :identity:mergeReleaseResources
> Task :identity:bundleLibCompileToJarDebug
> Task :identity:preDebugAndroidTestBuild UP-TO-DATE
> Task :identity:javaPreCompileDebugAndroidTest
> Task :identity:checkDebugAndroidTestAarMetadata
> Task :identity:compileDebugLibraryResources
> Task :identity:generateDebugAndroidTestResValues
> Task :identity:mapDebugAndroidTestSourceSetPaths
> Task :identity:generateDebugAndroidTestResources
> Task :identity:verifyReleaseResources
> Task :identity:assembleRelease
> Task :identity:extractDeepLinksDebug
> Task :identity:mergeDebugAndroidTestResources
> Task :identity:processDebugAndroidTestManifest
> Task :identity:mergeDebugAndroidTestShaders
> Task :identity:compileDebugAndroidTestShaders NO-SOURCE
> Task :identity:generateDebugAndroidTestAssets UP-TO-DATE
> Task :identity:mergeDebugAndroidTestAssets
> Task :identity:compressDebugAndroidTestAssets
> Task :identity:bundleLibRuntimeToJarDebug
> Task :identity:processDebugAndroidTestResources
> Task :identity:compileDebugAndroidTestJavaWithJavac
> Task :identity:desugarDebugAndroidTestFileDependencies
> Task :identity:dexBuilderDebugAndroidTest
> Task :identity:processDebugAndroidTestJavaRes NO-SOURCE
> Task :identity:mergeDebugAndroidTestGlobalSynthetics
> Task :identity:checkDebugAndroidTestDuplicateClasses
> Task :identity:mergeDebugAndroidTestJavaResource
> Task :identity:mergeExtDexDebugAndroidTest
> Task :identity:bundleLibRuntimeToDirDebug
> Task :identity:mergeProjectDexDebugAndroidTest
> Task :identity:copyDebugJniLibsProjectOnly
> Task :identity:mergeDebugAndroidTestJniLibFolders
> Task :identity:mergeDebugAndroidTestNativeLibs NO-SOURCE
> Task :identity:stripDebugAndroidTestDebugSymbols NO-SOURCE
> Task :identity:validateSigningDebugAndroidTest
> Task :identity:mergeLibDexDebugAndroidTest
> Task :identity:writeDebugAndroidTestSigningConfigVersions
> Task :identity:packageDebugAndroidTest
> Task :identity:createDebugAndroidTestApkListingFileRedirect
> Task :identity:assembleDebugAndroidTest
[Incubating] Problems report is available at: file:///private/var/folders/gf/s_g2zvzj3jxbylz3ylbc7k4c0000gn/T/garden-identity-build-hz9fhouh/build/reports/problems/problems-report.html

BUILD SUCCESSFUL in 21s
77 actionable tasks: 77 executed
