Godot Engine v4.7.2.stable.official.ed1daf0bf - https://godotengine.org
OpenGL API 4.1 Metal - 90.5 - Compatibility - Using Device: Apple - Apple M2 Max

ERROR: PORTRAIT_ARCHITECTURE_REJECTED: daoxiang_cun architecture too small: arrival-390x844
   at: push_error (core/variant/variant_utility.cpp:1023)
   GDScript backtrace (most recent call first):
       [0] check (res://tests/test_portrait_architecture.gd:17)
       [1] inspect (res://tests/test_portrait_architecture.gd:44)
       [2] run (res://tests/test_portrait_architecture.gd:71)
       [3] settle (res://tests/test_portrait_architecture.gd:22)
ERROR: PORTRAIT_ARCHITECTURE_REJECTED: daoxiang_cun architecture off center: arrival-390x844
   at: push_error (core/variant/variant_utility.cpp:1023)
   GDScript backtrace (most recent call first):
       [0] check (res://tests/test_portrait_architecture.gd:17)
       [1] inspect (res://tests/test_portrait_architecture.gd:45)
       [2] run (res://tests/test_portrait_architecture.gd:71)
       [3] settle (res://tests/test_portrait_architecture.gd:22)
ERROR: PORTRAIT_ARCHITECTURE_REJECTED: daoxiang_cun architecture obscured/clipped: look-360x800
   at: push_error (core/variant/variant_utility.cpp:1023)
   GDScript backtrace (most recent call first):
       [0] check (res://tests/test_portrait_architecture.gd:17)
       [1] inspect (res://tests/test_portrait_architecture.gd:43)
       [2] run (res://tests/test_portrait_architecture.gd:84)
       [3] settle (res://tests/test_portrait_architecture.gd:22)
ERROR: PORTRAIT_ARCHITECTURE_REJECTED: daoxiang_cun resizing did not restore desktop overview
   at: push_error (core/variant/variant_utility.cpp:1023)
   GDScript backtrace (most recent call first):
       [0] check (res://tests/test_portrait_architecture.gd:17)
       [1] run (res://tests/test_portrait_architecture.gd:91)
       [2] settle (res://tests/test_portrait_architecture.gd:22)
ERROR: PORTRAIT_ARCHITECTURE_REJECTED: daoxiang_cun architecture obscured/clipped: resized-390x844
   at: push_error (core/variant/variant_utility.cpp:1023)
   GDScript backtrace (most recent call first):
       [0] check (res://tests/test_portrait_architecture.gd:17)
       [1] inspect (res://tests/test_portrait_architecture.gd:43)
       [2] run (res://tests/test_portrait_architecture.gd:96)
       [3] settle (res://tests/test_portrait_architecture.gd:22)
ERROR: PORTRAIT_ARCHITECTURE_REJECTED: daguan_lou architecture obscured/clipped: arrival-390x844
   at: push_error (core/variant/variant_utility.cpp:1023)
   GDScript backtrace (most recent call first):
       [0] check (res://tests/test_portrait_architecture.gd:17)
       [1] inspect (res://tests/test_portrait_architecture.gd:43)
       [2] run (res://tests/test_portrait_architecture.gd:71)
       [3] settle (res://tests/test_portrait_architecture.gd:22)
ERROR: PORTRAIT_ARCHITECTURE_REJECTED: daguan_lou architecture obscured/clipped: look-360x800
   at: push_error (core/variant/variant_utility.cpp:1023)
   GDScript backtrace (most recent call first):
       [0] check (res://tests/test_portrait_architecture.gd:17)
       [1] inspect (res://tests/test_portrait_architecture.gd:43)
       [2] run (res://tests/test_portrait_architecture.gd:84)
       [3] settle (res://tests/test_portrait_architecture.gd:22)
ERROR: PORTRAIT_ARCHITECTURE_REJECTED: daguan_lou resizing did not restore desktop overview
   at: push_error (core/variant/variant_utility.cpp:1023)
   GDScript backtrace (most recent call first):
       [0] check (res://tests/test_portrait_architecture.gd:17)
       [1] run (res://tests/test_portrait_architecture.gd:91)
       [2] settle (res://tests/test_portrait_architecture.gd:22)
ERROR: PORTRAIT_ARCHITECTURE_REJECTED: daguan_lou architecture obscured/clipped: resized-390x844
   at: push_error (core/variant/variant_utility.cpp:1023)
   GDScript backtrace (most recent call first):
       [0] check (res://tests/test_portrait_architecture.gd:17)
       [1] inspect (res://tests/test_portrait_architecture.gd:43)
       [2] run (res://tests/test_portrait_architecture.gd:96)
       [3] settle (res://tests/test_portrait_architecture.gd:22)
ERROR: PORTRAIT_ARCHITECTURE_REJECTED: longcui_an architecture too small: arrival-390x844
   at: push_error (core/variant/variant_utility.cpp:1023)
   GDScript backtrace (most recent call first):
       [0] check (res://tests/test_portrait_architecture.gd:17)
       [1] inspect (res://tests/test_portrait_architecture.gd:44)
       [2] run (res://tests/test_portrait_architecture.gd:71)
       [3] settle (res://tests/test_portrait_architecture.gd:22)
ERROR: PORTRAIT_ARCHITECTURE_REJECTED: longcui_an architecture obscured/clipped: look-360x800
   at: push_error (core/variant/variant_utility.cpp:1023)
   GDScript backtrace (most recent call first):
       [0] check (res://tests/test_portrait_architecture.gd:17)
       [1] inspect (res://tests/test_portrait_architecture.gd:43)
       [2] run (res://tests/test_portrait_architecture.gd:84)
       [3] settle (res://tests/test_portrait_architecture.gd:22)
ERROR: PORTRAIT_ARCHITECTURE_REJECTED: longcui_an resizing did not restore desktop overview
   at: push_error (core/variant/variant_utility.cpp:1023)
   GDScript backtrace (most recent call first):
       [0] check (res://tests/test_portrait_architecture.gd:17)
       [1] run (res://tests/test_portrait_architecture.gd:91)
       [2] settle (res://tests/test_portrait_architecture.gd:22)
ERROR: PORTRAIT_ARCHITECTURE_REJECTED: longcui_an architecture obscured/clipped: resized-390x844
   at: push_error (core/variant/variant_utility.cpp:1023)
   GDScript backtrace (most recent call first):
       [0] check (res://tests/test_portrait_architecture.gd:17)
       [1] inspect (res://tests/test_portrait_architecture.gd:43)
       [2] run (res://tests/test_portrait_architecture.gd:96)
       [3] settle (res://tests/test_portrait_architecture.gd:22)
PORTRAIT_ARCHITECTURE_RESULT 15 captures; 13 failures
