Godot Engine v4.7.2.stable.official.ed1daf0bf - https://godotengine.org
OpenGL API 4.1 Metal - 90.5 - Compatibility - Using Device: Apple - Apple M2 Max

ERROR: QIUSHUANG_FRAMING_REJECTED: Subject clipped or covered: arrival-portrait
   at: push_error (core/variant/variant_utility.cpp:1023)
   GDScript backtrace (most recent call first):
       [0] check (res://tests/test_qiushuang_framing.gd:23)
       [1] inspect (res://tests/test_qiushuang_framing.gd:77)
       [2] run (res://tests/test_qiushuang_framing.gd:117)
       [3] settle (res://tests/test_qiushuang_framing.gd:31)
ERROR: QIUSHUANG_FRAMING_REJECTED: Subject clipped or covered: arrival-narrow
   at: push_error (core/variant/variant_utility.cpp:1023)
   GDScript backtrace (most recent call first):
       [0] check (res://tests/test_qiushuang_framing.gd:23)
       [1] inspect (res://tests/test_qiushuang_framing.gd:77)
       [2] run (res://tests/test_qiushuang_framing.gd:118)
       [3] settle (res://tests/test_qiushuang_framing.gd:31)
ERROR: QIUSHUANG_FRAMING_REJECTED: Original desktop pose not restored: arrival
   at: push_error (core/variant/variant_utility.cpp:1023)
   GDScript backtrace (most recent call first):
       [0] check (res://tests/test_qiushuang_framing.gd:23)
       [1] desktop_pose (res://tests/test_qiushuang_framing.gd:89)
       [2] run (res://tests/test_qiushuang_framing.gd:119)
       [3] settle (res://tests/test_qiushuang_framing.gd:31)
ERROR: QIUSHUANG_FRAMING_REJECTED: Subject clipped or covered: arrival-return
   at: push_error (core/variant/variant_utility.cpp:1023)
   GDScript backtrace (most recent call first):
       [0] check (res://tests/test_qiushuang_framing.gd:23)
       [1] inspect (res://tests/test_qiushuang_framing.gd:77)
       [2] run (res://tests/test_qiushuang_framing.gd:120)
       [3] settle (res://tests/test_qiushuang_framing.gd:31)
ERROR: QIUSHUANG_FRAMING_REJECTED: Subject too small: left-portrait
   at: push_error (core/variant/variant_utility.cpp:1023)
   GDScript backtrace (most recent call first):
       [0] check (res://tests/test_qiushuang_framing.gd:23)
       [1] inspect (res://tests/test_qiushuang_framing.gd:78)
       [2] run (res://tests/test_qiushuang_framing.gd:124)
       [3] settle (res://tests/test_qiushuang_framing.gd:31)
ERROR: QIUSHUANG_FRAMING_REJECTED: Subject clipped or covered: left-narrow
   at: push_error (core/variant/variant_utility.cpp:1023)
   GDScript backtrace (most recent call first):
       [0] check (res://tests/test_qiushuang_framing.gd:23)
       [1] inspect (res://tests/test_qiushuang_framing.gd:77)
       [2] run (res://tests/test_qiushuang_framing.gd:125)
       [3] settle (res://tests/test_qiushuang_framing.gd:31)
ERROR: QIUSHUANG_FRAMING_REJECTED: Subject too small: left-narrow
   at: push_error (core/variant/variant_utility.cpp:1023)
   GDScript backtrace (most recent call first):
       [0] check (res://tests/test_qiushuang_framing.gd:23)
       [1] inspect (res://tests/test_qiushuang_framing.gd:78)
       [2] run (res://tests/test_qiushuang_framing.gd:125)
       [3] settle (res://tests/test_qiushuang_framing.gd:31)
ERROR: QIUSHUANG_FRAMING_REJECTED: Original desktop pose not restored: left
   at: push_error (core/variant/variant_utility.cpp:1023)
   GDScript backtrace (most recent call first):
       [0] check (res://tests/test_qiushuang_framing.gd:23)
       [1] desktop_pose (res://tests/test_qiushuang_framing.gd:89)
       [2] run (res://tests/test_qiushuang_framing.gd:127)
       [3] settle (res://tests/test_qiushuang_framing.gd:31)
ERROR: QIUSHUANG_FRAMING_REJECTED: Subject too small: left-return
   at: push_error (core/variant/variant_utility.cpp:1023)
   GDScript backtrace (most recent call first):
       [0] check (res://tests/test_qiushuang_framing.gd:23)
       [1] inspect (res://tests/test_qiushuang_framing.gd:78)
       [2] run (res://tests/test_qiushuang_framing.gd:128)
       [3] settle (res://tests/test_qiushuang_framing.gd:31)
ERROR: QIUSHUANG_FRAMING_REJECTED: Subject too small: centre-portrait
   at: push_error (core/variant/variant_utility.cpp:1023)
   GDScript backtrace (most recent call first):
       [0] check (res://tests/test_qiushuang_framing.gd:23)
       [1] inspect (res://tests/test_qiushuang_framing.gd:78)
       [2] run (res://tests/test_qiushuang_framing.gd:124)
       [3] settle (res://tests/test_qiushuang_framing.gd:31)
ERROR: QIUSHUANG_FRAMING_REJECTED: Subject clipped or covered: centre-narrow
   at: push_error (core/variant/variant_utility.cpp:1023)
   GDScript backtrace (most recent call first):
       [0] check (res://tests/test_qiushuang_framing.gd:23)
       [1] inspect (res://tests/test_qiushuang_framing.gd:77)
       [2] run (res://tests/test_qiushuang_framing.gd:125)
       [3] settle (res://tests/test_qiushuang_framing.gd:31)
ERROR: QIUSHUANG_FRAMING_REJECTED: Subject too small: centre-narrow
   at: push_error (core/variant/variant_utility.cpp:1023)
   GDScript backtrace (most recent call first):
       [0] check (res://tests/test_qiushuang_framing.gd:23)
       [1] inspect (res://tests/test_qiushuang_framing.gd:78)
       [2] run (res://tests/test_qiushuang_framing.gd:125)
       [3] settle (res://tests/test_qiushuang_framing.gd:31)
ERROR: QIUSHUANG_FRAMING_REJECTED: Original desktop pose not restored: centre
   at: push_error (core/variant/variant_utility.cpp:1023)
   GDScript backtrace (most recent call first):
       [0] check (res://tests/test_qiushuang_framing.gd:23)
       [1] desktop_pose (res://tests/test_qiushuang_framing.gd:89)
       [2] run (res://tests/test_qiushuang_framing.gd:127)
       [3] settle (res://tests/test_qiushuang_framing.gd:31)
ERROR: QIUSHUANG_FRAMING_REJECTED: Subject too small: centre-return
   at: push_error (core/variant/variant_utility.cpp:1023)
   GDScript backtrace (most recent call first):
       [0] check (res://tests/test_qiushuang_framing.gd:23)
       [1] inspect (res://tests/test_qiushuang_framing.gd:78)
       [2] run (res://tests/test_qiushuang_framing.gd:128)
       [3] settle (res://tests/test_qiushuang_framing.gd:31)
ERROR: QIUSHUANG_FRAMING_REJECTED: Subject too small: right-portrait
   at: push_error (core/variant/variant_utility.cpp:1023)
   GDScript backtrace (most recent call first):
       [0] check (res://tests/test_qiushuang_framing.gd:23)
       [1] inspect (res://tests/test_qiushuang_framing.gd:78)
       [2] run (res://tests/test_qiushuang_framing.gd:124)
       [3] settle (res://tests/test_qiushuang_framing.gd:31)
ERROR: QIUSHUANG_FRAMING_REJECTED: Subject clipped or covered: right-narrow
   at: push_error (core/variant/variant_utility.cpp:1023)
   GDScript backtrace (most recent call first):
       [0] check (res://tests/test_qiushuang_framing.gd:23)
       [1] inspect (res://tests/test_qiushuang_framing.gd:77)
       [2] run (res://tests/test_qiushuang_framing.gd:125)
       [3] settle (res://tests/test_qiushuang_framing.gd:31)
ERROR: QIUSHUANG_FRAMING_REJECTED: Subject too small: right-narrow
   at: push_error (core/variant/variant_utility.cpp:1023)
   GDScript backtrace (most recent call first):
       [0] check (res://tests/test_qiushuang_framing.gd:23)
       [1] inspect (res://tests/test_qiushuang_framing.gd:78)
       [2] run (res://tests/test_qiushuang_framing.gd:125)
       [3] settle (res://tests/test_qiushuang_framing.gd:31)
ERROR: QIUSHUANG_FRAMING_REJECTED: Original desktop pose not restored: right
   at: push_error (core/variant/variant_utility.cpp:1023)
   GDScript backtrace (most recent call first):
       [0] check (res://tests/test_qiushuang_framing.gd:23)
       [1] desktop_pose (res://tests/test_qiushuang_framing.gd:89)
       [2] run (res://tests/test_qiushuang_framing.gd:127)
       [3] settle (res://tests/test_qiushuang_framing.gd:31)
ERROR: QIUSHUANG_FRAMING_REJECTED: Subject too small: right-return
   at: push_error (core/variant/variant_utility.cpp:1023)
   GDScript backtrace (most recent call first):
       [0] check (res://tests/test_qiushuang_framing.gd:23)
       [1] inspect (res://tests/test_qiushuang_framing.gd:78)
       [2] run (res://tests/test_qiushuang_framing.gd:128)
       [3] settle (res://tests/test_qiushuang_framing.gd:31)
ERROR: QIUSHUANG_FRAMING_REJECTED: Subject clipped or covered: look-portrait
   at: push_error (core/variant/variant_utility.cpp:1023)
   GDScript backtrace (most recent call first):
       [0] check (res://tests/test_qiushuang_framing.gd:23)
       [1] inspect (res://tests/test_qiushuang_framing.gd:77)
       [2] run (res://tests/test_qiushuang_framing.gd:131)
       [3] settle (res://tests/test_qiushuang_framing.gd:31)
ERROR: QIUSHUANG_FRAMING_REJECTED: Look did not leave the selected bank
   at: push_error (core/variant/variant_utility.cpp:1023)
   GDScript backtrace (most recent call first):
       [0] check (res://tests/test_qiushuang_framing.gd:23)
       [1] run (res://tests/test_qiushuang_framing.gd:132)
       [2] settle (res://tests/test_qiushuang_framing.gd:31)
ERROR: QIUSHUANG_FRAMING_REJECTED: Subject clipped or covered: look-narrow
   at: push_error (core/variant/variant_utility.cpp:1023)
   GDScript backtrace (most recent call first):
       [0] check (res://tests/test_qiushuang_framing.gd:23)
       [1] inspect (res://tests/test_qiushuang_framing.gd:77)
       [2] run (res://tests/test_qiushuang_framing.gd:134)
       [3] settle (res://tests/test_qiushuang_framing.gd:31)
QIUSHUANG_FRAMING_RESULT 18 originals; 22 failures
