--------- beginning of main
10-10 18:31:54.624 24083 24141 I godot   : FULL_PHONE_LEG_RECORDED 00-01-rockery_gate-to-qinfang_ting timed_seconds=37.555446
10-10 18:32:16.925 24083 24141 I godot   : FULL_PHONE_LEG_RECORDED 00-02-qinfang_ting-to-qiushuang_zhai timed_seconds=55.661017
10-10 18:32:38.158 24083 24141 I godot   : FULL_PHONE_LEG_RECORDED 00-03-qiushuang_zhai-to-tubi_tang timed_seconds=72.481048
10-10 18:32:58.539 24083 24141 I godot   : FULL_PHONE_LEG_RECORDED 00-04-tubi_tang-to-qiushuang_zhai timed_seconds=88.594516
10-10 18:33:21.011 24083 24141 I godot   : FULL_PHONE_LEG_RECORDED 00-05-qiushuang_zhai-to-qinfang_ting timed_seconds=106.754075
10-10 18:33:38.637 24083 24141 I godot   : FULL_PHONE_LEG_RECORDED 00-06-qinfang_ting-to-ouxiang_xie timed_seconds=119.835333
10-10 18:33:51.115 24083 24141 I godot   : FULL_PHONE_LEG_RECORDED 00-07-ouxiang_xie-to-ziling_zhou timed_seconds=127.836372
10-10 18:34:03.619 24083 24141 I godot   : FULL_PHONE_LEG_RECORDED 00-08-ziling_zhou-to-ouxiang_xie timed_seconds=135.767548
10-10 18:34:19.383 24083 24141 I godot   : FULL_PHONE_LEG_RECORDED 00-09-ouxiang_xie-to-longcui_an timed_seconds=146.891301
10-10 18:34:35.064 24083 24141 I godot   : FULL_PHONE_LEG_RECORDED 00-10-longcui_an-to-ouxiang_xie timed_seconds=157.900909
10-10 18:34:52.608 24083 24141 I godot   : FULL_PHONE_LEG_RECORDED 00-11-ouxiang_xie-to-qinfang_ting timed_seconds=170.905069
10-10 18:35:15.652 24083 24141 I godot   : FULL_PHONE_LEG_RECORDED 00-12-qinfang_ting-to-hengwu_yuan timed_seconds=189.055023
10-10 18:35:36.433 24083 24141 I godot   : FULL_PHONE_LEG_RECORDED 00-13-hengwu_yuan-to-daoxiang_cun timed_seconds=205.078955
10-10 18:35:57.351 24083 24141 I godot   : FULL_PHONE_LEG_RECORDED 00-14-daoxiang_cun-to-hengwu_yuan timed_seconds=221.075602
10-10 18:36:20.039 24083 24141 I godot   : FULL_PHONE_LEG_RECORDED 00-15-hengwu_yuan-to-qinfang_ting timed_seconds=239.244422
10-10 18:36:38.446 24083 24141 I godot   : FULL_PHONE_LEG_RECORDED 00-16-qinfang_ting-to-daguan_lou timed_seconds=252.918487
10-10 18:36:56.483 24083 24141 I godot   : FULL_PHONE_LEG_RECORDED 00-17-daguan_lou-to-qinfang_ting timed_seconds=266.514543
10-10 18:37:14.104 24083 24141 I godot   : FULL_PHONE_LEG_RECORDED 00-18-qinfang_ting-to-yihong_yuan timed_seconds=279.562191
10-10 18:37:30.978 24083 24141 I godot   : FULL_PHONE_LEG_RECORDED 00-19-yihong_yuan-to-aojing_guan timed_seconds=292.028132
10-10 18:37:48.124 24083 24141 I godot   : FULL_PHONE_LEG_RECORDED 00-20-aojing_guan-to-yihong_yuan timed_seconds=304.589097
10-10 18:38:05.675 24083 24141 I godot   : FULL_PHONE_LEG_RECORDED 00-21-yihong_yuan-to-qinfang_ting timed_seconds=317.667536
10-10 18:38:21.072 24083 24141 I godot   : FULL_PHONE_LEG_RECORDED 00-22-qinfang_ting-to-xiaoxiang_guan timed_seconds=328.309208
10-10 18:38:36.201 24083 24141 I godot   : FULL_PHONE_LEG_RECORDED 00-23-xiaoxiang_guan-to-qinfang_ting timed_seconds=338.956337
10-10 18:38:57.171 24083 24141 I godot   : FULL_PHONE_LEG_RECORDED 00-24-qinfang_ting-to-rockery_gate timed_seconds=355.907152
10-10 18:39:14.759 24083 24141 I godot   : FULL_PHONE_LEG_RECORDED 00-25-rockery_gate-to-terminal_room timed_seconds=369.410678
10-10 18:39:32.198 24083 24141 I godot   : FULL_PHONE_LEG_RECORDED 01-00-terminal_room-to-rockery_gate timed_seconds=382.811168
10-10 18:39:57.555 24083 24141 I godot   : FULL_PHONE_LEG_RECORDED 01-01-rockery_gate-to-qinfang_ting timed_seconds=403.887216
10-10 18:40:19.970 24083 24141 I godot   : FULL_PHONE_LEG_RECORDED 01-02-qinfang_ting-to-qiushuang_zhai timed_seconds=422.020685
10-10 18:40:41.213 24083 24141 I godot   : FULL_PHONE_LEG_RECORDED 01-03-qiushuang_zhai-to-tubi_tang timed_seconds=438.836125
10-10 18:41:01.530 24083 24141 I godot   : FULL_PHONE_LEG_RECORDED 01-04-tubi_tang-to-qiushuang_zhai timed_seconds=454.93851
10-10 18:41:23.895 24083 24141 I godot   : FULL_PHONE_LEG_RECORDED 01-05-qiushuang_zhai-to-qinfang_ting timed_seconds=473.105172
10-10 18:41:41.173 24083 24141 I godot   : FULL_PHONE_LEG_RECORDED 01-06-qinfang_ting-to-ouxiang_xie timed_seconds=486.19354
10-10 18:41:53.336 24083 24141 I godot   : FULL_PHONE_LEG_RECORDED 01-07-ouxiang_xie-to-ziling_zhou timed_seconds=494.225455
10-10 18:42:05.436 24083 24141 I godot   : FULL_PHONE_LEG_RECORDED 01-08-ziling_zhou-to-ouxiang_xie timed_seconds=502.146155
10-10 18:42:20.744 24083 24141 I godot   : FULL_PHONE_LEG_RECORDED 01-09-ouxiang_xie-to-longcui_an timed_seconds=513.278423
10-10 18:42:35.951 24083 24141 I godot   : FULL_PHONE_LEG_RECORDED 01-10-longcui_an-to-ouxiang_xie timed_seconds=524.293725
10-10 18:42:53.117 24083 24141 I godot   : FULL_PHONE_LEG_RECORDED 01-11-ouxiang_xie-to-qinfang_ting timed_seconds=537.325939
10-10 18:43:15.519 24083 24141 I godot   : FULL_PHONE_LEG_RECORDED 01-12-qinfang_ting-to-hengwu_yuan timed_seconds=555.479156
10-10 18:43:35.734 24083 24141 I godot   : FULL_PHONE_LEG_RECORDED 01-13-hengwu_yuan-to-daoxiang_cun timed_seconds=571.499426
10-10 18:43:55.969 24083 24141 I godot   : FULL_PHONE_LEG_RECORDED 01-14-daoxiang_cun-to-hengwu_yuan timed_seconds=587.497043
10-10 18:44:18.226 24083 24141 I godot   : FULL_PHONE_LEG_RECORDED 01-15-hengwu_yuan-to-qinfang_ting timed_seconds=605.671648
10-10 18:44:36.014 24083 24141 I godot   : FULL_PHONE_LEG_RECORDED 01-16-qinfang_ting-to-daguan_lou timed_seconds=619.333794
10-10 18:44:53.680 24083 24141 I godot   : FULL_PHONE_LEG_RECORDED 01-17-daguan_lou-to-qinfang_ting timed_seconds=632.901617
10-10 18:45:10.843 24083 24141 I godot   : FULL_PHONE_LEG_RECORDED 01-18-qinfang_ting-to-yihong_yuan timed_seconds=645.939272
10-10 18:45:27.293 24083 24141 I godot   : FULL_PHONE_LEG_RECORDED 01-19-yihong_yuan-to-aojing_guan timed_seconds=658.393392
10-10 18:45:43.942 24083 24141 I godot   : FULL_PHONE_LEG_RECORDED 01-20-aojing_guan-to-yihong_yuan timed_seconds=670.944164
10-10 18:46:01.093 24083 24141 I godot   : FULL_PHONE_LEG_RECORDED 01-21-yihong_yuan-to-qinfang_ting timed_seconds=684.020582
10-10 18:46:15.930 24083 24141 I godot   : FULL_PHONE_LEG_RECORDED 01-22-qinfang_ting-to-xiaoxiang_guan timed_seconds=694.67175
10-10 18:46:30.638 24083 24141 I godot   : FULL_PHONE_LEG_RECORDED 01-23-xiaoxiang_guan-to-qinfang_ting timed_seconds=705.351761
10-10 18:46:51.402 24083 24141 I godot   : FULL_PHONE_LEG_RECORDED 01-24-qinfang_ting-to-rockery_gate timed_seconds=722.307631
10-10 18:47:08.778 24083 24141 I godot   : FULL_PHONE_LEG_RECORDED 01-25-rockery_gate-to-terminal_room timed_seconds=735.79069
10-10 18:47:08.792 24083 24141 I godot   : FULL_PHONE_PROFILE_COMPLETE tours=2 rooms=14 timed_seconds=735.79069
