BlenderMCP addon registered
BlenderMCP addon unregistered
00:58:15 | INFO: Data are loaded, start creating Blender stuff
00:58:15 | INFO: Blender create Mesh node COL_aojing_approach.001
00:58:15 | INFO: Blender create Mesh node COL_aojing_approach.004
00:58:15 | INFO: Blender create Mesh node COL_aojing_approach_guard.001
00:58:15 | INFO: Blender create Mesh node COL_aojing_approach_guard.004
00:58:15 | INFO: Blender create Mesh node COL_aojing_approach_ramp.002
00:58:15 | INFO: Blender create Mesh node COL_aojing_closed_front.002
00:58:15 | INFO: Blender create Mesh node COL_aojing_dry_ledge.002
00:58:15 | INFO: Blender create Mesh node COL_aojing_hall_floor.002
00:58:15 | INFO: Blender create Mesh node COL_aojing_ledge_end.002
00:58:15 | INFO: Blender create Mesh node COL_aojing_ledge_parapet.002
00:58:15 | INFO: Blender create Mesh node COL_aojing_return.001
00:58:15 | INFO: Blender create Mesh node COL_aojing_return.004
00:58:15 | INFO: Blender create Mesh node Cube.147
00:58:15 | INFO: Blender create Mesh node Cube.148
00:58:15 | INFO: Blender create Mesh node Cube.149
00:58:15 | INFO: Blender create Mesh node Cube.150
00:58:15 | INFO: Blender create Mesh node COL_bridge_crosswalk.002
00:58:15 | INFO: Blender create Mesh node COL_bridge_crosswalk.003
00:58:15 | INFO: Blender create Mesh node COL_cell_floor.006
00:58:15 | INFO: Blender create Mesh node COL_cell_floor.007
00:58:15 | INFO: Blender create Mesh node COL_cell_floor.008
00:58:15 | INFO: Blender create Mesh node COL_cell_floor.009
00:58:15 | INFO: Blender create Mesh node COL_cell_floor.010
00:58:15 | INFO: Blender create Mesh node COL_cell_floor.011
00:58:15 | INFO: Blender create Mesh node COL_cell_wall.012
00:58:15 | INFO: Blender create Mesh node COL_cell_wall.013
00:58:15 | INFO: Blender create Mesh node COL_cell_wall.014
00:58:15 | INFO: Blender create Mesh node COL_cell_wall.015
00:58:15 | INFO: Blender create Mesh node COL_cell_wall.016
00:58:15 | INFO: Blender create Mesh node COL_cell_wall.017
00:58:15 | INFO: Blender create Mesh node COL_cell_wall.018
00:58:15 | INFO: Blender create Mesh node COL_cell_wall.019
00:58:15 | INFO: Blender create Mesh node COL_cell_wall.020
00:58:15 | INFO: Blender create Mesh node COL_cell_wall.021
00:58:15 | INFO: Blender create Mesh node COL_cell_wall.022
00:58:15 | INFO: Blender create Mesh node COL_cell_wall.023
00:58:15 | INFO: Blender create Mesh node COL_daguan_central_step.003
00:58:15 | INFO: Blender create Mesh node COL_daguan_central_step.004
00:58:15 | INFO: Blender create Mesh node COL_daguan_central_step.005
00:58:15 | INFO: Blender create Mesh node COL_daguan_closed_front.001
00:58:15 | INFO: Blender create Mesh node COL_daguan_column.006
00:58:15 | INFO: Blender create Mesh node COL_daguan_column.007
00:58:15 | INFO: Blender create Mesh node COL_daguan_column.008
00:58:15 | INFO: Blender create Mesh node COL_daguan_column.009
00:58:15 | INFO: Blender create Mesh node COL_daguan_column.010
00:58:15 | INFO: Blender create Mesh node COL_daguan_column.011
00:58:15 | INFO: Blender create Mesh node COL_daguan_floor.001
00:58:15 | INFO: Blender create Mesh node COL_daguan_return_wall.002
00:58:15 | INFO: Blender create Mesh node COL_daguan_return_wall.003
00:58:15 | INFO: Blender create Mesh node COL_daoxiang_approach.002
00:58:15 | INFO: Blender create Mesh node COL_daoxiang_approach.003
00:58:15 | INFO: Blender create Mesh node COL_daoxiang_closed_front.001
00:58:15 | INFO: Blender create Mesh node COL_daoxiang_court.001
00:58:15 | INFO: Blender create Mesh node COL_daoxiang_fence.004
00:58:15 | INFO: Blender create Mesh node COL_daoxiang_fence.005
00:58:15 | INFO: Blender create Mesh node COL_daoxiang_fence.006
00:58:15 | INFO: Blender create Mesh node COL_daoxiang_fence.007
00:58:15 | INFO: Blender create Mesh node COL_daoxiang_side.002
00:58:15 | INFO: Blender create Mesh node COL_daoxiang_side.003
00:58:15 | INFO: Blender create Mesh node COL_entry_corridor.001
00:58:15 | INFO: Blender create Mesh node COL_entry_walk.002
00:58:15 | INFO: Blender create Mesh node COL_entry_walk.003
00:58:15 | INFO: Blender create Mesh node COL_floor_joint_cell_threshold_0.001
00:58:15 | INFO: Blender create Mesh node COL_floor_joint_cell_threshold_1.001
00:58:15 | INFO: Blender create Mesh node COL_floor_joint_cell_threshold_2.001
00:58:15 | INFO: Blender create Mesh node COL_floor_joint_cell_threshold_3.001
00:58:15 | INFO: Blender create Mesh node COL_floor_joint_cell_threshold_4.001
00:58:15 | INFO: Blender create Mesh node COL_floor_joint_cell_threshold_5.001
00:58:15 | INFO: Blender create Mesh node COL_floor_joint_pavilion_east_joint.001
00:58:15 | INFO: Blender create Mesh node COL_floor_joint_pavilion_west_joint.001
00:58:15 | INFO: Blender create Mesh node Cube.146
00:58:15 | INFO: Blender create Mesh node Cube.145
00:58:15 | INFO: Blender create Mesh node COL_GATE_banana_planter.001
00:58:15 | INFO: Blender create Mesh node KIT_rockery_passage.022
00:58:15 | INFO: Blender create Mesh node KIT_rockery_passage.024
00:58:15 | INFO: Blender create Mesh node KIT_rockery_cliff.006
00:58:15 | INFO: Blender create Mesh node KIT_rockery_cliff.008
00:58:15 | INFO: Blender create Mesh node KIT_rockery_passage.004
00:58:15 | INFO: Blender create Mesh node KIT_rockery_passage.016
00:58:15 | INFO: Blender create Mesh node KIT_rockery_passage.018
00:58:15 | INFO: Blender create Mesh node KIT_rockery_passage.020
00:58:15 | INFO: Blender create Mesh node GATE_paving.003
00:58:15 | INFO: Blender create Mesh node COL_hengwu-yuan_floor.001
00:58:15 | INFO: Blender create Mesh node COL_hengwu_approach.002
00:58:15 | INFO: Blender create Mesh node COL_hengwu_approach.003
00:58:15 | INFO: Blender create Mesh node COL_hengwu_closed_hall.002
00:58:15 | INFO: Blender create Mesh node COL_hengwu_court.002
00:58:15 | INFO: Blender create Mesh node COL_hengwu_hall_post.001
00:58:15 | INFO: Blender create Mesh node COL_hengwu_hall_post.002
00:58:15 | INFO: Blender create Mesh node COL_hengwu_hall_post.006
00:58:15 | INFO: Blender create Mesh node COL_wall_bay.001
00:58:15 | INFO: Blender create Mesh node COL_wall_bay.002
00:58:15 | INFO: Blender create Mesh node COL_wall_bay.003
00:58:15 | INFO: Blender create Mesh node COL_wall_bay.004
00:58:15 | INFO: Blender create Mesh node COL_wall_bay.005
00:58:15 | INFO: Blender create Mesh node COL_wall_bay.006
00:58:15 | INFO: Blender create Mesh node KIT_wall_plaster.002
00:58:15 | INFO: Blender create Mesh node COL_wall_window.001
00:58:15 | INFO: Blender create Mesh node COL_wall_window.002
00:58:15 | INFO: Blender create Mesh node COL_hengwu_rock.001
00:58:15 | INFO: Blender create Mesh node COL_hengwu_rock.002
00:58:15 | INFO: Blender create Mesh node COL_hengwu_rock.006
00:58:15 | INFO: Blender create Mesh node COL_hengwu_stool.001
00:58:15 | INFO: Blender create Mesh node COL_hengwu_stool.002
00:58:15 | INFO: Blender create Mesh node COL_hengwu_stool.003
00:58:15 | INFO: Blender create Mesh node COL_hengwu_stool.008
00:58:15 | INFO: Blender create Mesh node COL_hengwu_table.002
00:58:15 | INFO: Blender create Mesh node COL_longcui_approach.003
00:58:15 | INFO: Blender create Mesh node COL_longcui_approach.004
00:58:15 | INFO: Blender create Mesh node COL_longcui_approach.005
00:58:15 | INFO: Blender create Mesh node COL_longcui_burner.001
00:58:15 | INFO: Blender create Mesh node COL_longcui_closed_front.001
00:58:15 | INFO: Blender create Mesh node COL_longcui_floor.001
00:58:15 | INFO: Blender create Mesh node COL_longcui_plum_trunk.002
00:58:15 | INFO: Blender create Mesh node COL_longcui_plum_trunk.003
00:58:15 | INFO: Blender create Mesh node COL_longcui_return.002
00:58:15 | INFO: Blender create Mesh node COL_longcui_return.003
00:58:15 | INFO: Blender create Mesh node COL_longcui_threshold.001
00:58:15 | INFO: Blender create Mesh node COL_ouxiang_approach.001
00:58:15 | INFO: Blender create Mesh node COL_ouxiang_deck.001
00:58:15 | INFO: Blender create Mesh node COL_ouxiang_post.004
00:58:15 | INFO: Blender create Mesh node COL_ouxiang_post.005
00:58:15 | INFO: Blender create Mesh node COL_ouxiang_post.006
00:58:15 | INFO: Blender create Mesh node COL_ouxiang_post.007
00:58:15 | INFO: Blender create Mesh node COL_ouxiang_rail.002
00:58:15 | INFO: Blender create Mesh node COL_ouxiang_rail.003
00:58:15 | INFO: Blender create Mesh node COL_ouxiang_side_rail.004
00:58:15 | INFO: Blender create Mesh node COL_ouxiang_side_rail.005
00:58:15 | INFO: Blender create Mesh node COL_ouxiang_side_rail.006
00:58:15 | INFO: Blender create Mesh node COL_ouxiang_side_rail.007
00:58:15 | INFO: Blender create Mesh node COL_ouxiang_table.001
00:58:15 | INFO: Blender create Mesh node COL_corridor_floor.009
00:58:15 | INFO: Blender create Mesh node COL_corridor_side.015
00:58:15 | INFO: Blender create Mesh node COL_corridor_side.016
00:58:15 | INFO: Blender create Mesh node COL_corridor_post.016
00:58:15 | INFO: Blender create Mesh node COL_corridor_post.017
00:58:15 | INFO: Blender create Mesh node COL_corridor_floor.010
00:58:15 | INFO: Blender create Mesh node COL_corridor_side.017
00:58:15 | INFO: Blender create Mesh node COL_corridor_side.018
00:58:15 | INFO: Blender create Mesh node COL_corridor_post.018
00:58:15 | INFO: Blender create Mesh node COL_corridor_post.019
00:58:15 | INFO: Blender create Mesh node COL_corridor_floor.011
00:58:15 | INFO: Blender create Mesh node COL_corridor_side.019
00:58:15 | INFO: Blender create Mesh node COL_corridor_side.020
00:58:15 | INFO: Blender create Mesh node COL_corridor_post.020
00:58:15 | INFO: Blender create Mesh node COL_corridor_post.021
00:58:15 | INFO: Blender create Mesh node COL_corridor_floor.012
00:58:15 | INFO: Blender create Mesh node COL_corridor_side.021
00:58:15 | INFO: Blender create Mesh node COL_corridor_side.022
00:58:15 | INFO: Blender create Mesh node COL_corridor_post.022
00:58:15 | INFO: Blender create Mesh node COL_corridor_post.023
00:58:15 | INFO: Blender create Mesh node COL_corridor_floor.001
00:58:15 | INFO: Blender create Mesh node COL_corridor_side.001
00:58:15 | INFO: Blender create Mesh node COL_corridor_side.002
00:58:15 | INFO: Blender create Mesh node COL_corridor_post.001
00:58:15 | INFO: Blender create Mesh node COL_corridor_post.002
00:58:15 | INFO: Blender create Mesh node COL_corridor_floor.002
00:58:15 | INFO: Blender create Mesh node COL_corridor_side.003
00:58:15 | INFO: Blender create Mesh node COL_corridor_side.004
00:58:15 | INFO: Blender create Mesh node COL_corridor_post.003
00:58:15 | INFO: Blender create Mesh node COL_corridor_post.004
00:58:15 | INFO: Blender create Mesh node COL_corridor_floor.003
00:58:15 | INFO: Blender create Mesh node COL_corridor_side.005
00:58:15 | INFO: Blender create Mesh node COL_corridor_side.006
00:58:15 | INFO: Blender create Mesh node COL_corridor_post.005
00:58:15 | INFO: Blender create Mesh node COL_corridor_post.006
00:58:15 | INFO: Blender create Mesh node COL_corridor_floor.004
00:58:15 | INFO: Blender create Mesh node COL_corridor_side.007
00:58:15 | INFO: Blender create Mesh node COL_corridor_side.008
00:58:15 | INFO: Blender create Mesh node COL_corridor_post.007
00:58:15 | INFO: Blender create Mesh node COL_corridor_post.008
00:58:15 | INFO: Blender create Mesh node COL_corridor_floor.005
00:58:15 | INFO: Blender create Mesh node COL_corridor_side.009
00:58:15 | INFO: Blender create Mesh node COL_corridor_side.010
00:58:15 | INFO: Blender create Mesh node COL_corridor_post.009
00:58:15 | INFO: Blender create Mesh node COL_corridor_post.010
00:58:15 | INFO: Blender create Mesh node COL_corridor_floor.006
00:58:15 | INFO: Blender create Mesh node COL_corridor_side.011
00:58:15 | INFO: Blender create Mesh node COL_corridor_post.011
00:58:15 | INFO: Blender create Mesh node COL_corridor_post.012
00:58:15 | INFO: Blender create Mesh node COL_corridor_floor.007
00:58:15 | INFO: Blender create Mesh node COL_corridor_side.012
00:58:15 | INFO: Blender create Mesh node COL_corridor_post.013
00:58:15 | INFO: Blender create Mesh node COL_corridor_floor.008
00:58:15 | INFO: Blender create Mesh node COL_corridor_side.013
00:58:15 | INFO: Blender create Mesh node COL_corridor_side.014
00:58:15 | INFO: Blender create Mesh node COL_corridor_post.014
00:58:15 | INFO: Blender create Mesh node COL_corridor_post.015
00:58:15 | INFO: Blender create Mesh node COL_corridor_floor.013
00:58:15 | INFO: Blender create Mesh node COL_corridor_side.023
00:58:15 | INFO: Blender create Mesh node COL_corridor_side.024
00:58:15 | INFO: Blender create Mesh node COL_corridor_post.024
00:58:15 | INFO: Blender create Mesh node COL_corridor_post.025
00:58:15 | INFO: Blender create Mesh node COL_corridor_floor.014
00:58:15 | INFO: Blender create Mesh node COL_corridor_side.025
00:58:15 | INFO: Blender create Mesh node COL_corridor_side.026
00:58:15 | INFO: Blender create Mesh node COL_corridor_post.026
00:58:15 | INFO: Blender create Mesh node COL_corridor_post.027
00:58:15 | INFO: Blender create Mesh node COL_corridor_floor.015
00:58:15 | INFO: Blender create Mesh node COL_corridor_side.027
00:58:15 | INFO: Blender create Mesh node COL_corridor_side.028
00:58:15 | INFO: Blender create Mesh node COL_corridor_post.028
00:58:15 | INFO: Blender create Mesh node COL_corridor_post.029
00:58:15 | INFO: Blender create Mesh node COL_corridor_floor.016
00:58:15 | INFO: Blender create Mesh node COL_corridor_side.029
00:58:15 | INFO: Blender create Mesh node COL_corridor_side.030
00:58:15 | INFO: Blender create Mesh node COL_corridor_post.030
00:58:15 | INFO: Blender create Mesh node COL_corridor_post.031
00:58:15 | INFO: Blender create Mesh node COL_qinfang_deck.001
00:58:15 | INFO: Blender create Mesh node COL_pavilion_bench.001
00:58:15 | INFO: Blender create Mesh node COL_pavilion_bench.002
00:58:15 | INFO: Blender create Mesh node COL_pavilion_bracket.001
00:58:15 | INFO: Blender create Mesh node COL_pavilion_bracket.002
00:58:15 | INFO: Blender create Mesh node COL_pavilion_bracket.003
00:58:15 | INFO: Blender create Mesh node COL_pavilion_bracket.004
00:58:15 | INFO: Blender create Mesh node COL_pavilion_bracket.005
00:58:15 | INFO: Blender create Mesh node COL_pavilion_bracket.006
00:58:15 | INFO: Blender create Mesh node COL_pavilion_post.001
00:58:15 | INFO: Blender create Mesh node COL_pavilion_post.002
00:58:15 | INFO: Blender create Mesh node COL_pavilion_post.003
00:58:15 | INFO: Blender create Mesh node COL_pavilion_post.004
00:58:15 | INFO: Blender create Mesh node COL_pavilion_post.005
00:58:15 | INFO: Blender create Mesh node COL_pavilion_post.006
00:58:15 | INFO: Blender create Mesh node COL_pavilion_roof.001
00:58:15 | INFO: Blender create Mesh node COL_qiushuang-zhai_floor.001
00:58:15 | INFO: Blender create Mesh node Cube.009
00:58:15 | INFO: Blender create Mesh node Cube.011
00:58:15 | INFO: Blender create Mesh node Cube.012
00:58:15 | INFO: Blender create Mesh node Cube.013
00:58:15 | INFO: Blender create Mesh node Cube.019
00:58:15 | INFO: Blender create Mesh node Cube.020
00:58:15 | INFO: Blender create Mesh node Cube.023
00:58:15 | INFO: Blender create Mesh node Cube.024
00:58:15 | INFO: Blender create Mesh node Cube.048
00:58:15 | INFO: Blender create Mesh node Cube.050
00:58:15 | INFO: Blender create Mesh node Cube.052
00:58:15 | INFO: Blender create Mesh node Cube.092
00:58:15 | INFO: Blender create Mesh node Cube.093
00:58:15 | INFO: Blender create Mesh node Cube.094
00:58:15 | INFO: Blender create Mesh node Cube.095
00:58:15 | INFO: Blender create Mesh node Cube.096
00:58:15 | INFO: Blender create Mesh node Cube.097
00:58:15 | INFO: Blender create Mesh node Cube.098
00:58:15 | INFO: Blender create Mesh node Cube.099
00:58:15 | INFO: Blender create Mesh node Cube.100
00:58:15 | INFO: Blender create Mesh node Cube.101
00:58:15 | INFO: Blender create Mesh node Cube.102
00:58:15 | INFO: Blender create Mesh node Cube.103
00:58:15 | INFO: Blender create Mesh node Cube.104
00:58:15 | INFO: Blender create Mesh node Cube.105
00:58:15 | INFO: Blender create Mesh node Cube.106
00:58:15 | INFO: Blender create Mesh node Cube.107
00:58:15 | INFO: Blender create Mesh node Cube.108
00:58:15 | INFO: Blender create Mesh node Cube.109
00:58:15 | INFO: Blender create Mesh node Cube.110
00:58:15 | INFO: Blender create Mesh node Cube.111
00:58:15 | INFO: Blender create Mesh node Cube.112
00:58:15 | INFO: Blender create Mesh node Cube.113
00:58:15 | INFO: Blender create Mesh node Cube.114
00:58:15 | INFO: Blender create Mesh node Cube.115
00:58:15 | INFO: Blender create Mesh node Cube.116
00:58:15 | INFO: Blender create Mesh node Cube.117
00:58:15 | INFO: Blender create Mesh node Cube.118
00:58:15 | INFO: Blender create Mesh node Cube.119
00:58:15 | INFO: Blender create Mesh node Cube.120
00:58:15 | INFO: Blender create Mesh node Cube.121
00:58:15 | INFO: Blender create Mesh node Cube.122
00:58:15 | INFO: Blender create Mesh node Cube.123
00:58:15 | INFO: Blender create Mesh node Cube.124
00:58:15 | INFO: Blender create Mesh node Cube.125
00:58:15 | INFO: Blender create Mesh node Cube.126
00:58:15 | INFO: Blender create Mesh node Cube.127
00:58:15 | INFO: Blender create Mesh node Cube.128
00:58:15 | INFO: Blender create Mesh node Cube.129
00:58:15 | INFO: Blender create Mesh node Cube.130
00:58:15 | INFO: Blender create Mesh node Cube.131
00:58:15 | INFO: Blender create Mesh node Cube.132
00:58:15 | INFO: Blender create Mesh node Cube.133
00:58:15 | INFO: Blender create Mesh node Cube.134
00:58:15 | INFO: Blender create Mesh node Cube.135
00:58:15 | INFO: Blender create Mesh node Cube.136
00:58:15 | INFO: Blender create Mesh node Cube.137
00:58:15 | INFO: Blender create Mesh node Cube.138
00:58:15 | INFO: Blender create Mesh node Cube.139
00:58:15 | INFO: Blender create Mesh node Cube.140
00:58:15 | INFO: Blender create Mesh node Cube.141
00:58:15 | INFO: Blender create Mesh node Cube.142
00:58:15 | INFO: Blender create Mesh node Cube.143
00:58:15 | INFO: Blender create Mesh node Cube.144
00:58:15 | INFO: Blender create Mesh node Cube.193
00:58:15 | INFO: Blender create Mesh node Cube.194
00:58:15 | INFO: Blender create Mesh node Cube.195
00:58:15 | INFO: Blender create Mesh node Cube.196
00:58:15 | INFO: Blender create Mesh node Cube.197
00:58:15 | INFO: Blender create Mesh node Cube.198
00:58:15 | INFO: Blender create Mesh node Cube.199
00:58:15 | INFO: Blender create Mesh node Cube.200
00:58:15 | INFO: Blender create Mesh node COL_stone_walk.005
00:58:15 | INFO: Blender create Mesh node COL_stone_walk.008
00:58:15 | INFO: Blender create Mesh node COL_stone_walk.009
00:58:15 | INFO: Blender create Mesh node COL_stone_walk.010
00:58:15 | INFO: Blender create Mesh node COL_stone_walk.011
00:58:15 | INFO: Blender create Mesh node COL_stone_walk.012
00:58:15 | INFO: Blender create Mesh node COL_study_approach.002
00:58:15 | INFO: Blender create Mesh node COL_study_desk_centre.002
00:58:15 | INFO: Blender create Mesh node COL_study_desk_left.002
00:58:15 | INFO: Blender create Mesh node COL_study_desk_right.002
00:58:15 | INFO: Blender create Mesh node COL_study_front_walk.002
00:58:15 | INFO: Blender create Mesh node COL_study_front_wall.002
00:58:15 | INFO: Blender create Mesh node COL_study_post.001
00:58:15 | INFO: Blender create Mesh node COL_study_post.002
00:58:15 | INFO: Blender create Mesh node COL_study_post.003
00:58:15 | INFO: Blender create Mesh node COL_study_post.008
00:58:15 | INFO: Blender create Mesh node Cube.151
00:58:15 | INFO: Blender create Mesh node Cube.152
00:58:15 | INFO: Blender create Mesh node Cube.153
00:58:15 | INFO: Blender create Mesh node Cube.154
00:58:15 | INFO: Blender create Mesh node Cube.155
00:58:15 | INFO: Blender create Mesh node Cube.156
00:58:15 | INFO: Blender create Mesh node Cube.157
00:58:15 | INFO: Blender create Mesh node Cube.158
00:58:15 | INFO: Blender create Mesh node Cube.159
00:58:15 | INFO: Blender create Mesh node Cube.160
00:58:15 | INFO: Blender create Mesh node Cube.161
00:58:15 | INFO: Blender create Mesh node Cube.162
00:58:15 | INFO: Blender create Mesh node Cube.163
00:58:15 | INFO: Blender create Mesh node Cube.164
00:58:15 | INFO: Blender create Mesh node Cube.165
00:58:15 | INFO: Blender create Mesh node Cube.166
00:58:15 | INFO: Blender create Mesh node Cube.167
00:58:15 | INFO: Blender create Mesh node Cube.168
00:58:15 | INFO: Blender create Mesh node Cube.169
00:58:15 | INFO: Blender create Mesh node Cube.170
00:58:15 | INFO: Blender create Mesh node Cube.171
00:58:15 | INFO: Blender create Mesh node Cube.172
00:58:15 | INFO: Blender create Mesh node Cube.173
00:58:15 | INFO: Blender create Mesh node Cube.174
00:58:15 | INFO: Blender create Mesh node Cube.175
00:58:15 | INFO: Blender create Mesh node Cube.176
00:58:15 | INFO: Blender create Mesh node Cube.177
00:58:15 | INFO: Blender create Mesh node Cube.178
00:58:15 | INFO: Blender create Mesh node Cube.179
00:58:15 | INFO: Blender create Mesh node Cube.180
00:58:15 | INFO: Blender create Mesh node Cube.201
00:58:15 | INFO: Blender create Mesh node Cube.202
00:58:15 | INFO: Blender create Mesh node Cube.203
00:58:15 | INFO: Blender create Mesh node Cube.181
00:58:15 | INFO: Blender create Mesh node Cube.182
00:58:15 | INFO: Blender create Mesh node Cube.183
00:58:15 | INFO: Blender create Mesh node Cube.184
00:58:15 | INFO: Blender create Mesh node Cube.185
00:58:15 | INFO: Blender create Mesh node Cube.186
00:58:15 | INFO: Blender create Mesh node Cube.187
00:58:15 | INFO: Blender create Mesh node Cube.188
00:58:15 | INFO: Blender create Mesh node Cube.189
00:58:15 | INFO: Blender create Mesh node Cube.190
00:58:15 | INFO: Blender create Mesh node Cube.191
00:58:15 | INFO: Blender create Mesh node Cube.192
00:58:15 | INFO: Blender create Mesh node COL_tubi-tang_floor.001
00:58:15 | INFO: Blender create Mesh node COL_tubi_approach.001
00:58:15 | INFO: Blender create Mesh node COL_tubi_approach.002
00:58:15 | INFO: Blender create Mesh node COL_tubi_approach.007
00:58:15 | INFO: Blender create Mesh node COL_tubi_approach.008
00:58:15 | INFO: Blender create Mesh node COL_tubi_closed_hall.002
00:58:15 | INFO: Blender create Mesh node COL_tubi_hall_post.001
00:58:15 | INFO: Blender create Mesh node COL_tubi_hall_post.002
00:58:15 | INFO: Blender create Mesh node COL_tubi_hall_post.006
00:58:15 | INFO: Blender create Mesh node COL_tubi_parapet.001
00:58:15 | INFO: Blender create Mesh node COL_tubi_parapet.002
00:58:15 | INFO: Blender create Mesh node COL_tubi_parapet.003
00:58:15 | INFO: Blender create Mesh node COL_tubi_parapet.008
00:58:15 | INFO: Blender create Mesh node COL_tubi_stair_guard.001
00:58:15 | INFO: Blender create Mesh node COL_tubi_stair_guard.004
00:58:15 | INFO: Blender create Mesh node COL_tubi_stair_ramp.002
00:58:15 | INFO: Blender create Mesh node COL_tubi_terrace.002
00:58:15 | INFO: Blender create Mesh node COL_tubi_topic_table.002
00:58:15 | INFO: Blender create Mesh node COL_tubi_view_bench_left.001
00:58:15 | INFO: Blender create Mesh node COL_tubi_view_bench_right.001
00:58:15 | INFO: Blender create Mesh node COL_water_bridge_side.001
00:58:15 | INFO: Blender create Mesh node COL_water_bridge_side.004
00:58:15 | INFO: Blender create Mesh node COL_water_bridge_deck.002
00:58:15 | INFO: Blender create Mesh node COL_xiaoxiang_bamboo_bed.004
00:58:15 | INFO: Blender create Mesh node COL_xiaoxiang_bamboo_bed.005
00:58:15 | INFO: Blender create Mesh node COL_xiaoxiang_bamboo_bed.006
00:58:15 | INFO: Blender create Mesh node COL_xiaoxiang_bamboo_bed.007
00:58:15 | INFO: Blender create Mesh node COL_xiaoxiang_closed_front.001
00:58:15 | INFO: Blender create Mesh node COL_xiaoxiang_floor.001
00:58:15 | INFO: Blender create Mesh node COL_xiaoxiang_return.002
00:58:15 | INFO: Blender create Mesh node COL_xiaoxiang_return.003
00:58:15 | INFO: Blender create Mesh node COL_xiaoxiang_threshold.001
00:58:15 | INFO: Blender create Mesh node COL_yihong_closed_front.002
00:58:15 | INFO: Blender create Mesh node COL_yihong_court_side.001
00:58:15 | INFO: Blender create Mesh node COL_yihong_court_side.004
00:58:15 | INFO: Blender create Mesh node COL_yihong_floor.002
00:58:15 | INFO: Blender create Mesh node COL_yihong_planter.001
00:58:15 | INFO: Blender create Mesh node COL_yihong_planter.004
00:58:15 | INFO: Blender create Mesh node COL_yihong_side_return.001
00:58:15 | INFO: Blender create Mesh node COL_yihong_side_return.004
00:58:15 | INFO: Blender create Mesh node COL_yihong_threshold.002
00:58:15 | INFO: Blender create Mesh node COL_ziling_landing.001
00:58:15 | INFO: Blender create Mesh node HERO_aojing-guan_title.002
00:58:15 | INFO: Blender create Mesh node HERO_daguan_title.001
00:58:15 | INFO: Blender create Mesh node HERO_daoxiang-cun_title.002
00:58:15 | INFO: Blender create Mesh node KIT_flora_plum_render.001
00:58:15 | INFO: Blender create Mesh node KIT_flora_plum_render.002
00:58:15 | INFO: Blender create Mesh node KIT_flora_bamboo_large_render.001
00:58:15 | INFO: Blender create Mesh node KIT_flora_bamboo_large_render.002
00:58:15 | INFO: Blender create Mesh node KIT_flora_bamboo_small_render.001
00:58:15 | INFO: Blender create Mesh node KIT_flora_willow_render.001
00:58:15 | INFO: Blender create Mesh node KIT_flora_willow_render.002
00:58:15 | INFO: Blender create Mesh node KIT_flora_bamboo_large_render.003
00:58:15 | INFO: Blender create Mesh node KIT_flora_bamboo_medium_render.001
00:58:15 | INFO: Blender create Mesh node KIT_flora_bamboo_small_render.002
00:58:15 | INFO: Blender create Mesh node KIT_flora_bamboo_large_render.004
00:58:15 | INFO: Blender create Mesh node KIT_flora_banana_render.001
00:58:15 | INFO: Blender create Mesh node KIT_flora_banana_render.002
00:58:16 | INFO: Blender create Mesh node KIT_flora_reed_render.001
00:58:16 | INFO: Blender create Mesh node KIT_flora_reed_render.002
00:58:16 | INFO: Blender create Mesh node KIT_flora_reed_render.003
00:58:16 | INFO: Blender create Mesh node KIT_flora_reed_render.004
00:58:16 | INFO: Blender create Mesh node KIT_flora_reed_render.005
00:58:16 | INFO: Blender create Mesh node KIT_flora_reed_render.006
00:58:16 | INFO: Blender create Mesh node KIT_flora_reed_render.007
00:58:16 | INFO: Blender create Mesh node KIT_flora_reed_render.008
00:58:16 | INFO: Blender create Mesh node KIT_flora_reed_render.009
00:58:16 | INFO: Blender create Mesh node KIT_flora_reed_render.010
00:58:16 | INFO: Blender create Mesh node HERO_gate_inscription.001
00:58:16 | INFO: Blender create Mesh node HERO_gate_water_drips.001
00:58:16 | INFO: Blender create Mesh node HERO_hengwu-yuan_title.002
00:58:16 | INFO: Blender create Mesh node HERO_longcui-an_title.002
00:58:16 | INFO: Blender create Mesh node HERO_qinfang-ting_title.002
00:58:16 | INFO: Blender create Mesh node HERO_qinfang_bridge.001
00:58:16 | INFO: Blender create Mesh node HERO_study_scroll_bamboo.002
00:58:16 | INFO: Blender create Mesh node HERO_study_scroll_plum.002
00:58:16 | INFO: Blender create Mesh node HERO_study_title.002
00:58:16 | INFO: Blender create Mesh node HERO_table_hexagram.001
00:58:16 | INFO: Blender create Mesh node line_piece.005
00:58:16 | INFO: Blender create Mesh node line_piece.002
00:58:16 | INFO: Blender create Mesh node line_piece.011
00:58:16 | INFO: Blender create Mesh node line_piece.008
00:58:16 | INFO: Blender create Mesh node line_piece.017
00:58:16 | INFO: Blender create Mesh node line_piece.014
00:58:16 | INFO: Blender create Mesh node line_piece.019
00:58:16 | INFO: Blender create Mesh node line_piece.018
00:58:16 | INFO: Blender create Mesh node line_piece.021
00:58:16 | INFO: Blender create Mesh node line_piece.020
00:58:16 | INFO: Blender create Mesh node line_piece.023
00:58:16 | INFO: Blender create Mesh node line_piece.022
00:58:16 | INFO: Blender create Mesh node HERO_table_pedestal.001
00:58:16 | INFO: Blender create Mesh node HERO_tubi_title.002
00:58:16 | INFO: Blender create Mesh node HERO_xiaoxiang-guan_title.002
00:58:16 | INFO: Blender create Mesh node HERO_yihong-yuan_title.002
00:58:16 | INFO: Blender create Mesh node AOJING_pond.002
00:58:16 | INFO: Blender create Mesh node AOJING_backstage.002
00:58:16 | INFO: Blender create Mesh node AOJING_amber_window.002
00:58:16 | INFO: Blender create Mesh node AOJING_window_lattice.001
00:58:16 | INFO: Blender create Mesh node AOJING_dry_ledge.002
00:58:16 | INFO: Blender create Mesh node AOJING_roof.002
00:58:16 | INFO: Blender create Mesh node AOJING_closed_front.002
00:58:16 | INFO: Blender create Mesh node DAGUAN_backstage.001
00:58:16 | INFO: Blender create Mesh node DAGUAN_door_stud.180
00:58:16 | INFO: Blender create Mesh node DAGUAN_amber_transom.002
00:58:16 | INFO: Blender create Mesh node DAGUAN_closed_door.010
00:58:16 | INFO: Blender create Mesh node DAGUAN_recessed_panel.020
00:58:16 | INFO: Blender create Mesh node DAGUAN_column.006
00:58:16 | INFO: Blender create Mesh node DAGUAN_platform.001
00:58:16 | INFO: Blender create Mesh node DAGUAN_lower_roof.001
00:58:16 | INFO: Blender create Mesh node DAGUAN_front.001
00:58:16 | INFO: Blender create Mesh node DAOXIANG_backstage.001
00:58:16 | INFO: Blender create Mesh node DAOXIANG_door_latch.001
00:58:16 | INFO: Blender create Mesh node DAOXIANG_warm_sliver.001
00:58:16 | INFO: Blender create Mesh node DAOXIANG_closed_door.001
00:58:16 | INFO: Blender create Mesh node DAOXIANG_paddy_painting.001
00:58:16 | INFO: Blender create Mesh node DAOXIANG_court.001
00:58:16 | INFO: Blender create Mesh node DAOXIANG_thatch_mass.001
00:58:16 | INFO: Blender create Mesh node DAOXIANG_front.001
00:58:16 | INFO: Blender create Mesh node SITE_hengwu-yuan_backstage.001
00:58:16 | INFO: Blender create Mesh node KIT_pavilion_finial.011
00:58:16 | INFO: Blender create Mesh node KIT_wall_amber_window.006
00:58:16 | INFO: Blender create Mesh node HENGWU_herb_leaf.001
00:58:16 | INFO: Blender create Mesh node KIT_wall_lattice_vertical.105
00:58:16 | INFO: Blender create Mesh node SITE_hengwu-yuan_platform.001
00:58:16 | INFO: Blender create Mesh node KIT_props_lantern_hanging_render.015
00:58:16 | INFO: Blender create Mesh node KIT_pavilion_roof.011
00:58:16 | INFO: Blender create Mesh node KIT_wall_bay.001
00:58:16 | INFO: Blender create Mesh node SITE_hengwu-yuan_front.001
00:58:16 | INFO: Blender create Mesh node LONGCUI_backstage.001
00:58:16 | INFO: Blender create Mesh node LONGCUI_gate_pull.002
00:58:16 | INFO: Blender create Mesh node LONGCUI_closed_gate.002
00:58:16 | INFO: Blender create Mesh node LONGCUI_paving.001
00:58:16 | INFO: Blender create Mesh node KIT_props_lantern_hanging_render.016
00:58:16 | INFO: Blender create Mesh node LONGCUI_wall_cap.001
00:58:16 | INFO: Blender create Mesh node LONGCUI_closed_front.001
00:58:16 | INFO: Blender create Mesh node KIT_props_tea_cup.006
00:58:16 | INFO: Blender create Mesh node KIT_water_lotus_leaf.007
00:58:16 | INFO: Blender create Mesh node SITE_ouxiang_deck.001
00:58:16 | INFO: Blender create Mesh node KIT_pavilion_water_pier.004
00:58:16 | INFO: Blender create Mesh node KIT_props_lantern_hanging_render.013
00:58:16 | INFO: Blender create Mesh node KIT_pavilion_water_hipped_roof.001
00:58:16 | INFO: Blender create Mesh node KIT_water_lotus.021
00:58:16 | INFO: Blender create Mesh node KIT_corridor_rail.008
00:58:16 | INFO: Blender create Mesh node KIT_pavilion_roof_shell.001
00:58:16 | INFO: Blender create Mesh node KIT_pavilion_plinth.001
00:58:16 | INFO: Blender create Mesh node KIT_props_lantern_hanging_render.001
00:58:16 | INFO: Blender create Mesh node KIT_water_stream.001
00:58:16 | INFO: Blender create Mesh node SITE_qiushuang-zhai_backstage.001
00:58:16 | INFO: Blender create Mesh node KIT_pavilion_finial.005
00:58:16 | INFO: Blender create Mesh node KIT_wall_lattice_vertical.042
00:58:16 | INFO: Blender create Mesh node SITE_qiushuang-zhai_platform.001
00:58:16 | INFO: Blender create Mesh node KIT_props_lantern_hanging_render.010
00:58:16 | INFO: Blender create Mesh node KIT_pavilion_roof.005
00:58:16 | INFO: Blender create Mesh node KIT_tech_terminal_desk_render.007
00:58:16 | INFO: Blender create Mesh node SITE_qiushuang-zhai_front.001
00:58:16 | INFO: Blender create Mesh node GATE_banana_pseudostem.001
00:58:16 | INFO: Blender create Mesh node GATE_banana_soil.001
00:58:16 | INFO: Blender create Mesh node KIT_rockery_passage.001
00:58:16 | INFO: Blender create Mesh node GATE_paving.002
00:58:16 | INFO: Blender create Mesh node KIT_props_lantern_hanging_render.008
00:58:16 | INFO: Blender create Mesh node KIT_stage_fog_plane_render.017
00:58:16 | INFO: Blender create Mesh node KIT_stage_floor.001
00:58:16 | INFO: Blender create Mesh node AOJING_approach_guard.001
00:58:16 | INFO: Blender create Mesh node KIT_stage_painted_moon.001
00:58:16 | INFO: Blender create Mesh node KIT_stage_painted_mountain_layer.003
00:58:16 | INFO: Blender create Mesh node KIT_stage_painted_mountain_layer.004
00:58:16 | INFO: Blender create Mesh node KIT_stage_painted_mountain_layer.005
00:58:16 | INFO: Blender create Mesh node KIT_water_stone_walk.005
00:58:16 | INFO: Blender create Mesh node Painted coved ceiling candidate.001
00:58:16 | INFO: Blender create Mesh node KIT_stage_painted_canvas.002
00:58:16 | INFO: Blender create Mesh node Eight painted cyclorama arcs.001
00:58:16 | INFO: Blender create Mesh node KIT_stage_fog_plane_render.002
00:58:16 | INFO: Blender create Mesh node KIT_tech_cell_side.012
00:58:16 | INFO: Blender create Mesh node KIT_wall_window_bar.030
00:58:16 | INFO: Blender create Mesh node KIT_stage_entry_walk.002
00:58:16 | INFO: Blender create Mesh node KIT_props_folding_chair_render.001
00:58:16 | INFO: Blender create Mesh node KIT_stage_floor_boards_render.002
00:58:16 | INFO: Blender create Mesh node KIT_stage_gel_frame_render.002
00:58:16 | INFO: Blender create Mesh node KIT_stage_studio_wall_render.002
00:58:16 | INFO: Blender create Mesh node KIT_stage_fog_plane_render.020
00:58:16 | INFO: Blender create Mesh node KIT_tech_terminal_desk_render.001
00:58:16 | INFO: Blender create Mesh node KIT_props_scroll_render.001
00:58:16 | INFO: Blender create Mesh node SITE_tubi-tang_backstage.001
00:58:16 | INFO: Blender create Mesh node KIT_pavilion_finial.007
00:58:16 | INFO: Blender create Mesh node KIT_wall_amber_window.003
00:58:16 | INFO: Blender create Mesh node TUBI_topic_line.001
00:58:16 | INFO: Blender create Mesh node KIT_wall_lattice_vertical.063
00:58:16 | INFO: Blender create Mesh node SITE_tubi-tang_platform.001
00:58:16 | INFO: Blender create Mesh node KIT_props_lantern_hanging_render.012
00:58:16 | INFO: Blender create Mesh node KIT_pavilion_roof.007
00:58:16 | INFO: Blender create Mesh node TUBI_terrace.002
00:58:16 | INFO: Blender create Mesh node SITE_tubi-tang_front.001
00:58:16 | INFO: Blender create Mesh node XIAOXIANG_black_back.001
00:58:16 | INFO: Blender create Mesh node XIAOXIANG_gate_pull.002
00:58:16 | INFO: Blender create Mesh node XIAOXIANG_amber_window.001
00:58:16 | INFO: Blender create Mesh node XIAOXIANG_gate_leaf.002
00:58:16 | INFO: Blender create Mesh node XIAOXIANG_paving.001
00:58:16 | INFO: Blender create Mesh node XIAOXIANG_wall_cap.001
00:58:16 | INFO: Blender create Mesh node XIAOXIANG_closed_front.001
00:58:16 | INFO: Blender create Mesh node YIHONG_backstage.002
00:58:16 | INFO: Blender create Mesh node YIHONG_door_rail.001
00:58:16 | INFO: Blender create Mesh node YIHONG_amber_window.002
00:58:16 | INFO: Blender create Mesh node YIHONG_door_panel.001
00:58:16 | INFO: Blender create Mesh node YIHONG_paving.002
00:58:16 | INFO: Blender create Mesh node YIHONG_court_cap.001
00:58:16 | INFO: Blender create Mesh node YIHONG_closed_front.002
00:58:16 | INFO: Blender create Mesh node KIT_water_lotus_leaf.011
00:58:16 | INFO: Blender create Mesh node KIT_water_plank.002
00:58:16 | INFO: Blender create Mesh node SITE_ziling_island.001
00:58:16 | INFO: glTF import finished in 0.94s
WASH_SHADOW_INTENT {"source_glb_sha256": "59de1ca29bc9d02235fc29a18b78c7b2c3dfde893a27f3b8fb318af6e042ddc8", "explicit_meshes": {"SITE_stage_MAT_stage_canopy_paint": false}, "unchanged_unflagged_meshes": 566}
/private/var/folders/gf/s_g2zvzj3jxbylz3ylbc7k4c0000gn/T/garden-neutral-atlas-full-source-ncsvy1b8/candidate/scripts/bake_backdrop_wash.py:73: DeprecationWarning: 'World.use_nodes' is expected to be removed in Blender 6.0
  world.use_nodes = True
/private/var/folders/gf/s_g2zvzj3jxbylz3ylbc7k4c0000gn/T/garden-neutral-atlas-full-source-ncsvy1b8/candidate/scripts/bake_backdrop_wash.py:79: DeprecationWarning: 'Material.use_nodes' is expected to be removed in Blender 6.0
  if not material.use_nodes: continue
/private/var/folders/gf/s_g2zvzj3jxbylz3ylbc7k4c0000gn/T/garden-neutral-atlas-full-source-ncsvy1b8/candidate/scripts/bake_backdrop_wash.py:144: DeprecationWarning: 'Material.use_nodes' is expected to be removed in Blender 6.0
  material.use_nodes = True
Info: Baking map saved to internal image, save it externally or pack it
WASH_BAKE_TARGET SITE_stage_MAT_stage_cyclorama_moonlit_MAT_stage_atlas front
Info: Baking map saved to internal image, save it externally or pack it
WASH_BAKED {"mesh": "SITE_stage_MAT_stage_cyclorama_moonlit_MAT_stage_atlas", "texture": "SITE_stage_MAT_stage_cyclorama_moonlit_MAT_stage_atlas-front.png", "scale": 1.0, "sides": {"front": {"texture": "SITE_stage_MAT_stage_cyclorama_moonlit_MAT_stage_atlas-front.png", "scale": 1.0, "linear_max": 0.22674696147441864, "nonzero_fraction": 0.15479660034179688, "png_sha256": "1e1128c0dbbadcf607a88ed902e193da72feba6e4e6492668708bf7dd0dd36ca"}}, "double_sided": false, "backface_uv_mapping_verified": true, "unoccluded_control_max": null, "size": 512, "samples": 128, "uv_channel": 1, "uv_sha256": "b4cb62f0d74b92ad8e5dc44f8726bddcd738ae32a89846c7d29b9c072e51f8d2", "source_glb_sha256": "59de1ca29bc9d02235fc29a18b78c7b2c3dfde893a27f3b8fb318af6e042ddc8", "stage_blend_sha256": "668913584b23e0c25891f8dc0cb0328f67c406b70ca3917b7da41f74d5c8fb92", "authoring_blend_sha256": "3a3ae2536f17cf8f19b8e5c1c811b080fe05c25615297fa20cb24019c0709621", "site_blend_sha256": {"aojing-guan": "8102719d885344f0a0d37f2d69acfe88221a9f8964e6f1187e701b83f94813e2", "daguan-lou": "adac8b76fcbf3753f48eadd7959a8b793e8f8ed322d1d285cef93e9969984f10", "daoxiang-cun": "ef1a0283da420faf8bdd1aa2969208eaffb097ae7e79794344844188399e8472", "hengwu-yuan": "67f061eddf481a1e305a8c1c2bf4c23578388fa377c5984b709ae169653da01f", "longcui-an": "882bc095544bc20ee85af566216366b1ebf0c2008f45f8aab95dada9ec00d5eb", "ouxiang-xie": "e92997360509562b03197251497694ef41eb6a7e3024cb88e84387fae25e912f", "qinfang-ting": "e56c750cd995412d26ff372df72b149b15c6af8e0100d497d37a35370e55f085", "qiushuang-zhai": "84184801249ae3f06043ebe685156a36c75a9dac78ec36a8ad0c1d04463fe2e7", "tubi-tang": "c6ab65e656fc508ea78b11f003ba2fa9b5a895ef4230faf623fef3f954c478da", "xiaoxiang-guan": "c2e1c8d47f47eb4ba481de36ba9ec680d1d6c25ead3b93e5c64b3fe47f5eac5b", "yihong-yuan": "04ce7a46172dfe85ca298ea4845bedc35b89fa1859ac967d8b0a701722a5bc7d", "ziling-zhou": "d14d54abc93463987788dacbf85f0f9a094b542b69df8790d3f17e305923f6c4"}, "lights_baked": 12, "point_lights_baked": false, "pass_filter": ["DIRECT"], "shadow_intent": {"SITE_stage_MAT_stage_canopy_paint": false}}
WASH_BAKE_TARGET SITE_stage_MAT_stage_canopy_paint front
Info: Baking map saved to internal image, save it externally or pack it
WASH_BAKED {"mesh": "SITE_stage_MAT_stage_canopy_paint", "texture": "SITE_stage_MAT_stage_canopy_paint-front.png", "scale": 1.0, "sides": {"front": {"texture": "SITE_stage_MAT_stage_canopy_paint-front.png", "scale": 1.0, "linear_max": 0.10368452966213226, "nonzero_fraction": 0.043338775634765625, "png_sha256": "5fd81440353159f34f629d89d6e82f50a301bd7153e6eceaae375c6836b81f55"}}, "double_sided": false, "backface_uv_mapping_verified": true, "unoccluded_control_max": null, "size": 512, "samples": 128, "uv_channel": 1, "uv_sha256": "34649898b4b083dedd2342e75fc6151b8ded43d7dbc692bee806c8734d946358", "source_glb_sha256": "59de1ca29bc9d02235fc29a18b78c7b2c3dfde893a27f3b8fb318af6e042ddc8", "stage_blend_sha256": "668913584b23e0c25891f8dc0cb0328f67c406b70ca3917b7da41f74d5c8fb92", "authoring_blend_sha256": "3a3ae2536f17cf8f19b8e5c1c811b080fe05c25615297fa20cb24019c0709621", "site_blend_sha256": {"aojing-guan": "8102719d885344f0a0d37f2d69acfe88221a9f8964e6f1187e701b83f94813e2", "daguan-lou": "adac8b76fcbf3753f48eadd7959a8b793e8f8ed322d1d285cef93e9969984f10", "daoxiang-cun": "ef1a0283da420faf8bdd1aa2969208eaffb097ae7e79794344844188399e8472", "hengwu-yuan": "67f061eddf481a1e305a8c1c2bf4c23578388fa377c5984b709ae169653da01f", "longcui-an": "882bc095544bc20ee85af566216366b1ebf0c2008f45f8aab95dada9ec00d5eb", "ouxiang-xie": "e92997360509562b03197251497694ef41eb6a7e3024cb88e84387fae25e912f", "qinfang-ting": "e56c750cd995412d26ff372df72b149b15c6af8e0100d497d37a35370e55f085", "qiushuang-zhai": "84184801249ae3f06043ebe685156a36c75a9dac78ec36a8ad0c1d04463fe2e7", "tubi-tang": "c6ab65e656fc508ea78b11f003ba2fa9b5a895ef4230faf623fef3f954c478da", "xiaoxiang-guan": "c2e1c8d47f47eb4ba481de36ba9ec680d1d6c25ead3b93e5c64b3fe47f5eac5b", "yihong-yuan": "04ce7a46172dfe85ca298ea4845bedc35b89fa1859ac967d8b0a701722a5bc7d", "ziling-zhou": "d14d54abc93463987788dacbf85f0f9a094b542b69df8790d3f17e305923f6c4"}, "lights_baked": 12, "point_lights_baked": false, "pass_filter": ["DIRECT"], "shadow_intent": {"SITE_stage_MAT_stage_canopy_paint": false}}
WASH_BAKE_TARGET SITE_stage_MAT_painted_moon front
Info: Baking map saved to internal image, save it externally or pack it
WASH_BAKE_TARGET SITE_stage_MAT_painted_moon back
Info: Baking map saved to internal image, save it externally or pack it
WASH_BAKED {"mesh": "SITE_stage_MAT_painted_moon", "texture": "SITE_stage_MAT_painted_moon-front.png", "scale": 1.0, "sides": {"front": {"texture": "SITE_stage_MAT_painted_moon-front.png", "scale": 1.0, "linear_max": 0.22623233497142792, "nonzero_fraction": 0.21535110473632812, "png_sha256": "6e03e79c4e5539bebce3299186ebbce5be896a8086f416acbef0cf1f71f71e97"}, "back": {"texture": "SITE_stage_MAT_painted_moon-back.png", "scale": 1.0, "linear_max": 0.0005604923353530467, "nonzero_fraction": 6.4849853515625e-05, "png_sha256": "d1de1fd43e9b50aeb7f1d61f3b317c280e87ae0e5481cc210009f6e947002ad8"}}, "double_sided": true, "backface_uv_mapping_verified": true, "unoccluded_control_max": null, "size": 512, "samples": 128, "uv_channel": 1, "uv_sha256": "5b099e5e3229f0bd447f7af7de01b7d1a6392552f2c0a1b6c6c48a3b32db1ba1", "source_glb_sha256": "59de1ca29bc9d02235fc29a18b78c7b2c3dfde893a27f3b8fb318af6e042ddc8", "stage_blend_sha256": "668913584b23e0c25891f8dc0cb0328f67c406b70ca3917b7da41f74d5c8fb92", "authoring_blend_sha256": "3a3ae2536f17cf8f19b8e5c1c811b080fe05c25615297fa20cb24019c0709621", "site_blend_sha256": {"aojing-guan": "8102719d885344f0a0d37f2d69acfe88221a9f8964e6f1187e701b83f94813e2", "daguan-lou": "adac8b76fcbf3753f48eadd7959a8b793e8f8ed322d1d285cef93e9969984f10", "daoxiang-cun": "ef1a0283da420faf8bdd1aa2969208eaffb097ae7e79794344844188399e8472", "hengwu-yuan": "67f061eddf481a1e305a8c1c2bf4c23578388fa377c5984b709ae169653da01f", "longcui-an": "882bc095544bc20ee85af566216366b1ebf0c2008f45f8aab95dada9ec00d5eb", "ouxiang-xie": "e92997360509562b03197251497694ef41eb6a7e3024cb88e84387fae25e912f", "qinfang-ting": "e56c750cd995412d26ff372df72b149b15c6af8e0100d497d37a35370e55f085", "qiushuang-zhai": "84184801249ae3f06043ebe685156a36c75a9dac78ec36a8ad0c1d04463fe2e7", "tubi-tang": "c6ab65e656fc508ea78b11f003ba2fa9b5a895ef4230faf623fef3f954c478da", "xiaoxiang-guan": "c2e1c8d47f47eb4ba481de36ba9ec680d1d6c25ead3b93e5c64b3fe47f5eac5b", "yihong-yuan": "04ce7a46172dfe85ca298ea4845bedc35b89fa1859ac967d8b0a701722a5bc7d", "ziling-zhou": "d14d54abc93463987788dacbf85f0f9a094b542b69df8790d3f17e305923f6c4"}, "lights_baked": 12, "point_lights_baked": false, "pass_filter": ["DIRECT"], "shadow_intent": {"SITE_stage_MAT_stage_canopy_paint": false}}
WASH_BAKE_TARGET SITE_stage_MAT_painted_mountains_0 front
Info: Baking map saved to internal image, save it externally or pack it
WASH_BAKE_TARGET SITE_stage_MAT_painted_mountains_0 back
Info: Baking map saved to internal image, save it externally or pack it
Info: Baking map saved to internal image, save it externally or pack it
WASH_BAKED {"mesh": "SITE_stage_MAT_painted_mountains_0", "texture": "SITE_stage_MAT_painted_mountains_0-front.png", "scale": 1.0, "sides": {"front": {"texture": "SITE_stage_MAT_painted_mountains_0-front.png", "scale": 1.0, "linear_max": 0.0, "nonzero_fraction": 0.0, "png_sha256": "3d0c0bfd2c5437cbdc4f382593564b7ad0f09885073c0bff5322ab996c038e15"}, "back": {"texture": "SITE_stage_MAT_painted_mountains_0-back.png", "scale": 1.0, "linear_max": 0.0, "nonzero_fraction": 0.0, "png_sha256": "3d0c0bfd2c5437cbdc4f382593564b7ad0f09885073c0bff5322ab996c038e15"}}, "double_sided": true, "backface_uv_mapping_verified": true, "unoccluded_control_max": 0.1681901067495346, "size": 512, "samples": 128, "uv_channel": 1, "uv_sha256": "97a93dfe178ec8616ceae899da19646d791a25070984e7e1c52e562db883272c", "source_glb_sha256": "59de1ca29bc9d02235fc29a18b78c7b2c3dfde893a27f3b8fb318af6e042ddc8", "stage_blend_sha256": "668913584b23e0c25891f8dc0cb0328f67c406b70ca3917b7da41f74d5c8fb92", "authoring_blend_sha256": "3a3ae2536f17cf8f19b8e5c1c811b080fe05c25615297fa20cb24019c0709621", "site_blend_sha256": {"aojing-guan": "8102719d885344f0a0d37f2d69acfe88221a9f8964e6f1187e701b83f94813e2", "daguan-lou": "adac8b76fcbf3753f48eadd7959a8b793e8f8ed322d1d285cef93e9969984f10", "daoxiang-cun": "ef1a0283da420faf8bdd1aa2969208eaffb097ae7e79794344844188399e8472", "hengwu-yuan": "67f061eddf481a1e305a8c1c2bf4c23578388fa377c5984b709ae169653da01f", "longcui-an": "882bc095544bc20ee85af566216366b1ebf0c2008f45f8aab95dada9ec00d5eb", "ouxiang-xie": "e92997360509562b03197251497694ef41eb6a7e3024cb88e84387fae25e912f", "qinfang-ting": "e56c750cd995412d26ff372df72b149b15c6af8e0100d497d37a35370e55f085", "qiushuang-zhai": "84184801249ae3f06043ebe685156a36c75a9dac78ec36a8ad0c1d04463fe2e7", "tubi-tang": "c6ab65e656fc508ea78b11f003ba2fa9b5a895ef4230faf623fef3f954c478da", "xiaoxiang-guan": "c2e1c8d47f47eb4ba481de36ba9ec680d1d6c25ead3b93e5c64b3fe47f5eac5b", "yihong-yuan": "04ce7a46172dfe85ca298ea4845bedc35b89fa1859ac967d8b0a701722a5bc7d", "ziling-zhou": "d14d54abc93463987788dacbf85f0f9a094b542b69df8790d3f17e305923f6c4"}, "lights_baked": 12, "point_lights_baked": false, "pass_filter": ["DIRECT"], "shadow_intent": {"SITE_stage_MAT_stage_canopy_paint": false}}
WASH_BAKE_TARGET SITE_stage_MAT_painted_mountains_1 front
Info: Baking map saved to internal image, save it externally or pack it
WASH_BAKE_TARGET SITE_stage_MAT_painted_mountains_1 back
Info: Baking map saved to internal image, save it externally or pack it
WASH_BAKED {"mesh": "SITE_stage_MAT_painted_mountains_1", "texture": "SITE_stage_MAT_painted_mountains_1-front.png", "scale": 1.0, "sides": {"front": {"texture": "SITE_stage_MAT_painted_mountains_1-front.png", "scale": 1.0, "linear_max": 0.0, "nonzero_fraction": 0.0, "png_sha256": "3d0c0bfd2c5437cbdc4f382593564b7ad0f09885073c0bff5322ab996c038e15"}, "back": {"texture": "SITE_stage_MAT_painted_mountains_1-back.png", "scale": 1.0, "linear_max": 0.002930331276729703, "nonzero_fraction": 0.000690460205078125, "png_sha256": "f0d385997015691d5929ecbc6251bac694fd5ac19446bb21473f963a7841933b"}}, "double_sided": true, "backface_uv_mapping_verified": true, "unoccluded_control_max": null, "size": 512, "samples": 128, "uv_channel": 1, "uv_sha256": "31ca5f33801766d6233cd69b74f855e6f881dd986167a9859518f6206dc5bef2", "source_glb_sha256": "59de1ca29bc9d02235fc29a18b78c7b2c3dfde893a27f3b8fb318af6e042ddc8", "stage_blend_sha256": "668913584b23e0c25891f8dc0cb0328f67c406b70ca3917b7da41f74d5c8fb92", "authoring_blend_sha256": "3a3ae2536f17cf8f19b8e5c1c811b080fe05c25615297fa20cb24019c0709621", "site_blend_sha256": {"aojing-guan": "8102719d885344f0a0d37f2d69acfe88221a9f8964e6f1187e701b83f94813e2", "daguan-lou": "adac8b76fcbf3753f48eadd7959a8b793e8f8ed322d1d285cef93e9969984f10", "daoxiang-cun": "ef1a0283da420faf8bdd1aa2969208eaffb097ae7e79794344844188399e8472", "hengwu-yuan": "67f061eddf481a1e305a8c1c2bf4c23578388fa377c5984b709ae169653da01f", "longcui-an": "882bc095544bc20ee85af566216366b1ebf0c2008f45f8aab95dada9ec00d5eb", "ouxiang-xie": "e92997360509562b03197251497694ef41eb6a7e3024cb88e84387fae25e912f", "qinfang-ting": "e56c750cd995412d26ff372df72b149b15c6af8e0100d497d37a35370e55f085", "qiushuang-zhai": "84184801249ae3f06043ebe685156a36c75a9dac78ec36a8ad0c1d04463fe2e7", "tubi-tang": "c6ab65e656fc508ea78b11f003ba2fa9b5a895ef4230faf623fef3f954c478da", "xiaoxiang-guan": "c2e1c8d47f47eb4ba481de36ba9ec680d1d6c25ead3b93e5c64b3fe47f5eac5b", "yihong-yuan": "04ce7a46172dfe85ca298ea4845bedc35b89fa1859ac967d8b0a701722a5bc7d", "ziling-zhou": "d14d54abc93463987788dacbf85f0f9a094b542b69df8790d3f17e305923f6c4"}, "lights_baked": 12, "point_lights_baked": false, "pass_filter": ["DIRECT"], "shadow_intent": {"SITE_stage_MAT_stage_canopy_paint": false}}
WASH_BAKE_TARGET SITE_stage_MAT_painted_mountains_2 front
Info: Baking map saved to internal image, save it externally or pack it
WASH_BAKE_TARGET SITE_stage_MAT_painted_mountains_2 back
Info: Baking map saved to internal image, save it externally or pack it
WASH_BAKED {"mesh": "SITE_stage_MAT_painted_mountains_2", "texture": "SITE_stage_MAT_painted_mountains_2-front.png", "scale": 1.0, "sides": {"front": {"texture": "SITE_stage_MAT_painted_mountains_2-front.png", "scale": 1.0, "linear_max": 0.0, "nonzero_fraction": 0.0, "png_sha256": "3d0c0bfd2c5437cbdc4f382593564b7ad0f09885073c0bff5322ab996c038e15"}, "back": {"texture": "SITE_stage_MAT_painted_mountains_2-back.png", "scale": 1.0, "linear_max": 0.2248643934726715, "nonzero_fraction": 0.4390220642089844, "png_sha256": "5c68a64834d9b664679e937b066429b04d7b990ba2d9b874c2ea3b2fd3c224d5"}}, "double_sided": true, "backface_uv_mapping_verified": true, "unoccluded_control_max": null, "size": 512, "samples": 128, "uv_channel": 1, "uv_sha256": "91e8509c3d646b6172c291d80ea0e0e5c0a5321b8a6a1c587effd0afe71869c5", "source_glb_sha256": "59de1ca29bc9d02235fc29a18b78c7b2c3dfde893a27f3b8fb318af6e042ddc8", "stage_blend_sha256": "668913584b23e0c25891f8dc0cb0328f67c406b70ca3917b7da41f74d5c8fb92", "authoring_blend_sha256": "3a3ae2536f17cf8f19b8e5c1c811b080fe05c25615297fa20cb24019c0709621", "site_blend_sha256": {"aojing-guan": "8102719d885344f0a0d37f2d69acfe88221a9f8964e6f1187e701b83f94813e2", "daguan-lou": "adac8b76fcbf3753f48eadd7959a8b793e8f8ed322d1d285cef93e9969984f10", "daoxiang-cun": "ef1a0283da420faf8bdd1aa2969208eaffb097ae7e79794344844188399e8472", "hengwu-yuan": "67f061eddf481a1e305a8c1c2bf4c23578388fa377c5984b709ae169653da01f", "longcui-an": "882bc095544bc20ee85af566216366b1ebf0c2008f45f8aab95dada9ec00d5eb", "ouxiang-xie": "e92997360509562b03197251497694ef41eb6a7e3024cb88e84387fae25e912f", "qinfang-ting": "e56c750cd995412d26ff372df72b149b15c6af8e0100d497d37a35370e55f085", "qiushuang-zhai": "84184801249ae3f06043ebe685156a36c75a9dac78ec36a8ad0c1d04463fe2e7", "tubi-tang": "c6ab65e656fc508ea78b11f003ba2fa9b5a895ef4230faf623fef3f954c478da", "xiaoxiang-guan": "c2e1c8d47f47eb4ba481de36ba9ec680d1d6c25ead3b93e5c64b3fe47f5eac5b", "yihong-yuan": "04ce7a46172dfe85ca298ea4845bedc35b89fa1859ac967d8b0a701722a5bc7d", "ziling-zhou": "d14d54abc93463987788dacbf85f0f9a094b542b69df8790d3f17e305923f6c4"}, "lights_baked": 12, "point_lights_baked": false, "pass_filter": ["DIRECT"], "shadow_intent": {"SITE_stage_MAT_stage_canopy_paint": false}}
NATIVE_BACKDROP_WASH_PASS 6 building direct maximum 0.0
Blender 5.2.2 LTS (hash d13f752e3b9c built 2026-09-15 01:49:19)

Blender quit
