BlenderMCP addon registered
BlenderMCP addon unregistered
00:58:48 | INFO: Data are loaded, start creating Blender stuff
00:58:48 | INFO: Blender create Mesh node COL_aojing_approach.001
00:58:48 | INFO: Blender create Mesh node COL_aojing_approach.004
00:58:48 | INFO: Blender create Mesh node COL_aojing_approach_guard.001
00:58:48 | INFO: Blender create Mesh node COL_aojing_approach_guard.004
00:58:48 | INFO: Blender create Mesh node COL_aojing_approach_ramp.002
00:58:48 | INFO: Blender create Mesh node COL_aojing_closed_front.002
00:58:48 | INFO: Blender create Mesh node COL_aojing_dry_ledge.002
00:58:48 | INFO: Blender create Mesh node COL_aojing_hall_floor.002
00:58:48 | INFO: Blender create Mesh node COL_aojing_ledge_end.002
00:58:48 | INFO: Blender create Mesh node COL_aojing_ledge_parapet.002
00:58:48 | INFO: Blender create Mesh node COL_aojing_return.001
00:58:48 | INFO: Blender create Mesh node COL_aojing_return.004
00:58:48 | INFO: Blender create Mesh node Cube.147
00:58:48 | INFO: Blender create Mesh node Cube.148
00:58:48 | INFO: Blender create Mesh node Cube.149
00:58:48 | INFO: Blender create Mesh node Cube.150
00:58:48 | INFO: Blender create Mesh node COL_bridge_crosswalk.002
00:58:48 | INFO: Blender create Mesh node COL_bridge_crosswalk.003
00:58:48 | INFO: Blender create Mesh node COL_cell_floor.006
00:58:48 | INFO: Blender create Mesh node COL_cell_floor.007
00:58:48 | INFO: Blender create Mesh node COL_cell_floor.008
00:58:48 | INFO: Blender create Mesh node COL_cell_floor.009
00:58:48 | INFO: Blender create Mesh node COL_cell_floor.010
00:58:48 | INFO: Blender create Mesh node COL_cell_floor.011
00:58:48 | INFO: Blender create Mesh node COL_cell_wall.012
00:58:48 | INFO: Blender create Mesh node COL_cell_wall.013
00:58:48 | INFO: Blender create Mesh node COL_cell_wall.014
00:58:48 | INFO: Blender create Mesh node COL_cell_wall.015
00:58:48 | INFO: Blender create Mesh node COL_cell_wall.016
00:58:48 | INFO: Blender create Mesh node COL_cell_wall.017
00:58:48 | INFO: Blender create Mesh node COL_cell_wall.018
00:58:48 | INFO: Blender create Mesh node COL_cell_wall.019
00:58:48 | INFO: Blender create Mesh node COL_cell_wall.020
00:58:48 | INFO: Blender create Mesh node COL_cell_wall.021
00:58:48 | INFO: Blender create Mesh node COL_cell_wall.022
00:58:48 | INFO: Blender create Mesh node COL_cell_wall.023
00:58:48 | INFO: Blender create Mesh node COL_daguan_central_step.003
00:58:48 | INFO: Blender create Mesh node COL_daguan_central_step.004
00:58:48 | INFO: Blender create Mesh node COL_daguan_central_step.005
00:58:48 | INFO: Blender create Mesh node COL_daguan_closed_front.001
00:58:48 | INFO: Blender create Mesh node COL_daguan_column.006
00:58:48 | INFO: Blender create Mesh node COL_daguan_column.007
00:58:48 | INFO: Blender create Mesh node COL_daguan_column.008
00:58:48 | INFO: Blender create Mesh node COL_daguan_column.009
00:58:48 | INFO: Blender create Mesh node COL_daguan_column.010
00:58:48 | INFO: Blender create Mesh node COL_daguan_column.011
00:58:48 | INFO: Blender create Mesh node COL_daguan_floor.001
00:58:48 | INFO: Blender create Mesh node COL_daguan_return_wall.002
00:58:48 | INFO: Blender create Mesh node COL_daguan_return_wall.003
00:58:48 | INFO: Blender create Mesh node COL_daoxiang_approach.002
00:58:48 | INFO: Blender create Mesh node COL_daoxiang_approach.003
00:58:48 | INFO: Blender create Mesh node COL_daoxiang_closed_front.001
00:58:48 | INFO: Blender create Mesh node COL_daoxiang_court.001
00:58:48 | INFO: Blender create Mesh node COL_daoxiang_fence.004
00:58:48 | INFO: Blender create Mesh node COL_daoxiang_fence.005
00:58:48 | INFO: Blender create Mesh node COL_daoxiang_fence.006
00:58:48 | INFO: Blender create Mesh node COL_daoxiang_fence.007
00:58:48 | INFO: Blender create Mesh node COL_daoxiang_side.002
00:58:48 | INFO: Blender create Mesh node COL_daoxiang_side.003
00:58:48 | INFO: Blender create Mesh node COL_entry_corridor.001
00:58:48 | INFO: Blender create Mesh node COL_entry_walk.002
00:58:48 | INFO: Blender create Mesh node COL_entry_walk.003
00:58:48 | INFO: Blender create Mesh node COL_floor_joint_cell_threshold_0.001
00:58:48 | INFO: Blender create Mesh node COL_floor_joint_cell_threshold_1.001
00:58:48 | INFO: Blender create Mesh node COL_floor_joint_cell_threshold_2.001
00:58:48 | INFO: Blender create Mesh node COL_floor_joint_cell_threshold_3.001
00:58:48 | INFO: Blender create Mesh node COL_floor_joint_cell_threshold_4.001
00:58:48 | INFO: Blender create Mesh node COL_floor_joint_cell_threshold_5.001
00:58:48 | INFO: Blender create Mesh node COL_floor_joint_pavilion_east_joint.001
00:58:48 | INFO: Blender create Mesh node COL_floor_joint_pavilion_west_joint.001
00:58:48 | INFO: Blender create Mesh node Cube.146
00:58:48 | INFO: Blender create Mesh node Cube.145
00:58:48 | INFO: Blender create Mesh node COL_GATE_banana_planter.001
00:58:48 | INFO: Blender create Mesh node KIT_rockery_passage.022
00:58:48 | INFO: Blender create Mesh node KIT_rockery_passage.024
00:58:48 | INFO: Blender create Mesh node KIT_rockery_cliff.006
00:58:48 | INFO: Blender create Mesh node KIT_rockery_cliff.008
00:58:48 | INFO: Blender create Mesh node KIT_rockery_passage.004
00:58:48 | INFO: Blender create Mesh node KIT_rockery_passage.016
00:58:48 | INFO: Blender create Mesh node KIT_rockery_passage.018
00:58:48 | INFO: Blender create Mesh node KIT_rockery_passage.020
00:58:48 | INFO: Blender create Mesh node GATE_paving.003
00:58:48 | INFO: Blender create Mesh node COL_hengwu-yuan_floor.001
00:58:48 | INFO: Blender create Mesh node COL_hengwu_approach.002
00:58:48 | INFO: Blender create Mesh node COL_hengwu_approach.003
00:58:48 | INFO: Blender create Mesh node COL_hengwu_closed_hall.002
00:58:48 | INFO: Blender create Mesh node COL_hengwu_court.002
00:58:48 | INFO: Blender create Mesh node COL_hengwu_hall_post.001
00:58:48 | INFO: Blender create Mesh node COL_hengwu_hall_post.002
00:58:48 | INFO: Blender create Mesh node COL_hengwu_hall_post.006
00:58:48 | INFO: Blender create Mesh node COL_wall_bay.001
00:58:48 | INFO: Blender create Mesh node COL_wall_bay.002
00:58:48 | INFO: Blender create Mesh node COL_wall_bay.003
00:58:48 | INFO: Blender create Mesh node COL_wall_bay.004
00:58:48 | INFO: Blender create Mesh node COL_wall_bay.005
00:58:48 | INFO: Blender create Mesh node COL_wall_bay.006
00:58:48 | INFO: Blender create Mesh node KIT_wall_plaster.002
00:58:48 | INFO: Blender create Mesh node COL_wall_window.001
00:58:48 | INFO: Blender create Mesh node COL_wall_window.002
00:58:48 | INFO: Blender create Mesh node COL_hengwu_rock.001
00:58:48 | INFO: Blender create Mesh node COL_hengwu_rock.002
00:58:48 | INFO: Blender create Mesh node COL_hengwu_rock.006
00:58:48 | INFO: Blender create Mesh node COL_hengwu_stool.001
00:58:48 | INFO: Blender create Mesh node COL_hengwu_stool.002
00:58:48 | INFO: Blender create Mesh node COL_hengwu_stool.003
00:58:48 | INFO: Blender create Mesh node COL_hengwu_stool.008
00:58:48 | INFO: Blender create Mesh node COL_hengwu_table.002
00:58:48 | INFO: Blender create Mesh node COL_longcui_approach.003
00:58:48 | INFO: Blender create Mesh node COL_longcui_approach.004
00:58:48 | INFO: Blender create Mesh node COL_longcui_approach.005
00:58:48 | INFO: Blender create Mesh node COL_longcui_burner.001
00:58:48 | INFO: Blender create Mesh node COL_longcui_closed_front.001
00:58:48 | INFO: Blender create Mesh node COL_longcui_floor.001
00:58:48 | INFO: Blender create Mesh node COL_longcui_plum_trunk.002
00:58:48 | INFO: Blender create Mesh node COL_longcui_plum_trunk.003
00:58:48 | INFO: Blender create Mesh node COL_longcui_return.002
00:58:48 | INFO: Blender create Mesh node COL_longcui_return.003
00:58:48 | INFO: Blender create Mesh node COL_longcui_threshold.001
00:58:48 | INFO: Blender create Mesh node COL_ouxiang_approach.001
00:58:48 | INFO: Blender create Mesh node COL_ouxiang_deck.001
00:58:48 | INFO: Blender create Mesh node COL_ouxiang_post.004
00:58:48 | INFO: Blender create Mesh node COL_ouxiang_post.005
00:58:48 | INFO: Blender create Mesh node COL_ouxiang_post.006
00:58:48 | INFO: Blender create Mesh node COL_ouxiang_post.007
00:58:48 | INFO: Blender create Mesh node COL_ouxiang_rail.002
00:58:48 | INFO: Blender create Mesh node COL_ouxiang_rail.003
00:58:48 | INFO: Blender create Mesh node COL_ouxiang_side_rail.004
00:58:48 | INFO: Blender create Mesh node COL_ouxiang_side_rail.005
00:58:48 | INFO: Blender create Mesh node COL_ouxiang_side_rail.006
00:58:48 | INFO: Blender create Mesh node COL_ouxiang_side_rail.007
00:58:48 | INFO: Blender create Mesh node COL_ouxiang_table.001
00:58:48 | INFO: Blender create Mesh node COL_corridor_floor.009
00:58:48 | INFO: Blender create Mesh node COL_corridor_side.015
00:58:48 | INFO: Blender create Mesh node COL_corridor_side.016
00:58:48 | INFO: Blender create Mesh node COL_corridor_post.016
00:58:48 | INFO: Blender create Mesh node COL_corridor_post.017
00:58:48 | INFO: Blender create Mesh node COL_corridor_floor.010
00:58:48 | INFO: Blender create Mesh node COL_corridor_side.017
00:58:48 | INFO: Blender create Mesh node COL_corridor_side.018
00:58:48 | INFO: Blender create Mesh node COL_corridor_post.018
00:58:48 | INFO: Blender create Mesh node COL_corridor_post.019
00:58:48 | INFO: Blender create Mesh node COL_corridor_floor.011
00:58:48 | INFO: Blender create Mesh node COL_corridor_side.019
00:58:48 | INFO: Blender create Mesh node COL_corridor_side.020
00:58:48 | INFO: Blender create Mesh node COL_corridor_post.020
00:58:48 | INFO: Blender create Mesh node COL_corridor_post.021
00:58:48 | INFO: Blender create Mesh node COL_corridor_floor.012
00:58:48 | INFO: Blender create Mesh node COL_corridor_side.021
00:58:48 | INFO: Blender create Mesh node COL_corridor_side.022
00:58:48 | INFO: Blender create Mesh node COL_corridor_post.022
00:58:48 | INFO: Blender create Mesh node COL_corridor_post.023
00:58:48 | INFO: Blender create Mesh node COL_corridor_floor.001
00:58:48 | INFO: Blender create Mesh node COL_corridor_side.001
00:58:48 | INFO: Blender create Mesh node COL_corridor_side.002
00:58:48 | INFO: Blender create Mesh node COL_corridor_post.001
00:58:48 | INFO: Blender create Mesh node COL_corridor_post.002
00:58:48 | INFO: Blender create Mesh node COL_corridor_floor.002
00:58:48 | INFO: Blender create Mesh node COL_corridor_side.003
00:58:48 | INFO: Blender create Mesh node COL_corridor_side.004
00:58:48 | INFO: Blender create Mesh node COL_corridor_post.003
00:58:48 | INFO: Blender create Mesh node COL_corridor_post.004
00:58:48 | INFO: Blender create Mesh node COL_corridor_floor.003
00:58:48 | INFO: Blender create Mesh node COL_corridor_side.005
00:58:48 | INFO: Blender create Mesh node COL_corridor_side.006
00:58:48 | INFO: Blender create Mesh node COL_corridor_post.005
00:58:48 | INFO: Blender create Mesh node COL_corridor_post.006
00:58:48 | INFO: Blender create Mesh node COL_corridor_floor.004
00:58:48 | INFO: Blender create Mesh node COL_corridor_side.007
00:58:48 | INFO: Blender create Mesh node COL_corridor_side.008
00:58:48 | INFO: Blender create Mesh node COL_corridor_post.007
00:58:48 | INFO: Blender create Mesh node COL_corridor_post.008
00:58:48 | INFO: Blender create Mesh node COL_corridor_floor.005
00:58:48 | INFO: Blender create Mesh node COL_corridor_side.009
00:58:48 | INFO: Blender create Mesh node COL_corridor_side.010
00:58:48 | INFO: Blender create Mesh node COL_corridor_post.009
00:58:48 | INFO: Blender create Mesh node COL_corridor_post.010
00:58:48 | INFO: Blender create Mesh node COL_corridor_floor.006
00:58:48 | INFO: Blender create Mesh node COL_corridor_side.011
00:58:48 | INFO: Blender create Mesh node COL_corridor_post.011
00:58:48 | INFO: Blender create Mesh node COL_corridor_post.012
00:58:48 | INFO: Blender create Mesh node COL_corridor_floor.007
00:58:48 | INFO: Blender create Mesh node COL_corridor_side.012
00:58:48 | INFO: Blender create Mesh node COL_corridor_post.013
00:58:48 | INFO: Blender create Mesh node COL_corridor_floor.008
00:58:48 | INFO: Blender create Mesh node COL_corridor_side.013
00:58:48 | INFO: Blender create Mesh node COL_corridor_side.014
00:58:48 | INFO: Blender create Mesh node COL_corridor_post.014
00:58:48 | INFO: Blender create Mesh node COL_corridor_post.015
00:58:48 | INFO: Blender create Mesh node COL_corridor_floor.013
00:58:48 | INFO: Blender create Mesh node COL_corridor_side.023
00:58:48 | INFO: Blender create Mesh node COL_corridor_side.024
00:58:48 | INFO: Blender create Mesh node COL_corridor_post.024
00:58:48 | INFO: Blender create Mesh node COL_corridor_post.025
00:58:48 | INFO: Blender create Mesh node COL_corridor_floor.014
00:58:48 | INFO: Blender create Mesh node COL_corridor_side.025
00:58:48 | INFO: Blender create Mesh node COL_corridor_side.026
00:58:48 | INFO: Blender create Mesh node COL_corridor_post.026
00:58:48 | INFO: Blender create Mesh node COL_corridor_post.027
00:58:48 | INFO: Blender create Mesh node COL_corridor_floor.015
00:58:48 | INFO: Blender create Mesh node COL_corridor_side.027
00:58:48 | INFO: Blender create Mesh node COL_corridor_side.028
00:58:48 | INFO: Blender create Mesh node COL_corridor_post.028
00:58:48 | INFO: Blender create Mesh node COL_corridor_post.029
00:58:48 | INFO: Blender create Mesh node COL_corridor_floor.016
00:58:48 | INFO: Blender create Mesh node COL_corridor_side.029
00:58:48 | INFO: Blender create Mesh node COL_corridor_side.030
00:58:48 | INFO: Blender create Mesh node COL_corridor_post.030
00:58:48 | INFO: Blender create Mesh node COL_corridor_post.031
00:58:48 | INFO: Blender create Mesh node COL_qinfang_deck.001
00:58:48 | INFO: Blender create Mesh node COL_pavilion_bench.001
00:58:48 | INFO: Blender create Mesh node COL_pavilion_bench.002
00:58:48 | INFO: Blender create Mesh node COL_pavilion_bracket.001
00:58:48 | INFO: Blender create Mesh node COL_pavilion_bracket.002
00:58:48 | INFO: Blender create Mesh node COL_pavilion_bracket.003
00:58:48 | INFO: Blender create Mesh node COL_pavilion_bracket.004
00:58:48 | INFO: Blender create Mesh node COL_pavilion_bracket.005
00:58:48 | INFO: Blender create Mesh node COL_pavilion_bracket.006
00:58:48 | INFO: Blender create Mesh node COL_pavilion_post.001
00:58:48 | INFO: Blender create Mesh node COL_pavilion_post.002
00:58:48 | INFO: Blender create Mesh node COL_pavilion_post.003
00:58:48 | INFO: Blender create Mesh node COL_pavilion_post.004
00:58:48 | INFO: Blender create Mesh node COL_pavilion_post.005
00:58:48 | INFO: Blender create Mesh node COL_pavilion_post.006
00:58:48 | INFO: Blender create Mesh node COL_pavilion_roof.001
00:58:48 | INFO: Blender create Mesh node COL_qiushuang-zhai_floor.001
00:58:48 | INFO: Blender create Mesh node Cube.009
00:58:48 | INFO: Blender create Mesh node Cube.011
00:58:48 | INFO: Blender create Mesh node Cube.012
00:58:48 | INFO: Blender create Mesh node Cube.013
00:58:48 | INFO: Blender create Mesh node Cube.019
00:58:48 | INFO: Blender create Mesh node Cube.020
00:58:48 | INFO: Blender create Mesh node Cube.023
00:58:48 | INFO: Blender create Mesh node Cube.024
00:58:48 | INFO: Blender create Mesh node Cube.048
00:58:48 | INFO: Blender create Mesh node Cube.050
00:58:48 | INFO: Blender create Mesh node Cube.052
00:58:48 | INFO: Blender create Mesh node Cube.092
00:58:48 | INFO: Blender create Mesh node Cube.093
00:58:48 | INFO: Blender create Mesh node Cube.094
00:58:48 | INFO: Blender create Mesh node Cube.095
00:58:48 | INFO: Blender create Mesh node Cube.096
00:58:48 | INFO: Blender create Mesh node Cube.097
00:58:48 | INFO: Blender create Mesh node Cube.098
00:58:48 | INFO: Blender create Mesh node Cube.099
00:58:48 | INFO: Blender create Mesh node Cube.100
00:58:48 | INFO: Blender create Mesh node Cube.101
00:58:48 | INFO: Blender create Mesh node Cube.102
00:58:48 | INFO: Blender create Mesh node Cube.103
00:58:48 | INFO: Blender create Mesh node Cube.104
00:58:48 | INFO: Blender create Mesh node Cube.105
00:58:48 | INFO: Blender create Mesh node Cube.106
00:58:48 | INFO: Blender create Mesh node Cube.107
00:58:48 | INFO: Blender create Mesh node Cube.108
00:58:48 | INFO: Blender create Mesh node Cube.109
00:58:48 | INFO: Blender create Mesh node Cube.110
00:58:48 | INFO: Blender create Mesh node Cube.111
00:58:48 | INFO: Blender create Mesh node Cube.112
00:58:48 | INFO: Blender create Mesh node Cube.113
00:58:48 | INFO: Blender create Mesh node Cube.114
00:58:48 | INFO: Blender create Mesh node Cube.115
00:58:48 | INFO: Blender create Mesh node Cube.116
00:58:48 | INFO: Blender create Mesh node Cube.117
00:58:48 | INFO: Blender create Mesh node Cube.118
00:58:48 | INFO: Blender create Mesh node Cube.119
00:58:48 | INFO: Blender create Mesh node Cube.120
00:58:48 | INFO: Blender create Mesh node Cube.121
00:58:48 | INFO: Blender create Mesh node Cube.122
00:58:48 | INFO: Blender create Mesh node Cube.123
00:58:48 | INFO: Blender create Mesh node Cube.124
00:58:48 | INFO: Blender create Mesh node Cube.125
00:58:48 | INFO: Blender create Mesh node Cube.126
00:58:48 | INFO: Blender create Mesh node Cube.127
00:58:48 | INFO: Blender create Mesh node Cube.128
00:58:48 | INFO: Blender create Mesh node Cube.129
00:58:48 | INFO: Blender create Mesh node Cube.130
00:58:48 | INFO: Blender create Mesh node Cube.131
00:58:48 | INFO: Blender create Mesh node Cube.132
00:58:48 | INFO: Blender create Mesh node Cube.133
00:58:48 | INFO: Blender create Mesh node Cube.134
00:58:48 | INFO: Blender create Mesh node Cube.135
00:58:48 | INFO: Blender create Mesh node Cube.136
00:58:48 | INFO: Blender create Mesh node Cube.137
00:58:48 | INFO: Blender create Mesh node Cube.138
00:58:48 | INFO: Blender create Mesh node Cube.139
00:58:48 | INFO: Blender create Mesh node Cube.140
00:58:48 | INFO: Blender create Mesh node Cube.141
00:58:48 | INFO: Blender create Mesh node Cube.142
00:58:48 | INFO: Blender create Mesh node Cube.143
00:58:48 | INFO: Blender create Mesh node Cube.144
00:58:48 | INFO: Blender create Mesh node Cube.193
00:58:48 | INFO: Blender create Mesh node Cube.194
00:58:48 | INFO: Blender create Mesh node Cube.195
00:58:48 | INFO: Blender create Mesh node Cube.196
00:58:48 | INFO: Blender create Mesh node Cube.197
00:58:48 | INFO: Blender create Mesh node Cube.198
00:58:48 | INFO: Blender create Mesh node Cube.199
00:58:48 | INFO: Blender create Mesh node Cube.200
00:58:48 | INFO: Blender create Mesh node COL_stone_walk.005
00:58:48 | INFO: Blender create Mesh node COL_stone_walk.008
00:58:48 | INFO: Blender create Mesh node COL_stone_walk.009
00:58:48 | INFO: Blender create Mesh node COL_stone_walk.010
00:58:48 | INFO: Blender create Mesh node COL_stone_walk.011
00:58:48 | INFO: Blender create Mesh node COL_stone_walk.012
00:58:48 | INFO: Blender create Mesh node COL_study_approach.002
00:58:48 | INFO: Blender create Mesh node COL_study_desk_centre.002
00:58:48 | INFO: Blender create Mesh node COL_study_desk_left.002
00:58:48 | INFO: Blender create Mesh node COL_study_desk_right.002
00:58:48 | INFO: Blender create Mesh node COL_study_front_walk.002
00:58:48 | INFO: Blender create Mesh node COL_study_front_wall.002
00:58:48 | INFO: Blender create Mesh node COL_study_post.001
00:58:48 | INFO: Blender create Mesh node COL_study_post.002
00:58:48 | INFO: Blender create Mesh node COL_study_post.003
00:58:48 | INFO: Blender create Mesh node COL_study_post.008
00:58:48 | INFO: Blender create Mesh node Cube.151
00:58:48 | INFO: Blender create Mesh node Cube.152
00:58:48 | INFO: Blender create Mesh node Cube.153
00:58:48 | INFO: Blender create Mesh node Cube.154
00:58:48 | INFO: Blender create Mesh node Cube.155
00:58:48 | INFO: Blender create Mesh node Cube.156
00:58:48 | INFO: Blender create Mesh node Cube.157
00:58:48 | INFO: Blender create Mesh node Cube.158
00:58:48 | INFO: Blender create Mesh node Cube.159
00:58:48 | INFO: Blender create Mesh node Cube.160
00:58:48 | INFO: Blender create Mesh node Cube.161
00:58:48 | INFO: Blender create Mesh node Cube.162
00:58:48 | INFO: Blender create Mesh node Cube.163
00:58:48 | INFO: Blender create Mesh node Cube.164
00:58:48 | INFO: Blender create Mesh node Cube.165
00:58:48 | INFO: Blender create Mesh node Cube.166
00:58:48 | INFO: Blender create Mesh node Cube.167
00:58:48 | INFO: Blender create Mesh node Cube.168
00:58:48 | INFO: Blender create Mesh node Cube.169
00:58:48 | INFO: Blender create Mesh node Cube.170
00:58:48 | INFO: Blender create Mesh node Cube.171
00:58:48 | INFO: Blender create Mesh node Cube.172
00:58:48 | INFO: Blender create Mesh node Cube.173
00:58:48 | INFO: Blender create Mesh node Cube.174
00:58:48 | INFO: Blender create Mesh node Cube.175
00:58:48 | INFO: Blender create Mesh node Cube.176
00:58:48 | INFO: Blender create Mesh node Cube.177
00:58:48 | INFO: Blender create Mesh node Cube.178
00:58:48 | INFO: Blender create Mesh node Cube.179
00:58:48 | INFO: Blender create Mesh node Cube.180
00:58:48 | INFO: Blender create Mesh node Cube.201
00:58:48 | INFO: Blender create Mesh node Cube.202
00:58:48 | INFO: Blender create Mesh node Cube.203
00:58:48 | INFO: Blender create Mesh node Cube.181
00:58:48 | INFO: Blender create Mesh node Cube.182
00:58:48 | INFO: Blender create Mesh node Cube.183
00:58:48 | INFO: Blender create Mesh node Cube.184
00:58:48 | INFO: Blender create Mesh node Cube.185
00:58:48 | INFO: Blender create Mesh node Cube.186
00:58:48 | INFO: Blender create Mesh node Cube.187
00:58:48 | INFO: Blender create Mesh node Cube.188
00:58:48 | INFO: Blender create Mesh node Cube.189
00:58:48 | INFO: Blender create Mesh node Cube.190
00:58:48 | INFO: Blender create Mesh node Cube.191
00:58:48 | INFO: Blender create Mesh node Cube.192
00:58:48 | INFO: Blender create Mesh node COL_tubi-tang_floor.001
00:58:48 | INFO: Blender create Mesh node COL_tubi_approach.001
00:58:48 | INFO: Blender create Mesh node COL_tubi_approach.002
00:58:48 | INFO: Blender create Mesh node COL_tubi_approach.007
00:58:48 | INFO: Blender create Mesh node COL_tubi_approach.008
00:58:48 | INFO: Blender create Mesh node COL_tubi_closed_hall.002
00:58:48 | INFO: Blender create Mesh node COL_tubi_hall_post.001
00:58:48 | INFO: Blender create Mesh node COL_tubi_hall_post.002
00:58:48 | INFO: Blender create Mesh node COL_tubi_hall_post.006
00:58:48 | INFO: Blender create Mesh node COL_tubi_parapet.001
00:58:48 | INFO: Blender create Mesh node COL_tubi_parapet.002
00:58:48 | INFO: Blender create Mesh node COL_tubi_parapet.003
00:58:48 | INFO: Blender create Mesh node COL_tubi_parapet.008
00:58:48 | INFO: Blender create Mesh node COL_tubi_stair_guard.001
00:58:48 | INFO: Blender create Mesh node COL_tubi_stair_guard.004
00:58:48 | INFO: Blender create Mesh node COL_tubi_stair_ramp.002
00:58:48 | INFO: Blender create Mesh node COL_tubi_terrace.002
00:58:48 | INFO: Blender create Mesh node COL_tubi_topic_table.002
00:58:48 | INFO: Blender create Mesh node COL_tubi_view_bench_left.001
00:58:48 | INFO: Blender create Mesh node COL_tubi_view_bench_right.001
00:58:48 | INFO: Blender create Mesh node COL_water_bridge_side.001
00:58:48 | INFO: Blender create Mesh node COL_water_bridge_side.004
00:58:48 | INFO: Blender create Mesh node COL_water_bridge_deck.002
00:58:48 | INFO: Blender create Mesh node COL_xiaoxiang_bamboo_bed.004
00:58:48 | INFO: Blender create Mesh node COL_xiaoxiang_bamboo_bed.005
00:58:48 | INFO: Blender create Mesh node COL_xiaoxiang_bamboo_bed.006
00:58:48 | INFO: Blender create Mesh node COL_xiaoxiang_bamboo_bed.007
00:58:48 | INFO: Blender create Mesh node COL_xiaoxiang_closed_front.001
00:58:48 | INFO: Blender create Mesh node COL_xiaoxiang_floor.001
00:58:48 | INFO: Blender create Mesh node COL_xiaoxiang_return.002
00:58:48 | INFO: Blender create Mesh node COL_xiaoxiang_return.003
00:58:48 | INFO: Blender create Mesh node COL_xiaoxiang_threshold.001
00:58:48 | INFO: Blender create Mesh node COL_yihong_closed_front.002
00:58:48 | INFO: Blender create Mesh node COL_yihong_court_side.001
00:58:48 | INFO: Blender create Mesh node COL_yihong_court_side.004
00:58:48 | INFO: Blender create Mesh node COL_yihong_floor.002
00:58:48 | INFO: Blender create Mesh node COL_yihong_planter.001
00:58:48 | INFO: Blender create Mesh node COL_yihong_planter.004
00:58:48 | INFO: Blender create Mesh node COL_yihong_side_return.001
00:58:48 | INFO: Blender create Mesh node COL_yihong_side_return.004
00:58:48 | INFO: Blender create Mesh node COL_yihong_threshold.002
00:58:48 | INFO: Blender create Mesh node COL_ziling_landing.001
00:58:48 | INFO: Blender create Mesh node HERO_aojing-guan_title.002
00:58:48 | INFO: Blender create Mesh node HERO_daguan_title.001
00:58:48 | INFO: Blender create Mesh node HERO_daoxiang-cun_title.002
00:58:48 | INFO: Blender create Mesh node KIT_flora_plum_render.001
00:58:48 | INFO: Blender create Mesh node KIT_flora_plum_render.002
00:58:48 | INFO: Blender create Mesh node KIT_flora_bamboo_large_render.001
00:58:48 | INFO: Blender create Mesh node KIT_flora_bamboo_large_render.002
00:58:48 | INFO: Blender create Mesh node KIT_flora_bamboo_small_render.001
00:58:48 | INFO: Blender create Mesh node KIT_flora_willow_render.001
00:58:48 | INFO: Blender create Mesh node KIT_flora_willow_render.002
00:58:48 | INFO: Blender create Mesh node KIT_flora_bamboo_large_render.003
00:58:48 | INFO: Blender create Mesh node KIT_flora_bamboo_medium_render.001
00:58:48 | INFO: Blender create Mesh node KIT_flora_bamboo_small_render.002
00:58:48 | INFO: Blender create Mesh node KIT_flora_bamboo_large_render.004
00:58:48 | INFO: Blender create Mesh node KIT_flora_banana_render.001
00:58:48 | INFO: Blender create Mesh node KIT_flora_banana_render.002
00:58:48 | INFO: Blender create Mesh node KIT_flora_reed_render.001
00:58:48 | INFO: Blender create Mesh node KIT_flora_reed_render.002
00:58:48 | INFO: Blender create Mesh node KIT_flora_reed_render.003
00:58:48 | INFO: Blender create Mesh node KIT_flora_reed_render.004
00:58:48 | INFO: Blender create Mesh node KIT_flora_reed_render.005
00:58:48 | INFO: Blender create Mesh node KIT_flora_reed_render.006
00:58:48 | INFO: Blender create Mesh node KIT_flora_reed_render.007
00:58:48 | INFO: Blender create Mesh node KIT_flora_reed_render.008
00:58:48 | INFO: Blender create Mesh node KIT_flora_reed_render.009
00:58:48 | INFO: Blender create Mesh node KIT_flora_reed_render.010
00:58:48 | INFO: Blender create Mesh node HERO_gate_inscription.001
00:58:48 | INFO: Blender create Mesh node HERO_gate_water_drips.001
00:58:48 | INFO: Blender create Mesh node HERO_hengwu-yuan_title.002
00:58:48 | INFO: Blender create Mesh node HERO_longcui-an_title.002
00:58:48 | INFO: Blender create Mesh node HERO_qinfang-ting_title.002
00:58:48 | INFO: Blender create Mesh node HERO_qinfang_bridge.001
00:58:48 | INFO: Blender create Mesh node HERO_study_scroll_bamboo.002
00:58:48 | INFO: Blender create Mesh node HERO_study_scroll_plum.002
00:58:48 | INFO: Blender create Mesh node HERO_study_title.002
00:58:48 | INFO: Blender create Mesh node HERO_table_hexagram.001
00:58:48 | INFO: Blender create Mesh node line_piece.005
00:58:48 | INFO: Blender create Mesh node line_piece.002
00:58:48 | INFO: Blender create Mesh node line_piece.011
00:58:48 | INFO: Blender create Mesh node line_piece.008
00:58:48 | INFO: Blender create Mesh node line_piece.017
00:58:48 | INFO: Blender create Mesh node line_piece.014
00:58:48 | INFO: Blender create Mesh node line_piece.019
00:58:48 | INFO: Blender create Mesh node line_piece.018
00:58:48 | INFO: Blender create Mesh node line_piece.021
00:58:48 | INFO: Blender create Mesh node line_piece.020
00:58:48 | INFO: Blender create Mesh node line_piece.023
00:58:48 | INFO: Blender create Mesh node line_piece.022
00:58:48 | INFO: Blender create Mesh node HERO_table_pedestal.001
00:58:48 | INFO: Blender create Mesh node HERO_tubi_title.002
00:58:48 | INFO: Blender create Mesh node HERO_xiaoxiang-guan_title.002
00:58:48 | INFO: Blender create Mesh node HERO_yihong-yuan_title.002
00:58:48 | INFO: Blender create Mesh node AOJING_pond.002
00:58:48 | INFO: Blender create Mesh node AOJING_backstage.002
00:58:48 | INFO: Blender create Mesh node AOJING_amber_window.002
00:58:48 | INFO: Blender create Mesh node AOJING_window_lattice.001
00:58:48 | INFO: Blender create Mesh node AOJING_dry_ledge.002
00:58:48 | INFO: Blender create Mesh node AOJING_roof.002
00:58:48 | INFO: Blender create Mesh node AOJING_closed_front.002
00:58:48 | INFO: Blender create Mesh node DAGUAN_backstage.001
00:58:48 | INFO: Blender create Mesh node DAGUAN_door_stud.180
00:58:48 | INFO: Blender create Mesh node DAGUAN_amber_transom.002
00:58:48 | INFO: Blender create Mesh node DAGUAN_closed_door.010
00:58:48 | INFO: Blender create Mesh node DAGUAN_recessed_panel.020
00:58:48 | INFO: Blender create Mesh node DAGUAN_column.006
00:58:48 | INFO: Blender create Mesh node DAGUAN_platform.001
00:58:48 | INFO: Blender create Mesh node DAGUAN_lower_roof.001
00:58:48 | INFO: Blender create Mesh node DAGUAN_front.001
00:58:48 | INFO: Blender create Mesh node DAOXIANG_backstage.001
00:58:48 | INFO: Blender create Mesh node DAOXIANG_door_latch.001
00:58:48 | INFO: Blender create Mesh node DAOXIANG_warm_sliver.001
00:58:48 | INFO: Blender create Mesh node DAOXIANG_closed_door.001
00:58:48 | INFO: Blender create Mesh node DAOXIANG_paddy_painting.001
00:58:48 | INFO: Blender create Mesh node DAOXIANG_court.001
00:58:48 | INFO: Blender create Mesh node DAOXIANG_thatch_mass.001
00:58:48 | INFO: Blender create Mesh node DAOXIANG_front.001
00:58:48 | INFO: Blender create Mesh node SITE_hengwu-yuan_backstage.001
00:58:48 | INFO: Blender create Mesh node KIT_pavilion_finial.011
00:58:48 | INFO: Blender create Mesh node KIT_wall_amber_window.006
00:58:48 | INFO: Blender create Mesh node HENGWU_herb_leaf.001
00:58:48 | INFO: Blender create Mesh node KIT_wall_lattice_vertical.105
00:58:48 | INFO: Blender create Mesh node SITE_hengwu-yuan_platform.001
00:58:48 | INFO: Blender create Mesh node KIT_props_lantern_hanging_render.015
00:58:48 | INFO: Blender create Mesh node KIT_pavilion_roof.011
00:58:48 | INFO: Blender create Mesh node KIT_wall_bay.001
00:58:48 | INFO: Blender create Mesh node SITE_hengwu-yuan_front.001
00:58:48 | INFO: Blender create Mesh node LONGCUI_backstage.001
00:58:48 | INFO: Blender create Mesh node LONGCUI_gate_pull.002
00:58:48 | INFO: Blender create Mesh node LONGCUI_closed_gate.002
00:58:48 | INFO: Blender create Mesh node LONGCUI_paving.001
00:58:48 | INFO: Blender create Mesh node KIT_props_lantern_hanging_render.016
00:58:48 | INFO: Blender create Mesh node LONGCUI_wall_cap.001
00:58:48 | INFO: Blender create Mesh node LONGCUI_closed_front.001
00:58:48 | INFO: Blender create Mesh node KIT_props_tea_cup.006
00:58:48 | INFO: Blender create Mesh node KIT_water_lotus_leaf.007
00:58:48 | INFO: Blender create Mesh node SITE_ouxiang_deck.001
00:58:48 | INFO: Blender create Mesh node KIT_pavilion_water_pier.004
00:58:48 | INFO: Blender create Mesh node KIT_props_lantern_hanging_render.013
00:58:48 | INFO: Blender create Mesh node KIT_pavilion_water_hipped_roof.001
00:58:48 | INFO: Blender create Mesh node KIT_water_lotus.021
00:58:48 | INFO: Blender create Mesh node KIT_corridor_rail.008
00:58:48 | INFO: Blender create Mesh node KIT_pavilion_roof_shell.001
00:58:48 | INFO: Blender create Mesh node KIT_pavilion_plinth.001
00:58:48 | INFO: Blender create Mesh node KIT_props_lantern_hanging_render.001
00:58:48 | INFO: Blender create Mesh node KIT_water_stream.001
00:58:48 | INFO: Blender create Mesh node SITE_qiushuang-zhai_backstage.001
00:58:48 | INFO: Blender create Mesh node KIT_pavilion_finial.005
00:58:48 | INFO: Blender create Mesh node KIT_wall_lattice_vertical.042
00:58:48 | INFO: Blender create Mesh node SITE_qiushuang-zhai_platform.001
00:58:48 | INFO: Blender create Mesh node KIT_props_lantern_hanging_render.010
00:58:48 | INFO: Blender create Mesh node KIT_pavilion_roof.005
00:58:48 | INFO: Blender create Mesh node KIT_tech_terminal_desk_render.007
00:58:48 | INFO: Blender create Mesh node SITE_qiushuang-zhai_front.001
00:58:48 | INFO: Blender create Mesh node GATE_banana_pseudostem.001
00:58:48 | INFO: Blender create Mesh node GATE_banana_soil.001
00:58:48 | INFO: Blender create Mesh node KIT_rockery_passage.001
00:58:48 | INFO: Blender create Mesh node GATE_paving.002
00:58:48 | INFO: Blender create Mesh node KIT_props_lantern_hanging_render.008
00:58:48 | INFO: Blender create Mesh node KIT_stage_fog_plane_render.017
00:58:48 | INFO: Blender create Mesh node KIT_stage_floor.001
00:58:48 | INFO: Blender create Mesh node AOJING_approach_guard.001
00:58:48 | INFO: Blender create Mesh node KIT_stage_painted_moon.001
00:58:48 | INFO: Blender create Mesh node KIT_stage_painted_mountain_layer.003
00:58:48 | INFO: Blender create Mesh node KIT_stage_painted_mountain_layer.004
00:58:48 | INFO: Blender create Mesh node KIT_stage_painted_mountain_layer.005
00:58:49 | INFO: Blender create Mesh node KIT_water_stone_walk.005
00:58:49 | INFO: Blender create Mesh node Painted coved ceiling candidate.001
00:58:49 | INFO: Blender create Mesh node KIT_stage_painted_canvas.002
00:58:49 | INFO: Blender create Mesh node Eight painted cyclorama arcs.001
00:58:49 | INFO: Blender create Mesh node KIT_stage_fog_plane_render.002
00:58:49 | INFO: Blender create Mesh node KIT_tech_cell_side.012
00:58:49 | INFO: Blender create Mesh node KIT_wall_window_bar.030
00:58:49 | INFO: Blender create Mesh node KIT_stage_entry_walk.002
00:58:49 | INFO: Blender create Mesh node KIT_props_folding_chair_render.001
00:58:49 | INFO: Blender create Mesh node KIT_stage_floor_boards_render.002
00:58:49 | INFO: Blender create Mesh node KIT_stage_gel_frame_render.002
00:58:49 | INFO: Blender create Mesh node KIT_stage_studio_wall_render.002
00:58:49 | INFO: Blender create Mesh node KIT_stage_fog_plane_render.020
00:58:49 | INFO: Blender create Mesh node KIT_tech_terminal_desk_render.001
00:58:49 | INFO: Blender create Mesh node KIT_props_scroll_render.001
00:58:49 | INFO: Blender create Mesh node SITE_tubi-tang_backstage.001
00:58:49 | INFO: Blender create Mesh node KIT_pavilion_finial.007
00:58:49 | INFO: Blender create Mesh node KIT_wall_amber_window.003
00:58:49 | INFO: Blender create Mesh node TUBI_topic_line.001
00:58:49 | INFO: Blender create Mesh node KIT_wall_lattice_vertical.063
00:58:49 | INFO: Blender create Mesh node SITE_tubi-tang_platform.001
00:58:49 | INFO: Blender create Mesh node KIT_props_lantern_hanging_render.012
00:58:49 | INFO: Blender create Mesh node KIT_pavilion_roof.007
00:58:49 | INFO: Blender create Mesh node TUBI_terrace.002
00:58:49 | INFO: Blender create Mesh node SITE_tubi-tang_front.001
00:58:49 | INFO: Blender create Mesh node XIAOXIANG_black_back.001
00:58:49 | INFO: Blender create Mesh node XIAOXIANG_gate_pull.002
00:58:49 | INFO: Blender create Mesh node XIAOXIANG_amber_window.001
00:58:49 | INFO: Blender create Mesh node XIAOXIANG_gate_leaf.002
00:58:49 | INFO: Blender create Mesh node XIAOXIANG_paving.001
00:58:49 | INFO: Blender create Mesh node XIAOXIANG_wall_cap.001
00:58:49 | INFO: Blender create Mesh node XIAOXIANG_closed_front.001
00:58:49 | INFO: Blender create Mesh node YIHONG_backstage.002
00:58:49 | INFO: Blender create Mesh node YIHONG_door_rail.001
00:58:49 | INFO: Blender create Mesh node YIHONG_amber_window.002
00:58:49 | INFO: Blender create Mesh node YIHONG_door_panel.001
00:58:49 | INFO: Blender create Mesh node YIHONG_paving.002
00:58:49 | INFO: Blender create Mesh node YIHONG_court_cap.001
00:58:49 | INFO: Blender create Mesh node YIHONG_closed_front.002
00:58:49 | INFO: Blender create Mesh node KIT_water_lotus_leaf.011
00:58:49 | INFO: Blender create Mesh node KIT_water_plank.002
00:58:49 | INFO: Blender create Mesh node SITE_ziling_island.001
00:58:49 | INFO: glTF import finished in 0.90s
Info: Baking map saved to internal image, save it externally or pack it
TERMINAL_SPILL_CONTROL direct [{'pixels': 282, 'linear_max': 0.0, 'linear_mean': [0.0, 0.0, 0.0]}, {'pixels': 314, 'linear_max': 0.0, 'linear_mean': [0.0, 0.0, 0.0]}, {'pixels': 279, 'linear_max': 0.0, 'linear_mean': [0.0, 0.0, 0.0]}, {'pixels': 292, 'linear_max': 0.0, 'linear_mean': [0.0, 0.0, 0.0]}, {'pixels': 266, 'linear_max': 0.0, 'linear_mean': [0.0, 0.0, 0.0]}, {'pixels': 249, 'linear_max': 0.0, 'linear_mean': [0.0, 0.0, 0.0]}]
/private/var/folders/gf/s_g2zvzj3jxbylz3ylbc7k4c0000gn/T/garden-neutral-atlas-full-source-ncsvy1b8/candidate/scripts/bake_terminal_spill.py:101: DeprecationWarning: 'Material.use_nodes' is expected to be removed in Blender 6.0
  material.use_nodes = True
Info: Baking map saved to internal image, save it externally or pack it
TERMINAL_SPILL_CONTROL window_only [{'pixels': 282, 'linear_max': 5.030837201047689e-05, 'linear_mean': [1.0686297855500015e-06, 1.4366969480761327e-06, 2.4816183668008307e-06]}, {'pixels': 314, 'linear_max': 6.72836322337389e-05, 'linear_mean': [1.0376517138865893e-06, 1.439176912754192e-06, 2.696246838240768e-06]}, {'pixels': 279, 'linear_max': 3.732814730028622e-05, 'linear_mean': [7.650244810974982e-07, 1.0425632126498385e-06, 1.845131350819429e-06]}, {'pixels': 292, 'linear_max': 9.717855573398992e-05, 'linear_mean': [7.118221674318193e-07, 9.581186759533011e-07, 1.7717882201395696e-06]}, {'pixels': 266, 'linear_max': 5.091131606604904e-05, 'linear_mean': [5.629292445519241e-07, 8.014550871848769e-07, 1.450313448003726e-06]}, {'pixels': 249, 'linear_max': 0.00013205793220549822, 'linear_mean': [1.0684177595976507e-06, 1.507553406554507e-06, 2.929247102656518e-06]}]
Info: Baking map saved to internal image, save it externally or pack it
TERMINAL_SPILL_CONTROL sealed [{'pixels': 282, 'linear_max': 0.0, 'linear_mean': [0.0, 0.0, 0.0]}, {'pixels': 314, 'linear_max': 0.0, 'linear_mean': [0.0, 0.0, 0.0]}, {'pixels': 279, 'linear_max': 0.0, 'linear_mean': [0.0, 0.0, 0.0]}, {'pixels': 292, 'linear_max': 0.0, 'linear_mean': [0.0, 0.0, 0.0]}, {'pixels': 266, 'linear_max': 0.0, 'linear_mean': [0.0, 0.0, 0.0]}, {'pixels': 249, 'linear_max': 0.0, 'linear_mean': [0.0, 0.0, 0.0]}]
Info: Baking map saved to internal image, save it externally or pack it
TERMINAL_SPILL_CONTROL washes_off [{'pixels': 282, 'linear_max': 0.0, 'linear_mean': [0.0, 0.0, 0.0]}, {'pixels': 314, 'linear_max': 0.0, 'linear_mean': [0.0, 0.0, 0.0]}, {'pixels': 279, 'linear_max': 0.0, 'linear_mean': [0.0, 0.0, 0.0]}, {'pixels': 292, 'linear_max': 0.0, 'linear_mean': [0.0, 0.0, 0.0]}, {'pixels': 266, 'linear_max': 0.0, 'linear_mean': [0.0, 0.0, 0.0]}, {'pixels': 249, 'linear_max': 0.0, 'linear_mean': [0.0, 0.0, 0.0]}]
Info: Baking map saved to internal image, save it externally or pack it
TERMINAL_SPILL_BAKED SITE_terminal-cells_MAT_backstage 0.008685972541570663 0.40592193603515625
Info: Baking map saved to internal image, save it externally or pack it
TERMINAL_SPILL_BAKED SITE_terminal-cells_MAT_lattice_wood 0.0025281982962042093 0.249786376953125
Info: Baking map saved to internal image, save it externally or pack it
TERMINAL_SPILL_BAKED SITE_terminal-cells_MAT_plaster_rock 0.00146975158713758 0.2802238464355469
Info: Baking map saved to internal image, save it externally or pack it
TERMINAL_SPILL_BAKED SITE_terminal-cells_MAT_props_atlas 0.00035744108026847243 0.43047332763671875
Info: Baking map saved to internal image, save it externally or pack it
TERMINAL_SPILL_BAKED SITE_terminal-cells_MAT_stage_atlas 0.0011377469636499882 0.11767196655273438
Info: Baking map saved to internal image, save it externally or pack it
TERMINAL_SPILL_BAKED SITE_terminal-cells_MAT_tech_atlas 0.001252953545190394 0.14203262329101562
Info: Baking map saved to internal image, save it externally or pack it
TERMINAL_SPILL_BAKED SITE_terminal-cells_MAT_terminal_scroll 0.0008598029962740839 0.26024627685546875
NATIVE_TERMINAL_SPILL_PASS 7 source files unchanged
Blender 5.2.2 LTS (hash d13f752e3b9c built 2026-09-15 01:49:19)

Blender quit
