LIGHTMAP_DATA_PASS SITE_terminal-cells_MAT_stage_atlas (1024, 1024) scale 1.0
LIGHTMAP_DATA_PASS SITE_stage_MAT_painted_moon (256, 256) scale 1.0
LIGHTMAP_DATA_PASS SITE_hengwu-yuan_MAT_props_atlas (1024, 1024) scale 2.4989607334136963
LIGHTMAP_DATA_PASS SITE_aojing-guan_MAT_rooftile (1024, 1024) scale 1.0
LIGHTMAP_DATA_PASS SITE_terminal-cells_MAT_lattice_wood (1024, 1024) scale 1.0
LIGHTMAP_DATA_PASS SITE_qinfang-ting_MAT_lattice_wood (1024, 1024) scale 1.0
LIGHTMAP_DATA_PASS HERO_study_scroll_bamboo.001 (256, 256) scale 1.123000979423523
LIGHTMAP_DATA_PASS SITE_daguan-lou_MAT_whitewash (1024, 1024) scale 3.0543482303619385
LIGHTMAP_DATA_PASS SITE_ouxiang-xie_MAT_foliage_card (1024, 1024) scale 1.0
LIGHTMAP_DATA_PASS SITE_qiushuang-zhai_MAT_whitewash (1024, 1024) scale 1.0
LIGHTMAP_DATA_PASS SITE_hengwu-yuan_MAT_foliage_card (1024, 1024) scale 1.0
LIGHTMAP_DATA_PASS SITE_ziling-zhou_MAT_foliage_card (1024, 1024) scale 1.0
LIGHTMAP_DATA_PASS SITE_aojing-guan_MAT_crt_amber (256, 256) scale 1.567383050918579
LIGHTMAP_DATA_PASS SITE_hengwu-yuan_MAT_crt_amber (1024, 1024) scale 1.0
LIGHTMAP_DATA_PASS SITE_daguan-lou_MAT_backstage (1024, 1024) scale 2.603400707244873
LIGHTMAP_DATA_PASS SITE_qiushuang-zhai_MAT_backstage (1024, 1024) scale 1.9338425397872925
LIGHTMAP_DATA_PASS SITE_hengwu-yuan_MAT_plaster_rock (1024, 1024) scale 1.0
LIGHTMAP_DATA_PASS SITE_daoxiang-cun_MAT_plaster_rock (1024, 1024) scale 2.7014122009277344
LIGHTMAP_DATA_PASS SITE_ouxiang-xie_MAT_plaster_rock (1024, 1024) scale 1.0
LIGHTMAP_DATA_PASS SITE_yihong-yuan_MAT_plaster_rock (1024, 1024) scale 1.0
LIGHTMAP_DATA_PASS SITE_ziling-zhou_MAT_plaster_rock (1024, 1024) scale 1.0
LIGHTMAP_DATA_PASS SITE_terminal-cells_MAT_terminal_scroll (1024, 1024) scale 1.0
LIGHTMAP_DATA_PASS SITE_daguan-lou_MAT_plaster_rock (1024, 1024) scale 1.0
LIGHTMAP_DATA_PASS SITE_qinfang-ting_MAT_props_atlas (1024, 1024) scale 1.2309736013412476
LIGHTMAP_DATA_PASS HERO_study_scroll_plum.001 (256, 256) scale 1.3750276565551758
LIGHTMAP_DATA_PASS SITE_aojing-guan_MAT_lattice_wood (1024, 1024) scale 3.4978675842285156
LIGHTMAP_DATA_PASS SITE_qiushuang-zhai_MAT_plaster_rock (1024, 1024) scale 1.0
LIGHTMAP_DATA_PASS SITE_daguan-lou_MAT_rooftile (1024, 1024) scale 1.0
LIGHTMAP_DATA_PASS HERO_table_pedestal.001 (256, 256) scale 1.0
LIGHTMAP_DATA_PASS SITE_tubi-tang_MAT_crt_amber (1024, 1024) scale 1.0
LIGHTMAP_DATA_PASS SITE_daoxiang-cun_MAT_crt_amber (256, 256) scale 1.0
LIGHTMAP_DATA_PASS SITE_longcui-an_MAT_props_atlas (1024, 1024) scale 1.2251472473144531
LIGHTMAP_DATA_PASS SITE_stage_MAT_painted_mountains_2 (1024, 1024) scale 1.0
LIGHTMAP_DATA_PASS SITE_qinfang-ting_MAT_plaster_rock (1024, 1024) scale 1.0
LIGHTMAP_DATA_PASS SITE_terminal-cells_MAT_plaster_rock (1024, 1024) scale 1.0
LIGHTMAP_DATA_PASS SITE_terminal-cells_MAT_tech_atlas (1024, 1024) scale 1.0
LIGHTMAP_DATA_PASS SITE_qiushuang-zhai_MAT_tech_atlas (1024, 1024) scale 1.8842856884002686
LIGHTMAP_DATA_PASS SITE_qiushuang-zhai_MAT_bronze (1024, 1024) scale 1.2281734943389893
LIGHTMAP_DATA_PASS SITE_xiaoxiang-guan_MAT_backstage (1024, 1024) scale 5.267874717712402
LIGHTMAP_DATA_PASS SITE_ouxiang-xie_MAT_bronze (256, 256) scale 1.0
LIGHTMAP_DATA_PASS HERO_table_line_1_broken.001 (256, 256) scale 1.0
LIGHTMAP_DATA_PASS SITE_rockery-gate_MAT_props_atlas (1024, 1024) scale 1.3306690454483032
LIGHTMAP_DATA_PASS SITE_stage_MAT_backstage (1024, 1024) scale 1.0
LIGHTMAP_DATA_PASS SITE_daguan-lou_MAT_lattice_wood (1024, 1024) scale 3.4386420249938965
LIGHTMAP_DATA_PASS SITE_hengwu-yuan_MAT_rooftile (1024, 1024) scale 1.0
LIGHTMAP_DATA_PASS SITE_xiaoxiang-guan_MAT_whitewash (1024, 1024) scale 16.338499069213867
LIGHTMAP_DATA_PASS SITE_ziling-zhou_MAT_pavilion_atlas (1024, 1024) scale 1.0
LIGHTMAP_DATA_PASS SITE_daoxiang-cun_MAT_bronze (256, 256) scale 1.0
LIGHTMAP_DATA_PASS SITE_yihong-yuan_MAT_lattice_wood (256, 256) scale 4.850828170776367
LIGHTMAP_DATA_PASS SITE_ouxiang-xie_MAT_lattice_wood (1024, 1024) scale 1.0
LIGHTMAP_DATA_PASS SITE_ouxiang-xie_MAT_rooftile (1024, 1024) scale 1.0
LIGHTMAP_DATA_PASS HERO_table_line_6_broken.001 (256, 256) scale 1.0
LIGHTMAP_DATA_PASS SITE_daoxiang-cun_MAT_lattice_wood (1024, 1024) scale 2.4695324897766113
LIGHTMAP_DATA_PASS SITE_hengwu-yuan_MAT_lattice_wood (1024, 1024) scale 2.768110752105713
LIGHTMAP_DATA_PASS SITE_qinfang-ting_MAT_foliage_card (1024, 1024) scale 1.0
LIGHTMAP_DATA_PASS SITE_xiaoxiang-guan_MAT_bronze (256, 256) scale 1.0
LIGHTMAP_DATA_PASS HERO_qinfang_bridge.001 (1024, 1024) scale 1.0
LIGHTMAP_DATA_PASS SITE_qiushuang-zhai_MAT_lattice_wood (1024, 1024) scale 1.5362114906311035
LIGHTMAP_DATA_PASS SITE_yihong-yuan_MAT_backstage (1024, 1024) scale 1.4330449104309082
LIGHTMAP_DATA_PASS SITE_aojing-guan_MAT_plaster_rock (1024, 1024) scale 1.0
LIGHTMAP_DATA_PASS HERO_table_hexagram.001 (256, 256) scale 1.0
LIGHTMAP_DATA_PASS SITE_tubi-tang_MAT_lantern (256, 256) scale 1.0693622827529907
LIGHTMAP_DATA_PASS SITE_daguan-lou_MAT_bronze (1024, 1024) scale 1.0
LIGHTMAP_DATA_PASS HERO_table_line_1_solid.001 (256, 256) scale 1.0
LIGHTMAP_DATA_PASS SITE_stage_MAT_painted_mountains_0 (1024, 1024) scale 1.0
LIGHTMAP_DATA_PASS SITE_qinfang-ting_MAT_pavilion_atlas (1024, 1024) scale 1.0
LIGHTMAP_DATA_PASS SITE_tubi-tang_MAT_props_atlas (1024, 1024) scale 1.251761794090271
LIGHTMAP_DATA_PASS SITE_tubi-tang_MAT_plaster_rock (1024, 1024) scale 1.0
LIGHTMAP_DATA_PASS HERO_table_line_6_solid.001 (256, 256) scale 1.0
LIGHTMAP_DATA_PASS SITE_yihong-yuan_MAT_yihong_lacquer (1024, 1024) scale 4.411762714385986
LIGHTMAP_DATA_PASS SITE_daguan-lou_MAT_daguan_recess (1024, 1024) scale 1.0
LIGHTMAP_DATA_PASS HERO_table_line_3_broken.001 (256, 256) scale 1.0
LIGHTMAP_DATA_PASS SITE_xiaoxiang-guan_MAT_plaster_rock (1024, 1024) scale 1.0
LIGHTMAP_DATA_PASS SITE_qiushuang-zhai_MAT_props_atlas (1024, 1024) scale 1.2172311544418335
LIGHTMAP_DATA_PASS SITE_xiaoxiang-guan_MAT_crt_amber (256, 256) scale 4.867702960968018
LIGHTMAP_DATA_PASS HERO_table_line_4_broken.001 (256, 256) scale 1.0
LIGHTMAP_DATA_PASS SITE_rockery-gate_MAT_lattice_wood (256, 256) scale 1.0
LIGHTMAP_DATA_PASS SITE_terminal-cells_MAT_props_atlas (1024, 1024) scale 1.0
LIGHTMAP_DATA_PASS SITE_longcui-an_MAT_lattice_wood (256, 256) scale 1.0
LIGHTMAP_DATA_PASS HERO_gate_water_drips.001 (1024, 1024) scale 3.328507661819458
LIGHTMAP_DATA_PASS SITE_stage_MAT_lattice_wood (256, 256) scale 1.0
LIGHTMAP_DATA_PASS SITE_longcui-an_MAT_bronze (256, 256) scale 1.0
LIGHTMAP_DATA_PASS SITE_stage_MAT_painted_mountains_1 (1024, 1024) scale 1.0
LIGHTMAP_DATA_PASS SITE_terminal-cells_MAT_backstage (1024, 1024) scale 1.0
LIGHTMAP_DATA_PASS SITE_yihong-yuan_MAT_crt_amber (256, 256) scale 1.2480452060699463
LIGHTMAP_DATA_PASS SITE_tubi-tang_MAT_rooftile (1024, 1024) scale 1.0
LIGHTMAP_DATA_PASS SITE_daoxiang-cun_MAT_whitewash (1024, 1024) scale 1.0
LIGHTMAP_DATA_PASS SITE_tubi-tang_MAT_lattice_wood (1024, 1024) scale 2.7328624725341797
LIGHTMAP_DATA_PASS SITE_tubi-tang_MAT_whitewash (1024, 1024) scale 1.0051496028900146
LIGHTMAP_DATA_PASS SITE_qiushuang-zhai_MAT_rooftile (1024, 1024) scale 1.0
LIGHTMAP_DATA_PASS SITE_longcui-an_MAT_rooftile (1024, 1024) scale 1.0
LIGHTMAP_DATA_PASS HERO_table_line_5_broken.001 (256, 256) scale 1.0
LIGHTMAP_DATA_PASS SITE_hengwu-yuan_MAT_bronze (256, 256) scale 1.0
LIGHTMAP_DATA_PASS HERO_table_line_2_solid.001 (256, 256) scale 1.0
LIGHTMAP_DATA_PASS SITE_longcui-an_MAT_backstage (256, 256) scale 1.0
LIGHTMAP_DATA_PASS SITE_daoxiang-cun_MAT_paddy_painted_texture (256, 256) scale 1.0
LIGHTMAP_DATA_PASS SITE_daoxiang-cun_MAT_thatch (1024, 1024) scale 1.0
LIGHTMAP_DATA_PASS SITE_xiaoxiang-guan_MAT_lattice_wood (256, 256) scale 16.489850997924805
LIGHTMAP_DATA_PASS SITE_aojing-guan_MAT_backstage (1024, 1024) scale 1.9806956052780151
LIGHTMAP_DATA_PASS SITE_rockery-gate_MAT_foliage_card (1024, 1024) scale 1.0
LIGHTMAP_DATA_PASS HERO_table_line_5_solid.001 (256, 256) scale 1.0
LIGHTMAP_DATA_PASS SITE_ouxiang-xie_MAT_props_atlas (1024, 1024) scale 1.2320973873138428
LIGHTMAP_DATA_PASS SITE_rockery-gate_MAT_pavilion_atlas (1024, 1024) scale 1.0
LIGHTMAP_DATA_PASS SITE_hengwu-yuan_MAT_whitewash (1024, 1024) scale 1.0122610330581665
LIGHTMAP_DATA_PASS SITE_yihong-yuan_MAT_rooftile (1024, 1024) scale 1.0
LIGHTMAP_DATA_PASS HERO_table_line_4_solid.001 (256, 256) scale 1.0
LIGHTMAP_DATA_PASS SITE_stage_MAT_plaster_rock (1024, 1024) scale 1.0
LIGHTMAP_DATA_PASS SITE_aojing-guan_MAT_whitewash (1024, 1024) scale 4.7441630363464355
LIGHTMAP_DATA_PASS SITE_stage_MAT_stage_canvas (1024, 1024) scale 1.0
LIGHTMAP_DATA_PASS SITE_yihong-yuan_MAT_bronze (256, 256) scale 1.0
LIGHTMAP_DATA_PASS SITE_tubi-tang_MAT_bronze (256, 256) scale 1.0
LIGHTMAP_DATA_PASS SITE_tubi-tang_MAT_tubi_terrace_plaster (1024, 1024) scale 1.0
LIGHTMAP_DATA_PASS SITE_xiaoxiang-guan_MAT_rooftile (1024, 1024) scale 1.0846705436706543
LIGHTMAP_DATA_PASS SITE_longcui-an_MAT_plaster_rock (1024, 1024) scale 1.0
LIGHTMAP_DATA_PASS SITE_rockery-gate_MAT_plaster_rock (1024, 1024) scale 1.0
LIGHTMAP_DATA_PASS SITE_hengwu-yuan_MAT_backstage (1024, 1024) scale 5.460887908935547
LIGHTMAP_DATA_PASS SITE_daguan-lou_MAT_crt_amber (1024, 1024) scale 1.0
LIGHTMAP_DATA_PASS HERO_table_line_3_solid.001 (256, 256) scale 1.0
LIGHTMAP_DATA_PASS SITE_daoxiang-cun_MAT_backstage (1024, 1024) scale 36.86388397216797
LIGHTMAP_DATA_PASS SITE_tubi-tang_MAT_backstage (1024, 1024) scale 6.1073503494262695
LIGHTMAP_DATA_PASS SITE_daguan-lou_MAT_daguan_lacquer (1024, 1024) scale 1.7124929428100586
LIGHTMAP_DATA_PASS SITE_longcui-an_MAT_whitewash (1024, 1024) scale 1.0
LIGHTMAP_DATA_PASS HERO_table_line_2_broken.001 (256, 256) scale 1.0
LIGHTMAP_DATA_PASS SITE_hengwu-yuan_MAT_wall_atlas (1024, 1024) scale 1.0
BAKE_COVERAGE 124 / 124
