00:00.912  blend            | Read blend: "/Users/auchan/projects/garden-of-dreams/blender/authoring.blend"
BlenderMCP addon registered
HENGWU_SOURCE_FOREGROUND_INSPECTED 497
[
  {
    "world_point_source_z_up": [
      -16.023136065877704,
      12.353960053640897,
      2.590962463192585
    ],
    "objects_on_sample_surface": [
      {
        "object": "HENGWU_perforated_rock",
        "world_distance_m": 1.9073486328125e-06,
        "polygon": 123
      }
    ]
  },
  {
    "world_point_source_z_up": [
      -13.670000076293945,
      17.111032389271664,
      2.760179909113193
    ],
    "objects_on_sample_surface": [
      {
        "object": "HENGWU_kit_bay.005",
        "world_distance_m": 0.0,
        "polygon": 173
      }
    ]
  },
  {
    "world_point_source_z_up": [
      -16.15131575767003,
      12.181222552414,
      2.1132614443378412
    ],
    "objects_on_sample_surface": [
      {
        "object": "HENGWU_perforated_rock",
        "world_distance_m": 9.5367431640625e-07,
        "polygon": 106
      }
    ]
  }
]
BlenderMCP addon unregistered
Blender 5.2.2 LTS (hash d13f752e3b9c built 2026-09-15 01:49:19)

Blender quit
