BlenderMCP addon registered
BlenderMCP addon unregistered
04:09:05 | INFO: Data are loaded, start creating Blender stuff
04:09:05 | INFO: Blender create Mesh node COL_aojing_approach.001
04:09:05 | INFO: Blender create Mesh node COL_aojing_approach.004
04:09:05 | INFO: Blender create Mesh node COL_aojing_approach_guard.001
04:09:05 | INFO: Blender create Mesh node COL_aojing_approach_guard.004
04:09:05 | INFO: Blender create Mesh node COL_aojing_approach_ramp.002
04:09:05 | INFO: Blender create Mesh node COL_aojing_closed_front.002
04:09:05 | INFO: Blender create Mesh node COL_aojing_dry_ledge.002
04:09:05 | INFO: Blender create Mesh node COL_aojing_hall_floor.002
04:09:05 | INFO: Blender create Mesh node COL_aojing_ledge_end.002
04:09:05 | INFO: Blender create Mesh node COL_aojing_ledge_parapet.002
04:09:05 | INFO: Blender create Mesh node COL_aojing_return.001
04:09:05 | INFO: Blender create Mesh node COL_aojing_return.004
04:09:05 | INFO: Blender create Mesh node Cube.147
04:09:05 | INFO: Blender create Mesh node Cube.148
04:09:05 | INFO: Blender create Mesh node Cube.149
04:09:05 | INFO: Blender create Mesh node Cube.150
04:09:05 | INFO: Blender create Mesh node COL_bridge_crosswalk.002
04:09:05 | INFO: Blender create Mesh node COL_bridge_crosswalk.003
04:09:05 | INFO: Blender create Mesh node COL_cell_floor.006
04:09:05 | INFO: Blender create Mesh node COL_cell_floor.007
04:09:05 | INFO: Blender create Mesh node COL_cell_floor.008
04:09:05 | INFO: Blender create Mesh node COL_cell_floor.009
04:09:05 | INFO: Blender create Mesh node COL_cell_floor.010
04:09:05 | INFO: Blender create Mesh node COL_cell_floor.011
04:09:05 | INFO: Blender create Mesh node COL_cell_wall.012
04:09:05 | INFO: Blender create Mesh node COL_cell_wall.013
04:09:05 | INFO: Blender create Mesh node COL_cell_wall.014
04:09:05 | INFO: Blender create Mesh node COL_cell_wall.015
04:09:05 | INFO: Blender create Mesh node COL_cell_wall.016
04:09:05 | INFO: Blender create Mesh node COL_cell_wall.017
04:09:05 | INFO: Blender create Mesh node COL_cell_wall.018
04:09:05 | INFO: Blender create Mesh node COL_cell_wall.019
04:09:05 | INFO: Blender create Mesh node COL_cell_wall.020
04:09:05 | INFO: Blender create Mesh node COL_cell_wall.021
04:09:05 | INFO: Blender create Mesh node COL_cell_wall.022
04:09:05 | INFO: Blender create Mesh node COL_cell_wall.023
04:09:05 | INFO: Blender create Mesh node COL_daguan_central_step.003
04:09:05 | INFO: Blender create Mesh node COL_daguan_central_step.004
04:09:05 | INFO: Blender create Mesh node COL_daguan_central_step.005
04:09:05 | INFO: Blender create Mesh node COL_daguan_closed_front.001
04:09:05 | INFO: Blender create Mesh node COL_daguan_column.006
04:09:05 | INFO: Blender create Mesh node COL_daguan_column.007
04:09:05 | INFO: Blender create Mesh node COL_daguan_column.008
04:09:05 | INFO: Blender create Mesh node COL_daguan_column.009
04:09:05 | INFO: Blender create Mesh node COL_daguan_column.010
04:09:05 | INFO: Blender create Mesh node COL_daguan_column.011
04:09:05 | INFO: Blender create Mesh node COL_daguan_floor.001
04:09:05 | INFO: Blender create Mesh node COL_daguan_return_wall.002
04:09:05 | INFO: Blender create Mesh node COL_daguan_return_wall.003
04:09:05 | INFO: Blender create Mesh node COL_daoxiang_approach.002
04:09:05 | INFO: Blender create Mesh node COL_daoxiang_approach.003
04:09:05 | INFO: Blender create Mesh node COL_daoxiang_closed_front.001
04:09:05 | INFO: Blender create Mesh node COL_daoxiang_court.001
04:09:05 | INFO: Blender create Mesh node COL_daoxiang_fence.004
04:09:05 | INFO: Blender create Mesh node COL_daoxiang_fence.005
04:09:05 | INFO: Blender create Mesh node COL_daoxiang_fence.006
04:09:05 | INFO: Blender create Mesh node COL_daoxiang_fence.007
04:09:05 | INFO: Blender create Mesh node COL_daoxiang_side.002
04:09:05 | INFO: Blender create Mesh node COL_daoxiang_side.003
04:09:05 | INFO: Blender create Mesh node COL_entry_corridor.001
04:09:05 | INFO: Blender create Mesh node COL_entry_walk.002
04:09:05 | INFO: Blender create Mesh node COL_entry_walk.003
04:09:05 | INFO: Blender create Mesh node COL_floor_joint_cell_threshold_0.001
04:09:05 | INFO: Blender create Mesh node COL_floor_joint_cell_threshold_1.001
04:09:05 | INFO: Blender create Mesh node COL_floor_joint_cell_threshold_2.001
04:09:05 | INFO: Blender create Mesh node COL_floor_joint_cell_threshold_3.001
04:09:05 | INFO: Blender create Mesh node COL_floor_joint_cell_threshold_4.001
04:09:05 | INFO: Blender create Mesh node COL_floor_joint_cell_threshold_5.001
04:09:05 | INFO: Blender create Mesh node COL_floor_joint_pavilion_east_joint.001
04:09:05 | INFO: Blender create Mesh node COL_floor_joint_pavilion_west_joint.001
04:09:05 | INFO: Blender create Mesh node Cube.146
04:09:05 | INFO: Blender create Mesh node Cube.145
04:09:05 | INFO: Blender create Mesh node COL_GATE_banana_planter.001
04:09:05 | INFO: Blender create Mesh node KIT_rockery_passage.022
04:09:05 | INFO: Blender create Mesh node KIT_rockery_passage.024
04:09:05 | INFO: Blender create Mesh node KIT_rockery_cliff.006
04:09:05 | INFO: Blender create Mesh node KIT_rockery_cliff.008
04:09:05 | INFO: Blender create Mesh node KIT_rockery_passage.004
04:09:05 | INFO: Blender create Mesh node KIT_rockery_passage.016
04:09:05 | INFO: Blender create Mesh node KIT_rockery_passage.018
04:09:05 | INFO: Blender create Mesh node KIT_rockery_passage.020
04:09:05 | INFO: Blender create Mesh node GATE_paving.003
04:09:05 | INFO: Blender create Mesh node COL_hengwu-yuan_floor.001
04:09:05 | INFO: Blender create Mesh node COL_hengwu_approach.002
04:09:05 | INFO: Blender create Mesh node COL_hengwu_approach.003
04:09:05 | INFO: Blender create Mesh node COL_hengwu_closed_hall.002
04:09:05 | INFO: Blender create Mesh node COL_hengwu_court.002
04:09:05 | INFO: Blender create Mesh node COL_hengwu_hall_post.001
04:09:05 | INFO: Blender create Mesh node COL_hengwu_hall_post.002
04:09:05 | INFO: Blender create Mesh node COL_hengwu_hall_post.006
04:09:05 | INFO: Blender create Mesh node COL_wall_bay.001
04:09:05 | INFO: Blender create Mesh node COL_wall_bay.002
04:09:05 | INFO: Blender create Mesh node COL_wall_bay.003
04:09:05 | INFO: Blender create Mesh node COL_wall_bay.004
04:09:05 | INFO: Blender create Mesh node COL_wall_bay.005
04:09:05 | INFO: Blender create Mesh node COL_wall_bay.006
04:09:05 | INFO: Blender create Mesh node KIT_wall_plaster.002
04:09:05 | INFO: Blender create Mesh node COL_wall_window.001
04:09:05 | INFO: Blender create Mesh node COL_wall_window.002
04:09:05 | INFO: Blender create Mesh node COL_hengwu_rock.001
04:09:05 | INFO: Blender create Mesh node COL_hengwu_rock.002
04:09:05 | INFO: Blender create Mesh node COL_hengwu_rock.006
04:09:05 | INFO: Blender create Mesh node COL_hengwu_stool.001
04:09:05 | INFO: Blender create Mesh node COL_hengwu_stool.002
04:09:05 | INFO: Blender create Mesh node COL_hengwu_stool.003
04:09:05 | INFO: Blender create Mesh node COL_hengwu_stool.008
04:09:05 | INFO: Blender create Mesh node COL_hengwu_table.002
04:09:05 | INFO: Blender create Mesh node COL_longcui_approach.003
04:09:05 | INFO: Blender create Mesh node COL_longcui_approach.004
04:09:05 | INFO: Blender create Mesh node COL_longcui_approach.005
04:09:05 | INFO: Blender create Mesh node COL_longcui_burner.001
04:09:05 | INFO: Blender create Mesh node COL_longcui_closed_front.001
04:09:05 | INFO: Blender create Mesh node COL_longcui_floor.001
04:09:05 | INFO: Blender create Mesh node COL_longcui_plum_trunk.002
04:09:05 | INFO: Blender create Mesh node COL_longcui_plum_trunk.003
04:09:05 | INFO: Blender create Mesh node COL_longcui_return.002
04:09:05 | INFO: Blender create Mesh node COL_longcui_return.003
04:09:05 | INFO: Blender create Mesh node COL_longcui_threshold.001
04:09:05 | INFO: Blender create Mesh node COL_ouxiang_approach.001
04:09:05 | INFO: Blender create Mesh node COL_ouxiang_deck.001
04:09:05 | INFO: Blender create Mesh node COL_ouxiang_post.004
04:09:05 | INFO: Blender create Mesh node COL_ouxiang_post.005
04:09:05 | INFO: Blender create Mesh node COL_ouxiang_post.006
04:09:05 | INFO: Blender create Mesh node COL_ouxiang_post.007
04:09:05 | INFO: Blender create Mesh node COL_ouxiang_rail.002
04:09:05 | INFO: Blender create Mesh node COL_ouxiang_rail.003
04:09:05 | INFO: Blender create Mesh node COL_ouxiang_side_rail.004
04:09:05 | INFO: Blender create Mesh node COL_ouxiang_side_rail.005
04:09:05 | INFO: Blender create Mesh node COL_ouxiang_side_rail.006
04:09:05 | INFO: Blender create Mesh node COL_ouxiang_side_rail.007
04:09:05 | INFO: Blender create Mesh node COL_ouxiang_table.001
04:09:05 | INFO: Blender create Mesh node COL_corridor_floor.009
04:09:05 | INFO: Blender create Mesh node COL_corridor_side.015
04:09:05 | INFO: Blender create Mesh node COL_corridor_side.016
04:09:05 | INFO: Blender create Mesh node COL_corridor_post.016
04:09:05 | INFO: Blender create Mesh node COL_corridor_post.017
04:09:05 | INFO: Blender create Mesh node COL_corridor_floor.010
04:09:05 | INFO: Blender create Mesh node COL_corridor_side.017
04:09:05 | INFO: Blender create Mesh node COL_corridor_side.018
04:09:05 | INFO: Blender create Mesh node COL_corridor_post.018
04:09:05 | INFO: Blender create Mesh node COL_corridor_post.019
04:09:05 | INFO: Blender create Mesh node COL_corridor_floor.011
04:09:05 | INFO: Blender create Mesh node COL_corridor_side.019
04:09:05 | INFO: Blender create Mesh node COL_corridor_side.020
04:09:05 | INFO: Blender create Mesh node COL_corridor_post.020
04:09:05 | INFO: Blender create Mesh node COL_corridor_post.021
04:09:05 | INFO: Blender create Mesh node COL_corridor_floor.012
04:09:05 | INFO: Blender create Mesh node COL_corridor_side.021
04:09:05 | INFO: Blender create Mesh node COL_corridor_side.022
04:09:05 | INFO: Blender create Mesh node COL_corridor_post.022
04:09:05 | INFO: Blender create Mesh node COL_corridor_post.023
04:09:05 | INFO: Blender create Mesh node COL_corridor_floor.001
04:09:05 | INFO: Blender create Mesh node COL_corridor_side.001
04:09:05 | INFO: Blender create Mesh node COL_corridor_side.002
04:09:05 | INFO: Blender create Mesh node COL_corridor_post.001
04:09:05 | INFO: Blender create Mesh node COL_corridor_post.002
04:09:05 | INFO: Blender create Mesh node COL_corridor_floor.002
04:09:05 | INFO: Blender create Mesh node COL_corridor_side.003
04:09:05 | INFO: Blender create Mesh node COL_corridor_side.004
04:09:05 | INFO: Blender create Mesh node COL_corridor_post.003
04:09:05 | INFO: Blender create Mesh node COL_corridor_post.004
04:09:05 | INFO: Blender create Mesh node COL_corridor_floor.003
04:09:05 | INFO: Blender create Mesh node COL_corridor_side.005
04:09:05 | INFO: Blender create Mesh node COL_corridor_side.006
04:09:05 | INFO: Blender create Mesh node COL_corridor_post.005
04:09:05 | INFO: Blender create Mesh node COL_corridor_post.006
04:09:05 | INFO: Blender create Mesh node COL_corridor_floor.004
04:09:05 | INFO: Blender create Mesh node COL_corridor_side.007
04:09:05 | INFO: Blender create Mesh node COL_corridor_side.008
04:09:05 | INFO: Blender create Mesh node COL_corridor_post.007
04:09:05 | INFO: Blender create Mesh node COL_corridor_post.008
04:09:05 | INFO: Blender create Mesh node COL_corridor_floor.005
04:09:05 | INFO: Blender create Mesh node COL_corridor_side.009
04:09:05 | INFO: Blender create Mesh node COL_corridor_side.010
04:09:05 | INFO: Blender create Mesh node COL_corridor_post.009
04:09:05 | INFO: Blender create Mesh node COL_corridor_post.010
04:09:05 | INFO: Blender create Mesh node COL_corridor_floor.006
04:09:05 | INFO: Blender create Mesh node COL_corridor_side.011
04:09:05 | INFO: Blender create Mesh node COL_corridor_post.011
04:09:05 | INFO: Blender create Mesh node COL_corridor_post.012
04:09:05 | INFO: Blender create Mesh node COL_corridor_floor.007
04:09:05 | INFO: Blender create Mesh node COL_corridor_side.012
04:09:05 | INFO: Blender create Mesh node COL_corridor_post.013
04:09:05 | INFO: Blender create Mesh node COL_corridor_floor.008
04:09:05 | INFO: Blender create Mesh node COL_corridor_side.013
04:09:05 | INFO: Blender create Mesh node COL_corridor_side.014
04:09:05 | INFO: Blender create Mesh node COL_corridor_post.014
04:09:05 | INFO: Blender create Mesh node COL_corridor_post.015
04:09:05 | INFO: Blender create Mesh node COL_corridor_floor.013
04:09:05 | INFO: Blender create Mesh node COL_corridor_side.023
04:09:05 | INFO: Blender create Mesh node COL_corridor_side.024
04:09:05 | INFO: Blender create Mesh node COL_corridor_post.024
04:09:05 | INFO: Blender create Mesh node COL_corridor_post.025
04:09:05 | INFO: Blender create Mesh node COL_corridor_floor.014
04:09:05 | INFO: Blender create Mesh node COL_corridor_side.025
04:09:05 | INFO: Blender create Mesh node COL_corridor_side.026
04:09:05 | INFO: Blender create Mesh node COL_corridor_post.026
04:09:05 | INFO: Blender create Mesh node COL_corridor_post.027
04:09:05 | INFO: Blender create Mesh node COL_corridor_floor.015
04:09:05 | INFO: Blender create Mesh node COL_corridor_side.027
04:09:05 | INFO: Blender create Mesh node COL_corridor_side.028
04:09:05 | INFO: Blender create Mesh node COL_corridor_post.028
04:09:05 | INFO: Blender create Mesh node COL_corridor_post.029
04:09:05 | INFO: Blender create Mesh node COL_corridor_floor.016
04:09:05 | INFO: Blender create Mesh node COL_corridor_side.029
04:09:05 | INFO: Blender create Mesh node COL_corridor_side.030
04:09:05 | INFO: Blender create Mesh node COL_corridor_post.030
04:09:05 | INFO: Blender create Mesh node COL_corridor_post.031
04:09:05 | INFO: Blender create Mesh node COL_qinfang_deck.001
04:09:05 | INFO: Blender create Mesh node COL_pavilion_bench.001
04:09:05 | INFO: Blender create Mesh node COL_pavilion_bench.002
04:09:05 | INFO: Blender create Mesh node COL_pavilion_bracket.001
04:09:05 | INFO: Blender create Mesh node COL_pavilion_bracket.002
04:09:05 | INFO: Blender create Mesh node COL_pavilion_bracket.003
04:09:05 | INFO: Blender create Mesh node COL_pavilion_bracket.004
04:09:05 | INFO: Blender create Mesh node COL_pavilion_bracket.005
04:09:05 | INFO: Blender create Mesh node COL_pavilion_bracket.006
04:09:05 | INFO: Blender create Mesh node COL_pavilion_post.001
04:09:05 | INFO: Blender create Mesh node COL_pavilion_post.002
04:09:05 | INFO: Blender create Mesh node COL_pavilion_post.003
04:09:05 | INFO: Blender create Mesh node COL_pavilion_post.004
04:09:05 | INFO: Blender create Mesh node COL_pavilion_post.005
04:09:05 | INFO: Blender create Mesh node COL_pavilion_post.006
04:09:05 | INFO: Blender create Mesh node COL_pavilion_roof.001
04:09:05 | INFO: Blender create Mesh node COL_qiushuang-zhai_floor.001
04:09:05 | INFO: Blender create Mesh node Cube.009
04:09:05 | INFO: Blender create Mesh node Cube.011
04:09:05 | INFO: Blender create Mesh node Cube.012
04:09:05 | INFO: Blender create Mesh node Cube.013
04:09:05 | INFO: Blender create Mesh node Cube.019
04:09:05 | INFO: Blender create Mesh node Cube.020
04:09:05 | INFO: Blender create Mesh node Cube.023
04:09:05 | INFO: Blender create Mesh node Cube.024
04:09:05 | INFO: Blender create Mesh node Cube.048
04:09:05 | INFO: Blender create Mesh node Cube.050
04:09:05 | INFO: Blender create Mesh node Cube.052
04:09:05 | INFO: Blender create Mesh node Cube.092
04:09:05 | INFO: Blender create Mesh node Cube.093
04:09:05 | INFO: Blender create Mesh node Cube.094
04:09:05 | INFO: Blender create Mesh node Cube.095
04:09:05 | INFO: Blender create Mesh node Cube.096
04:09:05 | INFO: Blender create Mesh node Cube.097
04:09:05 | INFO: Blender create Mesh node Cube.098
04:09:05 | INFO: Blender create Mesh node Cube.099
04:09:05 | INFO: Blender create Mesh node Cube.100
04:09:05 | INFO: Blender create Mesh node Cube.101
04:09:05 | INFO: Blender create Mesh node Cube.102
04:09:05 | INFO: Blender create Mesh node Cube.103
04:09:05 | INFO: Blender create Mesh node Cube.104
04:09:05 | INFO: Blender create Mesh node Cube.105
04:09:05 | INFO: Blender create Mesh node Cube.106
04:09:05 | INFO: Blender create Mesh node Cube.107
04:09:05 | INFO: Blender create Mesh node Cube.108
04:09:05 | INFO: Blender create Mesh node Cube.109
04:09:05 | INFO: Blender create Mesh node Cube.110
04:09:05 | INFO: Blender create Mesh node Cube.111
04:09:05 | INFO: Blender create Mesh node Cube.112
04:09:05 | INFO: Blender create Mesh node Cube.113
04:09:05 | INFO: Blender create Mesh node Cube.114
04:09:05 | INFO: Blender create Mesh node Cube.115
04:09:05 | INFO: Blender create Mesh node Cube.116
04:09:05 | INFO: Blender create Mesh node Cube.117
04:09:05 | INFO: Blender create Mesh node Cube.118
04:09:05 | INFO: Blender create Mesh node Cube.119
04:09:05 | INFO: Blender create Mesh node Cube.120
04:09:05 | INFO: Blender create Mesh node Cube.121
04:09:05 | INFO: Blender create Mesh node Cube.122
04:09:05 | INFO: Blender create Mesh node Cube.123
04:09:05 | INFO: Blender create Mesh node Cube.124
04:09:05 | INFO: Blender create Mesh node Cube.125
04:09:05 | INFO: Blender create Mesh node Cube.126
04:09:05 | INFO: Blender create Mesh node Cube.127
04:09:05 | INFO: Blender create Mesh node Cube.128
04:09:05 | INFO: Blender create Mesh node Cube.129
04:09:05 | INFO: Blender create Mesh node Cube.130
04:09:05 | INFO: Blender create Mesh node Cube.131
04:09:05 | INFO: Blender create Mesh node Cube.132
04:09:05 | INFO: Blender create Mesh node Cube.133
04:09:05 | INFO: Blender create Mesh node Cube.134
04:09:05 | INFO: Blender create Mesh node Cube.135
04:09:05 | INFO: Blender create Mesh node Cube.136
04:09:05 | INFO: Blender create Mesh node Cube.137
04:09:05 | INFO: Blender create Mesh node Cube.138
04:09:05 | INFO: Blender create Mesh node Cube.139
04:09:05 | INFO: Blender create Mesh node Cube.140
04:09:05 | INFO: Blender create Mesh node Cube.141
04:09:05 | INFO: Blender create Mesh node Cube.142
04:09:05 | INFO: Blender create Mesh node Cube.143
04:09:05 | INFO: Blender create Mesh node Cube.144
04:09:05 | INFO: Blender create Mesh node Cube.193
04:09:05 | INFO: Blender create Mesh node Cube.194
04:09:05 | INFO: Blender create Mesh node Cube.195
04:09:05 | INFO: Blender create Mesh node Cube.196
04:09:05 | INFO: Blender create Mesh node Cube.197
04:09:05 | INFO: Blender create Mesh node Cube.198
04:09:05 | INFO: Blender create Mesh node Cube.199
04:09:05 | INFO: Blender create Mesh node Cube.200
04:09:05 | INFO: Blender create Mesh node COL_stone_walk.005
04:09:05 | INFO: Blender create Mesh node COL_stone_walk.008
04:09:05 | INFO: Blender create Mesh node COL_stone_walk.009
04:09:05 | INFO: Blender create Mesh node COL_stone_walk.010
04:09:05 | INFO: Blender create Mesh node COL_stone_walk.011
04:09:05 | INFO: Blender create Mesh node COL_stone_walk.012
04:09:05 | INFO: Blender create Mesh node COL_study_approach.002
04:09:05 | INFO: Blender create Mesh node COL_study_desk_centre.002
04:09:05 | INFO: Blender create Mesh node COL_study_desk_left.002
04:09:05 | INFO: Blender create Mesh node COL_study_desk_right.002
04:09:05 | INFO: Blender create Mesh node COL_study_front_walk.002
04:09:05 | INFO: Blender create Mesh node COL_study_front_wall.002
04:09:05 | INFO: Blender create Mesh node COL_study_post.001
04:09:05 | INFO: Blender create Mesh node COL_study_post.002
04:09:05 | INFO: Blender create Mesh node COL_study_post.003
04:09:05 | INFO: Blender create Mesh node COL_study_post.008
04:09:05 | INFO: Blender create Mesh node Cube.151
04:09:05 | INFO: Blender create Mesh node Cube.152
04:09:05 | INFO: Blender create Mesh node Cube.153
04:09:05 | INFO: Blender create Mesh node Cube.154
04:09:05 | INFO: Blender create Mesh node Cube.155
04:09:05 | INFO: Blender create Mesh node Cube.156
04:09:05 | INFO: Blender create Mesh node Cube.157
04:09:05 | INFO: Blender create Mesh node Cube.158
04:09:05 | INFO: Blender create Mesh node Cube.159
04:09:05 | INFO: Blender create Mesh node Cube.160
04:09:05 | INFO: Blender create Mesh node Cube.161
04:09:05 | INFO: Blender create Mesh node Cube.162
04:09:05 | INFO: Blender create Mesh node Cube.163
04:09:05 | INFO: Blender create Mesh node Cube.164
04:09:05 | INFO: Blender create Mesh node Cube.165
04:09:05 | INFO: Blender create Mesh node Cube.166
04:09:05 | INFO: Blender create Mesh node Cube.167
04:09:05 | INFO: Blender create Mesh node Cube.168
04:09:05 | INFO: Blender create Mesh node Cube.169
04:09:05 | INFO: Blender create Mesh node Cube.170
04:09:05 | INFO: Blender create Mesh node Cube.171
04:09:05 | INFO: Blender create Mesh node Cube.172
04:09:05 | INFO: Blender create Mesh node Cube.173
04:09:05 | INFO: Blender create Mesh node Cube.174
04:09:05 | INFO: Blender create Mesh node Cube.175
04:09:05 | INFO: Blender create Mesh node Cube.176
04:09:05 | INFO: Blender create Mesh node Cube.177
04:09:05 | INFO: Blender create Mesh node Cube.178
04:09:05 | INFO: Blender create Mesh node Cube.179
04:09:05 | INFO: Blender create Mesh node Cube.180
04:09:05 | INFO: Blender create Mesh node Cube.201
04:09:05 | INFO: Blender create Mesh node Cube.202
04:09:05 | INFO: Blender create Mesh node Cube.203
04:09:05 | INFO: Blender create Mesh node Cube.181
04:09:05 | INFO: Blender create Mesh node Cube.182
04:09:05 | INFO: Blender create Mesh node Cube.183
04:09:05 | INFO: Blender create Mesh node Cube.184
04:09:05 | INFO: Blender create Mesh node Cube.185
04:09:05 | INFO: Blender create Mesh node Cube.186
04:09:05 | INFO: Blender create Mesh node Cube.187
04:09:05 | INFO: Blender create Mesh node Cube.188
04:09:05 | INFO: Blender create Mesh node Cube.189
04:09:05 | INFO: Blender create Mesh node Cube.190
04:09:05 | INFO: Blender create Mesh node Cube.191
04:09:05 | INFO: Blender create Mesh node Cube.192
04:09:05 | INFO: Blender create Mesh node COL_tubi-tang_floor.001
04:09:05 | INFO: Blender create Mesh node COL_tubi_approach.001
04:09:05 | INFO: Blender create Mesh node COL_tubi_approach.002
04:09:05 | INFO: Blender create Mesh node COL_tubi_approach.007
04:09:05 | INFO: Blender create Mesh node COL_tubi_approach.008
04:09:05 | INFO: Blender create Mesh node COL_tubi_closed_hall.002
04:09:05 | INFO: Blender create Mesh node COL_tubi_hall_post.001
04:09:05 | INFO: Blender create Mesh node COL_tubi_hall_post.002
04:09:05 | INFO: Blender create Mesh node COL_tubi_hall_post.006
04:09:05 | INFO: Blender create Mesh node COL_tubi_parapet.001
04:09:05 | INFO: Blender create Mesh node COL_tubi_parapet.002
04:09:05 | INFO: Blender create Mesh node COL_tubi_parapet.003
04:09:05 | INFO: Blender create Mesh node COL_tubi_parapet.008
04:09:05 | INFO: Blender create Mesh node COL_tubi_stair_guard.001
04:09:05 | INFO: Blender create Mesh node COL_tubi_stair_guard.004
04:09:05 | INFO: Blender create Mesh node COL_tubi_stair_ramp.002
04:09:05 | INFO: Blender create Mesh node COL_tubi_terrace.002
04:09:05 | INFO: Blender create Mesh node COL_tubi_topic_table.002
04:09:05 | INFO: Blender create Mesh node COL_tubi_view_bench_left.001
04:09:05 | INFO: Blender create Mesh node COL_tubi_view_bench_right.001
04:09:05 | INFO: Blender create Mesh node COL_water_bridge_side.001
04:09:05 | INFO: Blender create Mesh node COL_water_bridge_side.004
04:09:05 | INFO: Blender create Mesh node COL_water_bridge_deck.002
04:09:05 | INFO: Blender create Mesh node COL_xiaoxiang_bamboo_bed.004
04:09:05 | INFO: Blender create Mesh node COL_xiaoxiang_bamboo_bed.005
04:09:05 | INFO: Blender create Mesh node COL_xiaoxiang_bamboo_bed.006
04:09:05 | INFO: Blender create Mesh node COL_xiaoxiang_bamboo_bed.007
04:09:05 | INFO: Blender create Mesh node COL_xiaoxiang_closed_front.001
04:09:05 | INFO: Blender create Mesh node COL_xiaoxiang_floor.001
04:09:05 | INFO: Blender create Mesh node COL_xiaoxiang_return.002
04:09:05 | INFO: Blender create Mesh node COL_xiaoxiang_return.003
04:09:05 | INFO: Blender create Mesh node COL_xiaoxiang_threshold.001
04:09:05 | INFO: Blender create Mesh node COL_yihong_closed_front.002
04:09:05 | INFO: Blender create Mesh node COL_yihong_court_side.001
04:09:05 | INFO: Blender create Mesh node COL_yihong_court_side.004
04:09:05 | INFO: Blender create Mesh node COL_yihong_floor.002
04:09:05 | INFO: Blender create Mesh node COL_yihong_planter.001
04:09:05 | INFO: Blender create Mesh node COL_yihong_planter.004
04:09:05 | INFO: Blender create Mesh node COL_yihong_side_return.001
04:09:05 | INFO: Blender create Mesh node COL_yihong_side_return.004
04:09:05 | INFO: Blender create Mesh node COL_yihong_threshold.002
04:09:05 | INFO: Blender create Mesh node COL_ziling_landing.001
04:09:05 | INFO: Blender create Mesh node HERO_aojing-guan_title.002
04:09:05 | INFO: Blender create Mesh node HERO_daguan_title.001
04:09:05 | INFO: Blender create Mesh node HERO_daoxiang-cun_title.002
04:09:05 | INFO: Blender create Mesh node KIT_flora_plum_render.001
04:09:05 | INFO: Blender create Mesh node KIT_flora_plum_render.002
04:09:05 | INFO: Blender create Mesh node KIT_flora_bamboo_large_render.001
04:09:05 | INFO: Blender create Mesh node KIT_flora_bamboo_large_render.002
04:09:05 | INFO: Blender create Mesh node KIT_flora_bamboo_small_render.001
04:09:05 | INFO: Blender create Mesh node KIT_flora_willow_render.001
04:09:05 | INFO: Blender create Mesh node KIT_flora_willow_render.002
04:09:05 | INFO: Blender create Mesh node KIT_flora_bamboo_large_render.003
04:09:05 | INFO: Blender create Mesh node KIT_flora_bamboo_medium_render.001
04:09:05 | INFO: Blender create Mesh node KIT_flora_bamboo_small_render.002
04:09:05 | INFO: Blender create Mesh node KIT_flora_bamboo_large_render.004
04:09:05 | INFO: Blender create Mesh node KIT_flora_banana_render.001
04:09:05 | INFO: Blender create Mesh node KIT_flora_banana_render.002
04:09:05 | INFO: Blender create Mesh node KIT_flora_reed_render.001
04:09:05 | INFO: Blender create Mesh node KIT_flora_reed_render.002
04:09:05 | INFO: Blender create Mesh node KIT_flora_reed_render.003
04:09:05 | INFO: Blender create Mesh node KIT_flora_reed_render.004
04:09:05 | INFO: Blender create Mesh node KIT_flora_reed_render.005
04:09:05 | INFO: Blender create Mesh node KIT_flora_reed_render.006
04:09:05 | INFO: Blender create Mesh node KIT_flora_reed_render.007
04:09:05 | INFO: Blender create Mesh node KIT_flora_reed_render.008
04:09:05 | INFO: Blender create Mesh node KIT_flora_reed_render.009
04:09:05 | INFO: Blender create Mesh node KIT_flora_reed_render.010
04:09:05 | INFO: Blender create Mesh node HERO_gate_inscription.001
04:09:05 | INFO: Blender create Mesh node HERO_gate_water_drips.001
04:09:05 | INFO: Blender create Mesh node HERO_hengwu-yuan_title.002
04:09:05 | INFO: Blender create Mesh node HERO_longcui-an_title.002
04:09:05 | INFO: Blender create Mesh node HERO_qinfang-ting_title.002
04:09:05 | INFO: Blender create Mesh node HERO_qinfang_bridge.001
04:09:05 | INFO: Blender create Mesh node HERO_study_scroll_bamboo.002
04:09:05 | INFO: Blender create Mesh node HERO_study_scroll_plum.002
04:09:05 | INFO: Blender create Mesh node HERO_study_title.002
04:09:05 | INFO: Blender create Mesh node HERO_table_hexagram.001
04:09:05 | INFO: Blender create Mesh node line_piece.005
04:09:05 | INFO: Blender create Mesh node line_piece.002
04:09:05 | INFO: Blender create Mesh node line_piece.011
04:09:05 | INFO: Blender create Mesh node line_piece.008
04:09:05 | INFO: Blender create Mesh node line_piece.017
04:09:05 | INFO: Blender create Mesh node line_piece.014
04:09:05 | INFO: Blender create Mesh node line_piece.019
04:09:05 | INFO: Blender create Mesh node line_piece.018
04:09:05 | INFO: Blender create Mesh node line_piece.021
04:09:05 | INFO: Blender create Mesh node line_piece.020
04:09:05 | INFO: Blender create Mesh node line_piece.023
04:09:05 | INFO: Blender create Mesh node line_piece.022
04:09:05 | INFO: Blender create Mesh node HERO_table_pedestal.001
04:09:05 | INFO: Blender create Mesh node HERO_tubi_title.002
04:09:05 | INFO: Blender create Mesh node HERO_xiaoxiang-guan_title.002
04:09:05 | INFO: Blender create Mesh node HERO_yihong-yuan_title.002
04:09:05 | INFO: Blender create Mesh node AOJING_pond.002
04:09:05 | INFO: Blender create Mesh node AOJING_backstage.002
04:09:05 | INFO: Blender create Mesh node AOJING_amber_window.002
04:09:05 | INFO: Blender create Mesh node AOJING_window_lattice.001
04:09:05 | INFO: Blender create Mesh node AOJING_dry_ledge.002
04:09:05 | INFO: Blender create Mesh node AOJING_roof.002
04:09:05 | INFO: Blender create Mesh node AOJING_closed_front.002
04:09:05 | INFO: Blender create Mesh node DAGUAN_backstage.001
04:09:05 | INFO: Blender create Mesh node DAGUAN_door_stud.180
04:09:05 | INFO: Blender create Mesh node DAGUAN_amber_transom.002
04:09:05 | INFO: Blender create Mesh node DAGUAN_closed_door.010
04:09:05 | INFO: Blender create Mesh node DAGUAN_recessed_panel.020
04:09:05 | INFO: Blender create Mesh node DAGUAN_column.006
04:09:05 | INFO: Blender create Mesh node DAGUAN_platform.001
04:09:05 | INFO: Blender create Mesh node DAGUAN_lower_roof.001
04:09:05 | INFO: Blender create Mesh node DAGUAN_front.001
04:09:05 | INFO: Blender create Mesh node DAOXIANG_backstage.001
04:09:05 | INFO: Blender create Mesh node DAOXIANG_door_latch.001
04:09:05 | INFO: Blender create Mesh node DAOXIANG_warm_sliver.001
04:09:05 | INFO: Blender create Mesh node DAOXIANG_closed_door.001
04:09:05 | INFO: Blender create Mesh node DAOXIANG_paddy_painting.001
04:09:05 | INFO: Blender create Mesh node DAOXIANG_court.001
04:09:05 | INFO: Blender create Mesh node DAOXIANG_thatch_mass.001
04:09:05 | INFO: Blender create Mesh node DAOXIANG_front.001
04:09:05 | INFO: Blender create Mesh node SITE_hengwu-yuan_backstage.001
04:09:05 | INFO: Blender create Mesh node KIT_pavilion_finial.011
04:09:05 | INFO: Blender create Mesh node KIT_wall_amber_window.006
04:09:05 | INFO: Blender create Mesh node HENGWU_herb_leaf.001
04:09:05 | INFO: Blender create Mesh node KIT_wall_lattice_vertical.105
04:09:05 | INFO: Blender create Mesh node SITE_hengwu-yuan_platform.001
04:09:05 | INFO: Blender create Mesh node KIT_props_lantern_hanging_render.015
04:09:05 | INFO: Blender create Mesh node KIT_pavilion_roof.011
04:09:05 | INFO: Blender create Mesh node KIT_wall_bay.001
04:09:05 | INFO: Blender create Mesh node SITE_hengwu-yuan_front.001
04:09:05 | INFO: Blender create Mesh node LONGCUI_backstage.001
04:09:05 | INFO: Blender create Mesh node LONGCUI_gate_pull.002
04:09:05 | INFO: Blender create Mesh node LONGCUI_closed_gate.002
04:09:05 | INFO: Blender create Mesh node LONGCUI_paving.001
04:09:05 | INFO: Blender create Mesh node KIT_props_lantern_hanging_render.016
04:09:05 | INFO: Blender create Mesh node LONGCUI_wall_cap.001
04:09:05 | INFO: Blender create Mesh node LONGCUI_closed_front.001
04:09:05 | INFO: Blender create Mesh node KIT_props_tea_cup.006
04:09:05 | INFO: Blender create Mesh node KIT_water_lotus_leaf.007
04:09:05 | INFO: Blender create Mesh node SITE_ouxiang_deck.001
04:09:05 | INFO: Blender create Mesh node KIT_pavilion_water_pier.004
04:09:05 | INFO: Blender create Mesh node KIT_props_lantern_hanging_render.013
04:09:05 | INFO: Blender create Mesh node KIT_pavilion_water_hipped_roof.001
04:09:05 | INFO: Blender create Mesh node KIT_water_lotus.021
04:09:05 | INFO: Blender create Mesh node KIT_corridor_rail.008
04:09:05 | INFO: Blender create Mesh node KIT_pavilion_roof_shell.001
04:09:05 | INFO: Blender create Mesh node KIT_pavilion_plinth.001
04:09:05 | INFO: Blender create Mesh node KIT_props_lantern_hanging_render.001
04:09:05 | INFO: Blender create Mesh node KIT_water_stream.001
04:09:05 | INFO: Blender create Mesh node SITE_qiushuang-zhai_backstage.001
04:09:05 | INFO: Blender create Mesh node KIT_pavilion_finial.005
04:09:05 | INFO: Blender create Mesh node KIT_wall_lattice_vertical.042
04:09:05 | INFO: Blender create Mesh node SITE_qiushuang-zhai_platform.001
04:09:05 | INFO: Blender create Mesh node KIT_props_lantern_hanging_render.010
04:09:05 | INFO: Blender create Mesh node KIT_pavilion_roof.005
04:09:05 | INFO: Blender create Mesh node KIT_tech_terminal_desk_render.007
04:09:05 | INFO: Blender create Mesh node SITE_qiushuang-zhai_front.001
04:09:05 | INFO: Blender create Mesh node GATE_banana_pseudostem.001
04:09:05 | INFO: Blender create Mesh node GATE_banana_soil.001
04:09:05 | INFO: Blender create Mesh node KIT_rockery_passage.001
04:09:05 | INFO: Blender create Mesh node GATE_paving.002
04:09:05 | INFO: Blender create Mesh node KIT_props_lantern_hanging_render.008
04:09:05 | INFO: Blender create Mesh node KIT_stage_fog_plane_render.017
04:09:06 | INFO: Blender create Mesh node KIT_stage_floor.001
04:09:06 | INFO: Blender create Mesh node AOJING_approach_guard.001
04:09:06 | INFO: Blender create Mesh node KIT_stage_painted_moon.001
04:09:06 | INFO: Blender create Mesh node KIT_stage_painted_mountain_layer.003
04:09:06 | INFO: Blender create Mesh node KIT_stage_painted_mountain_layer.004
04:09:06 | INFO: Blender create Mesh node KIT_stage_painted_mountain_layer.005
04:09:06 | INFO: Blender create Mesh node KIT_water_stone_walk.005
04:09:06 | INFO: Blender create Mesh node Painted coved ceiling candidate.001
04:09:06 | INFO: Blender create Mesh node KIT_stage_painted_canvas.002
04:09:06 | INFO: Blender create Mesh node Eight painted cyclorama arcs.001
04:09:06 | INFO: Blender create Mesh node KIT_stage_fog_plane_render.002
04:09:06 | INFO: Blender create Mesh node KIT_tech_cell_side.012
04:09:06 | INFO: Blender create Mesh node KIT_wall_window_bar.030
04:09:06 | INFO: Blender create Mesh node KIT_stage_entry_walk.002
04:09:06 | INFO: Blender create Mesh node KIT_props_folding_chair_render.001
04:09:06 | INFO: Blender create Mesh node KIT_stage_floor_boards_render.002
04:09:06 | INFO: Blender create Mesh node KIT_stage_gel_frame_render.002
04:09:06 | INFO: Blender create Mesh node KIT_stage_studio_wall_render.002
04:09:06 | INFO: Blender create Mesh node KIT_stage_fog_plane_render.020
04:09:06 | INFO: Blender create Mesh node KIT_tech_terminal_desk_render.001
04:09:06 | INFO: Blender create Mesh node KIT_props_scroll_render.001
04:09:06 | INFO: Blender create Mesh node SITE_tubi-tang_backstage.001
04:09:06 | INFO: Blender create Mesh node KIT_pavilion_finial.007
04:09:06 | INFO: Blender create Mesh node KIT_wall_amber_window.003
04:09:06 | INFO: Blender create Mesh node TUBI_topic_line.001
04:09:06 | INFO: Blender create Mesh node KIT_wall_lattice_vertical.063
04:09:06 | INFO: Blender create Mesh node SITE_tubi-tang_platform.001
04:09:06 | INFO: Blender create Mesh node KIT_props_lantern_hanging_render.012
04:09:06 | INFO: Blender create Mesh node KIT_pavilion_roof.007
04:09:06 | INFO: Blender create Mesh node TUBI_terrace.002
04:09:06 | INFO: Blender create Mesh node SITE_tubi-tang_front.001
04:09:06 | INFO: Blender create Mesh node XIAOXIANG_black_back.001
04:09:06 | INFO: Blender create Mesh node XIAOXIANG_gate_pull.002
04:09:06 | INFO: Blender create Mesh node XIAOXIANG_amber_window.001
04:09:06 | INFO: Blender create Mesh node XIAOXIANG_gate_leaf.002
04:09:06 | INFO: Blender create Mesh node XIAOXIANG_paving.001
04:09:06 | INFO: Blender create Mesh node XIAOXIANG_wall_cap.001
04:09:06 | INFO: Blender create Mesh node XIAOXIANG_closed_front.001
04:09:06 | INFO: Blender create Mesh node YIHONG_backstage.002
04:09:06 | INFO: Blender create Mesh node YIHONG_door_rail.001
04:09:06 | INFO: Blender create Mesh node YIHONG_amber_window.002
04:09:06 | INFO: Blender create Mesh node YIHONG_door_panel.001
04:09:06 | INFO: Blender create Mesh node YIHONG_paving.002
04:09:06 | INFO: Blender create Mesh node YIHONG_court_cap.001
04:09:06 | INFO: Blender create Mesh node YIHONG_closed_front.002
04:09:06 | INFO: Blender create Mesh node KIT_water_lotus_leaf.011
04:09:06 | INFO: Blender create Mesh node KIT_water_plank.002
04:09:06 | INFO: Blender create Mesh node SITE_ziling_island.001
04:09:06 | INFO: glTF import finished in 0.88s
WASH_SHADOW_INTENT {"source_glb_sha256": "26033c99c82f9609f02ea545d4812b3ce1bd9ea2c9ecdf89a51e3ced03fe3d38", "explicit_meshes": {"SITE_stage_MAT_stage_canopy_paint": false}, "unchanged_unflagged_meshes": 566}
/private/var/folders/gf/s_g2zvzj3jxbylz3ylbc7k4c0000gn/T/garden-hengwu-compact-rock-s_miidil/scripts/bake_backdrop_wash.py:73: DeprecationWarning: 'World.use_nodes' is expected to be removed in Blender 6.0
  world.use_nodes = True
/private/var/folders/gf/s_g2zvzj3jxbylz3ylbc7k4c0000gn/T/garden-hengwu-compact-rock-s_miidil/scripts/bake_backdrop_wash.py:79: DeprecationWarning: 'Material.use_nodes' is expected to be removed in Blender 6.0
  if not material.use_nodes: continue
/private/var/folders/gf/s_g2zvzj3jxbylz3ylbc7k4c0000gn/T/garden-hengwu-compact-rock-s_miidil/scripts/bake_backdrop_wash.py:144: DeprecationWarning: 'Material.use_nodes' is expected to be removed in Blender 6.0
  material.use_nodes = True
Info: Baking map saved to internal image, save it externally or pack it
WASH_BAKE_TARGET SITE_stage_MAT_stage_cyclorama_moonlit_MAT_stage_atlas front
Info: Baking map saved to internal image, save it externally or pack it
WASH_BAKED {"mesh": "SITE_stage_MAT_stage_cyclorama_moonlit_MAT_stage_atlas", "texture": "SITE_stage_MAT_stage_cyclorama_moonlit_MAT_stage_atlas-front.png", "scale": 1.0, "sides": {"front": {"texture": "SITE_stage_MAT_stage_cyclorama_moonlit_MAT_stage_atlas-front.png", "scale": 1.0, "linear_max": 0.22674696147441864, "nonzero_fraction": 0.15479660034179688, "png_sha256": "1e1128c0dbbadcf607a88ed902e193da72feba6e4e6492668708bf7dd0dd36ca"}}, "double_sided": false, "backface_uv_mapping_verified": true, "unoccluded_control_max": null, "size": 512, "samples": 128, "uv_channel": 1, "uv_sha256": "b4cb62f0d74b92ad8e5dc44f8726bddcd738ae32a89846c7d29b9c072e51f8d2", "source_glb_sha256": "26033c99c82f9609f02ea545d4812b3ce1bd9ea2c9ecdf89a51e3ced03fe3d38", "stage_blend_sha256": "c7dd2313f75afdc127858b9dfc6d9bd37e0d344f2c8cc4834d2b3c2b28c0de8c", "authoring_blend_sha256": "19eb386d8e93007ebd8e4ae2d9ee59ec7daa07dcd8dbe3c3a88d4ec84b5e5a08", "site_blend_sha256": {"aojing-guan": "30b73e79d2099422cb0a67ff2d9d07be921b681e8db971f2061aac2921e69e9a", "daguan-lou": "199064124662a3aca117e8206d4ee273e3a17e43fabd7363bf9d99fcf7441c5e", "daoxiang-cun": "bbc196df249ea68059ac3b0cb75c38ce7bfcd51e54a3dfe922833ceb31fbeb97", "hengwu-yuan": "c16322e0be1cb1c6706daa2d7842ce12dcc7a507f65350dcd5f79011211dc0f3", "longcui-an": "abe059f353a763aabf7a43b62dd5ae2b117a21874051257fc637646fcdc9ab78", "ouxiang-xie": "a16b339c01f48cb7eae8dfc9b9e50d53f6893b1ad41e10523dca166084152759", "qinfang-ting": "7f42a44f867015fd8805ff52def1ee67e5b77eb9f5de7c890395f51aeabeebbb", "qiushuang-zhai": "5a648072132976b60c0feab72ed8568f8128331d95ac7227e87430079b239080", "tubi-tang": "10399e4f3393766af59787df65d4ae94c1d78ee442bcc22c73c7770185cd3d47", "xiaoxiang-guan": "1f4960fd9618394e9ef1175913310a06b1f403202d98ed151ccc1ea7a02c1fd4", "yihong-yuan": "2ec7a47c44d4bd2c4888538f905b2b98fe6fd2e1f6ac1918f6cc95be52cc7e70", "ziling-zhou": "ee4e21e8eae927a6be1fabe8d3de7bc27b1bb7da22a7cabc13e33cb2b526277b"}, "lights_baked": 12, "point_lights_baked": false, "pass_filter": ["DIRECT"], "shadow_intent": {"SITE_stage_MAT_stage_canopy_paint": false}}
WASH_BAKE_TARGET SITE_stage_MAT_stage_canopy_paint front
Info: Baking map saved to internal image, save it externally or pack it
WASH_BAKED {"mesh": "SITE_stage_MAT_stage_canopy_paint", "texture": "SITE_stage_MAT_stage_canopy_paint-front.png", "scale": 1.0, "sides": {"front": {"texture": "SITE_stage_MAT_stage_canopy_paint-front.png", "scale": 1.0, "linear_max": 0.10368452966213226, "nonzero_fraction": 0.043338775634765625, "png_sha256": "5fd81440353159f34f629d89d6e82f50a301bd7153e6eceaae375c6836b81f55"}}, "double_sided": false, "backface_uv_mapping_verified": true, "unoccluded_control_max": null, "size": 512, "samples": 128, "uv_channel": 1, "uv_sha256": "34649898b4b083dedd2342e75fc6151b8ded43d7dbc692bee806c8734d946358", "source_glb_sha256": "26033c99c82f9609f02ea545d4812b3ce1bd9ea2c9ecdf89a51e3ced03fe3d38", "stage_blend_sha256": "c7dd2313f75afdc127858b9dfc6d9bd37e0d344f2c8cc4834d2b3c2b28c0de8c", "authoring_blend_sha256": "19eb386d8e93007ebd8e4ae2d9ee59ec7daa07dcd8dbe3c3a88d4ec84b5e5a08", "site_blend_sha256": {"aojing-guan": "30b73e79d2099422cb0a67ff2d9d07be921b681e8db971f2061aac2921e69e9a", "daguan-lou": "199064124662a3aca117e8206d4ee273e3a17e43fabd7363bf9d99fcf7441c5e", "daoxiang-cun": "bbc196df249ea68059ac3b0cb75c38ce7bfcd51e54a3dfe922833ceb31fbeb97", "hengwu-yuan": "c16322e0be1cb1c6706daa2d7842ce12dcc7a507f65350dcd5f79011211dc0f3", "longcui-an": "abe059f353a763aabf7a43b62dd5ae2b117a21874051257fc637646fcdc9ab78", "ouxiang-xie": "a16b339c01f48cb7eae8dfc9b9e50d53f6893b1ad41e10523dca166084152759", "qinfang-ting": "7f42a44f867015fd8805ff52def1ee67e5b77eb9f5de7c890395f51aeabeebbb", "qiushuang-zhai": "5a648072132976b60c0feab72ed8568f8128331d95ac7227e87430079b239080", "tubi-tang": "10399e4f3393766af59787df65d4ae94c1d78ee442bcc22c73c7770185cd3d47", "xiaoxiang-guan": "1f4960fd9618394e9ef1175913310a06b1f403202d98ed151ccc1ea7a02c1fd4", "yihong-yuan": "2ec7a47c44d4bd2c4888538f905b2b98fe6fd2e1f6ac1918f6cc95be52cc7e70", "ziling-zhou": "ee4e21e8eae927a6be1fabe8d3de7bc27b1bb7da22a7cabc13e33cb2b526277b"}, "lights_baked": 12, "point_lights_baked": false, "pass_filter": ["DIRECT"], "shadow_intent": {"SITE_stage_MAT_stage_canopy_paint": false}}
WASH_BAKE_TARGET SITE_stage_MAT_painted_moon front
Info: Baking map saved to internal image, save it externally or pack it
WASH_BAKE_TARGET SITE_stage_MAT_painted_moon back
Info: Baking map saved to internal image, save it externally or pack it
WASH_BAKED {"mesh": "SITE_stage_MAT_painted_moon", "texture": "SITE_stage_MAT_painted_moon-front.png", "scale": 1.0, "sides": {"front": {"texture": "SITE_stage_MAT_painted_moon-front.png", "scale": 1.0, "linear_max": 0.22623233497142792, "nonzero_fraction": 0.21535110473632812, "png_sha256": "6e03e79c4e5539bebce3299186ebbce5be896a8086f416acbef0cf1f71f71e97"}, "back": {"texture": "SITE_stage_MAT_painted_moon-back.png", "scale": 1.0, "linear_max": 0.0005604923353530467, "nonzero_fraction": 6.4849853515625e-05, "png_sha256": "d1de1fd43e9b50aeb7f1d61f3b317c280e87ae0e5481cc210009f6e947002ad8"}}, "double_sided": true, "backface_uv_mapping_verified": true, "unoccluded_control_max": null, "size": 512, "samples": 128, "uv_channel": 1, "uv_sha256": "5b099e5e3229f0bd447f7af7de01b7d1a6392552f2c0a1b6c6c48a3b32db1ba1", "source_glb_sha256": "26033c99c82f9609f02ea545d4812b3ce1bd9ea2c9ecdf89a51e3ced03fe3d38", "stage_blend_sha256": "c7dd2313f75afdc127858b9dfc6d9bd37e0d344f2c8cc4834d2b3c2b28c0de8c", "authoring_blend_sha256": "19eb386d8e93007ebd8e4ae2d9ee59ec7daa07dcd8dbe3c3a88d4ec84b5e5a08", "site_blend_sha256": {"aojing-guan": "30b73e79d2099422cb0a67ff2d9d07be921b681e8db971f2061aac2921e69e9a", "daguan-lou": "199064124662a3aca117e8206d4ee273e3a17e43fabd7363bf9d99fcf7441c5e", "daoxiang-cun": "bbc196df249ea68059ac3b0cb75c38ce7bfcd51e54a3dfe922833ceb31fbeb97", "hengwu-yuan": "c16322e0be1cb1c6706daa2d7842ce12dcc7a507f65350dcd5f79011211dc0f3", "longcui-an": "abe059f353a763aabf7a43b62dd5ae2b117a21874051257fc637646fcdc9ab78", "ouxiang-xie": "a16b339c01f48cb7eae8dfc9b9e50d53f6893b1ad41e10523dca166084152759", "qinfang-ting": "7f42a44f867015fd8805ff52def1ee67e5b77eb9f5de7c890395f51aeabeebbb", "qiushuang-zhai": "5a648072132976b60c0feab72ed8568f8128331d95ac7227e87430079b239080", "tubi-tang": "10399e4f3393766af59787df65d4ae94c1d78ee442bcc22c73c7770185cd3d47", "xiaoxiang-guan": "1f4960fd9618394e9ef1175913310a06b1f403202d98ed151ccc1ea7a02c1fd4", "yihong-yuan": "2ec7a47c44d4bd2c4888538f905b2b98fe6fd2e1f6ac1918f6cc95be52cc7e70", "ziling-zhou": "ee4e21e8eae927a6be1fabe8d3de7bc27b1bb7da22a7cabc13e33cb2b526277b"}, "lights_baked": 12, "point_lights_baked": false, "pass_filter": ["DIRECT"], "shadow_intent": {"SITE_stage_MAT_stage_canopy_paint": false}}
WASH_BAKE_TARGET SITE_stage_MAT_painted_mountains_0 front
Info: Baking map saved to internal image, save it externally or pack it
WASH_BAKE_TARGET SITE_stage_MAT_painted_mountains_0 back
Info: Baking map saved to internal image, save it externally or pack it
Info: Baking map saved to internal image, save it externally or pack it
WASH_BAKED {"mesh": "SITE_stage_MAT_painted_mountains_0", "texture": "SITE_stage_MAT_painted_mountains_0-front.png", "scale": 1.0, "sides": {"front": {"texture": "SITE_stage_MAT_painted_mountains_0-front.png", "scale": 1.0, "linear_max": 0.0, "nonzero_fraction": 0.0, "png_sha256": "3d0c0bfd2c5437cbdc4f382593564b7ad0f09885073c0bff5322ab996c038e15"}, "back": {"texture": "SITE_stage_MAT_painted_mountains_0-back.png", "scale": 1.0, "linear_max": 0.0, "nonzero_fraction": 0.0, "png_sha256": "3d0c0bfd2c5437cbdc4f382593564b7ad0f09885073c0bff5322ab996c038e15"}}, "double_sided": true, "backface_uv_mapping_verified": true, "unoccluded_control_max": 0.1681901067495346, "size": 512, "samples": 128, "uv_channel": 1, "uv_sha256": "97a93dfe178ec8616ceae899da19646d791a25070984e7e1c52e562db883272c", "source_glb_sha256": "26033c99c82f9609f02ea545d4812b3ce1bd9ea2c9ecdf89a51e3ced03fe3d38", "stage_blend_sha256": "c7dd2313f75afdc127858b9dfc6d9bd37e0d344f2c8cc4834d2b3c2b28c0de8c", "authoring_blend_sha256": "19eb386d8e93007ebd8e4ae2d9ee59ec7daa07dcd8dbe3c3a88d4ec84b5e5a08", "site_blend_sha256": {"aojing-guan": "30b73e79d2099422cb0a67ff2d9d07be921b681e8db971f2061aac2921e69e9a", "daguan-lou": "199064124662a3aca117e8206d4ee273e3a17e43fabd7363bf9d99fcf7441c5e", "daoxiang-cun": "bbc196df249ea68059ac3b0cb75c38ce7bfcd51e54a3dfe922833ceb31fbeb97", "hengwu-yuan": "c16322e0be1cb1c6706daa2d7842ce12dcc7a507f65350dcd5f79011211dc0f3", "longcui-an": "abe059f353a763aabf7a43b62dd5ae2b117a21874051257fc637646fcdc9ab78", "ouxiang-xie": "a16b339c01f48cb7eae8dfc9b9e50d53f6893b1ad41e10523dca166084152759", "qinfang-ting": "7f42a44f867015fd8805ff52def1ee67e5b77eb9f5de7c890395f51aeabeebbb", "qiushuang-zhai": "5a648072132976b60c0feab72ed8568f8128331d95ac7227e87430079b239080", "tubi-tang": "10399e4f3393766af59787df65d4ae94c1d78ee442bcc22c73c7770185cd3d47", "xiaoxiang-guan": "1f4960fd9618394e9ef1175913310a06b1f403202d98ed151ccc1ea7a02c1fd4", "yihong-yuan": "2ec7a47c44d4bd2c4888538f905b2b98fe6fd2e1f6ac1918f6cc95be52cc7e70", "ziling-zhou": "ee4e21e8eae927a6be1fabe8d3de7bc27b1bb7da22a7cabc13e33cb2b526277b"}, "lights_baked": 12, "point_lights_baked": false, "pass_filter": ["DIRECT"], "shadow_intent": {"SITE_stage_MAT_stage_canopy_paint": false}}
WASH_BAKE_TARGET SITE_stage_MAT_painted_mountains_1 front
Info: Baking map saved to internal image, save it externally or pack it
WASH_BAKE_TARGET SITE_stage_MAT_painted_mountains_1 back
Info: Baking map saved to internal image, save it externally or pack it
WASH_BAKED {"mesh": "SITE_stage_MAT_painted_mountains_1", "texture": "SITE_stage_MAT_painted_mountains_1-front.png", "scale": 1.0, "sides": {"front": {"texture": "SITE_stage_MAT_painted_mountains_1-front.png", "scale": 1.0, "linear_max": 0.0, "nonzero_fraction": 0.0, "png_sha256": "3d0c0bfd2c5437cbdc4f382593564b7ad0f09885073c0bff5322ab996c038e15"}, "back": {"texture": "SITE_stage_MAT_painted_mountains_1-back.png", "scale": 1.0, "linear_max": 0.002930331276729703, "nonzero_fraction": 0.000690460205078125, "png_sha256": "f0d385997015691d5929ecbc6251bac694fd5ac19446bb21473f963a7841933b"}}, "double_sided": true, "backface_uv_mapping_verified": true, "unoccluded_control_max": null, "size": 512, "samples": 128, "uv_channel": 1, "uv_sha256": "31ca5f33801766d6233cd69b74f855e6f881dd986167a9859518f6206dc5bef2", "source_glb_sha256": "26033c99c82f9609f02ea545d4812b3ce1bd9ea2c9ecdf89a51e3ced03fe3d38", "stage_blend_sha256": "c7dd2313f75afdc127858b9dfc6d9bd37e0d344f2c8cc4834d2b3c2b28c0de8c", "authoring_blend_sha256": "19eb386d8e93007ebd8e4ae2d9ee59ec7daa07dcd8dbe3c3a88d4ec84b5e5a08", "site_blend_sha256": {"aojing-guan": "30b73e79d2099422cb0a67ff2d9d07be921b681e8db971f2061aac2921e69e9a", "daguan-lou": "199064124662a3aca117e8206d4ee273e3a17e43fabd7363bf9d99fcf7441c5e", "daoxiang-cun": "bbc196df249ea68059ac3b0cb75c38ce7bfcd51e54a3dfe922833ceb31fbeb97", "hengwu-yuan": "c16322e0be1cb1c6706daa2d7842ce12dcc7a507f65350dcd5f79011211dc0f3", "longcui-an": "abe059f353a763aabf7a43b62dd5ae2b117a21874051257fc637646fcdc9ab78", "ouxiang-xie": "a16b339c01f48cb7eae8dfc9b9e50d53f6893b1ad41e10523dca166084152759", "qinfang-ting": "7f42a44f867015fd8805ff52def1ee67e5b77eb9f5de7c890395f51aeabeebbb", "qiushuang-zhai": "5a648072132976b60c0feab72ed8568f8128331d95ac7227e87430079b239080", "tubi-tang": "10399e4f3393766af59787df65d4ae94c1d78ee442bcc22c73c7770185cd3d47", "xiaoxiang-guan": "1f4960fd9618394e9ef1175913310a06b1f403202d98ed151ccc1ea7a02c1fd4", "yihong-yuan": "2ec7a47c44d4bd2c4888538f905b2b98fe6fd2e1f6ac1918f6cc95be52cc7e70", "ziling-zhou": "ee4e21e8eae927a6be1fabe8d3de7bc27b1bb7da22a7cabc13e33cb2b526277b"}, "lights_baked": 12, "point_lights_baked": false, "pass_filter": ["DIRECT"], "shadow_intent": {"SITE_stage_MAT_stage_canopy_paint": false}}
WASH_BAKE_TARGET SITE_stage_MAT_painted_mountains_2 front
Info: Baking map saved to internal image, save it externally or pack it
WASH_BAKE_TARGET SITE_stage_MAT_painted_mountains_2 back
Info: Baking map saved to internal image, save it externally or pack it
WASH_BAKED {"mesh": "SITE_stage_MAT_painted_mountains_2", "texture": "SITE_stage_MAT_painted_mountains_2-front.png", "scale": 1.0, "sides": {"front": {"texture": "SITE_stage_MAT_painted_mountains_2-front.png", "scale": 1.0, "linear_max": 0.0, "nonzero_fraction": 0.0, "png_sha256": "3d0c0bfd2c5437cbdc4f382593564b7ad0f09885073c0bff5322ab996c038e15"}, "back": {"texture": "SITE_stage_MAT_painted_mountains_2-back.png", "scale": 1.0, "linear_max": 0.2248643934726715, "nonzero_fraction": 0.4390220642089844, "png_sha256": "5c68a64834d9b664679e937b066429b04d7b990ba2d9b874c2ea3b2fd3c224d5"}}, "double_sided": true, "backface_uv_mapping_verified": true, "unoccluded_control_max": null, "size": 512, "samples": 128, "uv_channel": 1, "uv_sha256": "91e8509c3d646b6172c291d80ea0e0e5c0a5321b8a6a1c587effd0afe71869c5", "source_glb_sha256": "26033c99c82f9609f02ea545d4812b3ce1bd9ea2c9ecdf89a51e3ced03fe3d38", "stage_blend_sha256": "c7dd2313f75afdc127858b9dfc6d9bd37e0d344f2c8cc4834d2b3c2b28c0de8c", "authoring_blend_sha256": "19eb386d8e93007ebd8e4ae2d9ee59ec7daa07dcd8dbe3c3a88d4ec84b5e5a08", "site_blend_sha256": {"aojing-guan": "30b73e79d2099422cb0a67ff2d9d07be921b681e8db971f2061aac2921e69e9a", "daguan-lou": "199064124662a3aca117e8206d4ee273e3a17e43fabd7363bf9d99fcf7441c5e", "daoxiang-cun": "bbc196df249ea68059ac3b0cb75c38ce7bfcd51e54a3dfe922833ceb31fbeb97", "hengwu-yuan": "c16322e0be1cb1c6706daa2d7842ce12dcc7a507f65350dcd5f79011211dc0f3", "longcui-an": "abe059f353a763aabf7a43b62dd5ae2b117a21874051257fc637646fcdc9ab78", "ouxiang-xie": "a16b339c01f48cb7eae8dfc9b9e50d53f6893b1ad41e10523dca166084152759", "qinfang-ting": "7f42a44f867015fd8805ff52def1ee67e5b77eb9f5de7c890395f51aeabeebbb", "qiushuang-zhai": "5a648072132976b60c0feab72ed8568f8128331d95ac7227e87430079b239080", "tubi-tang": "10399e4f3393766af59787df65d4ae94c1d78ee442bcc22c73c7770185cd3d47", "xiaoxiang-guan": "1f4960fd9618394e9ef1175913310a06b1f403202d98ed151ccc1ea7a02c1fd4", "yihong-yuan": "2ec7a47c44d4bd2c4888538f905b2b98fe6fd2e1f6ac1918f6cc95be52cc7e70", "ziling-zhou": "ee4e21e8eae927a6be1fabe8d3de7bc27b1bb7da22a7cabc13e33cb2b526277b"}, "lights_baked": 12, "point_lights_baked": false, "pass_filter": ["DIRECT"], "shadow_intent": {"SITE_stage_MAT_stage_canopy_paint": false}}
NATIVE_BACKDROP_WASH_PASS 6 building direct maximum 0.0
Blender 5.2.2 LTS (hash d13f752e3b9c built 2026-09-15 01:49:19)

Blender quit
