Godot Engine v4.7.2.stable.official.ed1daf0bf - https://godotengine.org

[   0% ] [90m[1mfirst_scan_filesystem[22m | Started Project initialization (5 steps)[39m[0m
[   0% ] [90m[1mfirst_scan_filesystem[22m | Scanning file structure...[39m[0m
[  16% ] [90m[1mfirst_scan_filesystem[22m | Loading global class names...[39m[0m
[  33% ] [90m[1mfirst_scan_filesystem[22m | Verifying GDExtensions...[39m[0m
[  50% ] [90m[1mfirst_scan_filesystem[22m | Creating autoload scripts...[39m[0m
[  66% ] [90m[1mfirst_scan_filesystem[22m | Initializing plugins...[39m[0m
[  83% ] [90m[1mfirst_scan_filesystem[22m | Starting file scan...[39m[0m
[92m[ DONE ][39m [1mfirst_scan_filesystem[22m
[0m
[   0% ] [90m[1m_update_scan_actions[22m | Started Scanning actions... (48 steps)[39m[0m
[   0% ] [90m[1m_update_scan_actions[22m | KIT_corridor_corner_LOD1_pavilion_basecolor.png[39m[0m
[   2% ] [90m[1m_update_scan_actions[22m | KIT_corridor_corner_pavilion_basecolor.png[39m[0m
[   4% ] [90m[1m_update_scan_actions[22m | KIT_corridor_stair_LOD1_pavilion_basecolor.png[39m[0m
[   6% ] [90m[1m_update_scan_actions[22m | KIT_corridor_stair_pavilion_basecolor.png[39m[0m
[   8% ] [90m[1m_update_scan_actions[22m | KIT_corridor_straight_LOD1_pavilion_basecolor.png[39m[0m
[  10% ] [90m[1m_update_scan_actions[22m | KIT_corridor_straight_pavilion_basecolor.png[39m[0m
[  12% ] [90m[1m_update_scan_actions[22m | KIT_corridor_tee_LOD1_pavilion_basecolor.png[39m[0m
[  14% ] [90m[1m_update_scan_actions[22m | KIT_corridor_tee_pavilion_basecolor.png[39m[0m
[  16% ] [90m[1m_update_scan_actions[22m | KIT_pavilion_bench_LOD1_pavilion_basecolor.png[39m[0m
[  18% ] [90m[1m_update_scan_actions[22m | KIT_pavilion_bench_pavilion_basecolor.png[39m[0m
[  20% ] [90m[1m_update_scan_actions[22m | KIT_pavilion_bracket_LOD1_pavilion_basecolor.png[39m[0m
[  22% ] [90m[1m_update_scan_actions[22m | KIT_pavilion_bracket_pavilion_basecolor.png[39m[0m
[  24% ] [90m[1m_update_scan_actions[22m | KIT_pavilion_eave_strip_LOD1_pavilion_basecolor.png[39m[0m
[  26% ] [90m[1m_update_scan_actions[22m | KIT_pavilion_eave_strip_pavilion_basecolor.png[39m[0m
[  28% ] [90m[1m_update_scan_actions[22m | KIT_pavilion_post_LOD1_pavilion_basecolor.png[39m[0m
[  30% ] [90m[1m_update_scan_actions[22m | KIT_pavilion_post_pavilion_basecolor.png[39m[0m
[  32% ] [90m[1m_update_scan_actions[22m | KIT_pavilion_roof_hex_LOD1_pavilion_basecolor.png[39m[0m
[  34% ] [90m[1m_update_scan_actions[22m | KIT_pavilion_roof_hex_pavilion_basecolor.png[39m[0m
[  36% ] [90m[1m_update_scan_actions[22m | KIT_pavilion_roof_square_LOD1_pavilion_basecolor.png[39m[0m
[  38% ] [90m[1m_update_scan_actions[22m | KIT_pavilion_roof_square_pavilion_basecolor.png[39m[0m
[  40% ] [90m[1m_update_scan_actions[22m | KIT_rockery_arch_LOD1_pavilion_basecolor.png[39m[0m
[  42% ] [90m[1m_update_scan_actions[22m | KIT_rockery_arch_pavilion_basecolor.png[39m[0m
[  44% ] [90m[1m_update_scan_actions[22m | KIT_rockery_cliff_LOD1_pavilion_basecolor.png[39m[0m
[  46% ] [90m[1m_update_scan_actions[22m | KIT_rockery_cliff_pavilion_basecolor.png[39m[0m
[  48% ] [90m[1m_update_scan_actions[22m | KIT_rockery_large_LOD1_pavilion_basecolor.png[39m[0m
[  51% ] [90m[1m_update_scan_actions[22m | KIT_rockery_large_pavilion_basecolor.png[39m[0m
[  53% ] [90m[1m_update_scan_actions[22m | KIT_rockery_medium_LOD1_pavilion_basecolor.png[39m[0m
[  55% ] [90m[1m_update_scan_actions[22m | KIT_rockery_medium_pavilion_basecolor.png[39m[0m
[  57% ] [90m[1m_update_scan_actions[22m | KIT_rockery_small_LOD1_pavilion_basecolor.png[39m[0m
[  59% ] [90m[1m_update_scan_actions[22m | KIT_rockery_small_pavilion_basecolor.png[39m[0m
[  61% ] [90m[1m_update_scan_actions[22m | KIT_rockery_tunnel_LOD1_pavilion_basecolor.png[39m[0m
[  63% ] [90m[1m_update_scan_actions[22m | KIT_rockery_tunnel_pavilion_basecolor.png[39m[0m
[  65% ] [90m[1m_update_scan_actions[22m | KIT_wall_bay_LOD1_wall_basecolor.png[39m[0m
[  67% ] [90m[1m_update_scan_actions[22m | KIT_wall_bay_wall_basecolor.png[39m[0m
[  69% ] [90m[1m_update_scan_actions[22m | KIT_wall_moon_gate_LOD1_wall_basecolor.png[39m[0m
[  71% ] [90m[1m_update_scan_actions[22m | KIT_wall_moon_gate_wall_basecolor.png[39m[0m
[  73% ] [90m[1m_update_scan_actions[22m | KIT_wall_roof_cap_LOD1_wall_basecolor.png[39m[0m
[  75% ] [90m[1m_update_scan_actions[22m | KIT_wall_roof_cap_wall_basecolor.png[39m[0m
[  77% ] [90m[1m_update_scan_actions[22m | KIT_wall_vase_gate_LOD1_wall_basecolor.png[39m[0m
[  79% ] [90m[1m_update_scan_actions[22m | KIT_wall_vase_gate_wall_basecolor.png[39m[0m
[  81% ] [90m[1m_update_scan_actions[22m | KIT_wall_window_diamond_LOD1_wall_basecolor.png[39m[0m
[  83% ] [90m[1m_update_scan_actions[22m | KIT_wall_window_diamond_wall_basecolor.png[39m[0m
[  85% ] [90m[1m_update_scan_actions[22m | KIT_wall_window_hex_LOD1_wall_basecolor.png[39m[0m
[  87% ] [90m[1m_update_scan_actions[22m | KIT_wall_window_hex_wall_basecolor.png[39m[0m
[  89% ] [90m[1m_update_scan_actions[22m | KIT_wall_window_ice_LOD1_wall_basecolor.png[39m[0m
[  91% ] [90m[1m_update_scan_actions[22m | KIT_wall_window_ice_wall_basecolor.png[39m[0m
[  93% ] [90m[1m_update_scan_actions[22m | KIT_wall_window_square_LOD1_wall_basecolor.png[39m[0m
[  95% ] [90m[1m_update_scan_actions[22m | KIT_wall_window_square_wall_basecolor.png[39m[0m
[92m[ DONE ][39m [1m_update_scan_actions[22m
[0m
[   0% ] [90m[1mloading_editor_layout[22m | Started Loading editor (5 steps)[39m[0m
[   0% ] [90m[1mloading_editor_layout[22m | Loading editor layout...[39m[0m
[  16% ] [90m[1mloading_editor_layout[22m | Loading docks...[39m[0m
[92m[ DONE ][39m [1mloading_editor_layout[22m
[0m
