Godot Engine v4.7.2.stable.official.ed1daf0bf - https://godotengine.org

[   0% ] [90m[1mfirst_scan_filesystem[22m | Started Project initialization (5 steps)[39m[0m
[   0% ] [90m[1mfirst_scan_filesystem[22m | Scanning file structure...[39m[0m
[  16% ] [90m[1mfirst_scan_filesystem[22m | Loading global class names...[39m[0m
[  33% ] [90m[1mfirst_scan_filesystem[22m | Verifying GDExtensions...[39m[0m
[  50% ] [90m[1mfirst_scan_filesystem[22m | Creating autoload scripts...[39m[0m
[  66% ] [90m[1mfirst_scan_filesystem[22m | Initializing plugins...[39m[0m
[  83% ] [90m[1mfirst_scan_filesystem[22m | Starting file scan...[39m[0m
[92m[ DONE ][39m [1mfirst_scan_filesystem[22m
[0m
[   0% ] [90m[1m_update_scan_actions[22m | Started Scanning actions... (2 steps)[39m[0m
[   0% ] [90m[1m_update_scan_actions[22m | tile-ridge-candidate.glb[39m[0m
[  33% ] [90m[1m_update_scan_actions[22m | tile-ridge-lightmap.png[39m[0m
[92m[ DONE ][39m [1m_update_scan_actions[22m
[0m
[   0% ] [90m[1mreimport[22m | Started (Re)Importing Assets (37 steps)[39m[0m
[   0% ] [90m[1mreimport[22m | Preparing files to reimport...[39m[0m
[   2% ] [90m[1mreimport[22m | Preparing files to reimport...[39m[0m
[   5% ] [90m[1mreimport[22m | Preparing files to reimport...[39m[0m
[   7% ] [90m[1mreimport[22m | Preparing files to reimport...[39m[0m
[  10% ] [90m[1mreimport[22m | Preparing files to reimport...[39m[0m
[  13% ] [90m[1mreimport[22m | Preparing files to reimport...[39m[0m
[  15% ] [90m[1mreimport[22m | Preparing files to reimport...[39m[0m
[  18% ] [90m[1mreimport[22m | Preparing files to reimport...[39m[0m
[  21% ] [90m[1mreimport[22m | Preparing files to reimport...[39m[0m
[  23% ] [90m[1mreimport[22m | Preparing files to reimport...[39m[0m
[  26% ] [90m[1mreimport[22m | Preparing files to reimport...[39m[0m
[  28% ] [90m[1mreimport[22m | Preparing files to reimport...[39m[0m
[  31% ] [90m[1mreimport[22m | Preparing files to reimport...[39m[0m
[  34% ] [90m[1mreimport[22m | Preparing files to reimport...[39m[0m
[  36% ] [90m[1mreimport[22m | Preparing files to reimport...[39m[0m
[  39% ] [90m[1mreimport[22m | Preparing files to reimport...[39m[0m
[  42% ] [90m[1mreimport[22m | Preparing files to reimport...[39m[0m
[  44% ] [90m[1mreimport[22m | Preparing files to reimport...[39m[0m
[  47% ] [90m[1mreimport[22m | Preparing files to reimport...[39m[0m
[  50% ] [90m[1mreimport[22m | Preparing files to reimport...[39m[0m
[  52% ] [90m[1mreimport[22m | Preparing files to reimport...[39m[0m
[  55% ] [90m[1mreimport[22m | Preparing files to reimport...[39m[0m
[  57% ] [90m[1mreimport[22m | Preparing files to reimport...[39m[0m
[  60% ] [90m[1mreimport[22m | Preparing files to reimport...[39m[0m
[  63% ] [90m[1mreimport[22m | Preparing files to reimport...[39m[0m
[  65% ] [90m[1mreimport[22m | Preparing files to reimport...[39m[0m
[  68% ] [90m[1mreimport[22m | Preparing files to reimport...[39m[0m
[  71% ] [90m[1mreimport[22m | Preparing files to reimport...[39m[0m
[  73% ] [90m[1mreimport[22m | Preparing files to reimport...[39m[0m
[  76% ] [90m[1mreimport[22m | Preparing files to reimport...[39m[0m
[  78% ] [90m[1mreimport[22m | Preparing files to reimport...[39m[0m
[  81% ] [90m[1mreimport[22m | Preparing files to reimport...[39m[0m
[  84% ] [90m[1mreimport[22m | Preparing files to reimport...[39m[0m
[  86% ] [90m[1mreimport[22m | Preparing files to reimport...[39m[0m
[  89% ] [90m[1mreimport[22m | Preparing files to reimport...[39m[0m
[  92% ] [90m[1mreimport[22m | Preparing files to reimport...[39m[0m
[  94% ] [90m[1mreimport[22m | Preparing files to reimport...[39m[0m
[   0% ] [90m[1mreimport[22m | Executing pre-reimport operations...[39m[0m
[   0% ] [90m[1mpreload_reimporting_scene[22m | Started Preparing scenes for reload (1 steps)[39m[0m
[   0% ] [90m[1mpreload_reimporting_scene[22m | Analyzing scene [empty][39m[0m
[  50% ] [90m[1mpreload_reimporting_scene[22m | Preparation done.[39m[0m
[92m[ DONE ][39m [1mpreload_reimporting_scene[22m
[0m
[   0% ] [90m[1mreimport[22m | tile-ridge-candidate_yihong-yuan-title.png[39m[0m
[   2% ] [90m[1mreimport[22m | tile-ridge-candidate_daoxiang-paddy-v1.png[39m[0m
[   5% ] [90m[1mreimport[22m | tile-ridge-candidate_props-basecolor.png[39m[0m
[   7% ] [90m[1mreimport[22m | tile-ridge-candidate_props-orm.png[39m[0m
[  10% ] [90m[1mreimport[22m | tile-ridge-candidate_props-emission.png[39m[0m
[  13% ] [90m[1mreimport[22m | tile-ridge-candidate_wall_basecolor.png[39m[0m
[  15% ] [90m[1mreimport[22m | tile-ridge-candidate_wall_orm.png[39m[0m
[  18% ] [90m[1mreimport[22m | tile-ridge-candidate_wall_normal.png[39m[0m
[  21% ] [90m[1mreimport[22m | tile-ridge-candidate_tech-basecolor.png[39m[0m
[  23% ] [90m[1mreimport[22m | tile-ridge-candidate_tech-orm.png[39m[0m
[  26% ] [90m[1mreimport[22m | tile-ridge-candidate_tech-emission.png[39m[0m
[  28% ] [90m[1mreimport[22m | tile-ridge-candidate_fog-mask.png[39m[0m
[  31% ] [90m[1mreimport[22m | tile-ridge-candidate_moon-paint.png[39m[0m
[  34% ] [90m[1mreimport[22m | tile-ridge-candidate_mountain-paint.png[39m[0m
[  36% ] [90m[1mreimport[22m | tile-ridge-candidate_cyclorama-moonlit.png[39m[0m
[  39% ] [90m[1mreimport[22m | tile-ridge-candidate_stage-basecolor.png[39m[0m
[  42% ] [90m[1mreimport[22m | tile-ridge-candidate_stage-orm.png[39m[0m
[  44% ] [90m[1mreimport[22m | tile-ridge-lightmap.png[39m[0m
[  47% ] [90m[1mreimport[22m | tile-ridge-candidate_aojing-guan-title.png[39m[0m
[  50% ] [90m[1mreimport[22m | tile-ridge-candidate_daguan-title.png[39m[0m
[  52% ] [90m[1mreimport[22m | tile-ridge-candidate_daoxiang-cun-title.png[39m[0m
[  55% ] [90m[1mreimport[22m | tile-ridge-candidate_flora-basecolor.png[39m[0m
[  57% ] [90m[1mreimport[22m | tile-ridge-candidate_gate-inscription.png[39m[0m
[  60% ] [90m[1mreimport[22m | tile-ridge-candidate_gate-inscription-normal.png[39m[0m
[  63% ] [90m[1mreimport[22m | tile-ridge-candidate_gate-water-drips.png[39m[0m
[  65% ] [90m[1mreimport[22m | tile-ridge-candidate_hengwu-yuan-title.png[39m[0m
[  68% ] [90m[1mreimport[22m | tile-ridge-candidate_longcui-an-title.png[39m[0m
[  71% ] [90m[1mreimport[22m | tile-ridge-candidate_qinfang-ting-title.png[39m[0m
[  73% ] [90m[1mreimport[22m | tile-ridge-candidate_bamboo-scroll.png[39m[0m
[  76% ] [90m[1mreimport[22m | tile-ridge-candidate_plum-scroll.png[39m[0m
[  78% ] [90m[1mreimport[22m | tile-ridge-candidate_hall-title.png[39m[0m
[  81% ] [90m[1mreimport[22m | tile-ridge-candidate_pavilion_basecolor.png[39m[0m
[  84% ] [90m[1mreimport[22m | tile-ridge-candidate_pavilion_orm.png[39m[0m
[  86% ] [90m[1mreimport[22m | tile-ridge-candidate_pavilion_normal.png[39m[0m
[  89% ] [90m[1mreimport[22m | tile-ridge-candidate_tubi-title.png[39m[0m
[  89% ] [90m[1mreimport[22m | tile-ridge-candidate_tubi-title.png[39m[0m
[  92% ] [90m[1mreimport[22m | tile-ridge-candidate_xiaoxiang-guan-title.png[39m[0m
[  94% ] [90m[1mreimport[22m | tile-ridge-candidate.glb[39m[0m
[   0% ] [90m[1mimport[22m | Started Import Scene (104 steps)[39m[0m
[   0% ] [90m[1mimport[22m | Importing Scene...[39m[0m
[   1% ] [90m[1mimport[22m | Running Custom Script...[39m[0m
[  99% ] [90m[1mimport[22m | Saving...[39m[0m
[92m[ DONE ][39m [1mimport[22m
[0m
[  97% ] [90m[1mreimport[22m | Finalizing Asset Import...[39m[0m
[92m[ DONE ][39m [1mreimport[22m
[0m
[   0% ] [90m[1mreimport[22m | Started (Re)Importing Assets (37 steps)[39m[0m
[   0% ] [90m[1mreimport[22m | Executing post-reimport operations...[39m[0m
[92m[ DONE ][39m [1mreimport[22m
[0m
[   0% ] [90m[1mloading_editor_layout[22m | Started Loading editor (5 steps)[39m[0m
[   0% ] [90m[1mloading_editor_layout[22m | Loading editor layout...[39m[0m
[  16% ] [90m[1mloading_editor_layout[22m | Loading docks...[39m[0m
[92m[ DONE ][39m [1mloading_editor_layout[22m
[0m
