BlenderMCP addon registered
BlenderMCP addon unregistered
Info: Saved as "SITE_stage-packaged.blend"
SITE_WASH_LIBRARY_PASS stage
Info: Saved as "SITE_aojing-guan-packaged.blend"
SITE_WASH_LIBRARY_PASS aojing-guan
Info: Saved as "SITE_daguan-lou-packaged.blend"
SITE_WASH_LIBRARY_PASS daguan-lou
Info: Saved as "SITE_daoxiang-cun-packaged.blend"
SITE_WASH_LIBRARY_PASS daoxiang-cun
Info: Saved as "SITE_hengwu-yuan-packaged.blend"
SITE_WASH_LIBRARY_PASS hengwu-yuan
Info: Saved as "SITE_longcui-an-packaged.blend"
SITE_WASH_LIBRARY_PASS longcui-an
Info: Saved as "SITE_ouxiang-xie-packaged.blend"
SITE_WASH_LIBRARY_PASS ouxiang-xie
Info: Saved as "SITE_qinfang-ting-packaged.blend"
SITE_WASH_LIBRARY_PASS qinfang-ting
Info: Saved as "SITE_qiushuang-zhai-packaged.blend"
SITE_WASH_LIBRARY_PASS qiushuang-zhai
Info: Saved as "SITE_tubi-tang-packaged.blend"
SITE_WASH_LIBRARY_PASS tubi-tang
Info: Saved as "SITE_xiaoxiang-guan-packaged.blend"
SITE_WASH_LIBRARY_PASS xiaoxiang-guan
Info: Saved as "SITE_yihong-yuan-packaged.blend"
SITE_WASH_LIBRARY_PASS yihong-yuan
Info: Saved as "SITE_ziling-zhou-packaged.blend"
SITE_WASH_LIBRARY_PASS ziling-zhou
00:02.685  blend            | Read blend: "/private/var/folders/gf/s_g2zvzj3jxbylz3ylbc7k4c0000gn/T/garden-normal-tile-chart-candidate-h31_ah95/blender/master.blend"
Info: Read library: '/private/var/folders/gf/s_g2zvzj3jxbylz3ylbc7k4c0000gn/T/garden-normal-tile-chart-candidate-h31_ah95/blender/sites/SITE_aojing-guan.blend', '/private/var/folders/gf/s_g2zvzj3jxbylz3ylbc7k4c0000gn/T/garden-normal-tile-chart-candidate-h31_ah95/blender/sites/SITE_aojing-guan.blend', parent '<direct>'
Info: Read library: '/private/var/folders/gf/s_g2zvzj3jxbylz3ylbc7k4c0000gn/T/garden-normal-tile-chart-candidate-h31_ah95/blender/sites/SITE_daguan-lou.blend', '/private/var/folders/gf/s_g2zvzj3jxbylz3ylbc7k4c0000gn/T/garden-normal-tile-chart-candidate-h31_ah95/blender/sites/SITE_daguan-lou.blend', parent '<direct>'
Info: Read library: '/private/var/folders/gf/s_g2zvzj3jxbylz3ylbc7k4c0000gn/T/garden-normal-tile-chart-candidate-h31_ah95/blender/sites/SITE_daoxiang-cun.blend', '/private/var/folders/gf/s_g2zvzj3jxbylz3ylbc7k4c0000gn/T/garden-normal-tile-chart-candidate-h31_ah95/blender/sites/SITE_daoxiang-cun.blend', parent '<direct>'
Info: Read library: '/private/var/folders/gf/s_g2zvzj3jxbylz3ylbc7k4c0000gn/T/garden-normal-tile-chart-candidate-h31_ah95/blender/sites/SITE_hengwu-yuan.blend', '/private/var/folders/gf/s_g2zvzj3jxbylz3ylbc7k4c0000gn/T/garden-normal-tile-chart-candidate-h31_ah95/blender/sites/SITE_hengwu-yuan.blend', parent '<direct>'
Info: Read library: '/private/var/folders/gf/s_g2zvzj3jxbylz3ylbc7k4c0000gn/T/garden-normal-tile-chart-candidate-h31_ah95/blender/sites/SITE_longcui-an.blend', '/private/var/folders/gf/s_g2zvzj3jxbylz3ylbc7k4c0000gn/T/garden-normal-tile-chart-candidate-h31_ah95/blender/sites/SITE_longcui-an.blend', parent '<direct>'
Info: Read library: '/private/var/folders/gf/s_g2zvzj3jxbylz3ylbc7k4c0000gn/T/garden-normal-tile-chart-candidate-h31_ah95/blender/sites/SITE_ouxiang-xie.blend', '/private/var/folders/gf/s_g2zvzj3jxbylz3ylbc7k4c0000gn/T/garden-normal-tile-chart-candidate-h31_ah95/blender/sites/SITE_ouxiang-xie.blend', parent '<direct>'
Info: Read library: '/private/var/folders/gf/s_g2zvzj3jxbylz3ylbc7k4c0000gn/T/garden-normal-tile-chart-candidate-h31_ah95/blender/sites/SITE_qinfang-ting.blend', '/private/var/folders/gf/s_g2zvzj3jxbylz3ylbc7k4c0000gn/T/garden-normal-tile-chart-candidate-h31_ah95/blender/sites/SITE_qinfang-ting.blend', parent '<direct>'
Info: Read library: '/private/var/folders/gf/s_g2zvzj3jxbylz3ylbc7k4c0000gn/T/garden-normal-tile-chart-candidate-h31_ah95/blender/sites/SITE_qiushuang-zhai.blend', '/private/var/folders/gf/s_g2zvzj3jxbylz3ylbc7k4c0000gn/T/garden-normal-tile-chart-candidate-h31_ah95/blender/sites/SITE_qiushuang-zhai.blend', parent '<direct>'
Info: Read library: '/private/var/folders/gf/s_g2zvzj3jxbylz3ylbc7k4c0000gn/T/garden-normal-tile-chart-candidate-h31_ah95/blender/sites/SITE_rockery-gate.blend', '/private/var/folders/gf/s_g2zvzj3jxbylz3ylbc7k4c0000gn/T/garden-normal-tile-chart-candidate-h31_ah95/blender/sites/SITE_rockery-gate.blend', parent '<direct>'
Info: Read library: '/private/var/folders/gf/s_g2zvzj3jxbylz3ylbc7k4c0000gn/T/garden-normal-tile-chart-candidate-h31_ah95/blender/sites/SITE_stage.blend', '/private/var/folders/gf/s_g2zvzj3jxbylz3ylbc7k4c0000gn/T/garden-normal-tile-chart-candidate-h31_ah95/blender/sites/SITE_stage.blend', parent '<direct>'
Info: Read library: '/private/var/folders/gf/s_g2zvzj3jxbylz3ylbc7k4c0000gn/T/garden-normal-tile-chart-candidate-h31_ah95/blender/sites/SITE_terminal-cells.blend', '/private/var/folders/gf/s_g2zvzj3jxbylz3ylbc7k4c0000gn/T/garden-normal-tile-chart-candidate-h31_ah95/blender/sites/SITE_terminal-cells.blend', parent '<direct>'
Info: Read library: '/private/var/folders/gf/s_g2zvzj3jxbylz3ylbc7k4c0000gn/T/garden-normal-tile-chart-candidate-h31_ah95/blender/sites/SITE_tubi-tang.blend', '/private/var/folders/gf/s_g2zvzj3jxbylz3ylbc7k4c0000gn/T/garden-normal-tile-chart-candidate-h31_ah95/blender/sites/SITE_tubi-tang.blend', parent '<direct>'
Info: Read library: '/private/var/folders/gf/s_g2zvzj3jxbylz3ylbc7k4c0000gn/T/garden-normal-tile-chart-candidate-h31_ah95/blender/sites/SITE_xiaoxiang-guan.blend', '/private/var/folders/gf/s_g2zvzj3jxbylz3ylbc7k4c0000gn/T/garden-normal-tile-chart-candidate-h31_ah95/blender/sites/SITE_xiaoxiang-guan.blend', parent '<direct>'
Info: Read library: '/private/var/folders/gf/s_g2zvzj3jxbylz3ylbc7k4c0000gn/T/garden-normal-tile-chart-candidate-h31_ah95/blender/sites/SITE_yihong-yuan.blend', '/private/var/folders/gf/s_g2zvzj3jxbylz3ylbc7k4c0000gn/T/garden-normal-tile-chart-candidate-h31_ah95/blender/sites/SITE_yihong-yuan.blend', parent '<direct>'
Info: Read library: '/private/var/folders/gf/s_g2zvzj3jxbylz3ylbc7k4c0000gn/T/garden-normal-tile-chart-candidate-h31_ah95/blender/sites/SITE_ziling-zhou.blend', '/private/var/folders/gf/s_g2zvzj3jxbylz3ylbc7k4c0000gn/T/garden-normal-tile-chart-candidate-h31_ah95/blender/sites/SITE_ziling-zhou.blend', parent '<direct>'
Info: Saved as "master.blend"
LINKED_MASTER_WASH_PASS 12 lights share 6 exact visible stage receivers
Blender 5.2.2 LTS (hash d13f752e3b9c built 2026-09-15 01:49:19)

Blender quit
