BlenderMCP addon registered
BlenderMCP addon unregistered
16:05:36 | INFO: Data are loaded, start creating Blender stuff
16:05:36 | INFO: Blender create Mesh node COL_aojing_approach.001
16:05:36 | INFO: Blender create Mesh node COL_aojing_approach.004
16:05:36 | INFO: Blender create Mesh node COL_aojing_approach_guard.001
16:05:36 | INFO: Blender create Mesh node COL_aojing_approach_guard.004
16:05:36 | INFO: Blender create Mesh node COL_aojing_approach_ramp.002
16:05:36 | INFO: Blender create Mesh node COL_aojing_closed_front.002
16:05:36 | INFO: Blender create Mesh node COL_aojing_dry_ledge.002
16:05:36 | INFO: Blender create Mesh node COL_aojing_hall_floor.002
16:05:36 | INFO: Blender create Mesh node COL_aojing_ledge_end.002
16:05:36 | INFO: Blender create Mesh node COL_aojing_ledge_parapet.002
16:05:36 | INFO: Blender create Mesh node COL_aojing_return.001
16:05:36 | INFO: Blender create Mesh node COL_aojing_return.004
16:05:36 | INFO: Blender create Mesh node Cube.147
16:05:36 | INFO: Blender create Mesh node Cube.148
16:05:36 | INFO: Blender create Mesh node Cube.149
16:05:36 | INFO: Blender create Mesh node Cube.150
16:05:36 | INFO: Blender create Mesh node COL_bridge_crosswalk.002
16:05:36 | INFO: Blender create Mesh node COL_bridge_crosswalk.003
16:05:36 | INFO: Blender create Mesh node COL_cell_floor.006
16:05:36 | INFO: Blender create Mesh node COL_cell_floor.007
16:05:36 | INFO: Blender create Mesh node COL_cell_floor.008
16:05:36 | INFO: Blender create Mesh node COL_cell_floor.009
16:05:36 | INFO: Blender create Mesh node COL_cell_floor.010
16:05:36 | INFO: Blender create Mesh node COL_cell_floor.011
16:05:36 | INFO: Blender create Mesh node COL_cell_wall.012
16:05:36 | INFO: Blender create Mesh node COL_cell_wall.013
16:05:36 | INFO: Blender create Mesh node COL_cell_wall.014
16:05:36 | INFO: Blender create Mesh node COL_cell_wall.015
16:05:36 | INFO: Blender create Mesh node COL_cell_wall.016
16:05:36 | INFO: Blender create Mesh node COL_cell_wall.017
16:05:36 | INFO: Blender create Mesh node COL_cell_wall.018
16:05:36 | INFO: Blender create Mesh node COL_cell_wall.019
16:05:36 | INFO: Blender create Mesh node COL_cell_wall.020
16:05:36 | INFO: Blender create Mesh node COL_cell_wall.021
16:05:36 | INFO: Blender create Mesh node COL_cell_wall.022
16:05:36 | INFO: Blender create Mesh node COL_cell_wall.023
16:05:36 | INFO: Blender create Mesh node COL_daguan_central_step.003
16:05:36 | INFO: Blender create Mesh node COL_daguan_central_step.004
16:05:36 | INFO: Blender create Mesh node COL_daguan_central_step.005
16:05:36 | INFO: Blender create Mesh node COL_daguan_closed_front.001
16:05:36 | INFO: Blender create Mesh node COL_daguan_column.006
16:05:36 | INFO: Blender create Mesh node COL_daguan_column.007
16:05:36 | INFO: Blender create Mesh node COL_daguan_column.008
16:05:36 | INFO: Blender create Mesh node COL_daguan_column.009
16:05:36 | INFO: Blender create Mesh node COL_daguan_column.010
16:05:36 | INFO: Blender create Mesh node COL_daguan_column.011
16:05:36 | INFO: Blender create Mesh node COL_daguan_floor.001
16:05:36 | INFO: Blender create Mesh node COL_daguan_return_wall.002
16:05:36 | INFO: Blender create Mesh node COL_daguan_return_wall.003
16:05:36 | INFO: Blender create Mesh node COL_daoxiang_approach.002
16:05:36 | INFO: Blender create Mesh node COL_daoxiang_approach.003
16:05:36 | INFO: Blender create Mesh node COL_daoxiang_closed_front.001
16:05:36 | INFO: Blender create Mesh node COL_daoxiang_court.001
16:05:36 | INFO: Blender create Mesh node COL_daoxiang_fence.004
16:05:36 | INFO: Blender create Mesh node COL_daoxiang_fence.005
16:05:36 | INFO: Blender create Mesh node COL_daoxiang_fence.006
16:05:36 | INFO: Blender create Mesh node COL_daoxiang_fence.007
16:05:36 | INFO: Blender create Mesh node COL_daoxiang_side.002
16:05:36 | INFO: Blender create Mesh node COL_daoxiang_side.003
16:05:36 | INFO: Blender create Mesh node COL_entry_corridor.001
16:05:36 | INFO: Blender create Mesh node COL_entry_walk.002
16:05:36 | INFO: Blender create Mesh node COL_entry_walk.003
16:05:36 | INFO: Blender create Mesh node COL_floor_joint_cell_threshold_0.001
16:05:36 | INFO: Blender create Mesh node COL_floor_joint_cell_threshold_1.001
16:05:36 | INFO: Blender create Mesh node COL_floor_joint_cell_threshold_2.001
16:05:36 | INFO: Blender create Mesh node COL_floor_joint_cell_threshold_3.001
16:05:36 | INFO: Blender create Mesh node COL_floor_joint_cell_threshold_4.001
16:05:36 | INFO: Blender create Mesh node COL_floor_joint_cell_threshold_5.001
16:05:36 | INFO: Blender create Mesh node COL_floor_joint_pavilion_east_joint.001
16:05:36 | INFO: Blender create Mesh node COL_floor_joint_pavilion_west_joint.001
16:05:36 | INFO: Blender create Mesh node Cube.146
16:05:36 | INFO: Blender create Mesh node Cube.145
16:05:36 | INFO: Blender create Mesh node COL_GATE_banana_planter.001
16:05:36 | INFO: Blender create Mesh node KIT_rockery_passage.022
16:05:36 | INFO: Blender create Mesh node KIT_rockery_passage.024
16:05:36 | INFO: Blender create Mesh node KIT_rockery_cliff.006
16:05:36 | INFO: Blender create Mesh node KIT_rockery_cliff.008
16:05:36 | INFO: Blender create Mesh node KIT_rockery_passage.004
16:05:36 | INFO: Blender create Mesh node KIT_rockery_passage.016
16:05:36 | INFO: Blender create Mesh node KIT_rockery_passage.018
16:05:36 | INFO: Blender create Mesh node KIT_rockery_passage.020
16:05:36 | INFO: Blender create Mesh node GATE_paving.003
16:05:36 | INFO: Blender create Mesh node COL_hengwu-yuan_floor.001
16:05:36 | INFO: Blender create Mesh node COL_hengwu_approach.002
16:05:36 | INFO: Blender create Mesh node COL_hengwu_approach.003
16:05:36 | INFO: Blender create Mesh node COL_hengwu_closed_hall.002
16:05:36 | INFO: Blender create Mesh node COL_hengwu_court.002
16:05:36 | INFO: Blender create Mesh node COL_hengwu_hall_post.001
16:05:36 | INFO: Blender create Mesh node COL_hengwu_hall_post.002
16:05:36 | INFO: Blender create Mesh node COL_hengwu_hall_post.006
16:05:36 | INFO: Blender create Mesh node COL_wall_bay.001
16:05:36 | INFO: Blender create Mesh node COL_wall_bay.002
16:05:36 | INFO: Blender create Mesh node COL_wall_bay.003
16:05:36 | INFO: Blender create Mesh node COL_wall_bay.004
16:05:36 | INFO: Blender create Mesh node COL_wall_bay.005
16:05:36 | INFO: Blender create Mesh node COL_wall_bay.006
16:05:36 | INFO: Blender create Mesh node KIT_wall_plaster.002
16:05:36 | INFO: Blender create Mesh node COL_wall_window.001
16:05:36 | INFO: Blender create Mesh node COL_wall_window.002
16:05:36 | INFO: Blender create Mesh node COL_hengwu_rock.001
16:05:36 | INFO: Blender create Mesh node COL_hengwu_rock.002
16:05:36 | INFO: Blender create Mesh node COL_hengwu_rock.006
16:05:36 | INFO: Blender create Mesh node COL_hengwu_stool.001
16:05:36 | INFO: Blender create Mesh node COL_hengwu_stool.002
16:05:36 | INFO: Blender create Mesh node COL_hengwu_stool.003
16:05:36 | INFO: Blender create Mesh node COL_hengwu_stool.008
16:05:36 | INFO: Blender create Mesh node COL_hengwu_table.002
16:05:36 | INFO: Blender create Mesh node COL_longcui_approach.003
16:05:36 | INFO: Blender create Mesh node COL_longcui_approach.004
16:05:36 | INFO: Blender create Mesh node COL_longcui_approach.005
16:05:36 | INFO: Blender create Mesh node COL_longcui_burner.001
16:05:36 | INFO: Blender create Mesh node COL_longcui_closed_front.001
16:05:36 | INFO: Blender create Mesh node COL_longcui_floor.001
16:05:36 | INFO: Blender create Mesh node COL_longcui_plum_trunk.002
16:05:36 | INFO: Blender create Mesh node COL_longcui_plum_trunk.003
16:05:36 | INFO: Blender create Mesh node COL_longcui_return.002
16:05:36 | INFO: Blender create Mesh node COL_longcui_return.003
16:05:36 | INFO: Blender create Mesh node COL_longcui_threshold.001
16:05:36 | INFO: Blender create Mesh node COL_ouxiang_approach.001
16:05:36 | INFO: Blender create Mesh node COL_ouxiang_deck.001
16:05:36 | INFO: Blender create Mesh node COL_ouxiang_post.004
16:05:36 | INFO: Blender create Mesh node COL_ouxiang_post.005
16:05:36 | INFO: Blender create Mesh node COL_ouxiang_post.006
16:05:36 | INFO: Blender create Mesh node COL_ouxiang_post.007
16:05:36 | INFO: Blender create Mesh node COL_ouxiang_rail.002
16:05:36 | INFO: Blender create Mesh node COL_ouxiang_rail.003
16:05:36 | INFO: Blender create Mesh node COL_ouxiang_side_rail.004
16:05:36 | INFO: Blender create Mesh node COL_ouxiang_side_rail.005
16:05:36 | INFO: Blender create Mesh node COL_ouxiang_side_rail.006
16:05:36 | INFO: Blender create Mesh node COL_ouxiang_side_rail.007
16:05:36 | INFO: Blender create Mesh node COL_ouxiang_table.001
16:05:36 | INFO: Blender create Mesh node COL_corridor_floor.009
16:05:36 | INFO: Blender create Mesh node COL_corridor_side.015
16:05:36 | INFO: Blender create Mesh node COL_corridor_side.016
16:05:36 | INFO: Blender create Mesh node COL_corridor_post.016
16:05:36 | INFO: Blender create Mesh node COL_corridor_post.017
16:05:36 | INFO: Blender create Mesh node COL_corridor_floor.010
16:05:36 | INFO: Blender create Mesh node COL_corridor_side.017
16:05:36 | INFO: Blender create Mesh node COL_corridor_side.018
16:05:36 | INFO: Blender create Mesh node COL_corridor_post.018
16:05:36 | INFO: Blender create Mesh node COL_corridor_post.019
16:05:36 | INFO: Blender create Mesh node COL_corridor_floor.011
16:05:36 | INFO: Blender create Mesh node COL_corridor_side.019
16:05:36 | INFO: Blender create Mesh node COL_corridor_side.020
16:05:36 | INFO: Blender create Mesh node COL_corridor_post.020
16:05:36 | INFO: Blender create Mesh node COL_corridor_post.021
16:05:36 | INFO: Blender create Mesh node COL_corridor_floor.012
16:05:36 | INFO: Blender create Mesh node COL_corridor_side.021
16:05:36 | INFO: Blender create Mesh node COL_corridor_side.022
16:05:36 | INFO: Blender create Mesh node COL_corridor_post.022
16:05:36 | INFO: Blender create Mesh node COL_corridor_post.023
16:05:36 | INFO: Blender create Mesh node COL_corridor_floor.001
16:05:36 | INFO: Blender create Mesh node COL_corridor_side.001
16:05:36 | INFO: Blender create Mesh node COL_corridor_side.002
16:05:36 | INFO: Blender create Mesh node COL_corridor_post.001
16:05:36 | INFO: Blender create Mesh node COL_corridor_post.002
16:05:36 | INFO: Blender create Mesh node COL_corridor_floor.002
16:05:36 | INFO: Blender create Mesh node COL_corridor_side.003
16:05:36 | INFO: Blender create Mesh node COL_corridor_side.004
16:05:36 | INFO: Blender create Mesh node COL_corridor_post.003
16:05:36 | INFO: Blender create Mesh node COL_corridor_post.004
16:05:36 | INFO: Blender create Mesh node COL_corridor_floor.003
16:05:36 | INFO: Blender create Mesh node COL_corridor_side.005
16:05:36 | INFO: Blender create Mesh node COL_corridor_side.006
16:05:36 | INFO: Blender create Mesh node COL_corridor_post.005
16:05:36 | INFO: Blender create Mesh node COL_corridor_post.006
16:05:36 | INFO: Blender create Mesh node COL_corridor_floor.004
16:05:36 | INFO: Blender create Mesh node COL_corridor_side.007
16:05:36 | INFO: Blender create Mesh node COL_corridor_side.008
16:05:36 | INFO: Blender create Mesh node COL_corridor_post.007
16:05:36 | INFO: Blender create Mesh node COL_corridor_post.008
16:05:36 | INFO: Blender create Mesh node COL_corridor_floor.005
16:05:36 | INFO: Blender create Mesh node COL_corridor_side.009
16:05:36 | INFO: Blender create Mesh node COL_corridor_side.010
16:05:36 | INFO: Blender create Mesh node COL_corridor_post.009
16:05:36 | INFO: Blender create Mesh node COL_corridor_post.010
16:05:36 | INFO: Blender create Mesh node COL_corridor_floor.006
16:05:36 | INFO: Blender create Mesh node COL_corridor_side.011
16:05:36 | INFO: Blender create Mesh node COL_corridor_post.011
16:05:36 | INFO: Blender create Mesh node COL_corridor_post.012
16:05:36 | INFO: Blender create Mesh node COL_corridor_floor.007
16:05:36 | INFO: Blender create Mesh node COL_corridor_side.012
16:05:36 | INFO: Blender create Mesh node COL_corridor_post.013
16:05:36 | INFO: Blender create Mesh node COL_corridor_floor.008
16:05:36 | INFO: Blender create Mesh node COL_corridor_side.013
16:05:36 | INFO: Blender create Mesh node COL_corridor_side.014
16:05:36 | INFO: Blender create Mesh node COL_corridor_post.014
16:05:36 | INFO: Blender create Mesh node COL_corridor_post.015
16:05:36 | INFO: Blender create Mesh node COL_corridor_floor.013
16:05:36 | INFO: Blender create Mesh node COL_corridor_side.023
16:05:36 | INFO: Blender create Mesh node COL_corridor_side.024
16:05:36 | INFO: Blender create Mesh node COL_corridor_post.024
16:05:36 | INFO: Blender create Mesh node COL_corridor_post.025
16:05:36 | INFO: Blender create Mesh node COL_corridor_floor.014
16:05:36 | INFO: Blender create Mesh node COL_corridor_side.025
16:05:36 | INFO: Blender create Mesh node COL_corridor_side.026
16:05:36 | INFO: Blender create Mesh node COL_corridor_post.026
16:05:36 | INFO: Blender create Mesh node COL_corridor_post.027
16:05:36 | INFO: Blender create Mesh node COL_corridor_floor.015
16:05:36 | INFO: Blender create Mesh node COL_corridor_side.027
16:05:36 | INFO: Blender create Mesh node COL_corridor_side.028
16:05:36 | INFO: Blender create Mesh node COL_corridor_post.028
16:05:36 | INFO: Blender create Mesh node COL_corridor_post.029
16:05:36 | INFO: Blender create Mesh node COL_corridor_floor.016
16:05:36 | INFO: Blender create Mesh node COL_corridor_side.029
16:05:36 | INFO: Blender create Mesh node COL_corridor_side.030
16:05:36 | INFO: Blender create Mesh node COL_corridor_post.030
16:05:36 | INFO: Blender create Mesh node COL_corridor_post.031
16:05:36 | INFO: Blender create Mesh node COL_qinfang_deck.001
16:05:36 | INFO: Blender create Mesh node COL_pavilion_bench.001
16:05:36 | INFO: Blender create Mesh node COL_pavilion_bench.002
16:05:36 | INFO: Blender create Mesh node COL_pavilion_bracket.001
16:05:36 | INFO: Blender create Mesh node COL_pavilion_bracket.002
16:05:36 | INFO: Blender create Mesh node COL_pavilion_bracket.003
16:05:36 | INFO: Blender create Mesh node COL_pavilion_bracket.004
16:05:36 | INFO: Blender create Mesh node COL_pavilion_bracket.005
16:05:36 | INFO: Blender create Mesh node COL_pavilion_bracket.006
16:05:36 | INFO: Blender create Mesh node COL_pavilion_post.001
16:05:36 | INFO: Blender create Mesh node COL_pavilion_post.002
16:05:36 | INFO: Blender create Mesh node COL_pavilion_post.003
16:05:36 | INFO: Blender create Mesh node COL_pavilion_post.004
16:05:36 | INFO: Blender create Mesh node COL_pavilion_post.005
16:05:36 | INFO: Blender create Mesh node COL_pavilion_post.006
16:05:36 | INFO: Blender create Mesh node COL_pavilion_roof.001
16:05:36 | INFO: Blender create Mesh node COL_qiushuang-zhai_floor.001
16:05:36 | INFO: Blender create Mesh node Cube.009
16:05:36 | INFO: Blender create Mesh node Cube.011
16:05:36 | INFO: Blender create Mesh node Cube.012
16:05:36 | INFO: Blender create Mesh node Cube.013
16:05:36 | INFO: Blender create Mesh node Cube.019
16:05:36 | INFO: Blender create Mesh node Cube.020
16:05:36 | INFO: Blender create Mesh node Cube.023
16:05:36 | INFO: Blender create Mesh node Cube.024
16:05:36 | INFO: Blender create Mesh node Cube.048
16:05:36 | INFO: Blender create Mesh node Cube.050
16:05:36 | INFO: Blender create Mesh node Cube.052
16:05:36 | INFO: Blender create Mesh node Cube.092
16:05:36 | INFO: Blender create Mesh node Cube.093
16:05:36 | INFO: Blender create Mesh node Cube.094
16:05:36 | INFO: Blender create Mesh node Cube.095
16:05:36 | INFO: Blender create Mesh node Cube.096
16:05:36 | INFO: Blender create Mesh node Cube.097
16:05:36 | INFO: Blender create Mesh node Cube.098
16:05:36 | INFO: Blender create Mesh node Cube.099
16:05:36 | INFO: Blender create Mesh node Cube.100
16:05:36 | INFO: Blender create Mesh node Cube.101
16:05:36 | INFO: Blender create Mesh node Cube.102
16:05:36 | INFO: Blender create Mesh node Cube.103
16:05:36 | INFO: Blender create Mesh node Cube.104
16:05:36 | INFO: Blender create Mesh node Cube.105
16:05:36 | INFO: Blender create Mesh node Cube.106
16:05:36 | INFO: Blender create Mesh node Cube.107
16:05:36 | INFO: Blender create Mesh node Cube.108
16:05:36 | INFO: Blender create Mesh node Cube.109
16:05:36 | INFO: Blender create Mesh node Cube.110
16:05:36 | INFO: Blender create Mesh node Cube.111
16:05:36 | INFO: Blender create Mesh node Cube.112
16:05:36 | INFO: Blender create Mesh node Cube.113
16:05:36 | INFO: Blender create Mesh node Cube.114
16:05:36 | INFO: Blender create Mesh node Cube.115
16:05:36 | INFO: Blender create Mesh node Cube.116
16:05:36 | INFO: Blender create Mesh node Cube.117
16:05:36 | INFO: Blender create Mesh node Cube.118
16:05:36 | INFO: Blender create Mesh node Cube.119
16:05:36 | INFO: Blender create Mesh node Cube.120
16:05:36 | INFO: Blender create Mesh node Cube.121
16:05:36 | INFO: Blender create Mesh node Cube.122
16:05:36 | INFO: Blender create Mesh node Cube.123
16:05:36 | INFO: Blender create Mesh node Cube.124
16:05:36 | INFO: Blender create Mesh node Cube.125
16:05:36 | INFO: Blender create Mesh node Cube.126
16:05:36 | INFO: Blender create Mesh node Cube.127
16:05:36 | INFO: Blender create Mesh node Cube.128
16:05:36 | INFO: Blender create Mesh node Cube.129
16:05:36 | INFO: Blender create Mesh node Cube.130
16:05:36 | INFO: Blender create Mesh node Cube.131
16:05:36 | INFO: Blender create Mesh node Cube.132
16:05:36 | INFO: Blender create Mesh node Cube.133
16:05:36 | INFO: Blender create Mesh node Cube.134
16:05:36 | INFO: Blender create Mesh node Cube.135
16:05:36 | INFO: Blender create Mesh node Cube.136
16:05:36 | INFO: Blender create Mesh node Cube.137
16:05:36 | INFO: Blender create Mesh node Cube.138
16:05:36 | INFO: Blender create Mesh node Cube.139
16:05:36 | INFO: Blender create Mesh node Cube.140
16:05:36 | INFO: Blender create Mesh node Cube.141
16:05:36 | INFO: Blender create Mesh node Cube.142
16:05:36 | INFO: Blender create Mesh node Cube.143
16:05:36 | INFO: Blender create Mesh node Cube.144
16:05:36 | INFO: Blender create Mesh node Cube.193
16:05:36 | INFO: Blender create Mesh node Cube.194
16:05:36 | INFO: Blender create Mesh node Cube.195
16:05:36 | INFO: Blender create Mesh node Cube.196
16:05:36 | INFO: Blender create Mesh node Cube.197
16:05:36 | INFO: Blender create Mesh node Cube.198
16:05:36 | INFO: Blender create Mesh node Cube.199
16:05:36 | INFO: Blender create Mesh node Cube.200
16:05:36 | INFO: Blender create Mesh node COL_stone_walk.005
16:05:36 | INFO: Blender create Mesh node COL_stone_walk.008
16:05:36 | INFO: Blender create Mesh node COL_stone_walk.009
16:05:36 | INFO: Blender create Mesh node COL_stone_walk.010
16:05:36 | INFO: Blender create Mesh node COL_stone_walk.011
16:05:36 | INFO: Blender create Mesh node COL_stone_walk.012
16:05:36 | INFO: Blender create Mesh node COL_study_approach.002
16:05:36 | INFO: Blender create Mesh node COL_study_desk_centre.002
16:05:36 | INFO: Blender create Mesh node COL_study_desk_left.002
16:05:36 | INFO: Blender create Mesh node COL_study_desk_right.002
16:05:36 | INFO: Blender create Mesh node COL_study_front_walk.002
16:05:36 | INFO: Blender create Mesh node COL_study_front_wall.002
16:05:36 | INFO: Blender create Mesh node COL_study_post.001
16:05:36 | INFO: Blender create Mesh node COL_study_post.002
16:05:36 | INFO: Blender create Mesh node COL_study_post.003
16:05:36 | INFO: Blender create Mesh node COL_study_post.008
16:05:36 | INFO: Blender create Mesh node Cube.151
16:05:36 | INFO: Blender create Mesh node Cube.152
16:05:36 | INFO: Blender create Mesh node Cube.153
16:05:36 | INFO: Blender create Mesh node Cube.154
16:05:36 | INFO: Blender create Mesh node Cube.155
16:05:36 | INFO: Blender create Mesh node Cube.156
16:05:36 | INFO: Blender create Mesh node Cube.157
16:05:36 | INFO: Blender create Mesh node Cube.158
16:05:36 | INFO: Blender create Mesh node Cube.159
16:05:36 | INFO: Blender create Mesh node Cube.160
16:05:36 | INFO: Blender create Mesh node Cube.161
16:05:36 | INFO: Blender create Mesh node Cube.162
16:05:36 | INFO: Blender create Mesh node Cube.163
16:05:36 | INFO: Blender create Mesh node Cube.164
16:05:36 | INFO: Blender create Mesh node Cube.165
16:05:36 | INFO: Blender create Mesh node Cube.166
16:05:36 | INFO: Blender create Mesh node Cube.167
16:05:36 | INFO: Blender create Mesh node Cube.168
16:05:36 | INFO: Blender create Mesh node Cube.169
16:05:36 | INFO: Blender create Mesh node Cube.170
16:05:36 | INFO: Blender create Mesh node Cube.171
16:05:36 | INFO: Blender create Mesh node Cube.172
16:05:36 | INFO: Blender create Mesh node Cube.173
16:05:36 | INFO: Blender create Mesh node Cube.174
16:05:36 | INFO: Blender create Mesh node Cube.175
16:05:36 | INFO: Blender create Mesh node Cube.176
16:05:36 | INFO: Blender create Mesh node Cube.177
16:05:36 | INFO: Blender create Mesh node Cube.178
16:05:36 | INFO: Blender create Mesh node Cube.179
16:05:36 | INFO: Blender create Mesh node Cube.180
16:05:36 | INFO: Blender create Mesh node Cube.201
16:05:36 | INFO: Blender create Mesh node Cube.202
16:05:36 | INFO: Blender create Mesh node Cube.203
16:05:36 | INFO: Blender create Mesh node Cube.181
16:05:36 | INFO: Blender create Mesh node Cube.182
16:05:36 | INFO: Blender create Mesh node Cube.183
16:05:36 | INFO: Blender create Mesh node Cube.184
16:05:36 | INFO: Blender create Mesh node Cube.185
16:05:36 | INFO: Blender create Mesh node Cube.186
16:05:36 | INFO: Blender create Mesh node Cube.187
16:05:36 | INFO: Blender create Mesh node Cube.188
16:05:36 | INFO: Blender create Mesh node Cube.189
16:05:36 | INFO: Blender create Mesh node Cube.190
16:05:36 | INFO: Blender create Mesh node Cube.191
16:05:36 | INFO: Blender create Mesh node Cube.192
16:05:36 | INFO: Blender create Mesh node COL_tubi-tang_floor.001
16:05:36 | INFO: Blender create Mesh node COL_tubi_approach.001
16:05:36 | INFO: Blender create Mesh node COL_tubi_approach.002
16:05:36 | INFO: Blender create Mesh node COL_tubi_approach.007
16:05:36 | INFO: Blender create Mesh node COL_tubi_approach.008
16:05:36 | INFO: Blender create Mesh node COL_tubi_closed_hall.002
16:05:36 | INFO: Blender create Mesh node COL_tubi_hall_post.001
16:05:36 | INFO: Blender create Mesh node COL_tubi_hall_post.002
16:05:36 | INFO: Blender create Mesh node COL_tubi_hall_post.006
16:05:36 | INFO: Blender create Mesh node COL_tubi_parapet.001
16:05:36 | INFO: Blender create Mesh node COL_tubi_parapet.002
16:05:36 | INFO: Blender create Mesh node COL_tubi_parapet.003
16:05:36 | INFO: Blender create Mesh node COL_tubi_parapet.008
16:05:36 | INFO: Blender create Mesh node COL_tubi_stair_guard.001
16:05:36 | INFO: Blender create Mesh node COL_tubi_stair_guard.004
16:05:36 | INFO: Blender create Mesh node COL_tubi_stair_ramp.002
16:05:36 | INFO: Blender create Mesh node COL_tubi_terrace.002
16:05:36 | INFO: Blender create Mesh node COL_tubi_topic_table.002
16:05:36 | INFO: Blender create Mesh node COL_tubi_view_bench_left.001
16:05:36 | INFO: Blender create Mesh node COL_tubi_view_bench_right.001
16:05:36 | INFO: Blender create Mesh node COL_water_bridge_side.001
16:05:36 | INFO: Blender create Mesh node COL_water_bridge_side.004
16:05:36 | INFO: Blender create Mesh node COL_water_bridge_deck.002
16:05:36 | INFO: Blender create Mesh node COL_xiaoxiang_bamboo_bed.004
16:05:36 | INFO: Blender create Mesh node COL_xiaoxiang_bamboo_bed.005
16:05:36 | INFO: Blender create Mesh node COL_xiaoxiang_bamboo_bed.006
16:05:36 | INFO: Blender create Mesh node COL_xiaoxiang_bamboo_bed.007
16:05:36 | INFO: Blender create Mesh node COL_xiaoxiang_closed_front.001
16:05:36 | INFO: Blender create Mesh node COL_xiaoxiang_floor.001
16:05:36 | INFO: Blender create Mesh node COL_xiaoxiang_return.002
16:05:36 | INFO: Blender create Mesh node COL_xiaoxiang_return.003
16:05:36 | INFO: Blender create Mesh node COL_xiaoxiang_threshold.001
16:05:36 | INFO: Blender create Mesh node COL_yihong_closed_front.002
16:05:36 | INFO: Blender create Mesh node COL_yihong_court_side.001
16:05:36 | INFO: Blender create Mesh node COL_yihong_court_side.004
16:05:36 | INFO: Blender create Mesh node COL_yihong_floor.002
16:05:36 | INFO: Blender create Mesh node COL_yihong_planter.001
16:05:36 | INFO: Blender create Mesh node COL_yihong_planter.004
16:05:36 | INFO: Blender create Mesh node COL_yihong_side_return.001
16:05:36 | INFO: Blender create Mesh node COL_yihong_side_return.004
16:05:36 | INFO: Blender create Mesh node COL_yihong_threshold.002
16:05:36 | INFO: Blender create Mesh node COL_ziling_landing.001
16:05:36 | INFO: Blender create Mesh node HERO_aojing-guan_title.002
16:05:36 | INFO: Blender create Mesh node HERO_daguan_title.001
16:05:36 | INFO: Blender create Mesh node HERO_daoxiang-cun_title.002
16:05:36 | INFO: Blender create Mesh node KIT_flora_plum_render.001
16:05:36 | INFO: Blender create Mesh node KIT_flora_plum_render.002
16:05:36 | INFO: Blender create Mesh node KIT_flora_bamboo_large_render.001
16:05:36 | INFO: Blender create Mesh node KIT_flora_bamboo_large_render.002
16:05:36 | INFO: Blender create Mesh node KIT_flora_bamboo_small_render.001
16:05:36 | INFO: Blender create Mesh node KIT_flora_willow_render.001
16:05:36 | INFO: Blender create Mesh node KIT_flora_willow_render.002
16:05:36 | INFO: Blender create Mesh node KIT_flora_bamboo_large_render.003
16:05:36 | INFO: Blender create Mesh node KIT_flora_bamboo_medium_render.001
16:05:36 | INFO: Blender create Mesh node KIT_flora_bamboo_small_render.002
16:05:36 | INFO: Blender create Mesh node KIT_flora_bamboo_large_render.004
16:05:36 | INFO: Blender create Mesh node KIT_flora_banana_render.001
16:05:36 | INFO: Blender create Mesh node KIT_flora_banana_render.002
16:05:36 | INFO: Blender create Mesh node KIT_flora_reed_render.001
16:05:36 | INFO: Blender create Mesh node KIT_flora_reed_render.002
16:05:36 | INFO: Blender create Mesh node KIT_flora_reed_render.003
16:05:36 | INFO: Blender create Mesh node KIT_flora_reed_render.004
16:05:36 | INFO: Blender create Mesh node KIT_flora_reed_render.005
16:05:36 | INFO: Blender create Mesh node KIT_flora_reed_render.006
16:05:36 | INFO: Blender create Mesh node KIT_flora_reed_render.007
16:05:36 | INFO: Blender create Mesh node KIT_flora_reed_render.008
16:05:36 | INFO: Blender create Mesh node KIT_flora_reed_render.009
16:05:36 | INFO: Blender create Mesh node KIT_flora_reed_render.010
16:05:36 | INFO: Blender create Mesh node HERO_gate_inscription.001
16:05:36 | INFO: Blender create Mesh node HERO_gate_water_drips.001
16:05:36 | INFO: Blender create Mesh node HERO_hengwu-yuan_title.002
16:05:36 | INFO: Blender create Mesh node HERO_longcui-an_title.002
16:05:36 | INFO: Blender create Mesh node HERO_qinfang-ting_title.002
16:05:36 | INFO: Blender create Mesh node HERO_qinfang_bridge.001
16:05:36 | INFO: Blender create Mesh node HERO_study_scroll_bamboo.002
16:05:36 | INFO: Blender create Mesh node HERO_study_scroll_plum.002
16:05:36 | INFO: Blender create Mesh node HERO_study_title.002
16:05:36 | INFO: Blender create Mesh node HERO_table_hexagram.001
16:05:36 | INFO: Blender create Mesh node line_piece.005
16:05:36 | INFO: Blender create Mesh node line_piece.002
16:05:36 | INFO: Blender create Mesh node line_piece.011
16:05:36 | INFO: Blender create Mesh node line_piece.008
16:05:36 | INFO: Blender create Mesh node line_piece.017
16:05:36 | INFO: Blender create Mesh node line_piece.014
16:05:36 | INFO: Blender create Mesh node line_piece.019
16:05:36 | INFO: Blender create Mesh node line_piece.018
16:05:36 | INFO: Blender create Mesh node line_piece.021
16:05:36 | INFO: Blender create Mesh node line_piece.020
16:05:36 | INFO: Blender create Mesh node line_piece.023
16:05:36 | INFO: Blender create Mesh node line_piece.022
16:05:36 | INFO: Blender create Mesh node HERO_table_pedestal.001
16:05:36 | INFO: Blender create Mesh node HERO_tubi_title.002
16:05:36 | INFO: Blender create Mesh node HERO_xiaoxiang-guan_title.002
16:05:36 | INFO: Blender create Mesh node HERO_yihong-yuan_title.002
16:05:36 | INFO: Blender create Mesh node AOJING_pond.002
16:05:36 | INFO: Blender create Mesh node AOJING_backstage.002
16:05:36 | INFO: Blender create Mesh node AOJING_amber_window.002
16:05:36 | INFO: Blender create Mesh node AOJING_window_lattice.001
16:05:36 | INFO: Blender create Mesh node AOJING_dry_ledge.002
16:05:36 | INFO: Blender create Mesh node AOJING_roof.002
16:05:36 | INFO: Blender create Mesh node AOJING_closed_front.002
16:05:36 | INFO: Blender create Mesh node DAGUAN_backstage.001
16:05:36 | INFO: Blender create Mesh node DAGUAN_door_stud.180
16:05:36 | INFO: Blender create Mesh node DAGUAN_amber_transom.002
16:05:36 | INFO: Blender create Mesh node DAGUAN_closed_door.010
16:05:36 | INFO: Blender create Mesh node DAGUAN_recessed_panel.020
16:05:36 | INFO: Blender create Mesh node DAGUAN_column.006
16:05:36 | INFO: Blender create Mesh node DAGUAN_platform.001
16:05:36 | INFO: Blender create Mesh node DAGUAN_lower_roof.001
16:05:36 | INFO: Blender create Mesh node DAGUAN_front.001
16:05:36 | INFO: Blender create Mesh node DAOXIANG_backstage.001
16:05:36 | INFO: Blender create Mesh node DAOXIANG_door_latch.001
16:05:36 | INFO: Blender create Mesh node DAOXIANG_warm_sliver.001
16:05:36 | INFO: Blender create Mesh node DAOXIANG_closed_door.001
16:05:36 | INFO: Blender create Mesh node DAOXIANG_paddy_painting.001
16:05:36 | INFO: Blender create Mesh node DAOXIANG_court.001
16:05:36 | INFO: Blender create Mesh node DAOXIANG_thatch_mass.001
16:05:36 | INFO: Blender create Mesh node DAOXIANG_front.001
16:05:36 | INFO: Blender create Mesh node SITE_hengwu-yuan_backstage.001
16:05:36 | INFO: Blender create Mesh node KIT_pavilion_finial.011
16:05:36 | INFO: Blender create Mesh node KIT_wall_amber_window.006
16:05:36 | INFO: Blender create Mesh node HENGWU_herb_leaf.001
16:05:36 | INFO: Blender create Mesh node KIT_wall_lattice_vertical.105
16:05:36 | INFO: Blender create Mesh node SITE_hengwu-yuan_platform.001
16:05:36 | INFO: Blender create Mesh node KIT_props_lantern_hanging_render.015
16:05:36 | INFO: Blender create Mesh node KIT_pavilion_roof.011
16:05:36 | INFO: Blender create Mesh node KIT_wall_bay.001
16:05:36 | INFO: Blender create Mesh node SITE_hengwu-yuan_front.001
16:05:36 | INFO: Blender create Mesh node LONGCUI_backstage.001
16:05:36 | INFO: Blender create Mesh node LONGCUI_gate_pull.002
16:05:36 | INFO: Blender create Mesh node LONGCUI_closed_gate.002
16:05:36 | INFO: Blender create Mesh node LONGCUI_paving.001
16:05:36 | INFO: Blender create Mesh node KIT_props_lantern_hanging_render.016
16:05:36 | INFO: Blender create Mesh node LONGCUI_wall_cap.001
16:05:36 | INFO: Blender create Mesh node LONGCUI_closed_front.001
16:05:36 | INFO: Blender create Mesh node KIT_props_tea_cup.006
16:05:36 | INFO: Blender create Mesh node KIT_water_lotus_leaf.007
16:05:36 | INFO: Blender create Mesh node SITE_ouxiang_deck.001
16:05:36 | INFO: Blender create Mesh node KIT_pavilion_water_pier.004
16:05:36 | INFO: Blender create Mesh node KIT_props_lantern_hanging_render.013
16:05:36 | INFO: Blender create Mesh node KIT_pavilion_water_hipped_roof.001
16:05:36 | INFO: Blender create Mesh node KIT_water_lotus.021
16:05:36 | INFO: Blender create Mesh node KIT_corridor_rail.008
16:05:36 | INFO: Blender create Mesh node KIT_pavilion_roof_shell.001
16:05:36 | INFO: Blender create Mesh node KIT_pavilion_plinth.001
16:05:36 | INFO: Blender create Mesh node KIT_props_lantern_hanging_render.001
16:05:36 | INFO: Blender create Mesh node KIT_water_stream.001
16:05:36 | INFO: Blender create Mesh node SITE_qiushuang-zhai_backstage.001
16:05:36 | INFO: Blender create Mesh node KIT_pavilion_finial.005
16:05:36 | INFO: Blender create Mesh node KIT_wall_lattice_vertical.042
16:05:36 | INFO: Blender create Mesh node SITE_qiushuang-zhai_platform.001
16:05:36 | INFO: Blender create Mesh node KIT_props_lantern_hanging_render.010
16:05:36 | INFO: Blender create Mesh node KIT_pavilion_roof.005
16:05:36 | INFO: Blender create Mesh node KIT_tech_terminal_desk_render.007
16:05:36 | INFO: Blender create Mesh node SITE_qiushuang-zhai_front.001
16:05:36 | INFO: Blender create Mesh node GATE_banana_pseudostem.001
16:05:36 | INFO: Blender create Mesh node GATE_banana_soil.001
16:05:36 | INFO: Blender create Mesh node KIT_rockery_passage.001
16:05:36 | INFO: Blender create Mesh node GATE_paving.002
16:05:36 | INFO: Blender create Mesh node KIT_props_lantern_hanging_render.008
16:05:36 | INFO: Blender create Mesh node KIT_stage_fog_plane_render.017
16:05:36 | INFO: Blender create Mesh node KIT_stage_floor.001
16:05:36 | INFO: Blender create Mesh node AOJING_approach_guard.001
16:05:36 | INFO: Blender create Mesh node KIT_stage_painted_moon.001
16:05:36 | INFO: Blender create Mesh node KIT_stage_painted_mountain_layer.003
16:05:36 | INFO: Blender create Mesh node KIT_stage_painted_mountain_layer.004
16:05:36 | INFO: Blender create Mesh node KIT_stage_painted_mountain_layer.005
16:05:36 | INFO: Blender create Mesh node KIT_water_stone_walk.005
16:05:36 | INFO: Blender create Mesh node Painted coved ceiling candidate.001
16:05:36 | INFO: Blender create Mesh node KIT_stage_painted_canvas.002
16:05:36 | INFO: Blender create Mesh node Eight painted cyclorama arcs.001
16:05:36 | INFO: Blender create Mesh node KIT_stage_fog_plane_render.002
16:05:36 | INFO: Blender create Mesh node KIT_tech_cell_side.012
16:05:36 | INFO: Blender create Mesh node KIT_wall_window_bar.030
16:05:36 | INFO: Blender create Mesh node KIT_stage_entry_walk.002
16:05:36 | INFO: Blender create Mesh node KIT_props_folding_chair_render.001
16:05:36 | INFO: Blender create Mesh node KIT_stage_floor_boards_render.002
16:05:36 | INFO: Blender create Mesh node KIT_stage_gel_frame_render.002
16:05:36 | INFO: Blender create Mesh node KIT_stage_studio_wall_render.002
16:05:36 | INFO: Blender create Mesh node KIT_stage_fog_plane_render.020
16:05:36 | INFO: Blender create Mesh node KIT_tech_terminal_desk_render.001
16:05:36 | INFO: Blender create Mesh node KIT_props_scroll_render.001
16:05:36 | INFO: Blender create Mesh node SITE_tubi-tang_backstage.001
16:05:36 | INFO: Blender create Mesh node KIT_pavilion_finial.007
16:05:36 | INFO: Blender create Mesh node KIT_wall_amber_window.003
16:05:36 | INFO: Blender create Mesh node TUBI_topic_line.001
16:05:36 | INFO: Blender create Mesh node KIT_wall_lattice_vertical.063
16:05:36 | INFO: Blender create Mesh node SITE_tubi-tang_platform.001
16:05:36 | INFO: Blender create Mesh node KIT_props_lantern_hanging_render.012
16:05:36 | INFO: Blender create Mesh node KIT_pavilion_roof.007
16:05:37 | INFO: Blender create Mesh node TUBI_terrace.002
16:05:37 | INFO: Blender create Mesh node SITE_tubi-tang_front.001
16:05:37 | INFO: Blender create Mesh node XIAOXIANG_black_back.001
16:05:37 | INFO: Blender create Mesh node XIAOXIANG_gate_pull.002
16:05:37 | INFO: Blender create Mesh node XIAOXIANG_amber_window.001
16:05:37 | INFO: Blender create Mesh node XIAOXIANG_gate_leaf.002
16:05:37 | INFO: Blender create Mesh node XIAOXIANG_paving.001
16:05:37 | INFO: Blender create Mesh node XIAOXIANG_wall_cap.001
16:05:37 | INFO: Blender create Mesh node XIAOXIANG_closed_front.001
16:05:37 | INFO: Blender create Mesh node YIHONG_backstage.002
16:05:37 | INFO: Blender create Mesh node YIHONG_door_rail.001
16:05:37 | INFO: Blender create Mesh node YIHONG_amber_window.002
16:05:37 | INFO: Blender create Mesh node YIHONG_door_panel.001
16:05:37 | INFO: Blender create Mesh node YIHONG_paving.002
16:05:37 | INFO: Blender create Mesh node YIHONG_court_cap.001
16:05:37 | INFO: Blender create Mesh node YIHONG_closed_front.002
16:05:37 | INFO: Blender create Mesh node KIT_water_lotus_leaf.011
16:05:37 | INFO: Blender create Mesh node KIT_water_plank.002
16:05:37 | INFO: Blender create Mesh node SITE_ziling_island.001
16:05:37 | INFO: glTF import finished in 0.97s
BAKE_SHADOW_INTENT {"source_glb_sha256": "b540496a9129879389a96f5fff0cf59c04c0ff116fa44f2a2389fee3f643f4f1", "explicit_meshes": {"SITE_stage_MAT_stage_canopy_paint": false}, "unchanged_unflagged_meshes": 566}
/var/folders/gf/s_g2zvzj3jxbylz3ylbc7k4c0000gn/T/garden-normal-tile-chart-candidate-h31_ah95/scripts/bake_lightmaps.py:25: DeprecationWarning: 'World.use_nodes' is expected to be removed in Blender 6.0
  world=bpy.data.worlds.new('Bake stage ambient');world.use_nodes=True
BAKE_TARGET SITE_qinfang-ting_MAT_pavilion_atlas
/var/folders/gf/s_g2zvzj3jxbylz3ylbc7k4c0000gn/T/garden-normal-tile-chart-candidate-h31_ah95/scripts/bake_lightmaps.py:75: DeprecationWarning: 'Material.use_nodes' is expected to be removed in Blender 6.0
  material.use_nodes=True
Info: Baking map saved to internal image, save it externally or pack it
LIGHTMAP_BAKED {"mesh": "SITE_qinfang-ting_MAT_pavilion_atlas", "site": null, "texture": "SITE_qinfang-ting_MAT_pavilion_atlas.png", "scale": 1.0, "size": 1024, "samples": 128, "uv_channel": 1, "uv_sha256": "b42f8cf38e5c4ade7f32740f4543dc3a3a611ff9d8d905b25ed8cfb9376085d2", "source_glb_sha256": "b540496a9129879389a96f5fff0cf59c04c0ff116fa44f2a2389fee3f643f4f1", "shadow_intent": {"SITE_stage_MAT_stage_canopy_paint": false}, "nonzero_fraction": 0.12747955322265625, "point_lights_baked": false, "status": "Cycles bake produced; engine look verification pending"}
Blender 5.2.2 LTS (hash d13f752e3b9c built 2026-09-15 01:49:19)

Blender quit
