BlenderMCP addon registered
BlenderMCP addon unregistered
14:28:23 | INFO: Data are loaded, start creating Blender stuff
14:28:23 | INFO: Blender create Mesh node COL_aojing_approach.001
14:28:23 | INFO: Blender create Mesh node COL_aojing_approach.004
14:28:23 | INFO: Blender create Mesh node COL_aojing_approach_guard.001
14:28:23 | INFO: Blender create Mesh node COL_aojing_approach_guard.004
14:28:23 | INFO: Blender create Mesh node COL_aojing_approach_ramp.002
14:28:23 | INFO: Blender create Mesh node COL_aojing_closed_front.002
14:28:23 | INFO: Blender create Mesh node COL_aojing_dry_ledge.002
14:28:23 | INFO: Blender create Mesh node COL_aojing_hall_floor.002
14:28:23 | INFO: Blender create Mesh node COL_aojing_ledge_end.002
14:28:23 | INFO: Blender create Mesh node COL_aojing_ledge_parapet.002
14:28:23 | INFO: Blender create Mesh node COL_aojing_return.001
14:28:23 | INFO: Blender create Mesh node COL_aojing_return.004
14:28:23 | INFO: Blender create Mesh node Cube.147
14:28:23 | INFO: Blender create Mesh node Cube.148
14:28:23 | INFO: Blender create Mesh node Cube.149
14:28:23 | INFO: Blender create Mesh node Cube.150
14:28:23 | INFO: Blender create Mesh node COL_bridge_crosswalk.002
14:28:23 | INFO: Blender create Mesh node COL_bridge_crosswalk.003
14:28:23 | INFO: Blender create Mesh node COL_cell_floor.006
14:28:23 | INFO: Blender create Mesh node COL_cell_floor.007
14:28:23 | INFO: Blender create Mesh node COL_cell_floor.008
14:28:23 | INFO: Blender create Mesh node COL_cell_floor.009
14:28:23 | INFO: Blender create Mesh node COL_cell_floor.010
14:28:23 | INFO: Blender create Mesh node COL_cell_floor.011
14:28:23 | INFO: Blender create Mesh node COL_cell_wall.012
14:28:23 | INFO: Blender create Mesh node COL_cell_wall.013
14:28:23 | INFO: Blender create Mesh node COL_cell_wall.014
14:28:23 | INFO: Blender create Mesh node COL_cell_wall.015
14:28:23 | INFO: Blender create Mesh node COL_cell_wall.016
14:28:23 | INFO: Blender create Mesh node COL_cell_wall.017
14:28:23 | INFO: Blender create Mesh node COL_cell_wall.018
14:28:23 | INFO: Blender create Mesh node COL_cell_wall.019
14:28:23 | INFO: Blender create Mesh node COL_cell_wall.020
14:28:23 | INFO: Blender create Mesh node COL_cell_wall.021
14:28:23 | INFO: Blender create Mesh node COL_cell_wall.022
14:28:23 | INFO: Blender create Mesh node COL_cell_wall.023
14:28:23 | INFO: Blender create Mesh node COL_daguan_central_step.003
14:28:23 | INFO: Blender create Mesh node COL_daguan_central_step.004
14:28:23 | INFO: Blender create Mesh node COL_daguan_central_step.005
14:28:23 | INFO: Blender create Mesh node COL_daguan_closed_front.001
14:28:23 | INFO: Blender create Mesh node COL_daguan_column.006
14:28:23 | INFO: Blender create Mesh node COL_daguan_column.007
14:28:23 | INFO: Blender create Mesh node COL_daguan_column.008
14:28:23 | INFO: Blender create Mesh node COL_daguan_column.009
14:28:23 | INFO: Blender create Mesh node COL_daguan_column.010
14:28:23 | INFO: Blender create Mesh node COL_daguan_column.011
14:28:23 | INFO: Blender create Mesh node COL_daguan_floor.001
14:28:23 | INFO: Blender create Mesh node COL_daguan_return_wall.002
14:28:23 | INFO: Blender create Mesh node COL_daguan_return_wall.003
14:28:23 | INFO: Blender create Mesh node COL_daoxiang_approach.002
14:28:23 | INFO: Blender create Mesh node COL_daoxiang_approach.003
14:28:23 | INFO: Blender create Mesh node COL_daoxiang_closed_front.001
14:28:23 | INFO: Blender create Mesh node COL_daoxiang_court.001
14:28:23 | INFO: Blender create Mesh node COL_daoxiang_fence.004
14:28:23 | INFO: Blender create Mesh node COL_daoxiang_fence.005
14:28:23 | INFO: Blender create Mesh node COL_daoxiang_fence.006
14:28:23 | INFO: Blender create Mesh node COL_daoxiang_fence.007
14:28:23 | INFO: Blender create Mesh node COL_daoxiang_side.002
14:28:23 | INFO: Blender create Mesh node COL_daoxiang_side.003
14:28:23 | INFO: Blender create Mesh node COL_entry_corridor.001
14:28:23 | INFO: Blender create Mesh node COL_entry_walk.002
14:28:23 | INFO: Blender create Mesh node COL_entry_walk.003
14:28:23 | INFO: Blender create Mesh node COL_floor_joint_cell_threshold_0.001
14:28:23 | INFO: Blender create Mesh node COL_floor_joint_cell_threshold_1.001
14:28:23 | INFO: Blender create Mesh node COL_floor_joint_cell_threshold_2.001
14:28:23 | INFO: Blender create Mesh node COL_floor_joint_cell_threshold_3.001
14:28:23 | INFO: Blender create Mesh node COL_floor_joint_cell_threshold_4.001
14:28:23 | INFO: Blender create Mesh node COL_floor_joint_cell_threshold_5.001
14:28:23 | INFO: Blender create Mesh node COL_floor_joint_pavilion_east_joint.001
14:28:23 | INFO: Blender create Mesh node COL_floor_joint_pavilion_west_joint.001
14:28:23 | INFO: Blender create Mesh node Cube.146
14:28:23 | INFO: Blender create Mesh node Cube.145
14:28:23 | INFO: Blender create Mesh node COL_GATE_banana_planter.001
14:28:23 | INFO: Blender create Mesh node KIT_rockery_passage.022
14:28:23 | INFO: Blender create Mesh node KIT_rockery_passage.024
14:28:23 | INFO: Blender create Mesh node KIT_rockery_cliff.006
14:28:23 | INFO: Blender create Mesh node KIT_rockery_cliff.008
14:28:23 | INFO: Blender create Mesh node KIT_rockery_passage.004
14:28:23 | INFO: Blender create Mesh node KIT_rockery_passage.016
14:28:23 | INFO: Blender create Mesh node KIT_rockery_passage.018
14:28:23 | INFO: Blender create Mesh node KIT_rockery_passage.020
14:28:23 | INFO: Blender create Mesh node GATE_paving.003
14:28:23 | INFO: Blender create Mesh node COL_hengwu-yuan_floor.001
14:28:23 | INFO: Blender create Mesh node COL_hengwu_approach.002
14:28:23 | INFO: Blender create Mesh node COL_hengwu_approach.003
14:28:23 | INFO: Blender create Mesh node COL_hengwu_closed_hall.002
14:28:23 | INFO: Blender create Mesh node COL_hengwu_court.002
14:28:23 | INFO: Blender create Mesh node COL_hengwu_hall_post.001
14:28:23 | INFO: Blender create Mesh node COL_hengwu_hall_post.002
14:28:23 | INFO: Blender create Mesh node COL_hengwu_hall_post.006
14:28:23 | INFO: Blender create Mesh node COL_wall_bay.001
14:28:23 | INFO: Blender create Mesh node COL_wall_bay.002
14:28:23 | INFO: Blender create Mesh node COL_wall_bay.003
14:28:23 | INFO: Blender create Mesh node COL_wall_bay.004
14:28:23 | INFO: Blender create Mesh node COL_wall_bay.005
14:28:23 | INFO: Blender create Mesh node COL_wall_bay.006
14:28:23 | INFO: Blender create Mesh node KIT_wall_plaster.002
14:28:23 | INFO: Blender create Mesh node COL_wall_window.001
14:28:23 | INFO: Blender create Mesh node COL_wall_window.002
14:28:23 | INFO: Blender create Mesh node COL_hengwu_rock.001
14:28:23 | INFO: Blender create Mesh node COL_hengwu_rock.002
14:28:23 | INFO: Blender create Mesh node COL_hengwu_rock.006
14:28:23 | INFO: Blender create Mesh node COL_hengwu_stool.001
14:28:23 | INFO: Blender create Mesh node COL_hengwu_stool.002
14:28:23 | INFO: Blender create Mesh node COL_hengwu_stool.003
14:28:23 | INFO: Blender create Mesh node COL_hengwu_stool.008
14:28:23 | INFO: Blender create Mesh node COL_hengwu_table.002
14:28:23 | INFO: Blender create Mesh node COL_longcui_approach.003
14:28:23 | INFO: Blender create Mesh node COL_longcui_approach.004
14:28:23 | INFO: Blender create Mesh node COL_longcui_approach.005
14:28:23 | INFO: Blender create Mesh node COL_longcui_burner.001
14:28:23 | INFO: Blender create Mesh node COL_longcui_closed_front.001
14:28:23 | INFO: Blender create Mesh node COL_longcui_floor.001
14:28:23 | INFO: Blender create Mesh node COL_longcui_plum_trunk.002
14:28:23 | INFO: Blender create Mesh node COL_longcui_plum_trunk.003
14:28:23 | INFO: Blender create Mesh node COL_longcui_return.002
14:28:23 | INFO: Blender create Mesh node COL_longcui_return.003
14:28:23 | INFO: Blender create Mesh node COL_longcui_threshold.001
14:28:23 | INFO: Blender create Mesh node COL_ouxiang_approach.001
14:28:23 | INFO: Blender create Mesh node COL_ouxiang_deck.001
14:28:23 | INFO: Blender create Mesh node COL_ouxiang_post.004
14:28:23 | INFO: Blender create Mesh node COL_ouxiang_post.005
14:28:23 | INFO: Blender create Mesh node COL_ouxiang_post.006
14:28:23 | INFO: Blender create Mesh node COL_ouxiang_post.007
14:28:23 | INFO: Blender create Mesh node COL_ouxiang_rail.002
14:28:23 | INFO: Blender create Mesh node COL_ouxiang_rail.003
14:28:23 | INFO: Blender create Mesh node COL_ouxiang_side_rail.004
14:28:23 | INFO: Blender create Mesh node COL_ouxiang_side_rail.005
14:28:23 | INFO: Blender create Mesh node COL_ouxiang_side_rail.006
14:28:23 | INFO: Blender create Mesh node COL_ouxiang_side_rail.007
14:28:23 | INFO: Blender create Mesh node COL_ouxiang_table.001
14:28:23 | INFO: Blender create Mesh node COL_corridor_floor.009
14:28:23 | INFO: Blender create Mesh node COL_corridor_side.015
14:28:23 | INFO: Blender create Mesh node COL_corridor_side.016
14:28:23 | INFO: Blender create Mesh node COL_corridor_post.016
14:28:23 | INFO: Blender create Mesh node COL_corridor_post.017
14:28:23 | INFO: Blender create Mesh node COL_corridor_floor.010
14:28:23 | INFO: Blender create Mesh node COL_corridor_side.017
14:28:23 | INFO: Blender create Mesh node COL_corridor_side.018
14:28:23 | INFO: Blender create Mesh node COL_corridor_post.018
14:28:23 | INFO: Blender create Mesh node COL_corridor_post.019
14:28:23 | INFO: Blender create Mesh node COL_corridor_floor.011
14:28:23 | INFO: Blender create Mesh node COL_corridor_side.019
14:28:23 | INFO: Blender create Mesh node COL_corridor_side.020
14:28:23 | INFO: Blender create Mesh node COL_corridor_post.020
14:28:23 | INFO: Blender create Mesh node COL_corridor_post.021
14:28:23 | INFO: Blender create Mesh node COL_corridor_floor.012
14:28:23 | INFO: Blender create Mesh node COL_corridor_side.021
14:28:23 | INFO: Blender create Mesh node COL_corridor_side.022
14:28:23 | INFO: Blender create Mesh node COL_corridor_post.022
14:28:23 | INFO: Blender create Mesh node COL_corridor_post.023
14:28:23 | INFO: Blender create Mesh node COL_corridor_floor.001
14:28:23 | INFO: Blender create Mesh node COL_corridor_side.001
14:28:23 | INFO: Blender create Mesh node COL_corridor_side.002
14:28:23 | INFO: Blender create Mesh node COL_corridor_post.001
14:28:23 | INFO: Blender create Mesh node COL_corridor_post.002
14:28:23 | INFO: Blender create Mesh node COL_corridor_floor.002
14:28:23 | INFO: Blender create Mesh node COL_corridor_side.003
14:28:23 | INFO: Blender create Mesh node COL_corridor_side.004
14:28:23 | INFO: Blender create Mesh node COL_corridor_post.003
14:28:23 | INFO: Blender create Mesh node COL_corridor_post.004
14:28:23 | INFO: Blender create Mesh node COL_corridor_floor.003
14:28:23 | INFO: Blender create Mesh node COL_corridor_side.005
14:28:23 | INFO: Blender create Mesh node COL_corridor_side.006
14:28:23 | INFO: Blender create Mesh node COL_corridor_post.005
14:28:23 | INFO: Blender create Mesh node COL_corridor_post.006
14:28:23 | INFO: Blender create Mesh node COL_corridor_floor.004
14:28:23 | INFO: Blender create Mesh node COL_corridor_side.007
14:28:23 | INFO: Blender create Mesh node COL_corridor_side.008
14:28:23 | INFO: Blender create Mesh node COL_corridor_post.007
14:28:23 | INFO: Blender create Mesh node COL_corridor_post.008
14:28:23 | INFO: Blender create Mesh node COL_corridor_floor.005
14:28:23 | INFO: Blender create Mesh node COL_corridor_side.009
14:28:23 | INFO: Blender create Mesh node COL_corridor_side.010
14:28:23 | INFO: Blender create Mesh node COL_corridor_post.009
14:28:23 | INFO: Blender create Mesh node COL_corridor_post.010
14:28:23 | INFO: Blender create Mesh node COL_corridor_floor.006
14:28:23 | INFO: Blender create Mesh node COL_corridor_side.011
14:28:23 | INFO: Blender create Mesh node COL_corridor_post.011
14:28:23 | INFO: Blender create Mesh node COL_corridor_post.012
14:28:23 | INFO: Blender create Mesh node COL_corridor_floor.007
14:28:23 | INFO: Blender create Mesh node COL_corridor_side.012
14:28:23 | INFO: Blender create Mesh node COL_corridor_post.013
14:28:23 | INFO: Blender create Mesh node COL_corridor_floor.008
14:28:23 | INFO: Blender create Mesh node COL_corridor_side.013
14:28:23 | INFO: Blender create Mesh node COL_corridor_side.014
14:28:23 | INFO: Blender create Mesh node COL_corridor_post.014
14:28:23 | INFO: Blender create Mesh node COL_corridor_post.015
14:28:23 | INFO: Blender create Mesh node COL_corridor_floor.013
14:28:23 | INFO: Blender create Mesh node COL_corridor_side.023
14:28:23 | INFO: Blender create Mesh node COL_corridor_side.024
14:28:23 | INFO: Blender create Mesh node COL_corridor_post.024
14:28:23 | INFO: Blender create Mesh node COL_corridor_post.025
14:28:23 | INFO: Blender create Mesh node COL_corridor_floor.014
14:28:23 | INFO: Blender create Mesh node COL_corridor_side.025
14:28:23 | INFO: Blender create Mesh node COL_corridor_side.026
14:28:23 | INFO: Blender create Mesh node COL_corridor_post.026
14:28:23 | INFO: Blender create Mesh node COL_corridor_post.027
14:28:23 | INFO: Blender create Mesh node COL_corridor_floor.015
14:28:23 | INFO: Blender create Mesh node COL_corridor_side.027
14:28:23 | INFO: Blender create Mesh node COL_corridor_side.028
14:28:23 | INFO: Blender create Mesh node COL_corridor_post.028
14:28:23 | INFO: Blender create Mesh node COL_corridor_post.029
14:28:23 | INFO: Blender create Mesh node COL_corridor_floor.016
14:28:23 | INFO: Blender create Mesh node COL_corridor_side.029
14:28:23 | INFO: Blender create Mesh node COL_corridor_side.030
14:28:23 | INFO: Blender create Mesh node COL_corridor_post.030
14:28:23 | INFO: Blender create Mesh node COL_corridor_post.031
14:28:23 | INFO: Blender create Mesh node COL_qinfang_deck.001
14:28:23 | INFO: Blender create Mesh node COL_pavilion_bench.001
14:28:23 | INFO: Blender create Mesh node COL_pavilion_bench.002
14:28:23 | INFO: Blender create Mesh node COL_pavilion_bracket.001
14:28:23 | INFO: Blender create Mesh node COL_pavilion_bracket.002
14:28:23 | INFO: Blender create Mesh node COL_pavilion_bracket.003
14:28:23 | INFO: Blender create Mesh node COL_pavilion_bracket.004
14:28:23 | INFO: Blender create Mesh node COL_pavilion_bracket.005
14:28:23 | INFO: Blender create Mesh node COL_pavilion_bracket.006
14:28:23 | INFO: Blender create Mesh node COL_pavilion_post.001
14:28:23 | INFO: Blender create Mesh node COL_pavilion_post.002
14:28:23 | INFO: Blender create Mesh node COL_pavilion_post.003
14:28:23 | INFO: Blender create Mesh node COL_pavilion_post.004
14:28:23 | INFO: Blender create Mesh node COL_pavilion_post.005
14:28:23 | INFO: Blender create Mesh node COL_pavilion_post.006
14:28:23 | INFO: Blender create Mesh node COL_pavilion_roof.001
14:28:23 | INFO: Blender create Mesh node COL_qiushuang-zhai_floor.001
14:28:23 | INFO: Blender create Mesh node Cube.009
14:28:23 | INFO: Blender create Mesh node Cube.011
14:28:23 | INFO: Blender create Mesh node Cube.012
14:28:23 | INFO: Blender create Mesh node Cube.013
14:28:23 | INFO: Blender create Mesh node Cube.019
14:28:23 | INFO: Blender create Mesh node Cube.020
14:28:23 | INFO: Blender create Mesh node Cube.023
14:28:23 | INFO: Blender create Mesh node Cube.024
14:28:23 | INFO: Blender create Mesh node Cube.048
14:28:23 | INFO: Blender create Mesh node Cube.050
14:28:23 | INFO: Blender create Mesh node Cube.052
14:28:23 | INFO: Blender create Mesh node Cube.092
14:28:23 | INFO: Blender create Mesh node Cube.093
14:28:23 | INFO: Blender create Mesh node Cube.094
14:28:23 | INFO: Blender create Mesh node Cube.095
14:28:23 | INFO: Blender create Mesh node Cube.096
14:28:23 | INFO: Blender create Mesh node Cube.097
14:28:23 | INFO: Blender create Mesh node Cube.098
14:28:23 | INFO: Blender create Mesh node Cube.099
14:28:23 | INFO: Blender create Mesh node Cube.100
14:28:23 | INFO: Blender create Mesh node Cube.101
14:28:23 | INFO: Blender create Mesh node Cube.102
14:28:23 | INFO: Blender create Mesh node Cube.103
14:28:23 | INFO: Blender create Mesh node Cube.104
14:28:23 | INFO: Blender create Mesh node Cube.105
14:28:23 | INFO: Blender create Mesh node Cube.106
14:28:23 | INFO: Blender create Mesh node Cube.107
14:28:23 | INFO: Blender create Mesh node Cube.108
14:28:23 | INFO: Blender create Mesh node Cube.109
14:28:23 | INFO: Blender create Mesh node Cube.110
14:28:23 | INFO: Blender create Mesh node Cube.111
14:28:23 | INFO: Blender create Mesh node Cube.112
14:28:23 | INFO: Blender create Mesh node Cube.113
14:28:23 | INFO: Blender create Mesh node Cube.114
14:28:23 | INFO: Blender create Mesh node Cube.115
14:28:23 | INFO: Blender create Mesh node Cube.116
14:28:23 | INFO: Blender create Mesh node Cube.117
14:28:23 | INFO: Blender create Mesh node Cube.118
14:28:23 | INFO: Blender create Mesh node Cube.119
14:28:23 | INFO: Blender create Mesh node Cube.120
14:28:23 | INFO: Blender create Mesh node Cube.121
14:28:23 | INFO: Blender create Mesh node Cube.122
14:28:23 | INFO: Blender create Mesh node Cube.123
14:28:23 | INFO: Blender create Mesh node Cube.124
14:28:23 | INFO: Blender create Mesh node Cube.125
14:28:23 | INFO: Blender create Mesh node Cube.126
14:28:23 | INFO: Blender create Mesh node Cube.127
14:28:23 | INFO: Blender create Mesh node Cube.128
14:28:23 | INFO: Blender create Mesh node Cube.129
14:28:23 | INFO: Blender create Mesh node Cube.130
14:28:23 | INFO: Blender create Mesh node Cube.131
14:28:23 | INFO: Blender create Mesh node Cube.132
14:28:23 | INFO: Blender create Mesh node Cube.133
14:28:23 | INFO: Blender create Mesh node Cube.134
14:28:23 | INFO: Blender create Mesh node Cube.135
14:28:23 | INFO: Blender create Mesh node Cube.136
14:28:23 | INFO: Blender create Mesh node Cube.137
14:28:23 | INFO: Blender create Mesh node Cube.138
14:28:23 | INFO: Blender create Mesh node Cube.139
14:28:23 | INFO: Blender create Mesh node Cube.140
14:28:23 | INFO: Blender create Mesh node Cube.141
14:28:23 | INFO: Blender create Mesh node Cube.142
14:28:23 | INFO: Blender create Mesh node Cube.143
14:28:23 | INFO: Blender create Mesh node Cube.144
14:28:23 | INFO: Blender create Mesh node Cube.193
14:28:23 | INFO: Blender create Mesh node Cube.194
14:28:23 | INFO: Blender create Mesh node Cube.195
14:28:23 | INFO: Blender create Mesh node Cube.196
14:28:23 | INFO: Blender create Mesh node Cube.197
14:28:23 | INFO: Blender create Mesh node Cube.198
14:28:23 | INFO: Blender create Mesh node Cube.199
14:28:23 | INFO: Blender create Mesh node Cube.200
14:28:23 | INFO: Blender create Mesh node COL_stone_walk.005
14:28:23 | INFO: Blender create Mesh node COL_stone_walk.008
14:28:23 | INFO: Blender create Mesh node COL_stone_walk.009
14:28:23 | INFO: Blender create Mesh node COL_stone_walk.010
14:28:23 | INFO: Blender create Mesh node COL_stone_walk.011
14:28:23 | INFO: Blender create Mesh node COL_stone_walk.012
14:28:23 | INFO: Blender create Mesh node COL_study_approach.002
14:28:23 | INFO: Blender create Mesh node COL_study_desk_centre.002
14:28:23 | INFO: Blender create Mesh node COL_study_desk_left.002
14:28:23 | INFO: Blender create Mesh node COL_study_desk_right.002
14:28:23 | INFO: Blender create Mesh node COL_study_front_walk.002
14:28:23 | INFO: Blender create Mesh node COL_study_front_wall.002
14:28:23 | INFO: Blender create Mesh node COL_study_post.001
14:28:23 | INFO: Blender create Mesh node COL_study_post.002
14:28:23 | INFO: Blender create Mesh node COL_study_post.003
14:28:23 | INFO: Blender create Mesh node COL_study_post.008
14:28:23 | INFO: Blender create Mesh node Cube.151
14:28:23 | INFO: Blender create Mesh node Cube.152
14:28:23 | INFO: Blender create Mesh node Cube.153
14:28:23 | INFO: Blender create Mesh node Cube.154
14:28:23 | INFO: Blender create Mesh node Cube.155
14:28:23 | INFO: Blender create Mesh node Cube.156
14:28:23 | INFO: Blender create Mesh node Cube.157
14:28:23 | INFO: Blender create Mesh node Cube.158
14:28:23 | INFO: Blender create Mesh node Cube.159
14:28:23 | INFO: Blender create Mesh node Cube.160
14:28:23 | INFO: Blender create Mesh node Cube.161
14:28:23 | INFO: Blender create Mesh node Cube.162
14:28:23 | INFO: Blender create Mesh node Cube.163
14:28:23 | INFO: Blender create Mesh node Cube.164
14:28:23 | INFO: Blender create Mesh node Cube.165
14:28:23 | INFO: Blender create Mesh node Cube.166
14:28:23 | INFO: Blender create Mesh node Cube.167
14:28:23 | INFO: Blender create Mesh node Cube.168
14:28:23 | INFO: Blender create Mesh node Cube.169
14:28:23 | INFO: Blender create Mesh node Cube.170
14:28:23 | INFO: Blender create Mesh node Cube.171
14:28:23 | INFO: Blender create Mesh node Cube.172
14:28:23 | INFO: Blender create Mesh node Cube.173
14:28:23 | INFO: Blender create Mesh node Cube.174
14:28:23 | INFO: Blender create Mesh node Cube.175
14:28:23 | INFO: Blender create Mesh node Cube.176
14:28:23 | INFO: Blender create Mesh node Cube.177
14:28:23 | INFO: Blender create Mesh node Cube.178
14:28:23 | INFO: Blender create Mesh node Cube.179
14:28:23 | INFO: Blender create Mesh node Cube.180
14:28:23 | INFO: Blender create Mesh node Cube.201
14:28:23 | INFO: Blender create Mesh node Cube.202
14:28:23 | INFO: Blender create Mesh node Cube.203
14:28:23 | INFO: Blender create Mesh node Cube.181
14:28:23 | INFO: Blender create Mesh node Cube.182
14:28:23 | INFO: Blender create Mesh node Cube.183
14:28:23 | INFO: Blender create Mesh node Cube.184
14:28:23 | INFO: Blender create Mesh node Cube.185
14:28:23 | INFO: Blender create Mesh node Cube.186
14:28:23 | INFO: Blender create Mesh node Cube.187
14:28:23 | INFO: Blender create Mesh node Cube.188
14:28:23 | INFO: Blender create Mesh node Cube.189
14:28:23 | INFO: Blender create Mesh node Cube.190
14:28:23 | INFO: Blender create Mesh node Cube.191
14:28:23 | INFO: Blender create Mesh node Cube.192
14:28:23 | INFO: Blender create Mesh node COL_tubi-tang_floor.001
14:28:23 | INFO: Blender create Mesh node COL_tubi_approach.001
14:28:23 | INFO: Blender create Mesh node COL_tubi_approach.002
14:28:23 | INFO: Blender create Mesh node COL_tubi_approach.007
14:28:23 | INFO: Blender create Mesh node COL_tubi_approach.008
14:28:23 | INFO: Blender create Mesh node COL_tubi_closed_hall.002
14:28:23 | INFO: Blender create Mesh node COL_tubi_hall_post.001
14:28:23 | INFO: Blender create Mesh node COL_tubi_hall_post.002
14:28:23 | INFO: Blender create Mesh node COL_tubi_hall_post.006
14:28:23 | INFO: Blender create Mesh node COL_tubi_parapet.001
14:28:23 | INFO: Blender create Mesh node COL_tubi_parapet.002
14:28:23 | INFO: Blender create Mesh node COL_tubi_parapet.003
14:28:23 | INFO: Blender create Mesh node COL_tubi_parapet.008
14:28:23 | INFO: Blender create Mesh node COL_tubi_stair_guard.001
14:28:23 | INFO: Blender create Mesh node COL_tubi_stair_guard.004
14:28:23 | INFO: Blender create Mesh node COL_tubi_stair_ramp.002
14:28:23 | INFO: Blender create Mesh node COL_tubi_terrace.002
14:28:23 | INFO: Blender create Mesh node COL_tubi_topic_table.002
14:28:23 | INFO: Blender create Mesh node COL_tubi_view_bench_left.001
14:28:23 | INFO: Blender create Mesh node COL_tubi_view_bench_right.001
14:28:23 | INFO: Blender create Mesh node COL_water_bridge_side.001
14:28:23 | INFO: Blender create Mesh node COL_water_bridge_side.004
14:28:23 | INFO: Blender create Mesh node COL_water_bridge_deck.002
14:28:23 | INFO: Blender create Mesh node COL_xiaoxiang_bamboo_bed.004
14:28:23 | INFO: Blender create Mesh node COL_xiaoxiang_bamboo_bed.005
14:28:23 | INFO: Blender create Mesh node COL_xiaoxiang_bamboo_bed.006
14:28:23 | INFO: Blender create Mesh node COL_xiaoxiang_bamboo_bed.007
14:28:23 | INFO: Blender create Mesh node COL_xiaoxiang_closed_front.001
14:28:23 | INFO: Blender create Mesh node COL_xiaoxiang_floor.001
14:28:23 | INFO: Blender create Mesh node COL_xiaoxiang_return.002
14:28:23 | INFO: Blender create Mesh node COL_xiaoxiang_return.003
14:28:23 | INFO: Blender create Mesh node COL_xiaoxiang_threshold.001
14:28:23 | INFO: Blender create Mesh node COL_yihong_closed_front.002
14:28:23 | INFO: Blender create Mesh node COL_yihong_court_side.001
14:28:23 | INFO: Blender create Mesh node COL_yihong_court_side.004
14:28:23 | INFO: Blender create Mesh node COL_yihong_floor.002
14:28:23 | INFO: Blender create Mesh node COL_yihong_planter.001
14:28:23 | INFO: Blender create Mesh node COL_yihong_planter.004
14:28:23 | INFO: Blender create Mesh node COL_yihong_side_return.001
14:28:23 | INFO: Blender create Mesh node COL_yihong_side_return.004
14:28:23 | INFO: Blender create Mesh node COL_yihong_threshold.002
14:28:23 | INFO: Blender create Mesh node COL_ziling_landing.001
14:28:23 | INFO: Blender create Mesh node HERO_aojing-guan_title.002
14:28:23 | INFO: Blender create Mesh node HERO_daguan_title.001
14:28:23 | INFO: Blender create Mesh node HERO_daoxiang-cun_title.002
14:28:23 | INFO: Blender create Mesh node KIT_flora_plum_render.001
14:28:23 | INFO: Blender create Mesh node KIT_flora_plum_render.002
14:28:23 | INFO: Blender create Mesh node KIT_flora_bamboo_large_render.001
14:28:23 | INFO: Blender create Mesh node KIT_flora_bamboo_large_render.002
14:28:23 | INFO: Blender create Mesh node KIT_flora_bamboo_small_render.001
14:28:23 | INFO: Blender create Mesh node KIT_flora_willow_render.001
14:28:23 | INFO: Blender create Mesh node KIT_flora_willow_render.002
14:28:23 | INFO: Blender create Mesh node KIT_flora_bamboo_large_render.003
14:28:23 | INFO: Blender create Mesh node KIT_flora_bamboo_medium_render.001
14:28:23 | INFO: Blender create Mesh node KIT_flora_bamboo_small_render.002
14:28:23 | INFO: Blender create Mesh node KIT_flora_bamboo_large_render.004
14:28:23 | INFO: Blender create Mesh node KIT_flora_banana_render.001
14:28:23 | INFO: Blender create Mesh node KIT_flora_banana_render.002
14:28:23 | INFO: Blender create Mesh node TEMP_reed_geometry.001
14:28:23 | INFO: Blender create Mesh node TEMP_reed_geometry.002
14:28:23 | INFO: Blender create Mesh node TEMP_reed_geometry.003
14:28:23 | INFO: Blender create Mesh node TEMP_reed_geometry.004
14:28:23 | INFO: Blender create Mesh node TEMP_reed_geometry.005
14:28:23 | INFO: Blender create Mesh node TEMP_reed_geometry.006
14:28:23 | INFO: Blender create Mesh node TEMP_reed_geometry.007
14:28:23 | INFO: Blender create Mesh node TEMP_reed_geometry.008
14:28:23 | INFO: Blender create Mesh node TEMP_reed_geometry.009
14:28:23 | INFO: Blender create Mesh node TEMP_reed_geometry.010
14:28:23 | INFO: Blender create Mesh node HERO_gate_inscription.001
14:28:23 | INFO: Blender create Mesh node HERO_gate_water_drips.001
14:28:23 | INFO: Blender create Mesh node HERO_hengwu-yuan_title.002
14:28:23 | INFO: Blender create Mesh node HERO_longcui-an_title.002
14:28:23 | INFO: Blender create Mesh node HERO_qinfang-ting_title.002
14:28:23 | INFO: Blender create Mesh node HERO_qinfang_bridge.001
14:28:23 | INFO: Blender create Mesh node HERO_study_scroll_bamboo.002
14:28:23 | INFO: Blender create Mesh node HERO_study_scroll_plum.002
14:28:23 | INFO: Blender create Mesh node HERO_study_title.002
14:28:23 | INFO: Blender create Mesh node HERO_table_hexagram.001
14:28:23 | INFO: Blender create Mesh node line_piece.005
14:28:23 | INFO: Blender create Mesh node line_piece.002
14:28:23 | INFO: Blender create Mesh node line_piece.011
14:28:23 | INFO: Blender create Mesh node line_piece.008
14:28:23 | INFO: Blender create Mesh node line_piece.017
14:28:23 | INFO: Blender create Mesh node line_piece.014
14:28:23 | INFO: Blender create Mesh node line_piece.019
14:28:23 | INFO: Blender create Mesh node line_piece.018
14:28:23 | INFO: Blender create Mesh node line_piece.021
14:28:23 | INFO: Blender create Mesh node line_piece.020
14:28:23 | INFO: Blender create Mesh node line_piece.023
14:28:23 | INFO: Blender create Mesh node line_piece.022
14:28:23 | INFO: Blender create Mesh node HERO_table_pedestal.001
14:28:23 | INFO: Blender create Mesh node HERO_tubi_title.002
14:28:23 | INFO: Blender create Mesh node HERO_xiaoxiang-guan_title.002
14:28:23 | INFO: Blender create Mesh node HERO_yihong-yuan_title.002
14:28:23 | INFO: Blender create Mesh node AOJING_pond.002
14:28:23 | INFO: Blender create Mesh node AOJING_backstage.002
14:28:23 | INFO: Blender create Mesh node AOJING_amber_window.002
14:28:23 | INFO: Blender create Mesh node AOJING_window_lattice.001
14:28:23 | INFO: Blender create Mesh node AOJING_dry_ledge.002
14:28:23 | INFO: Blender create Mesh node AOJING_roof.002
14:28:23 | INFO: Blender create Mesh node AOJING_closed_front.002
14:28:23 | INFO: Blender create Mesh node DAGUAN_backstage.001
14:28:23 | INFO: Blender create Mesh node DAGUAN_door_stud.180
14:28:23 | INFO: Blender create Mesh node DAGUAN_amber_transom.002
14:28:23 | INFO: Blender create Mesh node DAGUAN_closed_door.010
14:28:23 | INFO: Blender create Mesh node DAGUAN_recessed_panel.020
14:28:23 | INFO: Blender create Mesh node DAGUAN_column.006
14:28:23 | INFO: Blender create Mesh node DAGUAN_platform.001
14:28:23 | INFO: Blender create Mesh node DAGUAN_lower_roof.001
14:28:23 | INFO: Blender create Mesh node DAGUAN_front.001
14:28:23 | INFO: Blender create Mesh node DAOXIANG_backstage.001
14:28:23 | INFO: Blender create Mesh node DAOXIANG_door_latch.001
14:28:23 | INFO: Blender create Mesh node DAOXIANG_warm_sliver.001
14:28:23 | INFO: Blender create Mesh node DAOXIANG_closed_door.001
14:28:23 | INFO: Blender create Mesh node DAOXIANG_paddy_painting.001
14:28:23 | INFO: Blender create Mesh node DAOXIANG_court.001
14:28:23 | INFO: Blender create Mesh node DAOXIANG_thatch_mass.001
14:28:23 | INFO: Blender create Mesh node DAOXIANG_front.001
14:28:23 | INFO: Blender create Mesh node SITE_hengwu-yuan_backstage.001
14:28:23 | INFO: Blender create Mesh node KIT_pavilion_finial.011
14:28:23 | INFO: Blender create Mesh node KIT_wall_amber_window.006
14:28:23 | INFO: Blender create Mesh node HENGWU_herb_leaf.001
14:28:23 | INFO: Blender create Mesh node KIT_wall_lattice_vertical.105
14:28:23 | INFO: Blender create Mesh node SITE_hengwu-yuan_platform.001
14:28:23 | INFO: Blender create Mesh node KIT_props_lantern_hanging_render.015
14:28:23 | INFO: Blender create Mesh node KIT_pavilion_roof.011
14:28:23 | INFO: Blender create Mesh node KIT_wall_bay.001
14:28:23 | INFO: Blender create Mesh node SITE_hengwu-yuan_front.001
14:28:23 | INFO: Blender create Mesh node LONGCUI_backstage.001
14:28:23 | INFO: Blender create Mesh node LONGCUI_gate_pull.002
14:28:23 | INFO: Blender create Mesh node LONGCUI_closed_gate.002
14:28:23 | INFO: Blender create Mesh node LONGCUI_paving.001
14:28:23 | INFO: Blender create Mesh node KIT_props_lantern_hanging_render.016
14:28:23 | INFO: Blender create Mesh node LONGCUI_wall_cap.001
14:28:23 | INFO: Blender create Mesh node LONGCUI_closed_front.001
14:28:23 | INFO: Blender create Mesh node KIT_props_tea_cup.006
14:28:23 | INFO: Blender create Mesh node KIT_water_lotus_leaf.007
14:28:23 | INFO: Blender create Mesh node SITE_ouxiang_deck.001
14:28:23 | INFO: Blender create Mesh node KIT_pavilion_water_pier.004
14:28:23 | INFO: Blender create Mesh node KIT_props_lantern_hanging_render.013
14:28:23 | INFO: Blender create Mesh node KIT_pavilion_water_hipped_roof.001
14:28:23 | INFO: Blender create Mesh node KIT_water_lotus.021
14:28:23 | INFO: Blender create Mesh node KIT_corridor_rail.008
14:28:23 | INFO: Blender create Mesh node KIT_pavilion_roof_shell.001
14:28:23 | INFO: Blender create Mesh node KIT_pavilion_plinth.001
14:28:23 | INFO: Blender create Mesh node KIT_props_lantern_hanging_render.001
14:28:23 | INFO: Blender create Mesh node KIT_water_stream.001
14:28:23 | INFO: Blender create Mesh node SITE_qiushuang-zhai_backstage.001
14:28:23 | INFO: Blender create Mesh node KIT_pavilion_finial.005
14:28:23 | INFO: Blender create Mesh node KIT_wall_lattice_vertical.042
14:28:23 | INFO: Blender create Mesh node SITE_qiushuang-zhai_platform.001
14:28:23 | INFO: Blender create Mesh node KIT_props_lantern_hanging_render.010
14:28:23 | INFO: Blender create Mesh node KIT_pavilion_roof.005
14:28:23 | INFO: Blender create Mesh node KIT_tech_terminal_desk_render.007
14:28:23 | INFO: Blender create Mesh node SITE_qiushuang-zhai_front.001
14:28:23 | INFO: Blender create Mesh node GATE_banana_pseudostem.001
14:28:23 | INFO: Blender create Mesh node GATE_banana_soil.001
14:28:23 | INFO: Blender create Mesh node KIT_rockery_passage.001
14:28:23 | INFO: Blender create Mesh node GATE_paving.002
14:28:23 | INFO: Blender create Mesh node KIT_props_lantern_hanging_render.008
14:28:23 | INFO: Blender create Mesh node KIT_stage_fog_plane_render.017
14:28:23 | INFO: Blender create Mesh node KIT_stage_floor.001
14:28:23 | INFO: Blender create Mesh node AOJING_approach_guard.001
14:28:23 | INFO: Blender create Mesh node KIT_stage_painted_moon.001
14:28:23 | INFO: Blender create Mesh node KIT_stage_painted_mountain_layer.003
14:28:23 | INFO: Blender create Mesh node KIT_stage_painted_mountain_layer.004
14:28:23 | INFO: Blender create Mesh node KIT_stage_painted_mountain_layer.005
14:28:23 | INFO: Blender create Mesh node KIT_water_stone_walk.005
14:28:23 | INFO: Blender create Mesh node Painted coved ceiling candidate.001
14:28:23 | INFO: Blender create Mesh node KIT_stage_painted_canvas.002
14:28:23 | INFO: Blender create Mesh node Eight painted cyclorama arcs.001
14:28:23 | INFO: Blender create Mesh node KIT_stage_fog_plane_render.002
14:28:23 | INFO: Blender create Mesh node KIT_tech_cell_side.012
14:28:23 | INFO: Blender create Mesh node KIT_wall_window_bar.030
14:28:23 | INFO: Blender create Mesh node KIT_stage_entry_walk.002
14:28:23 | INFO: Blender create Mesh node KIT_props_folding_chair_render.001
14:28:23 | INFO: Blender create Mesh node KIT_stage_floor_boards_render.002
14:28:23 | INFO: Blender create Mesh node KIT_stage_gel_frame_render.002
14:28:23 | INFO: Blender create Mesh node KIT_stage_studio_wall_render.002
14:28:23 | INFO: Blender create Mesh node KIT_stage_fog_plane_render.020
14:28:23 | INFO: Blender create Mesh node KIT_tech_terminal_desk_render.001
14:28:23 | INFO: Blender create Mesh node KIT_props_scroll_render.001
14:28:23 | INFO: Blender create Mesh node SITE_tubi-tang_backstage.001
14:28:23 | INFO: Blender create Mesh node KIT_pavilion_finial.007
14:28:23 | INFO: Blender create Mesh node KIT_wall_amber_window.003
14:28:23 | INFO: Blender create Mesh node TUBI_topic_line.001
14:28:23 | INFO: Blender create Mesh node KIT_wall_lattice_vertical.063
14:28:23 | INFO: Blender create Mesh node SITE_tubi-tang_platform.001
14:28:23 | INFO: Blender create Mesh node KIT_props_lantern_hanging_render.012
14:28:23 | INFO: Blender create Mesh node KIT_pavilion_roof.007
14:28:23 | INFO: Blender create Mesh node TUBI_terrace.002
14:28:23 | INFO: Blender create Mesh node SITE_tubi-tang_front.001
14:28:23 | INFO: Blender create Mesh node XIAOXIANG_black_back.001
14:28:23 | INFO: Blender create Mesh node XIAOXIANG_gate_pull.002
14:28:23 | INFO: Blender create Mesh node XIAOXIANG_amber_window.001
14:28:23 | INFO: Blender create Mesh node XIAOXIANG_gate_leaf.002
14:28:23 | INFO: Blender create Mesh node XIAOXIANG_paving.001
14:28:23 | INFO: Blender create Mesh node XIAOXIANG_wall_cap.001
14:28:23 | INFO: Blender create Mesh node XIAOXIANG_closed_front.001
14:28:23 | INFO: Blender create Mesh node YIHONG_backstage.002
14:28:23 | INFO: Blender create Mesh node YIHONG_door_rail.001
14:28:23 | INFO: Blender create Mesh node YIHONG_amber_window.002
14:28:23 | INFO: Blender create Mesh node YIHONG_door_panel.001
14:28:24 | INFO: Blender create Mesh node YIHONG_paving.002
14:28:24 | INFO: Blender create Mesh node YIHONG_court_cap.001
14:28:24 | INFO: Blender create Mesh node YIHONG_closed_front.002
14:28:24 | INFO: Blender create Mesh node KIT_water_lotus_leaf.011
14:28:24 | INFO: Blender create Mesh node KIT_water_plank.002
14:28:24 | INFO: Blender create Mesh node SITE_ziling_island.001
14:28:24 | INFO: glTF import finished in 0.97s
WASH_SHADOW_INTENT {"source_glb_sha256": "1380ceca14ee8bd79723c351a6084438eed4384416aee76a78222802550ca485", "explicit_meshes": {"SITE_stage_MAT_stage_canopy_paint": false}, "unchanged_unflagged_meshes": 566}
/Users/auchan/projects/garden-of-dreams/.superpowers/sdd/2026-09-23-garden-completion/ziling-source-art/reeds-volume/scripts/bake_backdrop_wash.py:73: DeprecationWarning: 'World.use_nodes' is expected to be removed in Blender 6.0
  world.use_nodes = True
/Users/auchan/projects/garden-of-dreams/.superpowers/sdd/2026-09-23-garden-completion/ziling-source-art/reeds-volume/scripts/bake_backdrop_wash.py:79: DeprecationWarning: 'Material.use_nodes' is expected to be removed in Blender 6.0
  if not material.use_nodes: continue
/Users/auchan/projects/garden-of-dreams/.superpowers/sdd/2026-09-23-garden-completion/ziling-source-art/reeds-volume/scripts/bake_backdrop_wash.py:144: DeprecationWarning: 'Material.use_nodes' is expected to be removed in Blender 6.0
  material.use_nodes = True
Info: Baking map saved to internal image, save it externally or pack it
WASH_BAKE_TARGET SITE_stage_MAT_stage_cyclorama_moonlit_MAT_stage_atlas front
Info: Baking map saved to internal image, save it externally or pack it
WASH_BAKED {"mesh": "SITE_stage_MAT_stage_cyclorama_moonlit_MAT_stage_atlas", "texture": "SITE_stage_MAT_stage_cyclorama_moonlit_MAT_stage_atlas-front.png", "scale": 1.0, "sides": {"front": {"texture": "SITE_stage_MAT_stage_cyclorama_moonlit_MAT_stage_atlas-front.png", "scale": 1.0, "linear_max": 0.22674696147441864, "nonzero_fraction": 0.15479660034179688, "png_sha256": "1e1128c0dbbadcf607a88ed902e193da72feba6e4e6492668708bf7dd0dd36ca"}}, "double_sided": false, "backface_uv_mapping_verified": true, "unoccluded_control_max": null, "size": 512, "samples": 128, "uv_channel": 1, "uv_sha256": "b4cb62f0d74b92ad8e5dc44f8726bddcd738ae32a89846c7d29b9c072e51f8d2", "source_glb_sha256": "1380ceca14ee8bd79723c351a6084438eed4384416aee76a78222802550ca485", "stage_blend_sha256": "8a2267723300f47cce641761565c21ec592a1f1ed11fb81ea97691c184d07f41", "authoring_blend_sha256": "0d3e84e3cb0aada4d7aafda8448f3ebb90bb39426eb18f24941a97c56977f400", "site_blend_sha256": {"aojing-guan": "4562ebcec81854cc0fecb517f081a415a92630498dc404c60238c97e540eb241", "daguan-lou": "7436cc2c1a7a94a35434ebbc6650de1c0f42336b6587e2da7ef84531d2b20c34", "daoxiang-cun": "811dfe8a26c7b4cd0b36b89940b630ad1713ce45a9d504765d92578f2e819604", "hengwu-yuan": "9913d50f76f8a7da367c5b3956e6b161bed10236e2a2d4eae931d71197fa8df3", "longcui-an": "10763c67e9b06085f348a72a0216ce366558cc83bba03b002f7e4ced3f303c26", "ouxiang-xie": "a6d371c9ec903413f93c4da8dad375257db4989c2e934a9cdf20bf181c0da0a5", "qinfang-ting": "a08e95898755dfa9db3158190e186fe49301bd6705e4eac45d35c3e68a076262", "qiushuang-zhai": "f40a7eb1e27c0ff77b9827def90ba41cbeee7a7aa363c2d55c2795198f4a9493", "tubi-tang": "6025b85fbcbf4602b7f200b8395e7869a51fa7a3cedbfbcdcb4ec5ec0253f958", "xiaoxiang-guan": "aac85385b366c3c70fc886b128e0a27a8cf2b4db9a82e06542809204b0085e7b", "yihong-yuan": "ecbbe5a94177647e2e02139ad7172bfe0609470d03db4af57beee08ff0333e7a", "ziling-zhou": "c738aceb98a139f9b16e4740065cb75156ae8716c2ee844ccb362d706adc0c28"}, "lights_baked": 12, "point_lights_baked": false, "pass_filter": ["DIRECT"], "shadow_intent": {"SITE_stage_MAT_stage_canopy_paint": false}}
WASH_BAKE_TARGET SITE_stage_MAT_stage_canopy_paint front
Info: Baking map saved to internal image, save it externally or pack it
WASH_BAKED {"mesh": "SITE_stage_MAT_stage_canopy_paint", "texture": "SITE_stage_MAT_stage_canopy_paint-front.png", "scale": 1.0, "sides": {"front": {"texture": "SITE_stage_MAT_stage_canopy_paint-front.png", "scale": 1.0, "linear_max": 0.10368452966213226, "nonzero_fraction": 0.043338775634765625, "png_sha256": "5fd81440353159f34f629d89d6e82f50a301bd7153e6eceaae375c6836b81f55"}}, "double_sided": false, "backface_uv_mapping_verified": true, "unoccluded_control_max": null, "size": 512, "samples": 128, "uv_channel": 1, "uv_sha256": "34649898b4b083dedd2342e75fc6151b8ded43d7dbc692bee806c8734d946358", "source_glb_sha256": "1380ceca14ee8bd79723c351a6084438eed4384416aee76a78222802550ca485", "stage_blend_sha256": "8a2267723300f47cce641761565c21ec592a1f1ed11fb81ea97691c184d07f41", "authoring_blend_sha256": "0d3e84e3cb0aada4d7aafda8448f3ebb90bb39426eb18f24941a97c56977f400", "site_blend_sha256": {"aojing-guan": "4562ebcec81854cc0fecb517f081a415a92630498dc404c60238c97e540eb241", "daguan-lou": "7436cc2c1a7a94a35434ebbc6650de1c0f42336b6587e2da7ef84531d2b20c34", "daoxiang-cun": "811dfe8a26c7b4cd0b36b89940b630ad1713ce45a9d504765d92578f2e819604", "hengwu-yuan": "9913d50f76f8a7da367c5b3956e6b161bed10236e2a2d4eae931d71197fa8df3", "longcui-an": "10763c67e9b06085f348a72a0216ce366558cc83bba03b002f7e4ced3f303c26", "ouxiang-xie": "a6d371c9ec903413f93c4da8dad375257db4989c2e934a9cdf20bf181c0da0a5", "qinfang-ting": "a08e95898755dfa9db3158190e186fe49301bd6705e4eac45d35c3e68a076262", "qiushuang-zhai": "f40a7eb1e27c0ff77b9827def90ba41cbeee7a7aa363c2d55c2795198f4a9493", "tubi-tang": "6025b85fbcbf4602b7f200b8395e7869a51fa7a3cedbfbcdcb4ec5ec0253f958", "xiaoxiang-guan": "aac85385b366c3c70fc886b128e0a27a8cf2b4db9a82e06542809204b0085e7b", "yihong-yuan": "ecbbe5a94177647e2e02139ad7172bfe0609470d03db4af57beee08ff0333e7a", "ziling-zhou": "c738aceb98a139f9b16e4740065cb75156ae8716c2ee844ccb362d706adc0c28"}, "lights_baked": 12, "point_lights_baked": false, "pass_filter": ["DIRECT"], "shadow_intent": {"SITE_stage_MAT_stage_canopy_paint": false}}
WASH_BAKE_TARGET SITE_stage_MAT_painted_moon front
Info: Baking map saved to internal image, save it externally or pack it
WASH_BAKE_TARGET SITE_stage_MAT_painted_moon back
Info: Baking map saved to internal image, save it externally or pack it
WASH_BAKED {"mesh": "SITE_stage_MAT_painted_moon", "texture": "SITE_stage_MAT_painted_moon-front.png", "scale": 1.0, "sides": {"front": {"texture": "SITE_stage_MAT_painted_moon-front.png", "scale": 1.0, "linear_max": 0.22623233497142792, "nonzero_fraction": 0.21535110473632812, "png_sha256": "6e03e79c4e5539bebce3299186ebbce5be896a8086f416acbef0cf1f71f71e97"}, "back": {"texture": "SITE_stage_MAT_painted_moon-back.png", "scale": 1.0, "linear_max": 0.0005604923353530467, "nonzero_fraction": 6.4849853515625e-05, "png_sha256": "d1de1fd43e9b50aeb7f1d61f3b317c280e87ae0e5481cc210009f6e947002ad8"}}, "double_sided": true, "backface_uv_mapping_verified": true, "unoccluded_control_max": null, "size": 512, "samples": 128, "uv_channel": 1, "uv_sha256": "5b099e5e3229f0bd447f7af7de01b7d1a6392552f2c0a1b6c6c48a3b32db1ba1", "source_glb_sha256": "1380ceca14ee8bd79723c351a6084438eed4384416aee76a78222802550ca485", "stage_blend_sha256": "8a2267723300f47cce641761565c21ec592a1f1ed11fb81ea97691c184d07f41", "authoring_blend_sha256": "0d3e84e3cb0aada4d7aafda8448f3ebb90bb39426eb18f24941a97c56977f400", "site_blend_sha256": {"aojing-guan": "4562ebcec81854cc0fecb517f081a415a92630498dc404c60238c97e540eb241", "daguan-lou": "7436cc2c1a7a94a35434ebbc6650de1c0f42336b6587e2da7ef84531d2b20c34", "daoxiang-cun": "811dfe8a26c7b4cd0b36b89940b630ad1713ce45a9d504765d92578f2e819604", "hengwu-yuan": "9913d50f76f8a7da367c5b3956e6b161bed10236e2a2d4eae931d71197fa8df3", "longcui-an": "10763c67e9b06085f348a72a0216ce366558cc83bba03b002f7e4ced3f303c26", "ouxiang-xie": "a6d371c9ec903413f93c4da8dad375257db4989c2e934a9cdf20bf181c0da0a5", "qinfang-ting": "a08e95898755dfa9db3158190e186fe49301bd6705e4eac45d35c3e68a076262", "qiushuang-zhai": "f40a7eb1e27c0ff77b9827def90ba41cbeee7a7aa363c2d55c2795198f4a9493", "tubi-tang": "6025b85fbcbf4602b7f200b8395e7869a51fa7a3cedbfbcdcb4ec5ec0253f958", "xiaoxiang-guan": "aac85385b366c3c70fc886b128e0a27a8cf2b4db9a82e06542809204b0085e7b", "yihong-yuan": "ecbbe5a94177647e2e02139ad7172bfe0609470d03db4af57beee08ff0333e7a", "ziling-zhou": "c738aceb98a139f9b16e4740065cb75156ae8716c2ee844ccb362d706adc0c28"}, "lights_baked": 12, "point_lights_baked": false, "pass_filter": ["DIRECT"], "shadow_intent": {"SITE_stage_MAT_stage_canopy_paint": false}}
WASH_BAKE_TARGET SITE_stage_MAT_painted_mountains_0 front
Info: Baking map saved to internal image, save it externally or pack it
WASH_BAKE_TARGET SITE_stage_MAT_painted_mountains_0 back
Info: Baking map saved to internal image, save it externally or pack it
Info: Baking map saved to internal image, save it externally or pack it
WASH_BAKED {"mesh": "SITE_stage_MAT_painted_mountains_0", "texture": "SITE_stage_MAT_painted_mountains_0-front.png", "scale": 1.0, "sides": {"front": {"texture": "SITE_stage_MAT_painted_mountains_0-front.png", "scale": 1.0, "linear_max": 0.0, "nonzero_fraction": 0.0, "png_sha256": "3d0c0bfd2c5437cbdc4f382593564b7ad0f09885073c0bff5322ab996c038e15"}, "back": {"texture": "SITE_stage_MAT_painted_mountains_0-back.png", "scale": 1.0, "linear_max": 0.0, "nonzero_fraction": 0.0, "png_sha256": "3d0c0bfd2c5437cbdc4f382593564b7ad0f09885073c0bff5322ab996c038e15"}}, "double_sided": true, "backface_uv_mapping_verified": true, "unoccluded_control_max": 0.1681901067495346, "size": 512, "samples": 128, "uv_channel": 1, "uv_sha256": "97a93dfe178ec8616ceae899da19646d791a25070984e7e1c52e562db883272c", "source_glb_sha256": "1380ceca14ee8bd79723c351a6084438eed4384416aee76a78222802550ca485", "stage_blend_sha256": "8a2267723300f47cce641761565c21ec592a1f1ed11fb81ea97691c184d07f41", "authoring_blend_sha256": "0d3e84e3cb0aada4d7aafda8448f3ebb90bb39426eb18f24941a97c56977f400", "site_blend_sha256": {"aojing-guan": "4562ebcec81854cc0fecb517f081a415a92630498dc404c60238c97e540eb241", "daguan-lou": "7436cc2c1a7a94a35434ebbc6650de1c0f42336b6587e2da7ef84531d2b20c34", "daoxiang-cun": "811dfe8a26c7b4cd0b36b89940b630ad1713ce45a9d504765d92578f2e819604", "hengwu-yuan": "9913d50f76f8a7da367c5b3956e6b161bed10236e2a2d4eae931d71197fa8df3", "longcui-an": "10763c67e9b06085f348a72a0216ce366558cc83bba03b002f7e4ced3f303c26", "ouxiang-xie": "a6d371c9ec903413f93c4da8dad375257db4989c2e934a9cdf20bf181c0da0a5", "qinfang-ting": "a08e95898755dfa9db3158190e186fe49301bd6705e4eac45d35c3e68a076262", "qiushuang-zhai": "f40a7eb1e27c0ff77b9827def90ba41cbeee7a7aa363c2d55c2795198f4a9493", "tubi-tang": "6025b85fbcbf4602b7f200b8395e7869a51fa7a3cedbfbcdcb4ec5ec0253f958", "xiaoxiang-guan": "aac85385b366c3c70fc886b128e0a27a8cf2b4db9a82e06542809204b0085e7b", "yihong-yuan": "ecbbe5a94177647e2e02139ad7172bfe0609470d03db4af57beee08ff0333e7a", "ziling-zhou": "c738aceb98a139f9b16e4740065cb75156ae8716c2ee844ccb362d706adc0c28"}, "lights_baked": 12, "point_lights_baked": false, "pass_filter": ["DIRECT"], "shadow_intent": {"SITE_stage_MAT_stage_canopy_paint": false}}
WASH_BAKE_TARGET SITE_stage_MAT_painted_mountains_1 front
Info: Baking map saved to internal image, save it externally or pack it
WASH_BAKE_TARGET SITE_stage_MAT_painted_mountains_1 back
Info: Baking map saved to internal image, save it externally or pack it
WASH_BAKED {"mesh": "SITE_stage_MAT_painted_mountains_1", "texture": "SITE_stage_MAT_painted_mountains_1-front.png", "scale": 1.0, "sides": {"front": {"texture": "SITE_stage_MAT_painted_mountains_1-front.png", "scale": 1.0, "linear_max": 0.0, "nonzero_fraction": 0.0, "png_sha256": "3d0c0bfd2c5437cbdc4f382593564b7ad0f09885073c0bff5322ab996c038e15"}, "back": {"texture": "SITE_stage_MAT_painted_mountains_1-back.png", "scale": 1.0, "linear_max": 0.002930331276729703, "nonzero_fraction": 0.000690460205078125, "png_sha256": "f0d385997015691d5929ecbc6251bac694fd5ac19446bb21473f963a7841933b"}}, "double_sided": true, "backface_uv_mapping_verified": true, "unoccluded_control_max": null, "size": 512, "samples": 128, "uv_channel": 1, "uv_sha256": "31ca5f33801766d6233cd69b74f855e6f881dd986167a9859518f6206dc5bef2", "source_glb_sha256": "1380ceca14ee8bd79723c351a6084438eed4384416aee76a78222802550ca485", "stage_blend_sha256": "8a2267723300f47cce641761565c21ec592a1f1ed11fb81ea97691c184d07f41", "authoring_blend_sha256": "0d3e84e3cb0aada4d7aafda8448f3ebb90bb39426eb18f24941a97c56977f400", "site_blend_sha256": {"aojing-guan": "4562ebcec81854cc0fecb517f081a415a92630498dc404c60238c97e540eb241", "daguan-lou": "7436cc2c1a7a94a35434ebbc6650de1c0f42336b6587e2da7ef84531d2b20c34", "daoxiang-cun": "811dfe8a26c7b4cd0b36b89940b630ad1713ce45a9d504765d92578f2e819604", "hengwu-yuan": "9913d50f76f8a7da367c5b3956e6b161bed10236e2a2d4eae931d71197fa8df3", "longcui-an": "10763c67e9b06085f348a72a0216ce366558cc83bba03b002f7e4ced3f303c26", "ouxiang-xie": "a6d371c9ec903413f93c4da8dad375257db4989c2e934a9cdf20bf181c0da0a5", "qinfang-ting": "a08e95898755dfa9db3158190e186fe49301bd6705e4eac45d35c3e68a076262", "qiushuang-zhai": "f40a7eb1e27c0ff77b9827def90ba41cbeee7a7aa363c2d55c2795198f4a9493", "tubi-tang": "6025b85fbcbf4602b7f200b8395e7869a51fa7a3cedbfbcdcb4ec5ec0253f958", "xiaoxiang-guan": "aac85385b366c3c70fc886b128e0a27a8cf2b4db9a82e06542809204b0085e7b", "yihong-yuan": "ecbbe5a94177647e2e02139ad7172bfe0609470d03db4af57beee08ff0333e7a", "ziling-zhou": "c738aceb98a139f9b16e4740065cb75156ae8716c2ee844ccb362d706adc0c28"}, "lights_baked": 12, "point_lights_baked": false, "pass_filter": ["DIRECT"], "shadow_intent": {"SITE_stage_MAT_stage_canopy_paint": false}}
WASH_BAKE_TARGET SITE_stage_MAT_painted_mountains_2 front
Info: Baking map saved to internal image, save it externally or pack it
WASH_BAKE_TARGET SITE_stage_MAT_painted_mountains_2 back
Info: Baking map saved to internal image, save it externally or pack it
WASH_BAKED {"mesh": "SITE_stage_MAT_painted_mountains_2", "texture": "SITE_stage_MAT_painted_mountains_2-front.png", "scale": 1.0, "sides": {"front": {"texture": "SITE_stage_MAT_painted_mountains_2-front.png", "scale": 1.0, "linear_max": 0.0, "nonzero_fraction": 0.0, "png_sha256": "3d0c0bfd2c5437cbdc4f382593564b7ad0f09885073c0bff5322ab996c038e15"}, "back": {"texture": "SITE_stage_MAT_painted_mountains_2-back.png", "scale": 1.0, "linear_max": 0.2248643934726715, "nonzero_fraction": 0.4390220642089844, "png_sha256": "5c68a64834d9b664679e937b066429b04d7b990ba2d9b874c2ea3b2fd3c224d5"}}, "double_sided": true, "backface_uv_mapping_verified": true, "unoccluded_control_max": null, "size": 512, "samples": 128, "uv_channel": 1, "uv_sha256": "91e8509c3d646b6172c291d80ea0e0e5c0a5321b8a6a1c587effd0afe71869c5", "source_glb_sha256": "1380ceca14ee8bd79723c351a6084438eed4384416aee76a78222802550ca485", "stage_blend_sha256": "8a2267723300f47cce641761565c21ec592a1f1ed11fb81ea97691c184d07f41", "authoring_blend_sha256": "0d3e84e3cb0aada4d7aafda8448f3ebb90bb39426eb18f24941a97c56977f400", "site_blend_sha256": {"aojing-guan": "4562ebcec81854cc0fecb517f081a415a92630498dc404c60238c97e540eb241", "daguan-lou": "7436cc2c1a7a94a35434ebbc6650de1c0f42336b6587e2da7ef84531d2b20c34", "daoxiang-cun": "811dfe8a26c7b4cd0b36b89940b630ad1713ce45a9d504765d92578f2e819604", "hengwu-yuan": "9913d50f76f8a7da367c5b3956e6b161bed10236e2a2d4eae931d71197fa8df3", "longcui-an": "10763c67e9b06085f348a72a0216ce366558cc83bba03b002f7e4ced3f303c26", "ouxiang-xie": "a6d371c9ec903413f93c4da8dad375257db4989c2e934a9cdf20bf181c0da0a5", "qinfang-ting": "a08e95898755dfa9db3158190e186fe49301bd6705e4eac45d35c3e68a076262", "qiushuang-zhai": "f40a7eb1e27c0ff77b9827def90ba41cbeee7a7aa363c2d55c2795198f4a9493", "tubi-tang": "6025b85fbcbf4602b7f200b8395e7869a51fa7a3cedbfbcdcb4ec5ec0253f958", "xiaoxiang-guan": "aac85385b366c3c70fc886b128e0a27a8cf2b4db9a82e06542809204b0085e7b", "yihong-yuan": "ecbbe5a94177647e2e02139ad7172bfe0609470d03db4af57beee08ff0333e7a", "ziling-zhou": "c738aceb98a139f9b16e4740065cb75156ae8716c2ee844ccb362d706adc0c28"}, "lights_baked": 12, "point_lights_baked": false, "pass_filter": ["DIRECT"], "shadow_intent": {"SITE_stage_MAT_stage_canopy_paint": false}}
NATIVE_BACKDROP_WASH_PASS 6 building direct maximum 0.0
Blender 5.2.2 LTS (hash d13f752e3b9c built 2026-09-15 01:49:19)

Blender quit
