LIGHTMAP_DATA_PASS SITE_terminal-cells_MAT_stage_atlas (1024, 1024) scale 1.0
LIGHTMAP_DATA_PASS SITE_stage_MAT_painted_moon (256, 256) scale 1.0
LIGHTMAP_DATA_PASS SITE_hengwu-yuan_MAT_props_atlas (1024, 1024) scale 2.5139222145080566
LIGHTMAP_DATA_PASS SITE_aojing-guan_MAT_rooftile (1024, 1024) scale 1.0
LIGHTMAP_DATA_PASS SITE_terminal-cells_MAT_lattice_wood (1024, 1024) scale 1.0
LIGHTMAP_DATA_PASS SITE_qinfang-ting_MAT_lattice_wood (1024, 1024) scale 1.0
LIGHTMAP_DATA_PASS HERO_study_scroll_bamboo.001 (256, 256) scale 1.142024040222168
LIGHTMAP_DATA_PASS SITE_daguan-lou_MAT_whitewash (1024, 1024) scale 3.1873176097869873
LIGHTMAP_DATA_PASS SITE_ouxiang-xie_MAT_foliage_card (1024, 1024) scale 1.0
LIGHTMAP_DATA_PASS SITE_qiushuang-zhai_MAT_whitewash (1024, 1024) scale 1.0
LIGHTMAP_DATA_PASS SITE_hengwu-yuan_MAT_foliage_card (1024, 1024) scale 1.0
LIGHTMAP_DATA_PASS SITE_ziling-zhou_MAT_foliage_card (1024, 1024) scale 1.0
LIGHTMAP_DATA_PASS SITE_aojing-guan_MAT_crt_amber (256, 256) scale 1.8986999988555908
LIGHTMAP_DATA_PASS SITE_hengwu-yuan_MAT_crt_amber (1024, 1024) scale 1.0
LIGHTMAP_DATA_PASS SITE_daguan-lou_MAT_backstage (1024, 1024) scale 3.3852319717407227
LIGHTMAP_DATA_PASS SITE_qiushuang-zhai_MAT_backstage (1024, 1024) scale 3.2525596618652344
LIGHTMAP_DATA_PASS SITE_hengwu-yuan_MAT_plaster_rock (1024, 1024) scale 1.0
LIGHTMAP_DATA_PASS SITE_daoxiang-cun_MAT_plaster_rock (1024, 1024) scale 2.7924745082855225
LIGHTMAP_DATA_PASS SITE_ouxiang-xie_MAT_plaster_rock (1024, 1024) scale 1.0
LIGHTMAP_DATA_PASS SITE_yihong-yuan_MAT_plaster_rock (1024, 1024) scale 1.0
LIGHTMAP_DATA_PASS SITE_ziling-zhou_MAT_plaster_rock (1024, 1024) scale 1.0
LIGHTMAP_DATA_PASS SITE_terminal-cells_MAT_terminal_scroll (1024, 1024) scale 1.0
LIGHTMAP_DATA_PASS SITE_daguan-lou_MAT_plaster_rock (1024, 1024) scale 1.0
LIGHTMAP_DATA_PASS SITE_qinfang-ting_MAT_props_atlas (1024, 1024) scale 1.2309736013412476
LIGHTMAP_DATA_PASS HERO_study_scroll_plum.001 (256, 256) scale 1.3793855905532837
LIGHTMAP_DATA_PASS SITE_aojing-guan_MAT_lattice_wood (1024, 1024) scale 3.597756862640381
LIGHTMAP_DATA_PASS SITE_qiushuang-zhai_MAT_plaster_rock (1024, 1024) scale 1.0
LIGHTMAP_DATA_PASS SITE_daguan-lou_MAT_rooftile (1024, 1024) scale 1.0393640995025635
LIGHTMAP_DATA_PASS HERO_table_pedestal.001 (256, 256) scale 1.0
LIGHTMAP_DATA_PASS SITE_tubi-tang_MAT_crt_amber (1024, 1024) scale 1.0
LIGHTMAP_DATA_PASS SITE_daoxiang-cun_MAT_crt_amber (256, 256) scale 1.0
LIGHTMAP_DATA_PASS SITE_longcui-an_MAT_props_atlas (1024, 1024) scale 1.2251472473144531
LIGHTMAP_DATA_PASS SITE_stage_MAT_painted_mountains_2 (1024, 1024) scale 1.0
LIGHTMAP_DATA_PASS SITE_qinfang-ting_MAT_plaster_rock (1024, 1024) scale 1.0
LIGHTMAP_DATA_PASS SITE_terminal-cells_MAT_plaster_rock (1024, 1024) scale 1.0
LIGHTMAP_DATA_PASS SITE_terminal-cells_MAT_tech_atlas (1024, 1024) scale 1.0
LIGHTMAP_DATA_PASS SITE_qiushuang-zhai_MAT_tech_atlas (1024, 1024) scale 1.8849411010742188
LIGHTMAP_DATA_PASS SITE_qiushuang-zhai_MAT_bronze (1024, 1024) scale 1.2296335697174072
LIGHTMAP_DATA_PASS SITE_xiaoxiang-guan_MAT_backstage (1024, 1024) scale 5.2696356773376465
LIGHTMAP_DATA_PASS SITE_ouxiang-xie_MAT_bronze (256, 256) scale 1.0
LIGHTMAP_DATA_PASS HERO_table_line_1_broken.001 (256, 256) scale 1.0
LIGHTMAP_DATA_PASS SITE_rockery-gate_MAT_props_atlas (1024, 1024) scale 1.3306690454483032
LIGHTMAP_DATA_PASS SITE_stage_MAT_backstage (1024, 1024) scale 1.0
LIGHTMAP_DATA_PASS SITE_daguan-lou_MAT_lattice_wood (1024, 1024) scale 3.6166083812713623
LIGHTMAP_DATA_PASS SITE_hengwu-yuan_MAT_rooftile (1024, 1024) scale 1.0
LIGHTMAP_DATA_PASS SITE_xiaoxiang-guan_MAT_whitewash (1024, 1024) scale 16.46860122680664
LIGHTMAP_DATA_PASS SITE_ziling-zhou_MAT_pavilion_atlas (1024, 1024) scale 1.0
LIGHTMAP_DATA_PASS SITE_daoxiang-cun_MAT_bronze (256, 256) scale 1.0
LIGHTMAP_DATA_PASS SITE_yihong-yuan_MAT_lattice_wood (256, 256) scale 5.047248840332031
LIGHTMAP_DATA_PASS SITE_ouxiang-xie_MAT_lattice_wood (1024, 1024) scale 1.0
LIGHTMAP_DATA_PASS SITE_ouxiang-xie_MAT_rooftile (1024, 1024) scale 1.0
LIGHTMAP_DATA_PASS HERO_table_line_6_broken.001 (256, 256) scale 1.0
LIGHTMAP_DATA_PASS SITE_daoxiang-cun_MAT_lattice_wood (1024, 1024) scale 2.503871202468872
LIGHTMAP_DATA_PASS SITE_hengwu-yuan_MAT_lattice_wood (1024, 1024) scale 2.6979355812072754
LIGHTMAP_DATA_PASS SITE_qinfang-ting_MAT_foliage_card (1024, 1024) scale 1.0
LIGHTMAP_DATA_PASS SITE_xiaoxiang-guan_MAT_bronze (256, 256) scale 1.0
LIGHTMAP_DATA_PASS HERO_qinfang_bridge.001 (1024, 1024) scale 1.0
LIGHTMAP_DATA_PASS SITE_qiushuang-zhai_MAT_lattice_wood (1024, 1024) scale 1.5580527782440186
LIGHTMAP_DATA_PASS SITE_yihong-yuan_MAT_backstage (1024, 1024) scale 1.433057188987732
LIGHTMAP_DATA_PASS SITE_aojing-guan_MAT_plaster_rock (1024, 1024) scale 1.0
LIGHTMAP_DATA_PASS HERO_table_hexagram.001 (256, 256) scale 1.0
LIGHTMAP_DATA_PASS SITE_tubi-tang_MAT_lantern (256, 256) scale 1.0704931020736694
LIGHTMAP_DATA_PASS SITE_daguan-lou_MAT_bronze (1024, 1024) scale 1.0
LIGHTMAP_DATA_PASS HERO_table_line_1_solid.001 (256, 256) scale 1.0
LIGHTMAP_DATA_PASS SITE_stage_MAT_painted_mountains_0 (1024, 1024) scale 1.0
LIGHTMAP_DATA_PASS SITE_qinfang-ting_MAT_pavilion_atlas (1024, 1024) scale 1.0
LIGHTMAP_DATA_PASS SITE_tubi-tang_MAT_props_atlas (1024, 1024) scale 1.251761794090271
LIGHTMAP_DATA_PASS SITE_tubi-tang_MAT_plaster_rock (1024, 1024) scale 1.0
LIGHTMAP_DATA_PASS HERO_table_line_6_solid.001 (256, 256) scale 1.0
LIGHTMAP_DATA_PASS SITE_yihong-yuan_MAT_yihong_lacquer (1024, 1024) scale 4.411762714385986
LIGHTMAP_DATA_PASS SITE_daguan-lou_MAT_daguan_recess (1024, 1024) scale 1.0
LIGHTMAP_DATA_PASS HERO_table_line_3_broken.001 (256, 256) scale 1.0
LIGHTMAP_DATA_PASS SITE_xiaoxiang-guan_MAT_plaster_rock (1024, 1024) scale 1.0
LIGHTMAP_DATA_PASS SITE_qiushuang-zhai_MAT_props_atlas (1024, 1024) scale 1.218483567237854
LIGHTMAP_DATA_PASS SITE_xiaoxiang-guan_MAT_crt_amber (256, 256) scale 5.410636901855469
LIGHTMAP_DATA_PASS HERO_table_line_4_broken.001 (256, 256) scale 1.0
LIGHTMAP_DATA_PASS SITE_rockery-gate_MAT_lattice_wood (256, 256) scale 1.0
LIGHTMAP_DATA_PASS SITE_terminal-cells_MAT_props_atlas (1024, 1024) scale 1.0
LIGHTMAP_DATA_PASS SITE_longcui-an_MAT_lattice_wood (256, 256) scale 1.0
LIGHTMAP_DATA_PASS HERO_gate_water_drips.001 (1024, 1024) scale 4.014223098754883
LIGHTMAP_DATA_PASS SITE_stage_MAT_lattice_wood (256, 256) scale 1.0
LIGHTMAP_DATA_PASS SITE_longcui-an_MAT_bronze (256, 256) scale 1.0
LIGHTMAP_DATA_PASS SITE_stage_MAT_painted_mountains_1 (1024, 1024) scale 1.0
LIGHTMAP_DATA_PASS SITE_terminal-cells_MAT_backstage (1024, 1024) scale 1.0
LIGHTMAP_DATA_PASS SITE_yihong-yuan_MAT_crt_amber (256, 256) scale 1.2480452060699463
LIGHTMAP_DATA_PASS SITE_tubi-tang_MAT_rooftile (1024, 1024) scale 1.0
LIGHTMAP_DATA_PASS SITE_daoxiang-cun_MAT_whitewash (1024, 1024) scale 1.0
LIGHTMAP_DATA_PASS SITE_tubi-tang_MAT_lattice_wood (1024, 1024) scale 2.70117449760437
LIGHTMAP_DATA_PASS SITE_tubi-tang_MAT_whitewash (1024, 1024) scale 1.024176001548767
LIGHTMAP_DATA_PASS SITE_qiushuang-zhai_MAT_rooftile (1024, 1024) scale 1.0
LIGHTMAP_DATA_PASS SITE_longcui-an_MAT_rooftile (1024, 1024) scale 1.0
LIGHTMAP_DATA_PASS HERO_table_line_5_broken.001 (256, 256) scale 1.0
LIGHTMAP_DATA_PASS SITE_hengwu-yuan_MAT_bronze (256, 256) scale 1.0
LIGHTMAP_DATA_PASS HERO_table_line_2_solid.001 (256, 256) scale 1.0
LIGHTMAP_DATA_PASS SITE_longcui-an_MAT_backstage (256, 256) scale 1.0
LIGHTMAP_DATA_PASS SITE_daoxiang-cun_MAT_paddy_painted_texture (256, 256) scale 1.0
LIGHTMAP_DATA_PASS SITE_daoxiang-cun_MAT_thatch (1024, 1024) scale 1.0
LIGHTMAP_DATA_PASS SITE_xiaoxiang-guan_MAT_lattice_wood (256, 256) scale 15.358697891235352
LIGHTMAP_DATA_PASS SITE_aojing-guan_MAT_backstage (1024, 1024) scale 1.9928125143051147
LIGHTMAP_DATA_PASS SITE_rockery-gate_MAT_foliage_card (1024, 1024) scale 1.0
LIGHTMAP_DATA_PASS HERO_table_line_5_solid.001 (256, 256) scale 1.0
LIGHTMAP_DATA_PASS SITE_ouxiang-xie_MAT_props_atlas (1024, 1024) scale 1.2320973873138428
LIGHTMAP_DATA_PASS SITE_rockery-gate_MAT_pavilion_atlas (1024, 1024) scale 1.0
LIGHTMAP_DATA_PASS SITE_hengwu-yuan_MAT_whitewash (1024, 1024) scale 1.0207704305648804
LIGHTMAP_DATA_PASS SITE_yihong-yuan_MAT_rooftile (1024, 1024) scale 1.0
LIGHTMAP_DATA_PASS HERO_table_line_4_solid.001 (256, 256) scale 1.0
LIGHTMAP_DATA_PASS SITE_stage_MAT_plaster_rock (1024, 1024) scale 1.0
LIGHTMAP_DATA_PASS SITE_aojing-guan_MAT_whitewash (1024, 1024) scale 5.090676784515381
LIGHTMAP_DATA_PASS SITE_stage_MAT_stage_canvas (1024, 1024) scale 1.0
LIGHTMAP_DATA_PASS SITE_yihong-yuan_MAT_bronze (256, 256) scale 1.0
LIGHTMAP_DATA_PASS SITE_tubi-tang_MAT_bronze (256, 256) scale 1.0
LIGHTMAP_DATA_PASS SITE_tubi-tang_MAT_tubi_terrace_plaster (1024, 1024) scale 1.0
LIGHTMAP_DATA_PASS SITE_xiaoxiang-guan_MAT_rooftile (1024, 1024) scale 1.0845074653625488
LIGHTMAP_DATA_PASS SITE_longcui-an_MAT_plaster_rock (1024, 1024) scale 1.0
LIGHTMAP_DATA_PASS SITE_rockery-gate_MAT_plaster_rock (1024, 1024) scale 1.0
LIGHTMAP_DATA_PASS SITE_hengwu-yuan_MAT_backstage (1024, 1024) scale 5.460887908935547
LIGHTMAP_DATA_PASS SITE_daguan-lou_MAT_crt_amber (1024, 1024) scale 1.0992721319198608
LIGHTMAP_DATA_PASS HERO_table_line_3_solid.001 (256, 256) scale 1.0
LIGHTMAP_DATA_PASS SITE_daoxiang-cun_MAT_backstage (1024, 1024) scale 36.87541198730469
LIGHTMAP_DATA_PASS SITE_tubi-tang_MAT_backstage (1024, 1024) scale 6.1073503494262695
LIGHTMAP_DATA_PASS SITE_daguan-lou_MAT_daguan_lacquer (1024, 1024) scale 1.8714654445648193
LIGHTMAP_DATA_PASS SITE_longcui-an_MAT_whitewash (1024, 1024) scale 1.0
LIGHTMAP_DATA_PASS HERO_table_line_2_broken.001 (256, 256) scale 1.0
LIGHTMAP_DATA_PASS SITE_hengwu-yuan_MAT_wall_atlas (1024, 1024) scale 1.0
BAKE_COVERAGE 124 / 124
