Godot Engine v4.7.2.stable.official.ed1daf0bf - https://godotengine.org
OpenGL API 4.1 Metal - 90.5 - Compatibility - Using Device: Apple - Apple M2 Max

DIAGNOSTIC_INITIALIZED true mode 0
DIAGNOSTIC_SCENE_LOADED
DIAGNOSTIC_SCENE_READY
DIAGNOSTIC_SETTLE_START true frames 0
DIAGNOSTIC_BEFORE_DRAW true frames 15
DIAGNOSTIC_SETTLE_DONE
DIAGNOSTIC_SETTLE_START true frames 15
DIAGNOSTIC_BEFORE_DRAW true frames 31
DIAGNOSTIC_SETTLE_DONE
DIAGNOSTIC_SETTLE_START true frames 31
DIAGNOSTIC_BEFORE_DRAW true frames 199
DIAGNOSTIC_SETTLE_DONE
DIAGNOSTIC_SETTLE_START true frames 199
DIAGNOSTIC_BEFORE_DRAW true frames 215
DIAGNOSTIC_SETTLE_DONE
DIAGNOSTIC_SETTLE_START true frames 215
DIAGNOSTIC_BEFORE_DRAW true frames 231
DIAGNOSTIC_SETTLE_DONE
DIAGNOSTIC_SETTLE_START true frames 231
DIAGNOSTIC_BEFORE_DRAW true frames 247
DIAGNOSTIC_SETTLE_DONE
DIAGNOSTIC_SETTLE_START true frames 247
DIAGNOSTIC_BEFORE_DRAW true frames 408
DIAGNOSTIC_SETTLE_DONE
DIAGNOSTIC_SETTLE_START true frames 408
DIAGNOSTIC_BEFORE_DRAW true frames 424
DIAGNOSTIC_SETTLE_DONE
DIAGNOSTIC_SETTLE_START true frames 424
DIAGNOSTIC_BEFORE_DRAW true frames 440
DIAGNOSTIC_SETTLE_DONE
DIAGNOSTIC_SETTLE_START true frames 440
DIAGNOSTIC_BEFORE_DRAW true frames 609
DIAGNOSTIC_SETTLE_DONE
DIAGNOSTIC_SETTLE_START true frames 609
DIAGNOSTIC_BEFORE_DRAW true frames 625
DIAGNOSTIC_SETTLE_DONE
DIAGNOSTIC_SETTLE_START true frames 625
DIAGNOSTIC_BEFORE_DRAW true frames 641
DIAGNOSTIC_SETTLE_DONE
DIAGNOSTIC_SETTLE_START true frames 641
DIAGNOSTIC_BEFORE_DRAW true frames 657
DIAGNOSTIC_SETTLE_DONE
DIAGNOSTIC_SETTLE_START true frames 657
DIAGNOSTIC_BEFORE_DRAW true frames 817
DIAGNOSTIC_SETTLE_DONE
DIAGNOSTIC_SETTLE_START true frames 817
DIAGNOSTIC_BEFORE_DRAW true frames 833
DIAGNOSTIC_SETTLE_DONE
HENGWU_DETAIL_FRAMING_RESULT 10 captures; 0 failures
