00:00.340  blend            | Read blend: "/Users/auchan/projects/garden-of-dreams/blender/kits/KIT_water.blend"
BlenderMCP addon registered
INFO Draco is available, use library at /Applications/Blender.app/Contents/Resources/5.2/scripts/addons_core/io_scene_gltf2/libbf_intern_draco_bridge.dylib
INFO MeshOptimizer is available, use library at /Applications/Blender.app/Contents/Resources/5.2/scripts/addons_core/io_scene_gltf2/libbf_intern_meshopt_bridge.dylib
14:33:11 | INFO: Starting glTF 2.0 export
14:33:11 | INFO: Extracting primitive: KIT_water_surface
14:33:11 | INFO: Primitives created: 1
14:33:11 | INFO: Finished glTF 2.0 export in 0.005700826644897461 s

14:33:11 | INFO: Starting glTF 2.0 export
14:33:11 | INFO: Extracting primitive: KIT_water_surface.001
14:33:11 | INFO: Primitives created: 1
14:33:11 | INFO: Finished glTF 2.0 export in 0.0022568702697753906 s

14:33:11 | INFO: Starting glTF 2.0 export
14:33:11 | INFO: Extracting primitive: KIT_water_surface.002
14:33:11 | INFO: Primitives created: 1
14:33:11 | INFO: Finished glTF 2.0 export in 0.002187967300415039 s

14:33:11 | INFO: Starting glTF 2.0 export
14:33:11 | INFO: Extracting primitive: KIT_water_surface.003
14:33:11 | INFO: Primitives created: 1
14:33:11 | INFO: Finished glTF 2.0 export in 0.0021257400512695312 s

14:33:11 | INFO: Starting glTF 2.0 export
14:33:11 | INFO: Extracting primitive: COL_water_embankment
14:33:11 | INFO: Primitives created: 1
14:33:11 | INFO: Extracting primitive: KIT_water_masonry
14:33:11 | WARNING: More than one shader node tex image used for a texture. The resulting glTF sampler will behave like the first shader node tex image.
14:33:11 | INFO: Primitives created: 1
14:33:11 | INFO: Finished glTF 2.0 export in 0.15163278579711914 s

14:33:11 | INFO: Starting glTF 2.0 export
14:33:11 | INFO: Extracting primitive: COL_water_embankment.001
14:33:11 | INFO: Primitives created: 1
14:33:11 | INFO: Extracting primitive: KIT_water_embankment_lod
14:33:11 | WARNING: More than one shader node tex image used for a texture. The resulting glTF sampler will behave like the first shader node tex image.
14:33:11 | INFO: Primitives created: 1
14:33:11 | INFO: Finished glTF 2.0 export in 0.009859085083007812 s

14:33:11 | INFO: Starting glTF 2.0 export
14:33:11 | INFO: Extracting primitive: KIT_water_lotus_leaf
14:33:11 | INFO: Primitives created: 1
14:33:11 | INFO: Finished glTF 2.0 export in 0.0023832321166992188 s

14:33:11 | INFO: Starting glTF 2.0 export
14:33:11 | INFO: Extracting primitive: KIT_water_lotus_leaf.006
14:33:11 | INFO: Primitives created: 1
14:33:11 | INFO: Finished glTF 2.0 export in 0.0037059783935546875 s

14:33:11 | INFO: Starting glTF 2.0 export
14:33:11 | INFO: Extracting primitive: COL_water_bridge_deck
14:33:11 | INFO: Primitives created: 1
14:33:11 | INFO: Extracting primitive: COL_water_bridge_side
14:33:11 | INFO: Primitives created: 1
14:33:11 | INFO: Extracting primitive: COL_water_bridge_side.001
14:33:11 | INFO: Primitives created: 1
14:33:11 | INFO: Extracting primitive: KIT_water_plank
14:33:11 | WARNING: More than one shader node tex image used for a texture. The resulting glTF sampler will behave like the first shader node tex image.
14:33:11 | INFO: Primitives created: 1
14:33:11 | INFO: Finished glTF 2.0 export in 0.011377334594726562 s

14:33:11 | INFO: Starting glTF 2.0 export
14:33:11 | INFO: Extracting primitive: COL_water_bridge_deck.001
14:33:11 | INFO: Primitives created: 1
14:33:11 | INFO: Extracting primitive: COL_water_bridge_side.002
14:33:11 | INFO: Primitives created: 1
14:33:11 | INFO: Extracting primitive: COL_water_bridge_side.003
14:33:11 | INFO: Primitives created: 1
14:33:11 | INFO: Extracting primitive: KIT_water_deck_lod
14:33:11 | WARNING: More than one shader node tex image used for a texture. The resulting glTF sampler will behave like the first shader node tex image.
14:33:11 | INFO: Primitives created: 1
14:33:11 | INFO: Finished glTF 2.0 export in 0.010938167572021484 s

14:33:11 | INFO: Starting glTF 2.0 export
14:33:11 | INFO: Extracting primitive: COL_water_bridge_deck.002
14:33:11 | INFO: Primitives created: 1
14:33:11 | INFO: Extracting primitive: COL_water_bridge_side.004
14:33:11 | INFO: Primitives created: 1
14:33:11 | INFO: Extracting primitive: COL_water_bridge_side.005
14:33:11 | INFO: Primitives created: 1
14:33:11 | INFO: Extracting primitive: KIT_water_stone_deck
14:33:11 | WARNING: More than one shader node tex image used for a texture. The resulting glTF sampler will behave like the first shader node tex image.
14:33:11 | INFO: Primitives created: 1
14:33:11 | INFO: Finished glTF 2.0 export in 0.011268854141235352 s

14:33:11 | INFO: Starting glTF 2.0 export
14:33:11 | INFO: Extracting primitive: COL_water_bridge_deck.003
14:33:11 | INFO: Primitives created: 1
14:33:11 | INFO: Extracting primitive: COL_water_bridge_side.006
14:33:11 | INFO: Primitives created: 1
14:33:11 | INFO: Extracting primitive: COL_water_bridge_side.007
14:33:11 | INFO: Primitives created: 1
14:33:11 | INFO: Extracting primitive: KIT_water_deck_lod.001
14:33:11 | WARNING: More than one shader node tex image used for a texture. The resulting glTF sampler will behave like the first shader node tex image.
14:33:11 | INFO: Primitives created: 1
14:33:11 | INFO: Finished glTF 2.0 export in 0.010993003845214844 s
/Users/auchan/projects/garden-of-dreams/.superpowers/sdd/2026-09-23-garden-completion/ziling-source-art/water-kit-parity/executed-update_water_palette.py:32: DeprecationWarning: 'Material.use_nodes' is expected to be removed in Blender 6.0
  uses=[(m.name,n.name) for m in bpy.data.materials if m.use_nodes for n in m.node_tree.nodes if n.type=='TEX_IMAGE' and n.image==original_image];assert uses==[(atlas_material.name,node.name)]
00:00.944  blend            | Read blend: "/Users/auchan/projects/garden-of-dreams/.superpowers/sdd/2026-09-23-garden-completion/ziling-source-art/water-kit-parity/KIT_water.blend"

Info: Saved as "KIT_water.blend"
14:33:12 | INFO: Starting glTF 2.0 export
14:33:12 | INFO: Extracting primitive: KIT_water_surface
14:33:12 | INFO: Primitives created: 1
14:33:12 | INFO: Finished glTF 2.0 export in 0.002103090286254883 s

14:33:12 | INFO: Starting glTF 2.0 export
14:33:12 | INFO: Extracting primitive: KIT_water_surface.001
14:33:12 | INFO: Primitives created: 1
14:33:12 | INFO: Finished glTF 2.0 export in 0.0026297569274902344 s

14:33:12 | INFO: Starting glTF 2.0 export
14:33:12 | INFO: Extracting primitive: KIT_water_surface.002
14:33:12 | INFO: Primitives created: 1
14:33:12 | INFO: Finished glTF 2.0 export in 0.002125978469848633 s

14:33:12 | INFO: Starting glTF 2.0 export
14:33:12 | INFO: Extracting primitive: KIT_water_surface.003
14:33:12 | INFO: Primitives created: 1
14:33:12 | INFO: Finished glTF 2.0 export in 0.0023658275604248047 s

14:33:12 | INFO: Starting glTF 2.0 export
14:33:12 | INFO: Extracting primitive: COL_water_embankment
14:33:12 | INFO: Primitives created: 1
14:33:12 | INFO: Extracting primitive: KIT_water_masonry
14:33:12 | WARNING: More than one shader node tex image used for a texture. The resulting glTF sampler will behave like the first shader node tex image.
14:33:12 | INFO: Primitives created: 1
14:33:12 | INFO: Finished glTF 2.0 export in 0.009453058242797852 s

14:33:12 | INFO: Starting glTF 2.0 export
14:33:12 | INFO: Extracting primitive: COL_water_embankment.001
14:33:12 | INFO: Primitives created: 1
14:33:12 | INFO: Extracting primitive: KIT_water_embankment_lod
14:33:12 | WARNING: More than one shader node tex image used for a texture. The resulting glTF sampler will behave like the first shader node tex image.
14:33:12 | INFO: Primitives created: 1
14:33:12 | INFO: Finished glTF 2.0 export in 0.009613990783691406 s

14:33:12 | INFO: Starting glTF 2.0 export
14:33:12 | INFO: Extracting primitive: KIT_water_lotus_leaf
14:33:12 | INFO: Primitives created: 1
14:33:12 | INFO: Finished glTF 2.0 export in 0.002373218536376953 s

14:33:12 | INFO: Starting glTF 2.0 export
14:33:12 | INFO: Extracting primitive: KIT_water_lotus_leaf.006
14:33:12 | INFO: Primitives created: 1
14:33:12 | INFO: Finished glTF 2.0 export in 0.0026328563690185547 s

14:33:12 | INFO: Starting glTF 2.0 export
14:33:12 | INFO: Extracting primitive: COL_water_bridge_deck
14:33:12 | INFO: Primitives created: 1
14:33:12 | INFO: Extracting primitive: COL_water_bridge_side
14:33:12 | INFO: Primitives created: 1
14:33:12 | INFO: Extracting primitive: COL_water_bridge_side.001
14:33:12 | INFO: Primitives created: 1
14:33:12 | INFO: Extracting primitive: KIT_water_plank
14:33:12 | WARNING: More than one shader node tex image used for a texture. The resulting glTF sampler will behave like the first shader node tex image.
14:33:12 | INFO: Primitives created: 1
14:33:12 | INFO: Finished glTF 2.0 export in 0.011543989181518555 s

14:33:12 | INFO: Starting glTF 2.0 export
14:33:12 | INFO: Extracting primitive: COL_water_bridge_deck.001
14:33:12 | INFO: Primitives created: 1
14:33:12 | INFO: Extracting primitive: COL_water_bridge_side.002
14:33:12 | INFO: Primitives created: 1
14:33:12 | INFO: Extracting primitive: COL_water_bridge_side.003
14:33:12 | INFO: Primitives created: 1
14:33:12 | INFO: Extracting primitive: KIT_water_deck_lod
14:33:12 | WARNING: More than one shader node tex image used for a texture. The resulting glTF sampler will behave like the first shader node tex image.
14:33:12 | INFO: Primitives created: 1
14:33:12 | INFO: Finished glTF 2.0 export in 0.020830869674682617 s

14:33:12 | INFO: Starting glTF 2.0 export
14:33:12 | INFO: Extracting primitive: COL_water_bridge_deck.002
14:33:12 | INFO: Primitives created: 1
14:33:12 | INFO: Extracting primitive: COL_water_bridge_side.004
14:33:12 | INFO: Primitives created: 1
14:33:12 | INFO: Extracting primitive: COL_water_bridge_side.005
14:33:12 | INFO: Primitives created: 1
14:33:12 | INFO: Extracting primitive: KIT_water_stone_deck
14:33:12 | WARNING: More than one shader node tex image used for a texture. The resulting glTF sampler will behave like the first shader node tex image.
14:33:12 | INFO: Primitives created: 1
14:33:12 | INFO: Finished glTF 2.0 export in 0.011379003524780273 s

14:33:12 | INFO: Starting glTF 2.0 export
14:33:12 | INFO: Extracting primitive: COL_water_bridge_deck.003
14:33:12 | INFO: Primitives created: 1
14:33:12 | INFO: Extracting primitive: COL_water_bridge_side.006
14:33:12 | INFO: Primitives created: 1
14:33:12 | INFO: Extracting primitive: COL_water_bridge_side.007
14:33:12 | INFO: Primitives created: 1
14:33:12 | INFO: Extracting primitive: KIT_water_deck_lod.001
14:33:12 | WARNING: More than one shader node tex image used for a texture. The resulting glTF sampler will behave like the first shader node tex image.
14:33:12 | INFO: Primitives created: 1
14:33:12 | INFO: Finished glTF 2.0 export in 0.011209964752197266 s

SAVED_WATER_PALETTE_PASS /Users/auchan/projects/garden-of-dreams/.superpowers/sdd/2026-09-23-garden-completion/ziling-source-art/water-kit-parity
BlenderMCP addon unregistered
Blender 5.2.2 LTS (hash d13f752e3b9c built 2026-09-15 01:49:19)

Blender quit
