WorkerThreadPool: 12 threads, 3 max low-priority.
Godot Engine v4.7.2.stable.official.ed1daf0bf - https://godotengine.org
TextServer: Added interface "Dummy"
TextServer: Added interface "ICU / HarfBuzz / Graphite (Built-in)"
SDL: Init OK!
Using "default" pen tablet driver...

TextServer: Primary interface set to: "ICU / HarfBuzz / Graphite (Built-in)".
CORE API HASH: 2004498165
EDITOR API HASH: 1696660745
Loading resource: res://tests/test_baked_backdrop_wash.gd remapped: res://tests/test_baked_backdrop_wash.gd
Completed load for: 'res://tests/test_baked_backdrop_wash.gd' remapped 'res://tests/test_baked_backdrop_wash.gd' at thread -1
SceneTreeFTI: traversal method DEFAULT
Loaded system CA certificates
Loading resource: res://garden_preview.tscn remapped: res://garden_preview.tscn
Loading resource: res://assets/garden-of-dreams.glb remapped: res://assets/garden-of-dreams.glb
Loading resource: res://.godot/imported/garden-of-dreams.glb-869f920d830dc1625bcf5b31432c447d.scn remapped: res://.godot/imported/garden-of-dreams.glb-869f920d830dc1625bcf5b31432c447d.scn
Loading resource: res://assets/garden-of-dreams_aojing-guan-title.png remapped: res://assets/garden-of-dreams_aojing-guan-title.png
Loading resource: res://.godot/imported/garden-of-dreams_aojing-guan-title.png-ceadbd911878621abc54b1711ac30326.s3tc.ctex remapped: res://.godot/imported/garden-of-dreams_aojing-guan-title.png-ceadbd911878621abc54b1711ac30326.s3tc.ctex
Completed load for: 'res://assets/garden-of-dreams_aojing-guan-title.png' remapped 'res://assets/garden-of-dreams_aojing-guan-title.png' at thread -1
Loading resource: res://assets/garden-of-dreams_daguan-title.png remapped: res://assets/garden-of-dreams_daguan-title.png
Loading resource: res://.godot/imported/garden-of-dreams_daguan-title.png-ab2ac80d7adb5c750682222a858efaaa.s3tc.ctex remapped: res://.godot/imported/garden-of-dreams_daguan-title.png-ab2ac80d7adb5c750682222a858efaaa.s3tc.ctex
Completed load for: 'res://assets/garden-of-dreams_daguan-title.png' remapped 'res://assets/garden-of-dreams_daguan-title.png' at thread -1
Loading resource: res://assets/garden-of-dreams_daoxiang-cun-title.png remapped: res://assets/garden-of-dreams_daoxiang-cun-title.png
Loading resource: res://.godot/imported/garden-of-dreams_daoxiang-cun-title.png-5c3b5580a22ef4349c7513192a4804da.s3tc.ctex remapped: res://.godot/imported/garden-of-dreams_daoxiang-cun-title.png-5c3b5580a22ef4349c7513192a4804da.s3tc.ctex
Completed load for: 'res://assets/garden-of-dreams_daoxiang-cun-title.png' remapped 'res://assets/garden-of-dreams_daoxiang-cun-title.png' at thread -1
Loading resource: res://materials/flora_atlas.tres remapped: res://materials/flora_atlas.tres
Loading resource: res://assets/kits/flora/flora-basecolor.png remapped: res://assets/kits/flora/flora-basecolor.png
Loading resource: res://.godot/imported/flora-basecolor.png-4a533c45ec4201f867b8ce17433b451f.s3tc.ctex remapped: res://.godot/imported/flora-basecolor.png-4a533c45ec4201f867b8ce17433b451f.s3tc.ctex
Completed load for: 'res://assets/kits/flora/flora-basecolor.png' remapped 'res://assets/kits/flora/flora-basecolor.png' at thread -1
Completed load for: 'res://materials/flora_atlas.tres' remapped 'res://materials/flora_atlas.tres' at thread -1
Loading resource: res://assets/garden-of-dreams_gate-inscription.png remapped: res://assets/garden-of-dreams_gate-inscription.png
Loading resource: res://.godot/imported/garden-of-dreams_gate-inscription.png-f3680918afe7f6a7134298c27603fcb0.ctex remapped: res://.godot/imported/garden-of-dreams_gate-inscription.png-f3680918afe7f6a7134298c27603fcb0.ctex
Completed load for: 'res://assets/garden-of-dreams_gate-inscription.png' remapped 'res://assets/garden-of-dreams_gate-inscription.png' at thread -1
Loading resource: res://assets/garden-of-dreams_gate-inscription-normal.png remapped: res://assets/garden-of-dreams_gate-inscription-normal.png
Loading resource: res://.godot/imported/garden-of-dreams_gate-inscription-normal.png-745468290ec7fca8f620f85bf6c27fad.ctex remapped: res://.godot/imported/garden-of-dreams_gate-inscription-normal.png-745468290ec7fca8f620f85bf6c27fad.ctex
Completed load for: 'res://assets/garden-of-dreams_gate-inscription-normal.png' remapped 'res://assets/garden-of-dreams_gate-inscription-normal.png' at thread -1
Loading resource: res://assets/garden-of-dreams_gate-water-drips.png remapped: res://assets/garden-of-dreams_gate-water-drips.png
Loading resource: res://.godot/imported/garden-of-dreams_gate-water-drips.png-b899c1aa7795580486949d6463fa6d5a.s3tc.ctex remapped: res://.godot/imported/garden-of-dreams_gate-water-drips.png-b899c1aa7795580486949d6463fa6d5a.s3tc.ctex
Completed load for: 'res://assets/garden-of-dreams_gate-water-drips.png' remapped 'res://assets/garden-of-dreams_gate-water-drips.png' at thread -1
Loading resource: res://assets/garden-of-dreams_hengwu-yuan-title.png remapped: res://assets/garden-of-dreams_hengwu-yuan-title.png
Loading resource: res://.godot/imported/garden-of-dreams_hengwu-yuan-title.png-d5f312c400437674004f5bf6b747f4b5.s3tc.ctex remapped: res://.godot/imported/garden-of-dreams_hengwu-yuan-title.png-d5f312c400437674004f5bf6b747f4b5.s3tc.ctex
Completed load for: 'res://assets/garden-of-dreams_hengwu-yuan-title.png' remapped 'res://assets/garden-of-dreams_hengwu-yuan-title.png' at thread -1
Loading resource: res://assets/garden-of-dreams_longcui-an-title.png remapped: res://assets/garden-of-dreams_longcui-an-title.png
Loading resource: res://.godot/imported/garden-of-dreams_longcui-an-title.png-2f2c255603e1b72c2c64894bb0937695.s3tc.ctex remapped: res://.godot/imported/garden-of-dreams_longcui-an-title.png-2f2c255603e1b72c2c64894bb0937695.s3tc.ctex
Completed load for: 'res://assets/garden-of-dreams_longcui-an-title.png' remapped 'res://assets/garden-of-dreams_longcui-an-title.png' at thread -1
Loading resource: res://assets/garden-of-dreams_qinfang-ting-title.png remapped: res://assets/garden-of-dreams_qinfang-ting-title.png
Loading resource: res://.godot/imported/garden-of-dreams_qinfang-ting-title.png-883437ecef6f9055298c77775b39aaee.s3tc.ctex remapped: res://.godot/imported/garden-of-dreams_qinfang-ting-title.png-883437ecef6f9055298c77775b39aaee.s3tc.ctex
Completed load for: 'res://assets/garden-of-dreams_qinfang-ting-title.png' remapped 'res://assets/garden-of-dreams_qinfang-ting-title.png' at thread -1
Loading resource: res://assets/garden-of-dreams_bamboo-scroll.png remapped: res://assets/garden-of-dreams_bamboo-scroll.png
Loading resource: res://.godot/imported/garden-of-dreams_bamboo-scroll.png-d131e05f012eed65a3b5820b492bfa9f.s3tc.ctex remapped: res://.godot/imported/garden-of-dreams_bamboo-scroll.png-d131e05f012eed65a3b5820b492bfa9f.s3tc.ctex
Completed load for: 'res://assets/garden-of-dreams_bamboo-scroll.png' remapped 'res://assets/garden-of-dreams_bamboo-scroll.png' at thread -1
Loading resource: res://assets/garden-of-dreams_plum-scroll.png remapped: res://assets/garden-of-dreams_plum-scroll.png
Loading resource: res://.godot/imported/garden-of-dreams_plum-scroll.png-053ff5793eaafa63a05dd04000f7e1b0.s3tc.ctex remapped: res://.godot/imported/garden-of-dreams_plum-scroll.png-053ff5793eaafa63a05dd04000f7e1b0.s3tc.ctex
Completed load for: 'res://assets/garden-of-dreams_plum-scroll.png' remapped 'res://assets/garden-of-dreams_plum-scroll.png' at thread -1
Loading resource: res://assets/garden-of-dreams_hall-title.png remapped: res://assets/garden-of-dreams_hall-title.png
Loading resource: res://.godot/imported/garden-of-dreams_hall-title.png-fbf66fd27df9873f57edfc758785ca43.s3tc.ctex remapped: res://.godot/imported/garden-of-dreams_hall-title.png-fbf66fd27df9873f57edfc758785ca43.s3tc.ctex
Completed load for: 'res://assets/garden-of-dreams_hall-title.png' remapped 'res://assets/garden-of-dreams_hall-title.png' at thread -1
Loading resource: res://assets/garden-of-dreams_pavilion_basecolor.png remapped: res://assets/garden-of-dreams_pavilion_basecolor.png
Loading resource: res://.godot/imported/garden-of-dreams_pavilion_basecolor.png-44272d91ed5d1bd6f395fe5ecb56b2c9.s3tc.ctex remapped: res://.godot/imported/garden-of-dreams_pavilion_basecolor.png-44272d91ed5d1bd6f395fe5ecb56b2c9.s3tc.ctex
Completed load for: 'res://assets/garden-of-dreams_pavilion_basecolor.png' remapped 'res://assets/garden-of-dreams_pavilion_basecolor.png' at thread -1
Loading resource: res://assets/garden-of-dreams_pavilion_orm.png remapped: res://assets/garden-of-dreams_pavilion_orm.png
Loading resource: res://.godot/imported/garden-of-dreams_pavilion_orm.png-3840410e69b6f87f2fbe6afc4e862db6.s3tc.ctex remapped: res://.godot/imported/garden-of-dreams_pavilion_orm.png-3840410e69b6f87f2fbe6afc4e862db6.s3tc.ctex
Completed load for: 'res://assets/garden-of-dreams_pavilion_orm.png' remapped 'res://assets/garden-of-dreams_pavilion_orm.png' at thread -1
Loading resource: res://assets/garden-of-dreams_pavilion_normal.png remapped: res://assets/garden-of-dreams_pavilion_normal.png
Loading resource: res://.godot/imported/garden-of-dreams_pavilion_normal.png-be15a8962a4ee9ae49d702dd0c9844fa.s3tc.ctex remapped: res://.godot/imported/garden-of-dreams_pavilion_normal.png-be15a8962a4ee9ae49d702dd0c9844fa.s3tc.ctex
Completed load for: 'res://assets/garden-of-dreams_pavilion_normal.png' remapped 'res://assets/garden-of-dreams_pavilion_normal.png' at thread -1
Loading resource: res://assets/garden-of-dreams_tubi-title.png remapped: res://assets/garden-of-dreams_tubi-title.png
Loading resource: res://.godot/imported/garden-of-dreams_tubi-title.png-57f9572d6201fcdc4e5059792af440c5.s3tc.ctex remapped: res://.godot/imported/garden-of-dreams_tubi-title.png-57f9572d6201fcdc4e5059792af440c5.s3tc.ctex
Completed load for: 'res://assets/garden-of-dreams_tubi-title.png' remapped 'res://assets/garden-of-dreams_tubi-title.png' at thread -1
Loading resource: res://assets/garden-of-dreams_xiaoxiang-guan-title.png remapped: res://assets/garden-of-dreams_xiaoxiang-guan-title.png
Loading resource: res://.godot/imported/garden-of-dreams_xiaoxiang-guan-title.png-01dac56310041a57cfe02777ac192e9e.s3tc.ctex remapped: res://.godot/imported/garden-of-dreams_xiaoxiang-guan-title.png-01dac56310041a57cfe02777ac192e9e.s3tc.ctex
Completed load for: 'res://assets/garden-of-dreams_xiaoxiang-guan-title.png' remapped 'res://assets/garden-of-dreams_xiaoxiang-guan-title.png' at thread -1
Loading resource: res://assets/garden-of-dreams_yihong-yuan-title.png remapped: res://assets/garden-of-dreams_yihong-yuan-title.png
Loading resource: res://.godot/imported/garden-of-dreams_yihong-yuan-title.png-2a39aa5989900e8777170f71c0106c25.s3tc.ctex remapped: res://.godot/imported/garden-of-dreams_yihong-yuan-title.png-2a39aa5989900e8777170f71c0106c25.s3tc.ctex
Completed load for: 'res://assets/garden-of-dreams_yihong-yuan-title.png' remapped 'res://assets/garden-of-dreams_yihong-yuan-title.png' at thread -1
Loading resource: res://materials/water.tres remapped: res://materials/water.tres
Loading resource: res://shaders/water.gdshader remapped: res://shaders/water.gdshader
Completed load for: 'res://shaders/water.gdshader' remapped 'res://shaders/water.gdshader' at thread -1
Loading resource: res://materials/water-normal.png remapped: res://materials/water-normal.png
Loading resource: res://.godot/imported/water-normal.png-059b9f623fa9a804a15e42c18e01fa66.s3tc.ctex remapped: res://.godot/imported/water-normal.png-059b9f623fa9a804a15e42c18e01fa66.s3tc.ctex
Completed load for: 'res://materials/water-normal.png' remapped 'res://materials/water-normal.png' at thread -1
Completed load for: 'res://materials/water.tres' remapped 'res://materials/water.tres' at thread -1
Loading resource: res://assets/garden-of-dreams_daoxiang-paddy-v1.png remapped: res://assets/garden-of-dreams_daoxiang-paddy-v1.png
Loading resource: res://.godot/imported/garden-of-dreams_daoxiang-paddy-v1.png-00d36a337ad317478ac9512e1c231ce3.s3tc.ctex remapped: res://.godot/imported/garden-of-dreams_daoxiang-paddy-v1.png-00d36a337ad317478ac9512e1c231ce3.s3tc.ctex
Completed load for: 'res://assets/garden-of-dreams_daoxiang-paddy-v1.png' remapped 'res://assets/garden-of-dreams_daoxiang-paddy-v1.png' at thread -1
Loading resource: res://materials/props_atlas.tres remapped: res://materials/props_atlas.tres
Loading resource: res://assets/kits/props/props-basecolor.png remapped: res://assets/kits/props/props-basecolor.png
Loading resource: res://.godot/imported/props-basecolor.png-132ab90eff2d30d5fa19c852a7f094e1.s3tc.ctex remapped: res://.godot/imported/props-basecolor.png-132ab90eff2d30d5fa19c852a7f094e1.s3tc.ctex
Completed load for: 'res://assets/kits/props/props-basecolor.png' remapped 'res://assets/kits/props/props-basecolor.png' at thread -1
Loading resource: res://assets/kits/props/props-orm.png remapped: res://assets/kits/props/props-orm.png
Loading resource: res://.godot/imported/props-orm.png-5c153a0fcab6e07f9a9165845b7a7a41.s3tc.ctex remapped: res://.godot/imported/props-orm.png-5c153a0fcab6e07f9a9165845b7a7a41.s3tc.ctex
Completed load for: 'res://assets/kits/props/props-orm.png' remapped 'res://assets/kits/props/props-orm.png' at thread -1
Loading resource: res://assets/kits/props/props-emission.png remapped: res://assets/kits/props/props-emission.png
Loading resource: res://.godot/imported/props-emission.png-26fd38f2d253a2b2f125e633f3056596.s3tc.ctex remapped: res://.godot/imported/props-emission.png-26fd38f2d253a2b2f125e633f3056596.s3tc.ctex
Completed load for: 'res://assets/kits/props/props-emission.png' remapped 'res://assets/kits/props/props-emission.png' at thread -1
Completed load for: 'res://materials/props_atlas.tres' remapped 'res://materials/props_atlas.tres' at thread -1
Loading resource: res://assets/garden-of-dreams_wall_basecolor.png remapped: res://assets/garden-of-dreams_wall_basecolor.png
Loading resource: res://.godot/imported/garden-of-dreams_wall_basecolor.png-1530a4bf6ab5d616f7c90714f27ee4a0.s3tc.ctex remapped: res://.godot/imported/garden-of-dreams_wall_basecolor.png-1530a4bf6ab5d616f7c90714f27ee4a0.s3tc.ctex
Completed load for: 'res://assets/garden-of-dreams_wall_basecolor.png' remapped 'res://assets/garden-of-dreams_wall_basecolor.png' at thread -1
Loading resource: res://assets/garden-of-dreams_wall_orm.png remapped: res://assets/garden-of-dreams_wall_orm.png
Loading resource: res://.godot/imported/garden-of-dreams_wall_orm.png-1cf92085851365a3b47debd0484b7c26.s3tc.ctex remapped: res://.godot/imported/garden-of-dreams_wall_orm.png-1cf92085851365a3b47debd0484b7c26.s3tc.ctex
Completed load for: 'res://assets/garden-of-dreams_wall_orm.png' remapped 'res://assets/garden-of-dreams_wall_orm.png' at thread -1
Loading resource: res://assets/garden-of-dreams_wall_normal.png remapped: res://assets/garden-of-dreams_wall_normal.png
Loading resource: res://.godot/imported/garden-of-dreams_wall_normal.png-6d9ae2c98f599bc0f62e7f420f457396.s3tc.ctex remapped: res://.godot/imported/garden-of-dreams_wall_normal.png-6d9ae2c98f599bc0f62e7f420f457396.s3tc.ctex
Completed load for: 'res://assets/garden-of-dreams_wall_normal.png' remapped 'res://assets/garden-of-dreams_wall_normal.png' at thread -1
Loading resource: res://materials/tech_atlas.tres remapped: res://materials/tech_atlas.tres
Loading resource: res://assets/kits/tech/tech-basecolor.png remapped: res://assets/kits/tech/tech-basecolor.png
Loading resource: res://.godot/imported/tech-basecolor.png-b0628e7a7ac9a8c192c87839fbd6669f.s3tc.ctex remapped: res://.godot/imported/tech-basecolor.png-b0628e7a7ac9a8c192c87839fbd6669f.s3tc.ctex
Completed load for: 'res://assets/kits/tech/tech-basecolor.png' remapped 'res://assets/kits/tech/tech-basecolor.png' at thread -1
Loading resource: res://assets/kits/tech/tech-orm.png remapped: res://assets/kits/tech/tech-orm.png
Loading resource: res://.godot/imported/tech-orm.png-99d3a6ff4de6d354fab3e1b6bdf59cae.s3tc.ctex remapped: res://.godot/imported/tech-orm.png-99d3a6ff4de6d354fab3e1b6bdf59cae.s3tc.ctex
Completed load for: 'res://assets/kits/tech/tech-orm.png' remapped 'res://assets/kits/tech/tech-orm.png' at thread -1
Loading resource: res://assets/kits/tech/tech-emission.png remapped: res://assets/kits/tech/tech-emission.png
Loading resource: res://.godot/imported/tech-emission.png-c7f14d5c89976d112c5b6caf7c5fa64d.s3tc.ctex remapped: res://.godot/imported/tech-emission.png-c7f14d5c89976d112c5b6caf7c5fa64d.s3tc.ctex
Completed load for: 'res://assets/kits/tech/tech-emission.png' remapped 'res://assets/kits/tech/tech-emission.png' at thread -1
Completed load for: 'res://materials/tech_atlas.tres' remapped 'res://materials/tech_atlas.tres' at thread -1
Loading resource: res://materials/stage/fog.tres remapped: res://materials/stage/fog.tres
Loading resource: res://shaders/floor_fog.gdshader remapped: res://shaders/floor_fog.gdshader
Completed load for: 'res://shaders/floor_fog.gdshader' remapped 'res://shaders/floor_fog.gdshader' at thread -1
Loading resource: res://materials/fog-mask.png remapped: res://materials/fog-mask.png
Loading resource: res://.godot/imported/fog-mask.png-2f6cb9a2f2f5400142829b0d24be08b6.s3tc.ctex remapped: res://.godot/imported/fog-mask.png-2f6cb9a2f2f5400142829b0d24be08b6.s3tc.ctex
Completed load for: 'res://materials/fog-mask.png' remapped 'res://materials/fog-mask.png' at thread -1
Completed load for: 'res://materials/stage/fog.tres' remapped 'res://materials/stage/fog.tres' at thread -1
Loading resource: res://assets/garden-of-dreams_moon-paint.png remapped: res://assets/garden-of-dreams_moon-paint.png
Loading resource: res://.godot/imported/garden-of-dreams_moon-paint.png-68bf7252123caada668032356728ffb3.ctex remapped: res://.godot/imported/garden-of-dreams_moon-paint.png-68bf7252123caada668032356728ffb3.ctex
Completed load for: 'res://assets/garden-of-dreams_moon-paint.png' remapped 'res://assets/garden-of-dreams_moon-paint.png' at thread -1
Loading resource: res://materials/stage/painted_mountains.tres remapped: res://materials/stage/painted_mountains.tres
Loading resource: res://materials/stage/mountain-paint.png remapped: res://materials/stage/mountain-paint.png
Loading resource: res://.godot/imported/mountain-paint.png-9d315343231b7fe2aea5f14cb34e7204.ctex remapped: res://.godot/imported/mountain-paint.png-9d315343231b7fe2aea5f14cb34e7204.ctex
Completed load for: 'res://materials/stage/mountain-paint.png' remapped 'res://materials/stage/mountain-paint.png' at thread -1
Completed load for: 'res://materials/stage/painted_mountains.tres' remapped 'res://materials/stage/painted_mountains.tres' at thread -1
Loading resource: res://materials/stage/cyclorama_moonlit.tres remapped: res://materials/stage/cyclorama_moonlit.tres
Loading resource: res://materials/stage/cyclorama-moonlit.png remapped: res://materials/stage/cyclorama-moonlit.png
Loading resource: res://.godot/imported/cyclorama-moonlit.png-b459b3b94ebdeb19caf31d6e7c4eca5c.s3tc.ctex remapped: res://.godot/imported/cyclorama-moonlit.png-b459b3b94ebdeb19caf31d6e7c4eca5c.s3tc.ctex
Completed load for: 'res://materials/stage/cyclorama-moonlit.png' remapped 'res://materials/stage/cyclorama-moonlit.png' at thread -1
Completed load for: 'res://materials/stage/cyclorama_moonlit.tres' remapped 'res://materials/stage/cyclorama_moonlit.tres' at thread -1
Loading resource: res://materials/stage/atlas.tres remapped: res://materials/stage/atlas.tres
Loading resource: res://materials/stage/stage-basecolor.png remapped: res://materials/stage/stage-basecolor.png
Loading resource: res://.godot/imported/stage-basecolor.png-fe0f01481c5e6a1a0a75536b73f83015.s3tc.ctex remapped: res://.godot/imported/stage-basecolor.png-fe0f01481c5e6a1a0a75536b73f83015.s3tc.ctex
Completed load for: 'res://materials/stage/stage-basecolor.png' remapped 'res://materials/stage/stage-basecolor.png' at thread -1
Loading resource: res://materials/stage/stage-orm.png remapped: res://materials/stage/stage-orm.png
Loading resource: res://.godot/imported/stage-orm.png-672c216064ff4af854877519c7ec8574.s3tc.ctex remapped: res://.godot/imported/stage-orm.png-672c216064ff4af854877519c7ec8574.s3tc.ctex
Completed load for: 'res://materials/stage/stage-orm.png' remapped 'res://materials/stage/stage-orm.png' at thread -1
Completed load for: 'res://materials/stage/atlas.tres' remapped 'res://materials/stage/atlas.tres' at thread -1
Loading resource: res://materials/stage/gel.tres remapped: res://materials/stage/gel.tres
Completed load for: 'res://materials/stage/gel.tres' remapped 'res://materials/stage/gel.tres' at thread -1
Loading resource: res://materials/stage/backstage.tres remapped: res://materials/stage/backstage.tres
Completed load for: 'res://materials/stage/backstage.tres' remapped 'res://materials/stage/backstage.tres' at thread -1
Loading resource: res://materials/terminal_scroll.tres remapped: res://materials/terminal_scroll.tres
Completed load for: 'res://materials/terminal_scroll.tres' remapped 'res://materials/terminal_scroll.tres' at thread -1
Completed load for: 'res://assets/garden-of-dreams.glb' remapped 'res://assets/garden-of-dreams.glb' at thread -1
Loading resource: res://runtime/color_grade.tscn remapped: res://runtime/color_grade.tscn
Loading resource: res://shaders/color_grade.gdshader remapped: res://shaders/color_grade.gdshader
Completed load for: 'res://shaders/color_grade.gdshader' remapped 'res://shaders/color_grade.gdshader' at thread -1
Loading resource: res://materials/tech-noir-atlas.png remapped: res://materials/tech-noir-atlas.png
Loading resource: res://.godot/imported/tech-noir-atlas.png-ed944e62d92edda29a1c86e785d1fc01.ctex remapped: res://.godot/imported/tech-noir-atlas.png-ed944e62d92edda29a1c86e785d1fc01.ctex
Completed load for: 'res://materials/tech-noir-atlas.png' remapped 'res://materials/tech-noir-atlas.png' at thread -1
Completed load for: 'res://runtime/color_grade.tscn' remapped 'res://runtime/color_grade.tscn' at thread -1
Completed load for: 'res://garden_preview.tscn' remapped 'res://garden_preview.tscn' at thread -1
Loading resource: res://runtime/entry_route.tscn remapped: res://runtime/entry_route.tscn
Loading resource: res://runtime/entry_route.gd remapped: res://runtime/entry_route.gd
Completed load for: 'res://runtime/entry_route.gd' remapped 'res://runtime/entry_route.gd' at thread -1
Completed load for: 'res://runtime/entry_route.tscn' remapped 'res://runtime/entry_route.tscn' at thread -1
Loading resource: res://garden_preview.tscn remapped: res://garden_preview.tscn
Loading resource: res://assets/garden-of-dreams.glb remapped: res://assets/garden-of-dreams.glb
Loading resource: res://.godot/imported/garden-of-dreams.glb-869f920d830dc1625bcf5b31432c447d.scn remapped: res://.godot/imported/garden-of-dreams.glb-869f920d830dc1625bcf5b31432c447d.scn
Completed load for: 'res://assets/garden-of-dreams.glb' remapped 'res://assets/garden-of-dreams.glb' at thread -1
Loading resource: res://runtime/color_grade.tscn remapped: res://runtime/color_grade.tscn
Completed load for: 'res://runtime/color_grade.tscn' remapped 'res://runtime/color_grade.tscn' at thread -1
Completed load for: 'res://garden_preview.tscn' remapped 'res://garden_preview.tscn' at thread -1
Loading resource: res://assets/kits/flora/KIT_flora_plum_LOD1.glb remapped: res://assets/kits/flora/KIT_flora_plum_LOD1.glb
Loading resource: res://.godot/imported/KIT_flora_plum_LOD1.glb-5bd0ecb1c91a92f96bc5ebaa28ef4242.scn remapped: res://.godot/imported/KIT_flora_plum_LOD1.glb-5bd0ecb1c91a92f96bc5ebaa28ef4242.scn
Completed load for: 'res://assets/kits/flora/KIT_flora_plum_LOD1.glb' remapped 'res://assets/kits/flora/KIT_flora_plum_LOD1.glb' at thread -1
Loading resource: res://assets/kits/flora/KIT_flora_bamboo_large_LOD1.glb remapped: res://assets/kits/flora/KIT_flora_bamboo_large_LOD1.glb
Loading resource: res://.godot/imported/KIT_flora_bamboo_large_LOD1.glb-20abd562ea24a6ffed1a387e3335f430.scn remapped: res://.godot/imported/KIT_flora_bamboo_large_LOD1.glb-20abd562ea24a6ffed1a387e3335f430.scn
Completed load for: 'res://assets/kits/flora/KIT_flora_bamboo_large_LOD1.glb' remapped 'res://assets/kits/flora/KIT_flora_bamboo_large_LOD1.glb' at thread -1
Loading resource: res://assets/kits/flora/KIT_flora_bamboo_small_LOD1.glb remapped: res://assets/kits/flora/KIT_flora_bamboo_small_LOD1.glb
Loading resource: res://.godot/imported/KIT_flora_bamboo_small_LOD1.glb-a6e4320e8a3ff7d35ac4fd8b67ce2b23.scn remapped: res://.godot/imported/KIT_flora_bamboo_small_LOD1.glb-a6e4320e8a3ff7d35ac4fd8b67ce2b23.scn
Completed load for: 'res://assets/kits/flora/KIT_flora_bamboo_small_LOD1.glb' remapped 'res://assets/kits/flora/KIT_flora_bamboo_small_LOD1.glb' at thread -1
Loading resource: res://assets/kits/flora/KIT_flora_willow_LOD1.glb remapped: res://assets/kits/flora/KIT_flora_willow_LOD1.glb
Loading resource: res://.godot/imported/KIT_flora_willow_LOD1.glb-2b5a854f3b991c7d81548a290d718fed.scn remapped: res://.godot/imported/KIT_flora_willow_LOD1.glb-2b5a854f3b991c7d81548a290d718fed.scn
Completed load for: 'res://assets/kits/flora/KIT_flora_willow_LOD1.glb' remapped 'res://assets/kits/flora/KIT_flora_willow_LOD1.glb' at thread -1
Loading resource: res://assets/kits/flora/KIT_flora_bamboo_large_LOD1.glb remapped: res://assets/kits/flora/KIT_flora_bamboo_large_LOD1.glb
Loading resource: res://.godot/imported/KIT_flora_bamboo_large_LOD1.glb-20abd562ea24a6ffed1a387e3335f430.scn remapped: res://.godot/imported/KIT_flora_bamboo_large_LOD1.glb-20abd562ea24a6ffed1a387e3335f430.scn
Completed load for: 'res://assets/kits/flora/KIT_flora_bamboo_large_LOD1.glb' remapped 'res://assets/kits/flora/KIT_flora_bamboo_large_LOD1.glb' at thread -1
Loading resource: res://assets/kits/flora/KIT_flora_bamboo_medium_LOD1.glb remapped: res://assets/kits/flora/KIT_flora_bamboo_medium_LOD1.glb
Loading resource: res://.godot/imported/KIT_flora_bamboo_medium_LOD1.glb-f6c1a16ab3a8a865c255e43c6c082190.scn remapped: res://.godot/imported/KIT_flora_bamboo_medium_LOD1.glb-f6c1a16ab3a8a865c255e43c6c082190.scn
Completed load for: 'res://assets/kits/flora/KIT_flora_bamboo_medium_LOD1.glb' remapped 'res://assets/kits/flora/KIT_flora_bamboo_medium_LOD1.glb' at thread -1
Loading resource: res://assets/kits/flora/KIT_flora_bamboo_small_LOD1.glb remapped: res://assets/kits/flora/KIT_flora_bamboo_small_LOD1.glb
Loading resource: res://.godot/imported/KIT_flora_bamboo_small_LOD1.glb-a6e4320e8a3ff7d35ac4fd8b67ce2b23.scn remapped: res://.godot/imported/KIT_flora_bamboo_small_LOD1.glb-a6e4320e8a3ff7d35ac4fd8b67ce2b23.scn
Completed load for: 'res://assets/kits/flora/KIT_flora_bamboo_small_LOD1.glb' remapped 'res://assets/kits/flora/KIT_flora_bamboo_small_LOD1.glb' at thread -1
Loading resource: res://assets/kits/flora/KIT_flora_bamboo_large_LOD1.glb remapped: res://assets/kits/flora/KIT_flora_bamboo_large_LOD1.glb
Loading resource: res://.godot/imported/KIT_flora_bamboo_large_LOD1.glb-20abd562ea24a6ffed1a387e3335f430.scn remapped: res://.godot/imported/KIT_flora_bamboo_large_LOD1.glb-20abd562ea24a6ffed1a387e3335f430.scn
Completed load for: 'res://assets/kits/flora/KIT_flora_bamboo_large_LOD1.glb' remapped 'res://assets/kits/flora/KIT_flora_bamboo_large_LOD1.glb' at thread -1
Loading resource: res://assets/kits/flora/KIT_flora_banana_LOD1.glb remapped: res://assets/kits/flora/KIT_flora_banana_LOD1.glb
Loading resource: res://.godot/imported/KIT_flora_banana_LOD1.glb-a677d12c7ae42f2ef7350c447083978a.scn remapped: res://.godot/imported/KIT_flora_banana_LOD1.glb-a677d12c7ae42f2ef7350c447083978a.scn
Completed load for: 'res://assets/kits/flora/KIT_flora_banana_LOD1.glb' remapped 'res://assets/kits/flora/KIT_flora_banana_LOD1.glb' at thread -1
Loading resource: res://assets/kits/flora/KIT_flora_reed_LOD1.glb remapped: res://assets/kits/flora/KIT_flora_reed_LOD1.glb
Loading resource: res://.godot/imported/KIT_flora_reed_LOD1.glb-33e8a5c7108a82c2c5c7620df4bb56c0.scn remapped: res://.godot/imported/KIT_flora_reed_LOD1.glb-33e8a5c7108a82c2c5c7620df4bb56c0.scn
Completed load for: 'res://assets/kits/flora/KIT_flora_reed_LOD1.glb' remapped 'res://assets/kits/flora/KIT_flora_reed_LOD1.glb' at thread -1
Loading resource: res://lightmaps/SITE_terminal-cells_MAT_terminal_scroll.png remapped: res://lightmaps/SITE_terminal-cells_MAT_terminal_scroll.png
Loading resource: res://.godot/imported/SITE_terminal-cells_MAT_terminal_scroll.png-4f5d298cf78d89ec2d1f956bcad99318.s3tc.ctex remapped: res://.godot/imported/SITE_terminal-cells_MAT_terminal_scroll.png-4f5d298cf78d89ec2d1f956bcad99318.s3tc.ctex
Completed load for: 'res://lightmaps/SITE_terminal-cells_MAT_terminal_scroll.png' remapped 'res://lightmaps/SITE_terminal-cells_MAT_terminal_scroll.png' at thread -1
Loading resource: res://shaders/baked_diffuse.gdshader remapped: res://shaders/baked_diffuse.gdshader
Completed load for: 'res://shaders/baked_diffuse.gdshader' remapped 'res://shaders/baked_diffuse.gdshader' at thread -1
Loading resource: res://lightmaps/SITE_terminal-cells_MAT_tech_atlas.png remapped: res://lightmaps/SITE_terminal-cells_MAT_tech_atlas.png
Loading resource: res://.godot/imported/SITE_terminal-cells_MAT_tech_atlas.png-e07a019c7c641d6c41b831d993f34d00.s3tc.ctex remapped: res://.godot/imported/SITE_terminal-cells_MAT_tech_atlas.png-e07a019c7c641d6c41b831d993f34d00.s3tc.ctex
Completed load for: 'res://lightmaps/SITE_terminal-cells_MAT_tech_atlas.png' remapped 'res://lightmaps/SITE_terminal-cells_MAT_tech_atlas.png' at thread -1
Loading resource: res://lightmaps/SITE_terminal-cells_MAT_stage_atlas.png remapped: res://lightmaps/SITE_terminal-cells_MAT_stage_atlas.png
Loading resource: res://.godot/imported/SITE_terminal-cells_MAT_stage_atlas.png-7855f29e26c257ec1f5ca9c757392ef7.s3tc.ctex remapped: res://.godot/imported/SITE_terminal-cells_MAT_stage_atlas.png-7855f29e26c257ec1f5ca9c757392ef7.s3tc.ctex
Completed load for: 'res://lightmaps/SITE_terminal-cells_MAT_stage_atlas.png' remapped 'res://lightmaps/SITE_terminal-cells_MAT_stage_atlas.png' at thread -1
Loading resource: res://lightmaps/SITE_terminal-cells_MAT_props_atlas.png remapped: res://lightmaps/SITE_terminal-cells_MAT_props_atlas.png
Loading resource: res://.godot/imported/SITE_terminal-cells_MAT_props_atlas.png-b98b505f44165d5f8a12a6633bd69634.s3tc.ctex remapped: res://.godot/imported/SITE_terminal-cells_MAT_props_atlas.png-b98b505f44165d5f8a12a6633bd69634.s3tc.ctex
Completed load for: 'res://lightmaps/SITE_terminal-cells_MAT_props_atlas.png' remapped 'res://lightmaps/SITE_terminal-cells_MAT_props_atlas.png' at thread -1
Loading resource: res://lightmaps/SITE_terminal-cells_MAT_plaster_rock.png remapped: res://lightmaps/SITE_terminal-cells_MAT_plaster_rock.png
Loading resource: res://.godot/imported/SITE_terminal-cells_MAT_plaster_rock.png-8415488ef26c6317779eb9e45708c8d5.s3tc.ctex remapped: res://.godot/imported/SITE_terminal-cells_MAT_plaster_rock.png-8415488ef26c6317779eb9e45708c8d5.s3tc.ctex
Completed load for: 'res://lightmaps/SITE_terminal-cells_MAT_plaster_rock.png' remapped 'res://lightmaps/SITE_terminal-cells_MAT_plaster_rock.png' at thread -1
Loading resource: res://lightmaps/SITE_terminal-cells_MAT_lattice_wood.png remapped: res://lightmaps/SITE_terminal-cells_MAT_lattice_wood.png
Loading resource: res://.godot/imported/SITE_terminal-cells_MAT_lattice_wood.png-836c55c51e4bcaca4208511df1b91683.s3tc.ctex remapped: res://.godot/imported/SITE_terminal-cells_MAT_lattice_wood.png-836c55c51e4bcaca4208511df1b91683.s3tc.ctex
Completed load for: 'res://lightmaps/SITE_terminal-cells_MAT_lattice_wood.png' remapped 'res://lightmaps/SITE_terminal-cells_MAT_lattice_wood.png' at thread -1
Loading resource: res://lightmaps/SITE_terminal-cells_MAT_backstage.png remapped: res://lightmaps/SITE_terminal-cells_MAT_backstage.png
Loading resource: res://.godot/imported/SITE_terminal-cells_MAT_backstage.png-05f8fd478d77a8faa7606e17623eef22.s3tc.ctex remapped: res://.godot/imported/SITE_terminal-cells_MAT_backstage.png-05f8fd478d77a8faa7606e17623eef22.s3tc.ctex
Completed load for: 'res://lightmaps/SITE_terminal-cells_MAT_backstage.png' remapped 'res://lightmaps/SITE_terminal-cells_MAT_backstage.png' at thread -1
Loading resource: res://lightmaps/SITE_rockery-gate_MAT_props_atlas.png remapped: res://lightmaps/SITE_rockery-gate_MAT_props_atlas.png
Loading resource: res://.godot/imported/SITE_rockery-gate_MAT_props_atlas.png-3d284879ee90976f77bc1253ea2e4085.s3tc.ctex remapped: res://.godot/imported/SITE_rockery-gate_MAT_props_atlas.png-3d284879ee90976f77bc1253ea2e4085.s3tc.ctex
Completed load for: 'res://lightmaps/SITE_rockery-gate_MAT_props_atlas.png' remapped 'res://lightmaps/SITE_rockery-gate_MAT_props_atlas.png' at thread -1
Loading resource: res://lightmaps/SITE_rockery-gate_MAT_plaster_rock.png remapped: res://lightmaps/SITE_rockery-gate_MAT_plaster_rock.png
Loading resource: res://.godot/imported/SITE_rockery-gate_MAT_plaster_rock.png-fb0424d4fe4783c5752090dca5d10c13.s3tc.ctex remapped: res://.godot/imported/SITE_rockery-gate_MAT_plaster_rock.png-fb0424d4fe4783c5752090dca5d10c13.s3tc.ctex
Completed load for: 'res://lightmaps/SITE_rockery-gate_MAT_plaster_rock.png' remapped 'res://lightmaps/SITE_rockery-gate_MAT_plaster_rock.png' at thread -1
Loading resource: res://lightmaps/SITE_rockery-gate_MAT_pavilion_atlas.png remapped: res://lightmaps/SITE_rockery-gate_MAT_pavilion_atlas.png
Loading resource: res://.godot/imported/SITE_rockery-gate_MAT_pavilion_atlas.png-fcce0cde62e480aeea375a981871cb9a.s3tc.ctex remapped: res://.godot/imported/SITE_rockery-gate_MAT_pavilion_atlas.png-fcce0cde62e480aeea375a981871cb9a.s3tc.ctex
Completed load for: 'res://lightmaps/SITE_rockery-gate_MAT_pavilion_atlas.png' remapped 'res://lightmaps/SITE_rockery-gate_MAT_pavilion_atlas.png' at thread -1
Loading resource: res://lightmaps/SITE_rockery-gate_MAT_lattice_wood.png remapped: res://lightmaps/SITE_rockery-gate_MAT_lattice_wood.png
Loading resource: res://.godot/imported/SITE_rockery-gate_MAT_lattice_wood.png-fb746792e645b02ba688e04ce2963e73.s3tc.ctex remapped: res://.godot/imported/SITE_rockery-gate_MAT_lattice_wood.png-fb746792e645b02ba688e04ce2963e73.s3tc.ctex
Completed load for: 'res://lightmaps/SITE_rockery-gate_MAT_lattice_wood.png' remapped 'res://lightmaps/SITE_rockery-gate_MAT_lattice_wood.png' at thread -1
Loading resource: res://lightmaps/SITE_rockery-gate_MAT_foliage_card.png remapped: res://lightmaps/SITE_rockery-gate_MAT_foliage_card.png
Loading resource: res://.godot/imported/SITE_rockery-gate_MAT_foliage_card.png-85a6448765e14d61a434714f2e761bee.s3tc.ctex remapped: res://.godot/imported/SITE_rockery-gate_MAT_foliage_card.png-85a6448765e14d61a434714f2e761bee.s3tc.ctex
Completed load for: 'res://lightmaps/SITE_rockery-gate_MAT_foliage_card.png' remapped 'res://lightmaps/SITE_rockery-gate_MAT_foliage_card.png' at thread -1
Loading resource: res://lightmaps/SITE_qinfang-ting_MAT_props_atlas.png remapped: res://lightmaps/SITE_qinfang-ting_MAT_props_atlas.png
Loading resource: res://.godot/imported/SITE_qinfang-ting_MAT_props_atlas.png-74a37910c5f12919dc0fe2f1dc9cb86c.s3tc.ctex remapped: res://.godot/imported/SITE_qinfang-ting_MAT_props_atlas.png-74a37910c5f12919dc0fe2f1dc9cb86c.s3tc.ctex
Completed load for: 'res://lightmaps/SITE_qinfang-ting_MAT_props_atlas.png' remapped 'res://lightmaps/SITE_qinfang-ting_MAT_props_atlas.png' at thread -1
Loading resource: res://lightmaps/SITE_qinfang-ting_MAT_plaster_rock.png remapped: res://lightmaps/SITE_qinfang-ting_MAT_plaster_rock.png
Loading resource: res://.godot/imported/SITE_qinfang-ting_MAT_plaster_rock.png-76e58adf54a19dbe637247db1acc6652.s3tc.ctex remapped: res://.godot/imported/SITE_qinfang-ting_MAT_plaster_rock.png-76e58adf54a19dbe637247db1acc6652.s3tc.ctex
Completed load for: 'res://lightmaps/SITE_qinfang-ting_MAT_plaster_rock.png' remapped 'res://lightmaps/SITE_qinfang-ting_MAT_plaster_rock.png' at thread -1
Loading resource: res://lightmaps/SITE_qinfang-ting_MAT_pavilion_atlas.png remapped: res://lightmaps/SITE_qinfang-ting_MAT_pavilion_atlas.png
Loading resource: res://.godot/imported/SITE_qinfang-ting_MAT_pavilion_atlas.png-e4078c122a2ac2ec9401ebfabd295385.s3tc.ctex remapped: res://.godot/imported/SITE_qinfang-ting_MAT_pavilion_atlas.png-e4078c122a2ac2ec9401ebfabd295385.s3tc.ctex
Completed load for: 'res://lightmaps/SITE_qinfang-ting_MAT_pavilion_atlas.png' remapped 'res://lightmaps/SITE_qinfang-ting_MAT_pavilion_atlas.png' at thread -1
Loading resource: res://lightmaps/SITE_qinfang-ting_MAT_lattice_wood.png remapped: res://lightmaps/SITE_qinfang-ting_MAT_lattice_wood.png
Loading resource: res://.godot/imported/SITE_qinfang-ting_MAT_lattice_wood.png-0516fb597d0b0357f7d83f27b85aa299.s3tc.ctex remapped: res://.godot/imported/SITE_qinfang-ting_MAT_lattice_wood.png-0516fb597d0b0357f7d83f27b85aa299.s3tc.ctex
Completed load for: 'res://lightmaps/SITE_qinfang-ting_MAT_lattice_wood.png' remapped 'res://lightmaps/SITE_qinfang-ting_MAT_lattice_wood.png' at thread -1
Loading resource: res://lightmaps/SITE_qinfang-ting_MAT_foliage_card.png remapped: res://lightmaps/SITE_qinfang-ting_MAT_foliage_card.png
Loading resource: res://.godot/imported/SITE_qinfang-ting_MAT_foliage_card.png-f878367577e5b69a62b80a2734dbe714.s3tc.ctex remapped: res://.godot/imported/SITE_qinfang-ting_MAT_foliage_card.png-f878367577e5b69a62b80a2734dbe714.s3tc.ctex
Completed load for: 'res://lightmaps/SITE_qinfang-ting_MAT_foliage_card.png' remapped 'res://lightmaps/SITE_qinfang-ting_MAT_foliage_card.png' at thread -1
Loading resource: res://lightmaps/HERO_table_pedestal.001.png remapped: res://lightmaps/HERO_table_pedestal.001.png
Loading resource: res://.godot/imported/HERO_table_pedestal.001.png-f7fb6027d0fc86378eb7dec608a1b590.s3tc.ctex remapped: res://.godot/imported/HERO_table_pedestal.001.png-f7fb6027d0fc86378eb7dec608a1b590.s3tc.ctex
Completed load for: 'res://lightmaps/HERO_table_pedestal.001.png' remapped 'res://lightmaps/HERO_table_pedestal.001.png' at thread -1
Loading resource: res://lightmaps/HERO_table_line_6_solid.001.png remapped: res://lightmaps/HERO_table_line_6_solid.001.png
Loading resource: res://.godot/imported/HERO_table_line_6_solid.001.png-90e951fa6dcbdb31d4c97ad5fbe3799c.s3tc.ctex remapped: res://.godot/imported/HERO_table_line_6_solid.001.png-90e951fa6dcbdb31d4c97ad5fbe3799c.s3tc.ctex
Completed load for: 'res://lightmaps/HERO_table_line_6_solid.001.png' remapped 'res://lightmaps/HERO_table_line_6_solid.001.png' at thread -1
Loading resource: res://lightmaps/HERO_table_line_6_broken.001.png remapped: res://lightmaps/HERO_table_line_6_broken.001.png
Loading resource: res://.godot/imported/HERO_table_line_6_broken.001.png-75f89b44086df54f5efa8773961b1c52.s3tc.ctex remapped: res://.godot/imported/HERO_table_line_6_broken.001.png-75f89b44086df54f5efa8773961b1c52.s3tc.ctex
Completed load for: 'res://lightmaps/HERO_table_line_6_broken.001.png' remapped 'res://lightmaps/HERO_table_line_6_broken.001.png' at thread -1
Loading resource: res://lightmaps/HERO_table_line_5_solid.001.png remapped: res://lightmaps/HERO_table_line_5_solid.001.png
Loading resource: res://.godot/imported/HERO_table_line_5_solid.001.png-3cecbe55e57dbf3fc30d1b48731b1d5c.s3tc.ctex remapped: res://.godot/imported/HERO_table_line_5_solid.001.png-3cecbe55e57dbf3fc30d1b48731b1d5c.s3tc.ctex
Completed load for: 'res://lightmaps/HERO_table_line_5_solid.001.png' remapped 'res://lightmaps/HERO_table_line_5_solid.001.png' at thread -1
Loading resource: res://lightmaps/HERO_table_line_5_broken.001.png remapped: res://lightmaps/HERO_table_line_5_broken.001.png
Loading resource: res://.godot/imported/HERO_table_line_5_broken.001.png-aa0fe80bee698e8e75bb12ea903e9fb4.s3tc.ctex remapped: res://.godot/imported/HERO_table_line_5_broken.001.png-aa0fe80bee698e8e75bb12ea903e9fb4.s3tc.ctex
Completed load for: 'res://lightmaps/HERO_table_line_5_broken.001.png' remapped 'res://lightmaps/HERO_table_line_5_broken.001.png' at thread -1
Loading resource: res://lightmaps/HERO_table_line_4_solid.001.png remapped: res://lightmaps/HERO_table_line_4_solid.001.png
Loading resource: res://.godot/imported/HERO_table_line_4_solid.001.png-f886dfa24933ea027f78e9ed848fa372.s3tc.ctex remapped: res://.godot/imported/HERO_table_line_4_solid.001.png-f886dfa24933ea027f78e9ed848fa372.s3tc.ctex
Completed load for: 'res://lightmaps/HERO_table_line_4_solid.001.png' remapped 'res://lightmaps/HERO_table_line_4_solid.001.png' at thread -1
Loading resource: res://lightmaps/HERO_table_line_4_broken.001.png remapped: res://lightmaps/HERO_table_line_4_broken.001.png
Loading resource: res://.godot/imported/HERO_table_line_4_broken.001.png-1928a13985794b40973f53bc0675499c.s3tc.ctex remapped: res://.godot/imported/HERO_table_line_4_broken.001.png-1928a13985794b40973f53bc0675499c.s3tc.ctex
Completed load for: 'res://lightmaps/HERO_table_line_4_broken.001.png' remapped 'res://lightmaps/HERO_table_line_4_broken.001.png' at thread -1
Loading resource: res://lightmaps/HERO_table_line_3_solid.001.png remapped: res://lightmaps/HERO_table_line_3_solid.001.png
Loading resource: res://.godot/imported/HERO_table_line_3_solid.001.png-080da83f57cccc3aa1532bfd87ec6d80.s3tc.ctex remapped: res://.godot/imported/HERO_table_line_3_solid.001.png-080da83f57cccc3aa1532bfd87ec6d80.s3tc.ctex
Completed load for: 'res://lightmaps/HERO_table_line_3_solid.001.png' remapped 'res://lightmaps/HERO_table_line_3_solid.001.png' at thread -1
Loading resource: res://lightmaps/HERO_table_line_3_broken.001.png remapped: res://lightmaps/HERO_table_line_3_broken.001.png
Loading resource: res://.godot/imported/HERO_table_line_3_broken.001.png-b570b66ec66a5e94833f1b54164de8ee.s3tc.ctex remapped: res://.godot/imported/HERO_table_line_3_broken.001.png-b570b66ec66a5e94833f1b54164de8ee.s3tc.ctex
Completed load for: 'res://lightmaps/HERO_table_line_3_broken.001.png' remapped 'res://lightmaps/HERO_table_line_3_broken.001.png' at thread -1
Loading resource: res://lightmaps/HERO_table_line_2_solid.001.png remapped: res://lightmaps/HERO_table_line_2_solid.001.png
Loading resource: res://.godot/imported/HERO_table_line_2_solid.001.png-0d4788e20179126a8755f15dc92de031.s3tc.ctex remapped: res://.godot/imported/HERO_table_line_2_solid.001.png-0d4788e20179126a8755f15dc92de031.s3tc.ctex
Completed load for: 'res://lightmaps/HERO_table_line_2_solid.001.png' remapped 'res://lightmaps/HERO_table_line_2_solid.001.png' at thread -1
Loading resource: res://lightmaps/HERO_table_line_2_broken.001.png remapped: res://lightmaps/HERO_table_line_2_broken.001.png
Loading resource: res://.godot/imported/HERO_table_line_2_broken.001.png-ff5d7aa439f9739d0f4ac0a69fffc424.s3tc.ctex remapped: res://.godot/imported/HERO_table_line_2_broken.001.png-ff5d7aa439f9739d0f4ac0a69fffc424.s3tc.ctex
Completed load for: 'res://lightmaps/HERO_table_line_2_broken.001.png' remapped 'res://lightmaps/HERO_table_line_2_broken.001.png' at thread -1
Loading resource: res://lightmaps/HERO_table_line_1_solid.001.png remapped: res://lightmaps/HERO_table_line_1_solid.001.png
Loading resource: res://.godot/imported/HERO_table_line_1_solid.001.png-bed262009c944443b59daa6b041d4306.s3tc.ctex remapped: res://.godot/imported/HERO_table_line_1_solid.001.png-bed262009c944443b59daa6b041d4306.s3tc.ctex
Completed load for: 'res://lightmaps/HERO_table_line_1_solid.001.png' remapped 'res://lightmaps/HERO_table_line_1_solid.001.png' at thread -1
Loading resource: res://lightmaps/HERO_table_line_1_broken.001.png remapped: res://lightmaps/HERO_table_line_1_broken.001.png
Loading resource: res://.godot/imported/HERO_table_line_1_broken.001.png-bac6aac817e1a257ccc4133eb0d2a5f5.s3tc.ctex remapped: res://.godot/imported/HERO_table_line_1_broken.001.png-bac6aac817e1a257ccc4133eb0d2a5f5.s3tc.ctex
Completed load for: 'res://lightmaps/HERO_table_line_1_broken.001.png' remapped 'res://lightmaps/HERO_table_line_1_broken.001.png' at thread -1
Loading resource: res://lightmaps/HERO_table_hexagram.001.png remapped: res://lightmaps/HERO_table_hexagram.001.png
Loading resource: res://.godot/imported/HERO_table_hexagram.001.png-a33628f027dac17c0d5499262f62fc72.s3tc.ctex remapped: res://.godot/imported/HERO_table_hexagram.001.png-a33628f027dac17c0d5499262f62fc72.s3tc.ctex
Completed load for: 'res://lightmaps/HERO_table_hexagram.001.png' remapped 'res://lightmaps/HERO_table_hexagram.001.png' at thread -1
Loading resource: res://lightmaps/HERO_qinfang_bridge.001.png remapped: res://lightmaps/HERO_qinfang_bridge.001.png
Loading resource: res://.godot/imported/HERO_qinfang_bridge.001.png-3148b86689ff4e1683df15370a654c0b.s3tc.ctex remapped: res://.godot/imported/HERO_qinfang_bridge.001.png-3148b86689ff4e1683df15370a654c0b.s3tc.ctex
Completed load for: 'res://lightmaps/HERO_qinfang_bridge.001.png' remapped 'res://lightmaps/HERO_qinfang_bridge.001.png' at thread -1
Loading resource: res://lightmaps/HERO_gate_water_drips.001.png remapped: res://lightmaps/HERO_gate_water_drips.001.png
Loading resource: res://.godot/imported/HERO_gate_water_drips.001.png-29702b77ec2dc95618e1fe017be8ac6c.s3tc.ctex remapped: res://.godot/imported/HERO_gate_water_drips.001.png-29702b77ec2dc95618e1fe017be8ac6c.s3tc.ctex
Completed load for: 'res://lightmaps/HERO_gate_water_drips.001.png' remapped 'res://lightmaps/HERO_gate_water_drips.001.png' at thread -1
Loading resource: res://lightmaps/backdrop-wash/SITE_stage_MAT_painted_moon-front.png remapped: res://lightmaps/backdrop-wash/SITE_stage_MAT_painted_moon-front.png
Loading resource: res://.godot/imported/SITE_stage_MAT_painted_moon-front.png-0c65172e4a655c33282da11bbd33b51e.s3tc.ctex remapped: res://.godot/imported/SITE_stage_MAT_painted_moon-front.png-0c65172e4a655c33282da11bbd33b51e.s3tc.ctex
Completed load for: 'res://lightmaps/backdrop-wash/SITE_stage_MAT_painted_moon-front.png' remapped 'res://lightmaps/backdrop-wash/SITE_stage_MAT_painted_moon-front.png' at thread -1
Loading resource: res://lightmaps/backdrop-wash/SITE_stage_MAT_painted_moon-back.png remapped: res://lightmaps/backdrop-wash/SITE_stage_MAT_painted_moon-back.png
Loading resource: res://.godot/imported/SITE_stage_MAT_painted_moon-back.png-443744df2b2814afe9e137adff4fb8f4.s3tc.ctex remapped: res://.godot/imported/SITE_stage_MAT_painted_moon-back.png-443744df2b2814afe9e137adff4fb8f4.s3tc.ctex
Completed load for: 'res://lightmaps/backdrop-wash/SITE_stage_MAT_painted_moon-back.png' remapped 'res://lightmaps/backdrop-wash/SITE_stage_MAT_painted_moon-back.png' at thread -1
Loading resource: res://lightmaps/backdrop-wash/SITE_stage_MAT_painted_mountains_0-front.png remapped: res://lightmaps/backdrop-wash/SITE_stage_MAT_painted_mountains_0-front.png
Loading resource: res://.godot/imported/SITE_stage_MAT_painted_mountains_0-front.png-cfedaec46541dc9b91060cdd831ee2c3.ctex remapped: res://.godot/imported/SITE_stage_MAT_painted_mountains_0-front.png-cfedaec46541dc9b91060cdd831ee2c3.ctex
Completed load for: 'res://lightmaps/backdrop-wash/SITE_stage_MAT_painted_mountains_0-front.png' remapped 'res://lightmaps/backdrop-wash/SITE_stage_MAT_painted_mountains_0-front.png' at thread -1
Loading resource: res://lightmaps/backdrop-wash/SITE_stage_MAT_painted_mountains_0-back.png remapped: res://lightmaps/backdrop-wash/SITE_stage_MAT_painted_mountains_0-back.png
Loading resource: res://.godot/imported/SITE_stage_MAT_painted_mountains_0-back.png-0238f3e756bcb88fa1a9e3d4baae4b13.ctex remapped: res://.godot/imported/SITE_stage_MAT_painted_mountains_0-back.png-0238f3e756bcb88fa1a9e3d4baae4b13.ctex
Completed load for: 'res://lightmaps/backdrop-wash/SITE_stage_MAT_painted_mountains_0-back.png' remapped 'res://lightmaps/backdrop-wash/SITE_stage_MAT_painted_mountains_0-back.png' at thread -1
Loading resource: res://lightmaps/backdrop-wash/SITE_stage_MAT_painted_mountains_1-front.png remapped: res://lightmaps/backdrop-wash/SITE_stage_MAT_painted_mountains_1-front.png
Loading resource: res://.godot/imported/SITE_stage_MAT_painted_mountains_1-front.png-ab32e09e656fa3b5f7b936817b6349eb.ctex remapped: res://.godot/imported/SITE_stage_MAT_painted_mountains_1-front.png-ab32e09e656fa3b5f7b936817b6349eb.ctex
Completed load for: 'res://lightmaps/backdrop-wash/SITE_stage_MAT_painted_mountains_1-front.png' remapped 'res://lightmaps/backdrop-wash/SITE_stage_MAT_painted_mountains_1-front.png' at thread -1
Loading resource: res://lightmaps/backdrop-wash/SITE_stage_MAT_painted_mountains_1-back.png remapped: res://lightmaps/backdrop-wash/SITE_stage_MAT_painted_mountains_1-back.png
Loading resource: res://.godot/imported/SITE_stage_MAT_painted_mountains_1-back.png-e991285388d707c45e87654d0ac758c3.ctex remapped: res://.godot/imported/SITE_stage_MAT_painted_mountains_1-back.png-e991285388d707c45e87654d0ac758c3.ctex
Completed load for: 'res://lightmaps/backdrop-wash/SITE_stage_MAT_painted_mountains_1-back.png' remapped 'res://lightmaps/backdrop-wash/SITE_stage_MAT_painted_mountains_1-back.png' at thread -1
Loading resource: res://lightmaps/backdrop-wash/SITE_stage_MAT_painted_mountains_2-front.png remapped: res://lightmaps/backdrop-wash/SITE_stage_MAT_painted_mountains_2-front.png
Loading resource: res://.godot/imported/SITE_stage_MAT_painted_mountains_2-front.png-6a233d6669d90f23db94764cf26b9931.ctex remapped: res://.godot/imported/SITE_stage_MAT_painted_mountains_2-front.png-6a233d6669d90f23db94764cf26b9931.ctex
Completed load for: 'res://lightmaps/backdrop-wash/SITE_stage_MAT_painted_mountains_2-front.png' remapped 'res://lightmaps/backdrop-wash/SITE_stage_MAT_painted_mountains_2-front.png' at thread -1
Loading resource: res://lightmaps/backdrop-wash/SITE_stage_MAT_painted_mountains_2-back.png remapped: res://lightmaps/backdrop-wash/SITE_stage_MAT_painted_mountains_2-back.png
Loading resource: res://.godot/imported/SITE_stage_MAT_painted_mountains_2-back.png-135d283264d48aec1bcf977cadc76a44.ctex remapped: res://.godot/imported/SITE_stage_MAT_painted_mountains_2-back.png-135d283264d48aec1bcf977cadc76a44.ctex
Completed load for: 'res://lightmaps/backdrop-wash/SITE_stage_MAT_painted_mountains_2-back.png' remapped 'res://lightmaps/backdrop-wash/SITE_stage_MAT_painted_mountains_2-back.png' at thread -1
Loading resource: res://lightmaps/backdrop-wash/SITE_stage_MAT_stage_cyclorama_moonlit_MAT_stage_atlas-front.png remapped: res://lightmaps/backdrop-wash/SITE_stage_MAT_stage_cyclorama_moonlit_MAT_stage_atlas-front.png
Loading resource: res://.godot/imported/SITE_stage_MAT_stage_cyclorama_moonlit_MAT_stage_atlas-front.png-f898c34f515e81073c1b719717e78c53.s3tc.ctex remapped: res://.godot/imported/SITE_stage_MAT_stage_cyclorama_moonlit_MAT_stage_atlas-front.png-f898c34f515e81073c1b719717e78c53.s3tc.ctex
Completed load for: 'res://lightmaps/backdrop-wash/SITE_stage_MAT_stage_cyclorama_moonlit_MAT_stage_atlas-front.png' remapped 'res://lightmaps/backdrop-wash/SITE_stage_MAT_stage_cyclorama_moonlit_MAT_stage_atlas-front.png' at thread -1
Loading resource: res://lightmaps/SITE_stage_MAT_painted_moon.png remapped: res://lightmaps/SITE_stage_MAT_painted_moon.png
Loading resource: res://.godot/imported/SITE_stage_MAT_painted_moon.png-fcc0480ae545f76f5fbcf30d5d04317a.s3tc.ctex remapped: res://.godot/imported/SITE_stage_MAT_painted_moon.png-fcc0480ae545f76f5fbcf30d5d04317a.s3tc.ctex
Completed load for: 'res://lightmaps/SITE_stage_MAT_painted_moon.png' remapped 'res://lightmaps/SITE_stage_MAT_painted_moon.png' at thread -1
Loading resource: res://lightmaps/SITE_stage_MAT_painted_mountains_0.png remapped: res://lightmaps/SITE_stage_MAT_painted_mountains_0.png
Loading resource: res://.godot/imported/SITE_stage_MAT_painted_mountains_0.png-1de1d43d650067c73174747bfa7ded96.ctex remapped: res://.godot/imported/SITE_stage_MAT_painted_mountains_0.png-1de1d43d650067c73174747bfa7ded96.ctex
Completed load for: 'res://lightmaps/SITE_stage_MAT_painted_mountains_0.png' remapped 'res://lightmaps/SITE_stage_MAT_painted_mountains_0.png' at thread -1
Loading resource: res://lightmaps/SITE_stage_MAT_painted_mountains_1.png remapped: res://lightmaps/SITE_stage_MAT_painted_mountains_1.png
Loading resource: res://.godot/imported/SITE_stage_MAT_painted_mountains_1.png-62302be8b1f44f81fbf1f50a7ac2e98b.ctex remapped: res://.godot/imported/SITE_stage_MAT_painted_mountains_1.png-62302be8b1f44f81fbf1f50a7ac2e98b.ctex
Completed load for: 'res://lightmaps/SITE_stage_MAT_painted_mountains_1.png' remapped 'res://lightmaps/SITE_stage_MAT_painted_mountains_1.png' at thread -1
Loading resource: res://lightmaps/SITE_stage_MAT_painted_mountains_2.png remapped: res://lightmaps/SITE_stage_MAT_painted_mountains_2.png
Loading resource: res://.godot/imported/SITE_stage_MAT_painted_mountains_2.png-b81b5898b148e8bfd9330a0a5a84e0db.ctex remapped: res://.godot/imported/SITE_stage_MAT_painted_mountains_2.png-b81b5898b148e8bfd9330a0a5a84e0db.ctex
Completed load for: 'res://lightmaps/SITE_stage_MAT_painted_mountains_2.png' remapped 'res://lightmaps/SITE_stage_MAT_painted_mountains_2.png' at thread -1
Loading resource: res://lightmaps/terminal-spill/SITE_terminal-cells_MAT_backstage.png remapped: res://lightmaps/terminal-spill/SITE_terminal-cells_MAT_backstage.png
Loading resource: res://.godot/imported/SITE_terminal-cells_MAT_backstage.png-49a9aa745b64ea542191d0fc986e9dce.s3tc.ctex remapped: res://.godot/imported/SITE_terminal-cells_MAT_backstage.png-49a9aa745b64ea542191d0fc986e9dce.s3tc.ctex
Completed load for: 'res://lightmaps/terminal-spill/SITE_terminal-cells_MAT_backstage.png' remapped 'res://lightmaps/terminal-spill/SITE_terminal-cells_MAT_backstage.png' at thread -1
Loading resource: res://lightmaps/terminal-spill/SITE_terminal-cells_MAT_lattice_wood.png remapped: res://lightmaps/terminal-spill/SITE_terminal-cells_MAT_lattice_wood.png
Loading resource: res://.godot/imported/SITE_terminal-cells_MAT_lattice_wood.png-53a05e1b8060b5fa52cd4a5048a78163.s3tc.ctex remapped: res://.godot/imported/SITE_terminal-cells_MAT_lattice_wood.png-53a05e1b8060b5fa52cd4a5048a78163.s3tc.ctex
Completed load for: 'res://lightmaps/terminal-spill/SITE_terminal-cells_MAT_lattice_wood.png' remapped 'res://lightmaps/terminal-spill/SITE_terminal-cells_MAT_lattice_wood.png' at thread -1
Loading resource: res://lightmaps/terminal-spill/SITE_terminal-cells_MAT_plaster_rock.png remapped: res://lightmaps/terminal-spill/SITE_terminal-cells_MAT_plaster_rock.png
Loading resource: res://.godot/imported/SITE_terminal-cells_MAT_plaster_rock.png-f2f330f91409f25cac09e2415398e868.s3tc.ctex remapped: res://.godot/imported/SITE_terminal-cells_MAT_plaster_rock.png-f2f330f91409f25cac09e2415398e868.s3tc.ctex
Completed load for: 'res://lightmaps/terminal-spill/SITE_terminal-cells_MAT_plaster_rock.png' remapped 'res://lightmaps/terminal-spill/SITE_terminal-cells_MAT_plaster_rock.png' at thread -1
Loading resource: res://lightmaps/terminal-spill/SITE_terminal-cells_MAT_props_atlas.png remapped: res://lightmaps/terminal-spill/SITE_terminal-cells_MAT_props_atlas.png
Loading resource: res://.godot/imported/SITE_terminal-cells_MAT_props_atlas.png-fb358f58bf99dbf034335f0ebc1d9d1a.s3tc.ctex remapped: res://.godot/imported/SITE_terminal-cells_MAT_props_atlas.png-fb358f58bf99dbf034335f0ebc1d9d1a.s3tc.ctex
Completed load for: 'res://lightmaps/terminal-spill/SITE_terminal-cells_MAT_props_atlas.png' remapped 'res://lightmaps/terminal-spill/SITE_terminal-cells_MAT_props_atlas.png' at thread -1
Loading resource: res://lightmaps/terminal-spill/SITE_terminal-cells_MAT_stage_atlas.png remapped: res://lightmaps/terminal-spill/SITE_terminal-cells_MAT_stage_atlas.png
Loading resource: res://.godot/imported/SITE_terminal-cells_MAT_stage_atlas.png-a53ae51378b76754671ba9adfbf05df4.s3tc.ctex remapped: res://.godot/imported/SITE_terminal-cells_MAT_stage_atlas.png-a53ae51378b76754671ba9adfbf05df4.s3tc.ctex
Completed load for: 'res://lightmaps/terminal-spill/SITE_terminal-cells_MAT_stage_atlas.png' remapped 'res://lightmaps/terminal-spill/SITE_terminal-cells_MAT_stage_atlas.png' at thread -1
Loading resource: res://lightmaps/terminal-spill/SITE_terminal-cells_MAT_tech_atlas.png remapped: res://lightmaps/terminal-spill/SITE_terminal-cells_MAT_tech_atlas.png
Loading resource: res://.godot/imported/SITE_terminal-cells_MAT_tech_atlas.png-fe3ad1c6f66af3a92b9814ae5320b892.s3tc.ctex remapped: res://.godot/imported/SITE_terminal-cells_MAT_tech_atlas.png-fe3ad1c6f66af3a92b9814ae5320b892.s3tc.ctex
Completed load for: 'res://lightmaps/terminal-spill/SITE_terminal-cells_MAT_tech_atlas.png' remapped 'res://lightmaps/terminal-spill/SITE_terminal-cells_MAT_tech_atlas.png' at thread -1
Loading resource: res://lightmaps/terminal-spill/SITE_terminal-cells_MAT_terminal_scroll.png remapped: res://lightmaps/terminal-spill/SITE_terminal-cells_MAT_terminal_scroll.png
Loading resource: res://.godot/imported/SITE_terminal-cells_MAT_terminal_scroll.png-0d0eb89b718eb2cba6e555e7a290ddfd.s3tc.ctex remapped: res://.godot/imported/SITE_terminal-cells_MAT_terminal_scroll.png-0d0eb89b718eb2cba6e555e7a290ddfd.s3tc.ctex
Completed load for: 'res://lightmaps/terminal-spill/SITE_terminal-cells_MAT_terminal_scroll.png' remapped 'res://lightmaps/terminal-spill/SITE_terminal-cells_MAT_terminal_scroll.png' at thread -1
Loading resource: res://audio/demo/crt.wav remapped: res://audio/demo/crt.wav
Loading resource: res://.godot/imported/crt.wav-bb42505cfe72f62134120aa2cafb0ba9.sample remapped: res://.godot/imported/crt.wav-bb42505cfe72f62134120aa2cafb0ba9.sample
Completed load for: 'res://audio/demo/crt.wav' remapped 'res://audio/demo/crt.wav' at thread -1
Loading resource: res://audio/demo/lanterns.wav remapped: res://audio/demo/lanterns.wav
Loading resource: res://.godot/imported/lanterns.wav-d81194657f7e756393f7fddddd861666.sample remapped: res://.godot/imported/lanterns.wav-d81194657f7e756393f7fddddd861666.sample
Completed load for: 'res://audio/demo/lanterns.wav' remapped 'res://audio/demo/lanterns.wav' at thread -1
Loading resource: res://audio/demo/water.wav remapped: res://audio/demo/water.wav
Loading resource: res://.godot/imported/water.wav-c31dcf17bc2d0e5fc0e44c9572bffdbc.sample remapped: res://.godot/imported/water.wav-c31dcf17bc2d0e5fc0e44c9572bffdbc.sample
Completed load for: 'res://audio/demo/water.wav' remapped 'res://audio/demo/water.wav' at thread -1
Loading resource: res://audio/demo/tunnel.wav remapped: res://audio/demo/tunnel.wav
Loading resource: res://.godot/imported/tunnel.wav-31b9814413408a9e70025ee55adc29a5.sample remapped: res://.godot/imported/tunnel.wav-31b9814413408a9e70025ee55adc29a5.sample
Completed load for: 'res://audio/demo/tunnel.wav' remapped 'res://audio/demo/tunnel.wav' at thread -1
Loading resource: res://audio/demo/reveal.wav remapped: res://audio/demo/reveal.wav
Loading resource: res://.godot/imported/reveal.wav-9418fe221ffbb143f4d5ecaf194fef83.sample remapped: res://.godot/imported/reveal.wav-9418fe221ffbb143f4d5ecaf194fef83.sample
Completed load for: 'res://audio/demo/reveal.wav' remapped 'res://audio/demo/reveal.wav' at thread -1
Loading resource: res://audio/demo/cast.wav remapped: res://audio/demo/cast.wav
Loading resource: res://.godot/imported/cast.wav-43de192f14c1a328f02cd245c3797fd3.sample remapped: res://.godot/imported/cast.wav-43de192f14c1a328f02cd245c3797fd3.sample
Completed load for: 'res://audio/demo/cast.wav' remapped 'res://audio/demo/cast.wav' at thread -1
BAKED_BACKDROP_WASH_PASS: five Area-light maps, no realtime wash, no building receivers
XR: Clearing primary interface
XR: Removed interface "Native mobile"
XR: Removed interface "OpenXR"
