Godot Engine v4.7.2.stable.official.ed1daf0bf - https://godotengine.org
OpenGL API 4.1 Metal - 90.5 - Compatibility - Using Device: Apple - Apple M2 Max

SCRIPT ERROR: Invalid type in utility function "is_equal_approx()". Cannot convert argument 1 from Nil to float.
          at: capture (res://tests/render_dynamic_palette.gd:21)
          GDScript backtrace (most recent call first):
              [0] capture (res://tests/render_dynamic_palette.gd:21)
              [1] run (res://tests/render_dynamic_palette.gd:43)
              [2] settle (res://tests/render_dynamic_palette.gd:18)
SCRIPT ERROR: Invalid type in utility function "is_equal_approx()". Cannot convert argument 1 from Nil to float.
          at: capture (res://tests/render_dynamic_palette.gd:21)
          GDScript backtrace (most recent call first):
              [0] capture (res://tests/render_dynamic_palette.gd:21)
              [1] run (res://tests/render_dynamic_palette.gd:43)
              [2] settle (res://tests/render_dynamic_palette.gd:18)
SCRIPT ERROR: Invalid type in utility function "is_equal_approx()". Cannot convert argument 1 from Nil to float.
          at: capture (res://tests/render_dynamic_palette.gd:21)
          GDScript backtrace (most recent call first):
              [0] capture (res://tests/render_dynamic_palette.gd:21)
              [1] run (res://tests/render_dynamic_palette.gd:43)
              [2] settle (res://tests/render_dynamic_palette.gd:18)
SCRIPT ERROR: Invalid type in utility function "is_equal_approx()". Cannot convert argument 1 from Nil to float.
          at: capture (res://tests/render_dynamic_palette.gd:21)
          GDScript backtrace (most recent call first):
              [0] capture (res://tests/render_dynamic_palette.gd:21)
              [1] run (res://tests/render_dynamic_palette.gd:43)
              [2] settle (res://tests/render_dynamic_palette.gd:18)
SCRIPT ERROR: Invalid type in utility function "is_equal_approx()". Cannot convert argument 1 from Nil to float.
          at: capture (res://tests/render_dynamic_palette.gd:21)
          GDScript backtrace (most recent call first):
              [0] capture (res://tests/render_dynamic_palette.gd:21)
              [1] run (res://tests/render_dynamic_palette.gd:43)
              [2] settle (res://tests/render_dynamic_palette.gd:18)
SCRIPT ERROR: Invalid type in utility function "is_equal_approx()". Cannot convert argument 1 from Nil to float.
          at: capture (res://tests/render_dynamic_palette.gd:21)
          GDScript backtrace (most recent call first):
              [0] capture (res://tests/render_dynamic_palette.gd:21)
              [1] run (res://tests/render_dynamic_palette.gd:43)
              [2] settle (res://tests/render_dynamic_palette.gd:18)
SCRIPT ERROR: Invalid type in utility function "is_equal_approx()". Cannot convert argument 1 from Nil to float.
          at: capture (res://tests/render_dynamic_palette.gd:21)
          GDScript backtrace (most recent call first):
              [0] capture (res://tests/render_dynamic_palette.gd:21)
              [1] run (res://tests/render_dynamic_palette.gd:43)
              [2] settle (res://tests/render_dynamic_palette.gd:18)
SCRIPT ERROR: Invalid type in utility function "is_equal_approx()". Cannot convert argument 1 from Nil to float.
          at: capture (res://tests/render_dynamic_palette.gd:21)
          GDScript backtrace (most recent call first):
              [0] capture (res://tests/render_dynamic_palette.gd:21)
              [1] run (res://tests/render_dynamic_palette.gd:43)
              [2] settle (res://tests/render_dynamic_palette.gd:18)
SCRIPT ERROR: Invalid type in utility function "is_equal_approx()". Cannot convert argument 1 from Nil to float.
          at: capture (res://tests/render_dynamic_palette.gd:21)
          GDScript backtrace (most recent call first):
              [0] capture (res://tests/render_dynamic_palette.gd:21)
              [1] run (res://tests/render_dynamic_palette.gd:43)
              [2] settle (res://tests/render_dynamic_palette.gd:18)
SCRIPT ERROR: Invalid type in utility function "is_equal_approx()". Cannot convert argument 1 from Nil to float.
          at: capture (res://tests/render_dynamic_palette.gd:21)
          GDScript backtrace (most recent call first):
              [0] capture (res://tests/render_dynamic_palette.gd:21)
              [1] run (res://tests/render_dynamic_palette.gd:43)
              [2] settle (res://tests/render_dynamic_palette.gd:18)
SCRIPT ERROR: Invalid type in utility function "is_equal_approx()". Cannot convert argument 1 from Nil to float.
          at: capture (res://tests/render_dynamic_palette.gd:21)
          GDScript backtrace (most recent call first):
              [0] capture (res://tests/render_dynamic_palette.gd:21)
              [1] run (res://tests/render_dynamic_palette.gd:43)
              [2] settle (res://tests/render_dynamic_palette.gd:18)
SCRIPT ERROR: Invalid type in utility function "is_equal_approx()". Cannot convert argument 1 from Nil to float.
          at: capture (res://tests/render_dynamic_palette.gd:21)
          GDScript backtrace (most recent call first):
              [0] capture (res://tests/render_dynamic_palette.gd:21)
              [1] run (res://tests/render_dynamic_palette.gd:43)
              [2] settle (res://tests/render_dynamic_palette.gd:18)
SCRIPT ERROR: Invalid type in utility function "is_equal_approx()". Cannot convert argument 1 from Nil to float.
          at: capture (res://tests/render_dynamic_palette.gd:21)
          GDScript backtrace (most recent call first):
              [0] capture (res://tests/render_dynamic_palette.gd:21)
              [1] run (res://tests/render_dynamic_palette.gd:43)
              [2] settle (res://tests/render_dynamic_palette.gd:18)
SCRIPT ERROR: Invalid type in utility function "is_equal_approx()". Cannot convert argument 1 from Nil to float.
          at: capture (res://tests/render_dynamic_palette.gd:21)
          GDScript backtrace (most recent call first):
              [0] capture (res://tests/render_dynamic_palette.gd:21)
              [1] run (res://tests/render_dynamic_palette.gd:43)
              [2] settle (res://tests/render_dynamic_palette.gd:18)
SCRIPT ERROR: Invalid type in utility function "is_equal_approx()". Cannot convert argument 1 from Nil to float.
          at: capture (res://tests/render_dynamic_palette.gd:21)
          GDScript backtrace (most recent call first):
              [0] capture (res://tests/render_dynamic_palette.gd:21)
              [1] run (res://tests/render_dynamic_palette.gd:43)
              [2] settle (res://tests/render_dynamic_palette.gd:18)
SCRIPT ERROR: Invalid type in utility function "is_equal_approx()". Cannot convert argument 1 from Nil to float.
          at: capture (res://tests/render_dynamic_palette.gd:21)
          GDScript backtrace (most recent call first):
              [0] capture (res://tests/render_dynamic_palette.gd:21)
              [1] run (res://tests/render_dynamic_palette.gd:43)
              [2] settle (res://tests/render_dynamic_palette.gd:18)
SCRIPT ERROR: Invalid type in utility function "is_equal_approx()". Cannot convert argument 1 from Nil to float.
          at: capture (res://tests/render_dynamic_palette.gd:21)
          GDScript backtrace (most recent call first):
              [0] capture (res://tests/render_dynamic_palette.gd:21)
              [1] run (res://tests/render_dynamic_palette.gd:43)
              [2] settle (res://tests/render_dynamic_palette.gd:18)
SCRIPT ERROR: Invalid type in utility function "is_equal_approx()". Cannot convert argument 1 from Nil to float.
          at: capture (res://tests/render_dynamic_palette.gd:21)
          GDScript backtrace (most recent call first):
              [0] capture (res://tests/render_dynamic_palette.gd:21)
              [1] run (res://tests/render_dynamic_palette.gd:43)
              [2] settle (res://tests/render_dynamic_palette.gd:18)
SCRIPT ERROR: Invalid type in utility function "is_equal_approx()". Cannot convert argument 1 from Nil to float.
          at: capture (res://tests/render_dynamic_palette.gd:21)
          GDScript backtrace (most recent call first):
              [0] capture (res://tests/render_dynamic_palette.gd:21)
              [1] run (res://tests/render_dynamic_palette.gd:43)
              [2] settle (res://tests/render_dynamic_palette.gd:18)
SCRIPT ERROR: Invalid type in utility function "is_equal_approx()". Cannot convert argument 1 from Nil to float.
          at: capture (res://tests/render_dynamic_palette.gd:21)
          GDScript backtrace (most recent call first):
              [0] capture (res://tests/render_dynamic_palette.gd:21)
              [1] run (res://tests/render_dynamic_palette.gd:43)
              [2] settle (res://tests/render_dynamic_palette.gd:18)
SCRIPT ERROR: Invalid type in utility function "is_equal_approx()". Cannot convert argument 1 from Nil to float.
          at: capture (res://tests/render_dynamic_palette.gd:21)
          GDScript backtrace (most recent call first):
              [0] capture (res://tests/render_dynamic_palette.gd:21)
              [1] run (res://tests/render_dynamic_palette.gd:43)
              [2] settle (res://tests/render_dynamic_palette.gd:18)
SCRIPT ERROR: Invalid type in utility function "is_equal_approx()". Cannot convert argument 1 from Nil to float.
          at: capture (res://tests/render_dynamic_palette.gd:21)
          GDScript backtrace (most recent call first):
              [0] capture (res://tests/render_dynamic_palette.gd:21)
              [1] run (res://tests/render_dynamic_palette.gd:43)
              [2] settle (res://tests/render_dynamic_palette.gd:18)
SCRIPT ERROR: Invalid type in utility function "is_equal_approx()". Cannot convert argument 1 from Nil to float.
          at: capture (res://tests/render_dynamic_palette.gd:21)
          GDScript backtrace (most recent call first):
              [0] capture (res://tests/render_dynamic_palette.gd:21)
              [1] run (res://tests/render_dynamic_palette.gd:43)
              [2] settle (res://tests/render_dynamic_palette.gd:18)
SCRIPT ERROR: Invalid type in utility function "is_equal_approx()". Cannot convert argument 1 from Nil to float.
          at: capture (res://tests/render_dynamic_palette.gd:21)
          GDScript backtrace (most recent call first):
              [0] capture (res://tests/render_dynamic_palette.gd:21)
              [1] run (res://tests/render_dynamic_palette.gd:43)
              [2] settle (res://tests/render_dynamic_palette.gd:18)
SCRIPT ERROR: Invalid type in utility function "is_equal_approx()". Cannot convert argument 1 from Nil to float.
          at: capture (res://tests/render_dynamic_palette.gd:21)
          GDScript backtrace (most recent call first):
              [0] capture (res://tests/render_dynamic_palette.gd:21)
              [1] run (res://tests/render_dynamic_palette.gd:43)
              [2] settle (res://tests/render_dynamic_palette.gd:18)
SCRIPT ERROR: Invalid type in utility function "is_equal_approx()". Cannot convert argument 1 from Nil to float.
          at: capture (res://tests/render_dynamic_palette.gd:21)
          GDScript backtrace (most recent call first):
              [0] capture (res://tests/render_dynamic_palette.gd:21)
              [1] run (res://tests/render_dynamic_palette.gd:43)
              [2] settle (res://tests/render_dynamic_palette.gd:18)
SCRIPT ERROR: Invalid type in utility function "is_equal_approx()". Cannot convert argument 1 from Nil to float.
          at: capture (res://tests/render_dynamic_palette.gd:21)
          GDScript backtrace (most recent call first):
              [0] capture (res://tests/render_dynamic_palette.gd:21)
              [1] run (res://tests/render_dynamic_palette.gd:43)
              [2] settle (res://tests/render_dynamic_palette.gd:18)
SCRIPT ERROR: Invalid type in utility function "is_equal_approx()". Cannot convert argument 1 from Nil to float.
          at: capture (res://tests/render_dynamic_palette.gd:21)
          GDScript backtrace (most recent call first):
              [0] capture (res://tests/render_dynamic_palette.gd:21)
              [1] run (res://tests/render_dynamic_palette.gd:43)
              [2] settle (res://tests/render_dynamic_palette.gd:18)
DYNAMIC_PALETTE_CAPTURE_RESULT 0 originals
