BlenderMCP addon registered
BlenderMCP addon unregistered
13:04:36 | INFO: Data are loaded, start creating Blender stuff
13:04:36 | INFO: Blender create Mesh node COL_aojing_approach.001
13:04:36 | INFO: Blender create Mesh node COL_aojing_approach.004
13:04:36 | INFO: Blender create Mesh node COL_aojing_approach_guard.001
13:04:36 | INFO: Blender create Mesh node COL_aojing_approach_guard.004
13:04:36 | INFO: Blender create Mesh node COL_aojing_approach_ramp.002
13:04:36 | INFO: Blender create Mesh node COL_aojing_closed_front.002
13:04:36 | INFO: Blender create Mesh node COL_aojing_dry_ledge.002
13:04:36 | INFO: Blender create Mesh node COL_aojing_hall_floor.002
13:04:36 | INFO: Blender create Mesh node COL_aojing_ledge_end.002
13:04:36 | INFO: Blender create Mesh node COL_aojing_ledge_parapet.002
13:04:36 | INFO: Blender create Mesh node COL_aojing_return.001
13:04:36 | INFO: Blender create Mesh node COL_aojing_return.004
13:04:36 | INFO: Blender create Mesh node Cube.147
13:04:36 | INFO: Blender create Mesh node Cube.148
13:04:36 | INFO: Blender create Mesh node Cube.149
13:04:36 | INFO: Blender create Mesh node Cube.150
13:04:36 | INFO: Blender create Mesh node COL_bridge_crosswalk.002
13:04:36 | INFO: Blender create Mesh node COL_bridge_crosswalk.003
13:04:36 | INFO: Blender create Mesh node COL_cell_floor.006
13:04:36 | INFO: Blender create Mesh node COL_cell_floor.007
13:04:36 | INFO: Blender create Mesh node COL_cell_floor.008
13:04:36 | INFO: Blender create Mesh node COL_cell_floor.009
13:04:36 | INFO: Blender create Mesh node COL_cell_floor.010
13:04:36 | INFO: Blender create Mesh node COL_cell_floor.011
13:04:36 | INFO: Blender create Mesh node COL_cell_wall.012
13:04:36 | INFO: Blender create Mesh node COL_cell_wall.013
13:04:36 | INFO: Blender create Mesh node COL_cell_wall.014
13:04:36 | INFO: Blender create Mesh node COL_cell_wall.015
13:04:36 | INFO: Blender create Mesh node COL_cell_wall.016
13:04:36 | INFO: Blender create Mesh node COL_cell_wall.017
13:04:36 | INFO: Blender create Mesh node COL_cell_wall.018
13:04:36 | INFO: Blender create Mesh node COL_cell_wall.019
13:04:36 | INFO: Blender create Mesh node COL_cell_wall.020
13:04:36 | INFO: Blender create Mesh node COL_cell_wall.021
13:04:36 | INFO: Blender create Mesh node COL_cell_wall.022
13:04:36 | INFO: Blender create Mesh node COL_cell_wall.023
13:04:36 | INFO: Blender create Mesh node COL_daguan_central_step.003
13:04:36 | INFO: Blender create Mesh node COL_daguan_central_step.004
13:04:36 | INFO: Blender create Mesh node COL_daguan_central_step.005
13:04:36 | INFO: Blender create Mesh node COL_daguan_closed_front.001
13:04:36 | INFO: Blender create Mesh node COL_daguan_column.006
13:04:36 | INFO: Blender create Mesh node COL_daguan_column.007
13:04:36 | INFO: Blender create Mesh node COL_daguan_column.008
13:04:36 | INFO: Blender create Mesh node COL_daguan_column.009
13:04:36 | INFO: Blender create Mesh node COL_daguan_column.010
13:04:36 | INFO: Blender create Mesh node COL_daguan_column.011
13:04:36 | INFO: Blender create Mesh node COL_daguan_floor.001
13:04:36 | INFO: Blender create Mesh node COL_daguan_return_wall.002
13:04:36 | INFO: Blender create Mesh node COL_daguan_return_wall.003
13:04:36 | INFO: Blender create Mesh node COL_daoxiang_approach.002
13:04:36 | INFO: Blender create Mesh node COL_daoxiang_approach.003
13:04:36 | INFO: Blender create Mesh node COL_daoxiang_closed_front.001
13:04:36 | INFO: Blender create Mesh node COL_daoxiang_court.001
13:04:36 | INFO: Blender create Mesh node COL_daoxiang_fence.004
13:04:36 | INFO: Blender create Mesh node COL_daoxiang_fence.005
13:04:36 | INFO: Blender create Mesh node COL_daoxiang_fence.006
13:04:36 | INFO: Blender create Mesh node COL_daoxiang_fence.007
13:04:36 | INFO: Blender create Mesh node COL_daoxiang_side.002
13:04:36 | INFO: Blender create Mesh node COL_daoxiang_side.003
13:04:36 | INFO: Blender create Mesh node COL_entry_corridor.001
13:04:36 | INFO: Blender create Mesh node COL_entry_walk.002
13:04:36 | INFO: Blender create Mesh node COL_entry_walk.003
13:04:36 | INFO: Blender create Mesh node COL_floor_joint_cell_threshold_0.001
13:04:36 | INFO: Blender create Mesh node COL_floor_joint_cell_threshold_1.001
13:04:36 | INFO: Blender create Mesh node COL_floor_joint_cell_threshold_2.001
13:04:36 | INFO: Blender create Mesh node COL_floor_joint_cell_threshold_3.001
13:04:36 | INFO: Blender create Mesh node COL_floor_joint_cell_threshold_4.001
13:04:36 | INFO: Blender create Mesh node COL_floor_joint_cell_threshold_5.001
13:04:36 | INFO: Blender create Mesh node COL_floor_joint_pavilion_east_joint.001
13:04:36 | INFO: Blender create Mesh node COL_floor_joint_pavilion_west_joint.001
13:04:36 | INFO: Blender create Mesh node Cube.146
13:04:36 | INFO: Blender create Mesh node Cube.145
13:04:36 | INFO: Blender create Mesh node COL_GATE_banana_planter.001
13:04:36 | INFO: Blender create Mesh node KIT_rockery_passage.022
13:04:36 | INFO: Blender create Mesh node KIT_rockery_passage.024
13:04:36 | INFO: Blender create Mesh node KIT_rockery_cliff.006
13:04:36 | INFO: Blender create Mesh node KIT_rockery_cliff.008
13:04:36 | INFO: Blender create Mesh node KIT_rockery_passage.004
13:04:36 | INFO: Blender create Mesh node KIT_rockery_passage.016
13:04:36 | INFO: Blender create Mesh node KIT_rockery_passage.018
13:04:36 | INFO: Blender create Mesh node KIT_rockery_passage.020
13:04:36 | INFO: Blender create Mesh node GATE_paving.003
13:04:36 | INFO: Blender create Mesh node COL_hengwu-yuan_floor.001
13:04:36 | INFO: Blender create Mesh node COL_hengwu_approach.002
13:04:36 | INFO: Blender create Mesh node COL_hengwu_approach.003
13:04:36 | INFO: Blender create Mesh node COL_hengwu_closed_hall.002
13:04:36 | INFO: Blender create Mesh node COL_hengwu_court.002
13:04:36 | INFO: Blender create Mesh node COL_hengwu_hall_post.001
13:04:36 | INFO: Blender create Mesh node COL_hengwu_hall_post.002
13:04:36 | INFO: Blender create Mesh node COL_hengwu_hall_post.006
13:04:36 | INFO: Blender create Mesh node COL_wall_bay.001
13:04:36 | INFO: Blender create Mesh node COL_wall_bay.002
13:04:36 | INFO: Blender create Mesh node COL_wall_bay.003
13:04:36 | INFO: Blender create Mesh node COL_wall_bay.004
13:04:36 | INFO: Blender create Mesh node COL_wall_bay.005
13:04:36 | INFO: Blender create Mesh node COL_wall_bay.006
13:04:36 | INFO: Blender create Mesh node KIT_wall_plaster.002
13:04:36 | INFO: Blender create Mesh node COL_wall_window.001
13:04:36 | INFO: Blender create Mesh node COL_wall_window.002
13:04:36 | INFO: Blender create Mesh node COL_hengwu_rock.001
13:04:36 | INFO: Blender create Mesh node COL_hengwu_rock.002
13:04:36 | INFO: Blender create Mesh node COL_hengwu_rock.006
13:04:36 | INFO: Blender create Mesh node COL_hengwu_stool.001
13:04:36 | INFO: Blender create Mesh node COL_hengwu_stool.002
13:04:36 | INFO: Blender create Mesh node COL_hengwu_stool.003
13:04:36 | INFO: Blender create Mesh node COL_hengwu_stool.008
13:04:36 | INFO: Blender create Mesh node COL_hengwu_table.002
13:04:36 | INFO: Blender create Mesh node COL_longcui_approach.003
13:04:36 | INFO: Blender create Mesh node COL_longcui_approach.004
13:04:36 | INFO: Blender create Mesh node COL_longcui_approach.005
13:04:36 | INFO: Blender create Mesh node COL_longcui_burner.001
13:04:36 | INFO: Blender create Mesh node COL_longcui_closed_front.001
13:04:36 | INFO: Blender create Mesh node COL_longcui_floor.001
13:04:36 | INFO: Blender create Mesh node COL_longcui_plum_trunk.002
13:04:36 | INFO: Blender create Mesh node COL_longcui_plum_trunk.003
13:04:36 | INFO: Blender create Mesh node COL_longcui_return.002
13:04:36 | INFO: Blender create Mesh node COL_longcui_return.003
13:04:36 | INFO: Blender create Mesh node COL_longcui_threshold.001
13:04:36 | INFO: Blender create Mesh node COL_ouxiang_approach.001
13:04:36 | INFO: Blender create Mesh node COL_ouxiang_deck.001
13:04:36 | INFO: Blender create Mesh node COL_ouxiang_post.004
13:04:36 | INFO: Blender create Mesh node COL_ouxiang_post.005
13:04:36 | INFO: Blender create Mesh node COL_ouxiang_post.006
13:04:36 | INFO: Blender create Mesh node COL_ouxiang_post.007
13:04:36 | INFO: Blender create Mesh node COL_ouxiang_rail.002
13:04:36 | INFO: Blender create Mesh node COL_ouxiang_rail.003
13:04:36 | INFO: Blender create Mesh node COL_ouxiang_side_rail.004
13:04:36 | INFO: Blender create Mesh node COL_ouxiang_side_rail.005
13:04:36 | INFO: Blender create Mesh node COL_ouxiang_side_rail.006
13:04:36 | INFO: Blender create Mesh node COL_ouxiang_side_rail.007
13:04:36 | INFO: Blender create Mesh node COL_ouxiang_table.001
13:04:36 | INFO: Blender create Mesh node COL_corridor_floor.009
13:04:36 | INFO: Blender create Mesh node COL_corridor_side.015
13:04:36 | INFO: Blender create Mesh node COL_corridor_side.016
13:04:36 | INFO: Blender create Mesh node COL_corridor_post.016
13:04:36 | INFO: Blender create Mesh node COL_corridor_post.017
13:04:36 | INFO: Blender create Mesh node COL_corridor_floor.010
13:04:36 | INFO: Blender create Mesh node COL_corridor_side.017
13:04:36 | INFO: Blender create Mesh node COL_corridor_side.018
13:04:36 | INFO: Blender create Mesh node COL_corridor_post.018
13:04:36 | INFO: Blender create Mesh node COL_corridor_post.019
13:04:36 | INFO: Blender create Mesh node COL_corridor_floor.011
13:04:36 | INFO: Blender create Mesh node COL_corridor_side.019
13:04:36 | INFO: Blender create Mesh node COL_corridor_side.020
13:04:36 | INFO: Blender create Mesh node COL_corridor_post.020
13:04:36 | INFO: Blender create Mesh node COL_corridor_post.021
13:04:36 | INFO: Blender create Mesh node COL_corridor_floor.012
13:04:36 | INFO: Blender create Mesh node COL_corridor_side.021
13:04:36 | INFO: Blender create Mesh node COL_corridor_side.022
13:04:36 | INFO: Blender create Mesh node COL_corridor_post.022
13:04:36 | INFO: Blender create Mesh node COL_corridor_post.023
13:04:36 | INFO: Blender create Mesh node COL_corridor_floor.001
13:04:36 | INFO: Blender create Mesh node COL_corridor_side.001
13:04:36 | INFO: Blender create Mesh node COL_corridor_side.002
13:04:36 | INFO: Blender create Mesh node COL_corridor_post.001
13:04:36 | INFO: Blender create Mesh node COL_corridor_post.002
13:04:36 | INFO: Blender create Mesh node COL_corridor_floor.002
13:04:36 | INFO: Blender create Mesh node COL_corridor_side.003
13:04:36 | INFO: Blender create Mesh node COL_corridor_side.004
13:04:36 | INFO: Blender create Mesh node COL_corridor_post.003
13:04:36 | INFO: Blender create Mesh node COL_corridor_post.004
13:04:36 | INFO: Blender create Mesh node COL_corridor_floor.003
13:04:36 | INFO: Blender create Mesh node COL_corridor_side.005
13:04:36 | INFO: Blender create Mesh node COL_corridor_side.006
13:04:36 | INFO: Blender create Mesh node COL_corridor_post.005
13:04:36 | INFO: Blender create Mesh node COL_corridor_post.006
13:04:36 | INFO: Blender create Mesh node COL_corridor_floor.004
13:04:36 | INFO: Blender create Mesh node COL_corridor_side.007
13:04:36 | INFO: Blender create Mesh node COL_corridor_side.008
13:04:36 | INFO: Blender create Mesh node COL_corridor_post.007
13:04:36 | INFO: Blender create Mesh node COL_corridor_post.008
13:04:36 | INFO: Blender create Mesh node COL_corridor_floor.005
13:04:36 | INFO: Blender create Mesh node COL_corridor_side.009
13:04:36 | INFO: Blender create Mesh node COL_corridor_side.010
13:04:36 | INFO: Blender create Mesh node COL_corridor_post.009
13:04:36 | INFO: Blender create Mesh node COL_corridor_post.010
13:04:36 | INFO: Blender create Mesh node COL_corridor_floor.006
13:04:36 | INFO: Blender create Mesh node COL_corridor_side.011
13:04:36 | INFO: Blender create Mesh node COL_corridor_post.011
13:04:36 | INFO: Blender create Mesh node COL_corridor_post.012
13:04:36 | INFO: Blender create Mesh node COL_corridor_floor.007
13:04:36 | INFO: Blender create Mesh node COL_corridor_side.012
13:04:36 | INFO: Blender create Mesh node COL_corridor_post.013
13:04:36 | INFO: Blender create Mesh node COL_corridor_floor.008
13:04:36 | INFO: Blender create Mesh node COL_corridor_side.013
13:04:36 | INFO: Blender create Mesh node COL_corridor_side.014
13:04:36 | INFO: Blender create Mesh node COL_corridor_post.014
13:04:36 | INFO: Blender create Mesh node COL_corridor_post.015
13:04:36 | INFO: Blender create Mesh node COL_corridor_floor.013
13:04:36 | INFO: Blender create Mesh node COL_corridor_side.023
13:04:36 | INFO: Blender create Mesh node COL_corridor_side.024
13:04:36 | INFO: Blender create Mesh node COL_corridor_post.024
13:04:36 | INFO: Blender create Mesh node COL_corridor_post.025
13:04:36 | INFO: Blender create Mesh node COL_corridor_floor.014
13:04:36 | INFO: Blender create Mesh node COL_corridor_side.025
13:04:36 | INFO: Blender create Mesh node COL_corridor_side.026
13:04:36 | INFO: Blender create Mesh node COL_corridor_post.026
13:04:36 | INFO: Blender create Mesh node COL_corridor_post.027
13:04:36 | INFO: Blender create Mesh node COL_corridor_floor.015
13:04:36 | INFO: Blender create Mesh node COL_corridor_side.027
13:04:36 | INFO: Blender create Mesh node COL_corridor_side.028
13:04:36 | INFO: Blender create Mesh node COL_corridor_post.028
13:04:36 | INFO: Blender create Mesh node COL_corridor_post.029
13:04:36 | INFO: Blender create Mesh node COL_corridor_floor.016
13:04:36 | INFO: Blender create Mesh node COL_corridor_side.029
13:04:36 | INFO: Blender create Mesh node COL_corridor_side.030
13:04:36 | INFO: Blender create Mesh node COL_corridor_post.030
13:04:36 | INFO: Blender create Mesh node COL_corridor_post.031
13:04:36 | INFO: Blender create Mesh node COL_qinfang_deck.001
13:04:36 | INFO: Blender create Mesh node COL_pavilion_bench.001
13:04:36 | INFO: Blender create Mesh node COL_pavilion_bench.002
13:04:36 | INFO: Blender create Mesh node COL_pavilion_bracket.001
13:04:36 | INFO: Blender create Mesh node COL_pavilion_bracket.002
13:04:36 | INFO: Blender create Mesh node COL_pavilion_bracket.003
13:04:36 | INFO: Blender create Mesh node COL_pavilion_bracket.004
13:04:36 | INFO: Blender create Mesh node COL_pavilion_bracket.005
13:04:36 | INFO: Blender create Mesh node COL_pavilion_bracket.006
13:04:36 | INFO: Blender create Mesh node COL_pavilion_post.001
13:04:36 | INFO: Blender create Mesh node COL_pavilion_post.002
13:04:36 | INFO: Blender create Mesh node COL_pavilion_post.003
13:04:36 | INFO: Blender create Mesh node COL_pavilion_post.004
13:04:36 | INFO: Blender create Mesh node COL_pavilion_post.005
13:04:36 | INFO: Blender create Mesh node COL_pavilion_post.006
13:04:36 | INFO: Blender create Mesh node COL_pavilion_roof.001
13:04:36 | INFO: Blender create Mesh node COL_qiushuang-zhai_floor.001
13:04:36 | INFO: Blender create Mesh node Cube.009
13:04:36 | INFO: Blender create Mesh node Cube.011
13:04:36 | INFO: Blender create Mesh node Cube.012
13:04:36 | INFO: Blender create Mesh node Cube.013
13:04:36 | INFO: Blender create Mesh node Cube.019
13:04:36 | INFO: Blender create Mesh node Cube.020
13:04:36 | INFO: Blender create Mesh node Cube.023
13:04:36 | INFO: Blender create Mesh node Cube.024
13:04:36 | INFO: Blender create Mesh node Cube.048
13:04:36 | INFO: Blender create Mesh node Cube.050
13:04:36 | INFO: Blender create Mesh node Cube.052
13:04:36 | INFO: Blender create Mesh node Cube.092
13:04:36 | INFO: Blender create Mesh node Cube.093
13:04:36 | INFO: Blender create Mesh node Cube.094
13:04:36 | INFO: Blender create Mesh node Cube.095
13:04:36 | INFO: Blender create Mesh node Cube.096
13:04:36 | INFO: Blender create Mesh node Cube.097
13:04:36 | INFO: Blender create Mesh node Cube.098
13:04:36 | INFO: Blender create Mesh node Cube.099
13:04:36 | INFO: Blender create Mesh node Cube.100
13:04:36 | INFO: Blender create Mesh node Cube.101
13:04:36 | INFO: Blender create Mesh node Cube.102
13:04:36 | INFO: Blender create Mesh node Cube.103
13:04:36 | INFO: Blender create Mesh node Cube.104
13:04:36 | INFO: Blender create Mesh node Cube.105
13:04:36 | INFO: Blender create Mesh node Cube.106
13:04:36 | INFO: Blender create Mesh node Cube.107
13:04:36 | INFO: Blender create Mesh node Cube.108
13:04:36 | INFO: Blender create Mesh node Cube.109
13:04:36 | INFO: Blender create Mesh node Cube.110
13:04:36 | INFO: Blender create Mesh node Cube.111
13:04:36 | INFO: Blender create Mesh node Cube.112
13:04:36 | INFO: Blender create Mesh node Cube.113
13:04:36 | INFO: Blender create Mesh node Cube.114
13:04:36 | INFO: Blender create Mesh node Cube.115
13:04:36 | INFO: Blender create Mesh node Cube.116
13:04:36 | INFO: Blender create Mesh node Cube.117
13:04:36 | INFO: Blender create Mesh node Cube.118
13:04:36 | INFO: Blender create Mesh node Cube.119
13:04:36 | INFO: Blender create Mesh node Cube.120
13:04:36 | INFO: Blender create Mesh node Cube.121
13:04:36 | INFO: Blender create Mesh node Cube.122
13:04:36 | INFO: Blender create Mesh node Cube.123
13:04:36 | INFO: Blender create Mesh node Cube.124
13:04:36 | INFO: Blender create Mesh node Cube.125
13:04:36 | INFO: Blender create Mesh node Cube.126
13:04:36 | INFO: Blender create Mesh node Cube.127
13:04:36 | INFO: Blender create Mesh node Cube.128
13:04:36 | INFO: Blender create Mesh node Cube.129
13:04:36 | INFO: Blender create Mesh node Cube.130
13:04:36 | INFO: Blender create Mesh node Cube.131
13:04:36 | INFO: Blender create Mesh node Cube.132
13:04:36 | INFO: Blender create Mesh node Cube.133
13:04:36 | INFO: Blender create Mesh node Cube.134
13:04:36 | INFO: Blender create Mesh node Cube.135
13:04:36 | INFO: Blender create Mesh node Cube.136
13:04:36 | INFO: Blender create Mesh node Cube.137
13:04:36 | INFO: Blender create Mesh node Cube.138
13:04:36 | INFO: Blender create Mesh node Cube.139
13:04:36 | INFO: Blender create Mesh node Cube.140
13:04:36 | INFO: Blender create Mesh node Cube.141
13:04:36 | INFO: Blender create Mesh node Cube.142
13:04:36 | INFO: Blender create Mesh node Cube.143
13:04:36 | INFO: Blender create Mesh node Cube.144
13:04:36 | INFO: Blender create Mesh node Cube.193
13:04:36 | INFO: Blender create Mesh node Cube.194
13:04:36 | INFO: Blender create Mesh node Cube.195
13:04:36 | INFO: Blender create Mesh node Cube.196
13:04:36 | INFO: Blender create Mesh node Cube.197
13:04:36 | INFO: Blender create Mesh node Cube.198
13:04:36 | INFO: Blender create Mesh node Cube.199
13:04:36 | INFO: Blender create Mesh node Cube.200
13:04:36 | INFO: Blender create Mesh node COL_stone_walk.005
13:04:36 | INFO: Blender create Mesh node COL_stone_walk.008
13:04:36 | INFO: Blender create Mesh node COL_stone_walk.009
13:04:36 | INFO: Blender create Mesh node COL_stone_walk.010
13:04:36 | INFO: Blender create Mesh node COL_stone_walk.011
13:04:36 | INFO: Blender create Mesh node COL_stone_walk.012
13:04:36 | INFO: Blender create Mesh node COL_study_approach.002
13:04:36 | INFO: Blender create Mesh node COL_study_desk_centre.002
13:04:36 | INFO: Blender create Mesh node COL_study_desk_left.002
13:04:36 | INFO: Blender create Mesh node COL_study_desk_right.002
13:04:36 | INFO: Blender create Mesh node COL_study_front_walk.002
13:04:36 | INFO: Blender create Mesh node COL_study_front_wall.002
13:04:36 | INFO: Blender create Mesh node COL_study_post.001
13:04:36 | INFO: Blender create Mesh node COL_study_post.002
13:04:36 | INFO: Blender create Mesh node COL_study_post.003
13:04:36 | INFO: Blender create Mesh node COL_study_post.008
13:04:36 | INFO: Blender create Mesh node Cube.151
13:04:36 | INFO: Blender create Mesh node Cube.152
13:04:36 | INFO: Blender create Mesh node Cube.153
13:04:36 | INFO: Blender create Mesh node Cube.154
13:04:36 | INFO: Blender create Mesh node Cube.155
13:04:36 | INFO: Blender create Mesh node Cube.156
13:04:36 | INFO: Blender create Mesh node Cube.157
13:04:36 | INFO: Blender create Mesh node Cube.158
13:04:36 | INFO: Blender create Mesh node Cube.159
13:04:36 | INFO: Blender create Mesh node Cube.160
13:04:36 | INFO: Blender create Mesh node Cube.161
13:04:36 | INFO: Blender create Mesh node Cube.162
13:04:36 | INFO: Blender create Mesh node Cube.163
13:04:36 | INFO: Blender create Mesh node Cube.164
13:04:36 | INFO: Blender create Mesh node Cube.165
13:04:36 | INFO: Blender create Mesh node Cube.166
13:04:36 | INFO: Blender create Mesh node Cube.167
13:04:36 | INFO: Blender create Mesh node Cube.168
13:04:36 | INFO: Blender create Mesh node Cube.169
13:04:36 | INFO: Blender create Mesh node Cube.170
13:04:36 | INFO: Blender create Mesh node Cube.171
13:04:36 | INFO: Blender create Mesh node Cube.172
13:04:36 | INFO: Blender create Mesh node Cube.173
13:04:36 | INFO: Blender create Mesh node Cube.174
13:04:36 | INFO: Blender create Mesh node Cube.175
13:04:36 | INFO: Blender create Mesh node Cube.176
13:04:36 | INFO: Blender create Mesh node Cube.177
13:04:36 | INFO: Blender create Mesh node Cube.178
13:04:36 | INFO: Blender create Mesh node Cube.179
13:04:36 | INFO: Blender create Mesh node Cube.180
13:04:36 | INFO: Blender create Mesh node Cube.201
13:04:36 | INFO: Blender create Mesh node Cube.202
13:04:36 | INFO: Blender create Mesh node Cube.203
13:04:36 | INFO: Blender create Mesh node Cube.181
13:04:36 | INFO: Blender create Mesh node Cube.182
13:04:36 | INFO: Blender create Mesh node Cube.183
13:04:36 | INFO: Blender create Mesh node Cube.184
13:04:36 | INFO: Blender create Mesh node Cube.185
13:04:36 | INFO: Blender create Mesh node Cube.186
13:04:36 | INFO: Blender create Mesh node Cube.187
13:04:36 | INFO: Blender create Mesh node Cube.188
13:04:36 | INFO: Blender create Mesh node Cube.189
13:04:36 | INFO: Blender create Mesh node Cube.190
13:04:36 | INFO: Blender create Mesh node Cube.191
13:04:36 | INFO: Blender create Mesh node Cube.192
13:04:36 | INFO: Blender create Mesh node COL_tubi-tang_floor.001
13:04:36 | INFO: Blender create Mesh node COL_tubi_approach.001
13:04:36 | INFO: Blender create Mesh node COL_tubi_approach.002
13:04:36 | INFO: Blender create Mesh node COL_tubi_approach.007
13:04:36 | INFO: Blender create Mesh node COL_tubi_approach.008
13:04:36 | INFO: Blender create Mesh node COL_tubi_closed_hall.002
13:04:36 | INFO: Blender create Mesh node COL_tubi_hall_post.001
13:04:36 | INFO: Blender create Mesh node COL_tubi_hall_post.002
13:04:36 | INFO: Blender create Mesh node COL_tubi_hall_post.006
13:04:36 | INFO: Blender create Mesh node COL_tubi_parapet.001
13:04:36 | INFO: Blender create Mesh node COL_tubi_parapet.002
13:04:36 | INFO: Blender create Mesh node COL_tubi_parapet.003
13:04:36 | INFO: Blender create Mesh node COL_tubi_parapet.008
13:04:36 | INFO: Blender create Mesh node COL_tubi_stair_guard.001
13:04:36 | INFO: Blender create Mesh node COL_tubi_stair_guard.004
13:04:36 | INFO: Blender create Mesh node COL_tubi_stair_ramp.002
13:04:36 | INFO: Blender create Mesh node COL_tubi_terrace.002
13:04:36 | INFO: Blender create Mesh node COL_tubi_topic_table.002
13:04:36 | INFO: Blender create Mesh node COL_tubi_view_bench_left.001
13:04:36 | INFO: Blender create Mesh node COL_tubi_view_bench_right.001
13:04:36 | INFO: Blender create Mesh node COL_water_bridge_side.001
13:04:36 | INFO: Blender create Mesh node COL_water_bridge_side.004
13:04:36 | INFO: Blender create Mesh node COL_water_bridge_deck.002
13:04:36 | INFO: Blender create Mesh node COL_xiaoxiang_bamboo_bed.004
13:04:36 | INFO: Blender create Mesh node COL_xiaoxiang_bamboo_bed.005
13:04:36 | INFO: Blender create Mesh node COL_xiaoxiang_bamboo_bed.006
13:04:36 | INFO: Blender create Mesh node COL_xiaoxiang_bamboo_bed.007
13:04:36 | INFO: Blender create Mesh node COL_xiaoxiang_closed_front.001
13:04:36 | INFO: Blender create Mesh node COL_xiaoxiang_floor.001
13:04:36 | INFO: Blender create Mesh node COL_xiaoxiang_return.002
13:04:36 | INFO: Blender create Mesh node COL_xiaoxiang_return.003
13:04:36 | INFO: Blender create Mesh node COL_xiaoxiang_threshold.001
13:04:36 | INFO: Blender create Mesh node COL_yihong_closed_front.002
13:04:36 | INFO: Blender create Mesh node COL_yihong_court_side.001
13:04:36 | INFO: Blender create Mesh node COL_yihong_court_side.004
13:04:36 | INFO: Blender create Mesh node COL_yihong_floor.002
13:04:36 | INFO: Blender create Mesh node COL_yihong_planter.001
13:04:36 | INFO: Blender create Mesh node COL_yihong_planter.004
13:04:36 | INFO: Blender create Mesh node COL_yihong_side_return.001
13:04:36 | INFO: Blender create Mesh node COL_yihong_side_return.004
13:04:36 | INFO: Blender create Mesh node COL_yihong_threshold.002
13:04:36 | INFO: Blender create Mesh node COL_ziling_landing.001
13:04:36 | INFO: Blender create Mesh node HERO_aojing-guan_title.002
13:04:36 | INFO: Blender create Mesh node HERO_daguan_title.001
13:04:36 | INFO: Blender create Mesh node HERO_daoxiang-cun_title.002
13:04:36 | INFO: Blender create Mesh node KIT_flora_plum_render.001
13:04:36 | INFO: Blender create Mesh node KIT_flora_plum_render.002
13:04:36 | INFO: Blender create Mesh node KIT_flora_bamboo_large_render.001
13:04:36 | INFO: Blender create Mesh node KIT_flora_bamboo_large_render.002
13:04:36 | INFO: Blender create Mesh node KIT_flora_bamboo_small_render.001
13:04:36 | INFO: Blender create Mesh node KIT_flora_willow_render.001
13:04:36 | INFO: Blender create Mesh node KIT_flora_willow_render.002
13:04:36 | INFO: Blender create Mesh node KIT_flora_bamboo_large_render.003
13:04:36 | INFO: Blender create Mesh node KIT_flora_bamboo_medium_render.001
13:04:36 | INFO: Blender create Mesh node KIT_flora_bamboo_small_render.002
13:04:36 | INFO: Blender create Mesh node KIT_flora_bamboo_large_render.004
13:04:36 | INFO: Blender create Mesh node KIT_flora_banana_render.001
13:04:36 | INFO: Blender create Mesh node KIT_flora_banana_render.002
13:04:36 | INFO: Blender create Mesh node KIT_flora_reed_render.001
13:04:36 | INFO: Blender create Mesh node KIT_flora_reed_render.002
13:04:36 | INFO: Blender create Mesh node KIT_flora_reed_render.003
13:04:36 | INFO: Blender create Mesh node KIT_flora_reed_render.004
13:04:36 | INFO: Blender create Mesh node KIT_flora_reed_render.005
13:04:36 | INFO: Blender create Mesh node KIT_flora_reed_render.006
13:04:36 | INFO: Blender create Mesh node KIT_flora_reed_render.007
13:04:36 | INFO: Blender create Mesh node KIT_flora_reed_render.008
13:04:36 | INFO: Blender create Mesh node KIT_flora_reed_render.009
13:04:36 | INFO: Blender create Mesh node KIT_flora_reed_render.010
13:04:36 | INFO: Blender create Mesh node HERO_gate_inscription.001
13:04:36 | INFO: Blender create Mesh node HERO_gate_water_drips.001
13:04:36 | INFO: Blender create Mesh node HERO_hengwu-yuan_title.002
13:04:36 | INFO: Blender create Mesh node HERO_longcui-an_title.002
13:04:36 | INFO: Blender create Mesh node HERO_qinfang-ting_title.002
13:04:36 | INFO: Blender create Mesh node HERO_qinfang_bridge.001
13:04:36 | INFO: Blender create Mesh node HERO_study_scroll_bamboo.002
13:04:36 | INFO: Blender create Mesh node HERO_study_scroll_plum.002
13:04:36 | INFO: Blender create Mesh node HERO_study_title.002
13:04:36 | INFO: Blender create Mesh node HERO_table_hexagram.001
13:04:36 | INFO: Blender create Mesh node line_piece.005
13:04:36 | INFO: Blender create Mesh node line_piece.002
13:04:36 | INFO: Blender create Mesh node line_piece.011
13:04:36 | INFO: Blender create Mesh node line_piece.008
13:04:36 | INFO: Blender create Mesh node line_piece.017
13:04:36 | INFO: Blender create Mesh node line_piece.014
13:04:36 | INFO: Blender create Mesh node line_piece.019
13:04:36 | INFO: Blender create Mesh node line_piece.018
13:04:36 | INFO: Blender create Mesh node line_piece.021
13:04:36 | INFO: Blender create Mesh node line_piece.020
13:04:36 | INFO: Blender create Mesh node line_piece.023
13:04:36 | INFO: Blender create Mesh node line_piece.022
13:04:36 | INFO: Blender create Mesh node HERO_table_pedestal.001
13:04:36 | INFO: Blender create Mesh node HERO_tubi_title.002
13:04:36 | INFO: Blender create Mesh node HERO_xiaoxiang-guan_title.002
13:04:36 | INFO: Blender create Mesh node HERO_yihong-yuan_title.002
13:04:36 | INFO: Blender create Mesh node AOJING_pond.002
13:04:36 | INFO: Blender create Mesh node AOJING_backstage.002
13:04:36 | INFO: Blender create Mesh node AOJING_amber_window.002
13:04:36 | INFO: Blender create Mesh node AOJING_window_lattice.001
13:04:36 | INFO: Blender create Mesh node AOJING_dry_ledge.002
13:04:36 | INFO: Blender create Mesh node AOJING_roof.002
13:04:36 | INFO: Blender create Mesh node AOJING_closed_front.002
13:04:36 | INFO: Blender create Mesh node DAGUAN_backstage.001
13:04:36 | INFO: Blender create Mesh node DAGUAN_door_stud.180
13:04:36 | INFO: Blender create Mesh node DAGUAN_amber_transom.002
13:04:36 | INFO: Blender create Mesh node DAGUAN_closed_door.010
13:04:36 | INFO: Blender create Mesh node DAGUAN_recessed_panel.020
13:04:36 | INFO: Blender create Mesh node DAGUAN_column.006
13:04:36 | INFO: Blender create Mesh node DAGUAN_platform.001
13:04:36 | INFO: Blender create Mesh node DAGUAN_lower_roof.001
13:04:36 | INFO: Blender create Mesh node DAGUAN_front.001
13:04:36 | INFO: Blender create Mesh node DAOXIANG_backstage.001
13:04:36 | INFO: Blender create Mesh node DAOXIANG_door_latch.001
13:04:36 | INFO: Blender create Mesh node DAOXIANG_warm_sliver.001
13:04:36 | INFO: Blender create Mesh node DAOXIANG_closed_door.001
13:04:36 | INFO: Blender create Mesh node DAOXIANG_paddy_painting.001
13:04:36 | INFO: Blender create Mesh node DAOXIANG_court.001
13:04:36 | INFO: Blender create Mesh node DAOXIANG_thatch_mass.001
13:04:36 | INFO: Blender create Mesh node DAOXIANG_front.001
13:04:36 | INFO: Blender create Mesh node SITE_hengwu-yuan_backstage.001
13:04:36 | INFO: Blender create Mesh node KIT_pavilion_finial.011
13:04:36 | INFO: Blender create Mesh node KIT_wall_amber_window.006
13:04:36 | INFO: Blender create Mesh node HENGWU_herb_leaf.001
13:04:36 | INFO: Blender create Mesh node KIT_wall_lattice_vertical.105
13:04:36 | INFO: Blender create Mesh node SITE_hengwu-yuan_platform.001
13:04:36 | INFO: Blender create Mesh node KIT_props_lantern_hanging_render.015
13:04:36 | INFO: Blender create Mesh node KIT_pavilion_roof.011
13:04:36 | INFO: Blender create Mesh node KIT_wall_bay.001
13:04:36 | INFO: Blender create Mesh node SITE_hengwu-yuan_front.001
13:04:36 | INFO: Blender create Mesh node LONGCUI_backstage.001
13:04:36 | INFO: Blender create Mesh node LONGCUI_gate_pull.002
13:04:36 | INFO: Blender create Mesh node LONGCUI_closed_gate.002
13:04:36 | INFO: Blender create Mesh node LONGCUI_paving.001
13:04:36 | INFO: Blender create Mesh node KIT_props_lantern_hanging_render.016
13:04:36 | INFO: Blender create Mesh node LONGCUI_wall_cap.001
13:04:36 | INFO: Blender create Mesh node LONGCUI_closed_front.001
13:04:36 | INFO: Blender create Mesh node KIT_props_tea_cup.006
13:04:36 | INFO: Blender create Mesh node KIT_water_lotus_leaf.007
13:04:36 | INFO: Blender create Mesh node SITE_ouxiang_deck.001
13:04:36 | INFO: Blender create Mesh node KIT_pavilion_water_pier.004
13:04:36 | INFO: Blender create Mesh node KIT_props_lantern_hanging_render.013
13:04:36 | INFO: Blender create Mesh node KIT_pavilion_water_hipped_roof.001
13:04:36 | INFO: Blender create Mesh node KIT_water_lotus.021
13:04:36 | INFO: Blender create Mesh node KIT_corridor_rail.008
13:04:36 | INFO: Blender create Mesh node KIT_pavilion_roof_shell.001
13:04:36 | INFO: Blender create Mesh node KIT_pavilion_plinth.001
13:04:36 | INFO: Blender create Mesh node KIT_props_lantern_hanging_render.001
13:04:36 | INFO: Blender create Mesh node KIT_water_stream.001
13:04:36 | INFO: Blender create Mesh node SITE_qiushuang-zhai_backstage.001
13:04:36 | INFO: Blender create Mesh node KIT_pavilion_finial.005
13:04:36 | INFO: Blender create Mesh node KIT_wall_lattice_vertical.042
13:04:36 | INFO: Blender create Mesh node SITE_qiushuang-zhai_platform.001
13:04:36 | INFO: Blender create Mesh node KIT_props_lantern_hanging_render.010
13:04:36 | INFO: Blender create Mesh node KIT_pavilion_roof.005
13:04:36 | INFO: Blender create Mesh node KIT_tech_terminal_desk_render.007
13:04:36 | INFO: Blender create Mesh node SITE_qiushuang-zhai_front.001
13:04:36 | INFO: Blender create Mesh node GATE_banana_pseudostem.001
13:04:36 | INFO: Blender create Mesh node GATE_banana_soil.001
13:04:36 | INFO: Blender create Mesh node KIT_rockery_passage.001
13:04:36 | INFO: Blender create Mesh node GATE_paving.002
13:04:36 | INFO: Blender create Mesh node KIT_props_lantern_hanging_render.008
13:04:36 | INFO: Blender create Mesh node KIT_stage_fog_plane_render.017
13:04:36 | INFO: Blender create Mesh node KIT_stage_floor.001
13:04:36 | INFO: Blender create Mesh node AOJING_approach_guard.001
13:04:36 | INFO: Blender create Mesh node KIT_stage_painted_moon.001
13:04:36 | INFO: Blender create Mesh node KIT_stage_painted_mountain_layer.003
13:04:36 | INFO: Blender create Mesh node KIT_stage_painted_mountain_layer.004
13:04:36 | INFO: Blender create Mesh node KIT_stage_painted_mountain_layer.005
13:04:36 | INFO: Blender create Mesh node KIT_water_stone_walk.005
13:04:36 | INFO: Blender create Mesh node Painted coved ceiling candidate.001
13:04:36 | INFO: Blender create Mesh node KIT_stage_painted_canvas.002
13:04:36 | INFO: Blender create Mesh node Eight painted cyclorama arcs.001
13:04:37 | INFO: Blender create Mesh node KIT_stage_fog_plane_render.002
13:04:37 | INFO: Blender create Mesh node KIT_tech_cell_side.012
13:04:37 | INFO: Blender create Mesh node KIT_wall_window_bar.030
13:04:37 | INFO: Blender create Mesh node KIT_stage_entry_walk.002
13:04:37 | INFO: Blender create Mesh node KIT_props_folding_chair_render.001
13:04:37 | INFO: Blender create Mesh node KIT_stage_floor_boards_render.002
13:04:37 | INFO: Blender create Mesh node KIT_stage_gel_frame_render.002
13:04:37 | INFO: Blender create Mesh node KIT_stage_studio_wall_render.002
13:04:37 | INFO: Blender create Mesh node KIT_stage_fog_plane_render.020
13:04:37 | INFO: Blender create Mesh node KIT_tech_terminal_desk_render.001
13:04:37 | INFO: Blender create Mesh node KIT_props_scroll_render.001
13:04:37 | INFO: Blender create Mesh node SITE_tubi-tang_backstage.001
13:04:37 | INFO: Blender create Mesh node KIT_pavilion_finial.007
13:04:37 | INFO: Blender create Mesh node KIT_wall_amber_window.003
13:04:37 | INFO: Blender create Mesh node TUBI_topic_line.001
13:04:37 | INFO: Blender create Mesh node KIT_wall_lattice_vertical.063
13:04:37 | INFO: Blender create Mesh node SITE_tubi-tang_platform.001
13:04:37 | INFO: Blender create Mesh node KIT_props_lantern_hanging_render.012
13:04:37 | INFO: Blender create Mesh node KIT_pavilion_roof.007
13:04:37 | INFO: Blender create Mesh node TUBI_terrace.002
13:04:37 | INFO: Blender create Mesh node SITE_tubi-tang_front.001
13:04:37 | INFO: Blender create Mesh node XIAOXIANG_black_back.001
13:04:37 | INFO: Blender create Mesh node XIAOXIANG_gate_pull.002
13:04:37 | INFO: Blender create Mesh node XIAOXIANG_amber_window.001
13:04:37 | INFO: Blender create Mesh node XIAOXIANG_gate_leaf.002
13:04:37 | INFO: Blender create Mesh node XIAOXIANG_paving.001
13:04:37 | INFO: Blender create Mesh node XIAOXIANG_wall_cap.001
13:04:37 | INFO: Blender create Mesh node XIAOXIANG_closed_front.001
13:04:37 | INFO: Blender create Mesh node YIHONG_backstage.002
13:04:37 | INFO: Blender create Mesh node YIHONG_door_rail.001
13:04:37 | INFO: Blender create Mesh node YIHONG_amber_window.002
13:04:37 | INFO: Blender create Mesh node YIHONG_door_panel.001
13:04:37 | INFO: Blender create Mesh node YIHONG_paving.002
13:04:37 | INFO: Blender create Mesh node YIHONG_court_cap.001
13:04:37 | INFO: Blender create Mesh node YIHONG_closed_front.002
13:04:37 | INFO: Blender create Mesh node KIT_water_lotus_leaf.011
13:04:37 | INFO: Blender create Mesh node KIT_water_plank.002
13:04:37 | INFO: Blender create Mesh node SITE_ziling_island.001
13:04:37 | INFO: glTF import finished in 0.92s
WASH_SHADOW_INTENT {"source_glb_sha256": "8d1d9b4e4372ee097199f0b8b0c1a33f72aa55cb6ce978cf5a847b75febadf3f", "explicit_meshes": {"SITE_stage_MAT_stage_canopy_paint": false}, "unchanged_unflagged_meshes": 566}
/private/var/folders/gf/s_g2zvzj3jxbylz3ylbc7k4c0000gn/T/garden-moon-intensity-final-jss1gw4o/scripts/bake_backdrop_wash.py:73: DeprecationWarning: 'World.use_nodes' is expected to be removed in Blender 6.0
  world.use_nodes = True
/private/var/folders/gf/s_g2zvzj3jxbylz3ylbc7k4c0000gn/T/garden-moon-intensity-final-jss1gw4o/scripts/bake_backdrop_wash.py:79: DeprecationWarning: 'Material.use_nodes' is expected to be removed in Blender 6.0
  if not material.use_nodes: continue
/private/var/folders/gf/s_g2zvzj3jxbylz3ylbc7k4c0000gn/T/garden-moon-intensity-final-jss1gw4o/scripts/bake_backdrop_wash.py:144: DeprecationWarning: 'Material.use_nodes' is expected to be removed in Blender 6.0
  material.use_nodes = True
Info: Baking map saved to internal image, save it externally or pack it
WASH_BAKE_TARGET SITE_stage_MAT_stage_cyclorama_moonlit_MAT_stage_atlas front
Info: Baking map saved to internal image, save it externally or pack it
WASH_BAKED {"mesh": "SITE_stage_MAT_stage_cyclorama_moonlit_MAT_stage_atlas", "texture": "SITE_stage_MAT_stage_cyclorama_moonlit_MAT_stage_atlas-front.png", "scale": 1.0, "sides": {"front": {"texture": "SITE_stage_MAT_stage_cyclorama_moonlit_MAT_stage_atlas-front.png", "scale": 1.0, "linear_max": 0.22674696147441864, "nonzero_fraction": 0.15479660034179688, "png_sha256": "1e1128c0dbbadcf607a88ed902e193da72feba6e4e6492668708bf7dd0dd36ca"}}, "double_sided": false, "backface_uv_mapping_verified": true, "unoccluded_control_max": null, "size": 512, "samples": 128, "uv_channel": 1, "uv_sha256": "b4cb62f0d74b92ad8e5dc44f8726bddcd738ae32a89846c7d29b9c072e51f8d2", "source_glb_sha256": "8d1d9b4e4372ee097199f0b8b0c1a33f72aa55cb6ce978cf5a847b75febadf3f", "stage_blend_sha256": "a6dbdca7bda8093f2b48cac181b7d2aa11900074f0132c1ce852b5dc2324039a", "authoring_blend_sha256": "a273a4c0ea33c9897f3096f51b5833b905e04a6d0ca62cab001e8291aa93b8de", "site_blend_sha256": {"aojing-guan": "da9a2dce8f3fb92822433295716f6420940d9b2056c04ed655bbfe0b47d4d450", "daguan-lou": "86fa04a4bfa51b49e6398ea2a47c766dbe6d3fb042d1ce05d7f53465fc2c1fd0", "daoxiang-cun": "e48d8896eba877a5d961380c88f44873dff6932a269cd90b3b579919352c159a", "hengwu-yuan": "51ff206f71f4bab3efb368a1df1012f6087224e299a068bc48a29a6a5cc552a3", "longcui-an": "93ae2f374c2c2251f7e66f0988701b1ea940999c8ea759a2c7c96963460f7001", "ouxiang-xie": "326e01b3be1b589bd426f898520bd3ec8069e7581e8a3e76c46d13d1d8b43581", "qinfang-ting": "1b48645078f176178e80f8800d563dfb49a03723df740e70c56659d6baa7239a", "qiushuang-zhai": "fabbff658dd92b9b653461bf5b8d22cc60894e8708fd41da02cb4eee79e4965e", "tubi-tang": "22426cc2bd5f361823055c341b245870e4327e99aeeb151021ef9ccae714e35e", "xiaoxiang-guan": "68a6804977d2f8febf07bfa73a8e489da1fc9f2c5d33f86df3da84bd703eb684", "yihong-yuan": "86de6a21e9231df07dc1b74b8f18256cc6d915458e72d77648076b3c196cb53d", "ziling-zhou": "e7d30b6aa068fff3f29cff203824a4f6345cfafba6450a3edf94294605a2b69d"}, "lights_baked": 12, "point_lights_baked": false, "pass_filter": ["DIRECT"], "shadow_intent": {"SITE_stage_MAT_stage_canopy_paint": false}}
WASH_BAKE_TARGET SITE_stage_MAT_stage_canopy_paint front
Info: Baking map saved to internal image, save it externally or pack it
WASH_BAKED {"mesh": "SITE_stage_MAT_stage_canopy_paint", "texture": "SITE_stage_MAT_stage_canopy_paint-front.png", "scale": 1.0, "sides": {"front": {"texture": "SITE_stage_MAT_stage_canopy_paint-front.png", "scale": 1.0, "linear_max": 0.10368452966213226, "nonzero_fraction": 0.043338775634765625, "png_sha256": "5fd81440353159f34f629d89d6e82f50a301bd7153e6eceaae375c6836b81f55"}}, "double_sided": false, "backface_uv_mapping_verified": true, "unoccluded_control_max": null, "size": 512, "samples": 128, "uv_channel": 1, "uv_sha256": "34649898b4b083dedd2342e75fc6151b8ded43d7dbc692bee806c8734d946358", "source_glb_sha256": "8d1d9b4e4372ee097199f0b8b0c1a33f72aa55cb6ce978cf5a847b75febadf3f", "stage_blend_sha256": "a6dbdca7bda8093f2b48cac181b7d2aa11900074f0132c1ce852b5dc2324039a", "authoring_blend_sha256": "a273a4c0ea33c9897f3096f51b5833b905e04a6d0ca62cab001e8291aa93b8de", "site_blend_sha256": {"aojing-guan": "da9a2dce8f3fb92822433295716f6420940d9b2056c04ed655bbfe0b47d4d450", "daguan-lou": "86fa04a4bfa51b49e6398ea2a47c766dbe6d3fb042d1ce05d7f53465fc2c1fd0", "daoxiang-cun": "e48d8896eba877a5d961380c88f44873dff6932a269cd90b3b579919352c159a", "hengwu-yuan": "51ff206f71f4bab3efb368a1df1012f6087224e299a068bc48a29a6a5cc552a3", "longcui-an": "93ae2f374c2c2251f7e66f0988701b1ea940999c8ea759a2c7c96963460f7001", "ouxiang-xie": "326e01b3be1b589bd426f898520bd3ec8069e7581e8a3e76c46d13d1d8b43581", "qinfang-ting": "1b48645078f176178e80f8800d563dfb49a03723df740e70c56659d6baa7239a", "qiushuang-zhai": "fabbff658dd92b9b653461bf5b8d22cc60894e8708fd41da02cb4eee79e4965e", "tubi-tang": "22426cc2bd5f361823055c341b245870e4327e99aeeb151021ef9ccae714e35e", "xiaoxiang-guan": "68a6804977d2f8febf07bfa73a8e489da1fc9f2c5d33f86df3da84bd703eb684", "yihong-yuan": "86de6a21e9231df07dc1b74b8f18256cc6d915458e72d77648076b3c196cb53d", "ziling-zhou": "e7d30b6aa068fff3f29cff203824a4f6345cfafba6450a3edf94294605a2b69d"}, "lights_baked": 12, "point_lights_baked": false, "pass_filter": ["DIRECT"], "shadow_intent": {"SITE_stage_MAT_stage_canopy_paint": false}}
WASH_BAKE_TARGET SITE_stage_MAT_painted_moon front
Info: Baking map saved to internal image, save it externally or pack it
WASH_BAKE_TARGET SITE_stage_MAT_painted_moon back
Info: Baking map saved to internal image, save it externally or pack it
WASH_BAKED {"mesh": "SITE_stage_MAT_painted_moon", "texture": "SITE_stage_MAT_painted_moon-front.png", "scale": 1.0, "sides": {"front": {"texture": "SITE_stage_MAT_painted_moon-front.png", "scale": 1.0, "linear_max": 0.22623233497142792, "nonzero_fraction": 0.21535110473632812, "png_sha256": "6e03e79c4e5539bebce3299186ebbce5be896a8086f416acbef0cf1f71f71e97"}, "back": {"texture": "SITE_stage_MAT_painted_moon-back.png", "scale": 1.0, "linear_max": 0.0005604923353530467, "nonzero_fraction": 6.4849853515625e-05, "png_sha256": "d1de1fd43e9b50aeb7f1d61f3b317c280e87ae0e5481cc210009f6e947002ad8"}}, "double_sided": true, "backface_uv_mapping_verified": true, "unoccluded_control_max": null, "size": 512, "samples": 128, "uv_channel": 1, "uv_sha256": "5b099e5e3229f0bd447f7af7de01b7d1a6392552f2c0a1b6c6c48a3b32db1ba1", "source_glb_sha256": "8d1d9b4e4372ee097199f0b8b0c1a33f72aa55cb6ce978cf5a847b75febadf3f", "stage_blend_sha256": "a6dbdca7bda8093f2b48cac181b7d2aa11900074f0132c1ce852b5dc2324039a", "authoring_blend_sha256": "a273a4c0ea33c9897f3096f51b5833b905e04a6d0ca62cab001e8291aa93b8de", "site_blend_sha256": {"aojing-guan": "da9a2dce8f3fb92822433295716f6420940d9b2056c04ed655bbfe0b47d4d450", "daguan-lou": "86fa04a4bfa51b49e6398ea2a47c766dbe6d3fb042d1ce05d7f53465fc2c1fd0", "daoxiang-cun": "e48d8896eba877a5d961380c88f44873dff6932a269cd90b3b579919352c159a", "hengwu-yuan": "51ff206f71f4bab3efb368a1df1012f6087224e299a068bc48a29a6a5cc552a3", "longcui-an": "93ae2f374c2c2251f7e66f0988701b1ea940999c8ea759a2c7c96963460f7001", "ouxiang-xie": "326e01b3be1b589bd426f898520bd3ec8069e7581e8a3e76c46d13d1d8b43581", "qinfang-ting": "1b48645078f176178e80f8800d563dfb49a03723df740e70c56659d6baa7239a", "qiushuang-zhai": "fabbff658dd92b9b653461bf5b8d22cc60894e8708fd41da02cb4eee79e4965e", "tubi-tang": "22426cc2bd5f361823055c341b245870e4327e99aeeb151021ef9ccae714e35e", "xiaoxiang-guan": "68a6804977d2f8febf07bfa73a8e489da1fc9f2c5d33f86df3da84bd703eb684", "yihong-yuan": "86de6a21e9231df07dc1b74b8f18256cc6d915458e72d77648076b3c196cb53d", "ziling-zhou": "e7d30b6aa068fff3f29cff203824a4f6345cfafba6450a3edf94294605a2b69d"}, "lights_baked": 12, "point_lights_baked": false, "pass_filter": ["DIRECT"], "shadow_intent": {"SITE_stage_MAT_stage_canopy_paint": false}}
WASH_BAKE_TARGET SITE_stage_MAT_painted_mountains_0 front
Info: Baking map saved to internal image, save it externally or pack it
WASH_BAKE_TARGET SITE_stage_MAT_painted_mountains_0 back
Info: Baking map saved to internal image, save it externally or pack it
Info: Baking map saved to internal image, save it externally or pack it
WASH_BAKED {"mesh": "SITE_stage_MAT_painted_mountains_0", "texture": "SITE_stage_MAT_painted_mountains_0-front.png", "scale": 1.0, "sides": {"front": {"texture": "SITE_stage_MAT_painted_mountains_0-front.png", "scale": 1.0, "linear_max": 0.0, "nonzero_fraction": 0.0, "png_sha256": "3d0c0bfd2c5437cbdc4f382593564b7ad0f09885073c0bff5322ab996c038e15"}, "back": {"texture": "SITE_stage_MAT_painted_mountains_0-back.png", "scale": 1.0, "linear_max": 0.0, "nonzero_fraction": 0.0, "png_sha256": "3d0c0bfd2c5437cbdc4f382593564b7ad0f09885073c0bff5322ab996c038e15"}}, "double_sided": true, "backface_uv_mapping_verified": true, "unoccluded_control_max": 0.1681901067495346, "size": 512, "samples": 128, "uv_channel": 1, "uv_sha256": "97a93dfe178ec8616ceae899da19646d791a25070984e7e1c52e562db883272c", "source_glb_sha256": "8d1d9b4e4372ee097199f0b8b0c1a33f72aa55cb6ce978cf5a847b75febadf3f", "stage_blend_sha256": "a6dbdca7bda8093f2b48cac181b7d2aa11900074f0132c1ce852b5dc2324039a", "authoring_blend_sha256": "a273a4c0ea33c9897f3096f51b5833b905e04a6d0ca62cab001e8291aa93b8de", "site_blend_sha256": {"aojing-guan": "da9a2dce8f3fb92822433295716f6420940d9b2056c04ed655bbfe0b47d4d450", "daguan-lou": "86fa04a4bfa51b49e6398ea2a47c766dbe6d3fb042d1ce05d7f53465fc2c1fd0", "daoxiang-cun": "e48d8896eba877a5d961380c88f44873dff6932a269cd90b3b579919352c159a", "hengwu-yuan": "51ff206f71f4bab3efb368a1df1012f6087224e299a068bc48a29a6a5cc552a3", "longcui-an": "93ae2f374c2c2251f7e66f0988701b1ea940999c8ea759a2c7c96963460f7001", "ouxiang-xie": "326e01b3be1b589bd426f898520bd3ec8069e7581e8a3e76c46d13d1d8b43581", "qinfang-ting": "1b48645078f176178e80f8800d563dfb49a03723df740e70c56659d6baa7239a", "qiushuang-zhai": "fabbff658dd92b9b653461bf5b8d22cc60894e8708fd41da02cb4eee79e4965e", "tubi-tang": "22426cc2bd5f361823055c341b245870e4327e99aeeb151021ef9ccae714e35e", "xiaoxiang-guan": "68a6804977d2f8febf07bfa73a8e489da1fc9f2c5d33f86df3da84bd703eb684", "yihong-yuan": "86de6a21e9231df07dc1b74b8f18256cc6d915458e72d77648076b3c196cb53d", "ziling-zhou": "e7d30b6aa068fff3f29cff203824a4f6345cfafba6450a3edf94294605a2b69d"}, "lights_baked": 12, "point_lights_baked": false, "pass_filter": ["DIRECT"], "shadow_intent": {"SITE_stage_MAT_stage_canopy_paint": false}}
WASH_BAKE_TARGET SITE_stage_MAT_painted_mountains_1 front
Info: Baking map saved to internal image, save it externally or pack it
WASH_BAKE_TARGET SITE_stage_MAT_painted_mountains_1 back
Info: Baking map saved to internal image, save it externally or pack it
WASH_BAKED {"mesh": "SITE_stage_MAT_painted_mountains_1", "texture": "SITE_stage_MAT_painted_mountains_1-front.png", "scale": 1.0, "sides": {"front": {"texture": "SITE_stage_MAT_painted_mountains_1-front.png", "scale": 1.0, "linear_max": 0.0, "nonzero_fraction": 0.0, "png_sha256": "3d0c0bfd2c5437cbdc4f382593564b7ad0f09885073c0bff5322ab996c038e15"}, "back": {"texture": "SITE_stage_MAT_painted_mountains_1-back.png", "scale": 1.0, "linear_max": 0.002930331276729703, "nonzero_fraction": 0.000690460205078125, "png_sha256": "f0d385997015691d5929ecbc6251bac694fd5ac19446bb21473f963a7841933b"}}, "double_sided": true, "backface_uv_mapping_verified": true, "unoccluded_control_max": null, "size": 512, "samples": 128, "uv_channel": 1, "uv_sha256": "31ca5f33801766d6233cd69b74f855e6f881dd986167a9859518f6206dc5bef2", "source_glb_sha256": "8d1d9b4e4372ee097199f0b8b0c1a33f72aa55cb6ce978cf5a847b75febadf3f", "stage_blend_sha256": "a6dbdca7bda8093f2b48cac181b7d2aa11900074f0132c1ce852b5dc2324039a", "authoring_blend_sha256": "a273a4c0ea33c9897f3096f51b5833b905e04a6d0ca62cab001e8291aa93b8de", "site_blend_sha256": {"aojing-guan": "da9a2dce8f3fb92822433295716f6420940d9b2056c04ed655bbfe0b47d4d450", "daguan-lou": "86fa04a4bfa51b49e6398ea2a47c766dbe6d3fb042d1ce05d7f53465fc2c1fd0", "daoxiang-cun": "e48d8896eba877a5d961380c88f44873dff6932a269cd90b3b579919352c159a", "hengwu-yuan": "51ff206f71f4bab3efb368a1df1012f6087224e299a068bc48a29a6a5cc552a3", "longcui-an": "93ae2f374c2c2251f7e66f0988701b1ea940999c8ea759a2c7c96963460f7001", "ouxiang-xie": "326e01b3be1b589bd426f898520bd3ec8069e7581e8a3e76c46d13d1d8b43581", "qinfang-ting": "1b48645078f176178e80f8800d563dfb49a03723df740e70c56659d6baa7239a", "qiushuang-zhai": "fabbff658dd92b9b653461bf5b8d22cc60894e8708fd41da02cb4eee79e4965e", "tubi-tang": "22426cc2bd5f361823055c341b245870e4327e99aeeb151021ef9ccae714e35e", "xiaoxiang-guan": "68a6804977d2f8febf07bfa73a8e489da1fc9f2c5d33f86df3da84bd703eb684", "yihong-yuan": "86de6a21e9231df07dc1b74b8f18256cc6d915458e72d77648076b3c196cb53d", "ziling-zhou": "e7d30b6aa068fff3f29cff203824a4f6345cfafba6450a3edf94294605a2b69d"}, "lights_baked": 12, "point_lights_baked": false, "pass_filter": ["DIRECT"], "shadow_intent": {"SITE_stage_MAT_stage_canopy_paint": false}}
WASH_BAKE_TARGET SITE_stage_MAT_painted_mountains_2 front
Info: Baking map saved to internal image, save it externally or pack it
WASH_BAKE_TARGET SITE_stage_MAT_painted_mountains_2 back
Info: Baking map saved to internal image, save it externally or pack it
WASH_BAKED {"mesh": "SITE_stage_MAT_painted_mountains_2", "texture": "SITE_stage_MAT_painted_mountains_2-front.png", "scale": 1.0, "sides": {"front": {"texture": "SITE_stage_MAT_painted_mountains_2-front.png", "scale": 1.0, "linear_max": 0.0, "nonzero_fraction": 0.0, "png_sha256": "3d0c0bfd2c5437cbdc4f382593564b7ad0f09885073c0bff5322ab996c038e15"}, "back": {"texture": "SITE_stage_MAT_painted_mountains_2-back.png", "scale": 1.0, "linear_max": 0.2248643934726715, "nonzero_fraction": 0.4390220642089844, "png_sha256": "5c68a64834d9b664679e937b066429b04d7b990ba2d9b874c2ea3b2fd3c224d5"}}, "double_sided": true, "backface_uv_mapping_verified": true, "unoccluded_control_max": null, "size": 512, "samples": 128, "uv_channel": 1, "uv_sha256": "91e8509c3d646b6172c291d80ea0e0e5c0a5321b8a6a1c587effd0afe71869c5", "source_glb_sha256": "8d1d9b4e4372ee097199f0b8b0c1a33f72aa55cb6ce978cf5a847b75febadf3f", "stage_blend_sha256": "a6dbdca7bda8093f2b48cac181b7d2aa11900074f0132c1ce852b5dc2324039a", "authoring_blend_sha256": "a273a4c0ea33c9897f3096f51b5833b905e04a6d0ca62cab001e8291aa93b8de", "site_blend_sha256": {"aojing-guan": "da9a2dce8f3fb92822433295716f6420940d9b2056c04ed655bbfe0b47d4d450", "daguan-lou": "86fa04a4bfa51b49e6398ea2a47c766dbe6d3fb042d1ce05d7f53465fc2c1fd0", "daoxiang-cun": "e48d8896eba877a5d961380c88f44873dff6932a269cd90b3b579919352c159a", "hengwu-yuan": "51ff206f71f4bab3efb368a1df1012f6087224e299a068bc48a29a6a5cc552a3", "longcui-an": "93ae2f374c2c2251f7e66f0988701b1ea940999c8ea759a2c7c96963460f7001", "ouxiang-xie": "326e01b3be1b589bd426f898520bd3ec8069e7581e8a3e76c46d13d1d8b43581", "qinfang-ting": "1b48645078f176178e80f8800d563dfb49a03723df740e70c56659d6baa7239a", "qiushuang-zhai": "fabbff658dd92b9b653461bf5b8d22cc60894e8708fd41da02cb4eee79e4965e", "tubi-tang": "22426cc2bd5f361823055c341b245870e4327e99aeeb151021ef9ccae714e35e", "xiaoxiang-guan": "68a6804977d2f8febf07bfa73a8e489da1fc9f2c5d33f86df3da84bd703eb684", "yihong-yuan": "86de6a21e9231df07dc1b74b8f18256cc6d915458e72d77648076b3c196cb53d", "ziling-zhou": "e7d30b6aa068fff3f29cff203824a4f6345cfafba6450a3edf94294605a2b69d"}, "lights_baked": 12, "point_lights_baked": false, "pass_filter": ["DIRECT"], "shadow_intent": {"SITE_stage_MAT_stage_canopy_paint": false}}
NATIVE_BACKDROP_WASH_PASS 6 building direct maximum 0.0
Blender 5.2.2 LTS (hash d13f752e3b9c built 2026-09-15 01:49:19)

Blender quit
