Godot Engine v4.7.2.stable.official.ed1daf0bf - https://godotengine.org

CONTINUOUS_LEG_RECORDED terminal_room -> rockery_gate frames=638 grounded_ray_misses=0
CONTINUOUS_LEG_RECORDED rockery_gate -> qinfang_ting frames=1094 grounded_ray_misses=0
CONTINUOUS_LEG_RECORDED qinfang_ting -> qiushuang_zhai frames=918 grounded_ray_misses=0
CONTINUOUS_LEG_RECORDED qiushuang_zhai -> tubi_tang frames=840 grounded_ray_misses=0
CONTINUOUS_LEG_RECORDED tubi_tang -> qiushuang_zhai frames=797 grounded_ray_misses=0
CONTINUOUS_LEG_RECORDED qiushuang_zhai -> qinfang_ting frames=919 grounded_ray_misses=0
CONTINUOUS_LEG_RECORDED qinfang_ting -> ouxiang_xie frames=616 grounded_ray_misses=0
CONTINUOUS_LEG_RECORDED ouxiang_xie -> ziling_zhou frames=312 grounded_ray_misses=0
CONTINUOUS_LEG_RECORDED ziling_zhou -> ouxiang_xie frames=306 grounded_ray_misses=0
CONTINUOUS_LEG_RECORDED ouxiang_xie -> longcui_an frames=498 grounded_ray_misses=0
CONTINUOUS_LEG_RECORDED longcui_an -> ouxiang_xie frames=492 grounded_ray_misses=0
CONTINUOUS_LEG_RECORDED ouxiang_xie -> qinfang_ting frames=611 grounded_ray_misses=0
CONTINUOUS_LEG_RECORDED qinfang_ting -> hengwu_yuan frames=920 grounded_ray_misses=0
CONTINUOUS_LEG_RECORDED hengwu_yuan -> daoxiang_cun frames=791 grounded_ray_misses=0
CONTINUOUS_LEG_RECORDED daoxiang_cun -> hengwu_yuan frames=791 grounded_ray_misses=0
CONTINUOUS_LEG_RECORDED hengwu_yuan -> qinfang_ting frames=921 grounded_ray_misses=0
CONTINUOUS_LEG_RECORDED qinfang_ting -> daguan_lou frames=651 grounded_ray_misses=0
CONTINUOUS_LEG_RECORDED daguan_lou -> qinfang_ting frames=645 grounded_ray_misses=0
CONTINUOUS_LEG_RECORDED qinfang_ting -> yihong_yuan frames=613 grounded_ray_misses=0
CONTINUOUS_LEG_RECORDED yihong_yuan -> aojing_guan frames=579 grounded_ray_misses=0
CONTINUOUS_LEG_RECORDED aojing_guan -> yihong_yuan frames=584 grounded_ray_misses=0
CONTINUOUS_LEG_RECORDED yihong_yuan -> qinfang_ting frames=616 grounded_ray_misses=0
CONTINUOUS_LEG_RECORDED qinfang_ting -> xiaoxiang_guan frames=470 grounded_ray_misses=0
CONTINUOUS_LEG_RECORDED xiaoxiang_guan -> qinfang_ting frames=470 grounded_ray_misses=0
CONTINUOUS_LEG_RECORDED qinfang_ting -> rockery_gate frames=848 grounded_ray_misses=0
CONTINUOUS_LEG_RECORDED rockery_gate -> terminal_room frames=641 grounded_ray_misses=0
FULL_GARDEN_TRAVERSAL_PASS rooms=14 legs=26
