Godot Engine v4.7.2.stable.official.ed1daf0bf - https://godotengine.org
OpenGL API 4.1 Metal - 90.5 - Compatibility - Using Device: Apple - Apple M2 Max

ERROR: HENGWU_OVERVIEW_REJECTED: stone_stool-PLACED_props_hengwu_yuan_28 is clipped or covered by interface: landscape-720x360
   at: push_error (core/variant/variant_utility.cpp:1023)
   GDScript backtrace (most recent call first):
       [0] check (res://tests/test_hengwu_width_boundary.gd:26)
       [1] inspect (res://tests/test_hengwu_width_boundary.gd:61)
       [2] run (res://tests/test_hengwu_width_boundary.gd:117)
       [3] settle (res://tests/test_hengwu_width_boundary.gd:41)
ERROR: HENGWU_OVERVIEW_REJECTED: stone_stool-PLACED_props_hengwu_yuan_28 is clipped or covered by interface: landscape-640x360
   at: push_error (core/variant/variant_utility.cpp:1023)
   GDScript backtrace (most recent call first):
       [0] check (res://tests/test_hengwu_width_boundary.gd:26)
       [1] inspect (res://tests/test_hengwu_width_boundary.gd:61)
       [2] run (res://tests/test_hengwu_width_boundary.gd:117)
       [3] settle (res://tests/test_hengwu_width_boundary.gd:41)
ERROR: HENGWU_OVERVIEW_REJECTED: stone_stool-PLACED_props_hengwu_yuan_28 is clipped or covered by interface: landscape-799x360
   at: push_error (core/variant/variant_utility.cpp:1023)
   GDScript backtrace (most recent call first):
       [0] check (res://tests/test_hengwu_width_boundary.gd:26)
       [1] inspect (res://tests/test_hengwu_width_boundary.gd:61)
       [2] run (res://tests/test_hengwu_width_boundary.gd:117)
       [3] settle (res://tests/test_hengwu_width_boundary.gd:41)
ERROR: HENGWU_OVERVIEW_REJECTED: primary-pierced-stone is clipped or covered by interface: landscape-800x360
   at: push_error (core/variant/variant_utility.cpp:1023)
   GDScript backtrace (most recent call first):
       [0] check (res://tests/test_hengwu_width_boundary.gd:26)
       [1] inspect (res://tests/test_hengwu_width_boundary.gd:61)
       [2] run (res://tests/test_hengwu_width_boundary.gd:117)
       [3] settle (res://tests/test_hengwu_width_boundary.gd:41)
ERROR: HENGWU_OVERVIEW_REJECTED: stone_stool-PLACED_props_hengwu_yuan_28 is clipped or covered by interface: landscape-800x360
   at: push_error (core/variant/variant_utility.cpp:1023)
   GDScript backtrace (most recent call first):
       [0] check (res://tests/test_hengwu_width_boundary.gd:26)
       [1] inspect (res://tests/test_hengwu_width_boundary.gd:61)
       [2] run (res://tests/test_hengwu_width_boundary.gd:117)
       [3] settle (res://tests/test_hengwu_width_boundary.gd:41)
ERROR: HENGWU_OVERVIEW_REJECTED: primary-pierced-stone is clipped or covered by interface: landscape-820x360
   at: push_error (core/variant/variant_utility.cpp:1023)
   GDScript backtrace (most recent call first):
       [0] check (res://tests/test_hengwu_width_boundary.gd:26)
       [1] inspect (res://tests/test_hengwu_width_boundary.gd:61)
       [2] run (res://tests/test_hengwu_width_boundary.gd:117)
       [3] settle (res://tests/test_hengwu_width_boundary.gd:41)
ERROR: HENGWU_OVERVIEW_REJECTED: stone_stool-PLACED_props_hengwu_yuan_28 is clipped or covered by interface: landscape-820x360
   at: push_error (core/variant/variant_utility.cpp:1023)
   GDScript backtrace (most recent call first):
       [0] check (res://tests/test_hengwu_width_boundary.gd:26)
       [1] inspect (res://tests/test_hengwu_width_boundary.gd:61)
       [2] run (res://tests/test_hengwu_width_boundary.gd:117)
       [3] settle (res://tests/test_hengwu_width_boundary.gd:41)
ERROR: HENGWU_OVERVIEW_REJECTED: primary-pierced-stone is clipped or covered by interface: landscape-843x360
   at: push_error (core/variant/variant_utility.cpp:1023)
   GDScript backtrace (most recent call first):
       [0] check (res://tests/test_hengwu_width_boundary.gd:26)
       [1] inspect (res://tests/test_hengwu_width_boundary.gd:61)
       [2] run (res://tests/test_hengwu_width_boundary.gd:117)
       [3] settle (res://tests/test_hengwu_width_boundary.gd:41)
ERROR: HENGWU_OVERVIEW_REJECTED: stone_stool-PLACED_props_hengwu_yuan_28 is clipped or covered by interface: landscape-843x360
   at: push_error (core/variant/variant_utility.cpp:1023)
   GDScript backtrace (most recent call first):
       [0] check (res://tests/test_hengwu_width_boundary.gd:26)
       [1] inspect (res://tests/test_hengwu_width_boundary.gd:61)
       [2] run (res://tests/test_hengwu_width_boundary.gd:117)
       [3] settle (res://tests/test_hengwu_width_boundary.gd:41)
ERROR: HENGWU_OVERVIEW_REJECTED: primary-pierced-stone is clipped or covered by interface: landscape-844x360
   at: push_error (core/variant/variant_utility.cpp:1023)
   GDScript backtrace (most recent call first):
       [0] check (res://tests/test_hengwu_width_boundary.gd:26)
       [1] inspect (res://tests/test_hengwu_width_boundary.gd:61)
       [2] run (res://tests/test_hengwu_width_boundary.gd:117)
       [3] settle (res://tests/test_hengwu_width_boundary.gd:41)
ERROR: HENGWU_OVERVIEW_REJECTED: stone_stool-PLACED_props_hengwu_yuan_28 is clipped or covered by interface: landscape-844x360
   at: push_error (core/variant/variant_utility.cpp:1023)
   GDScript backtrace (most recent call first):
       [0] check (res://tests/test_hengwu_width_boundary.gd:26)
       [1] inspect (res://tests/test_hengwu_width_boundary.gd:61)
       [2] run (res://tests/test_hengwu_width_boundary.gd:117)
       [3] settle (res://tests/test_hengwu_width_boundary.gd:41)
HENGWU_OVERVIEW_RESULT 25 originals; 11 failures
