00:00.334  blend            | Read blend: "/Users/auchan/projects/garden-of-dreams/blender/authoring.blend"
BlenderMCP addon registered
INFO Draco is available, use library at /Applications/Blender.app/Contents/Resources/5.2/scripts/addons_core/io_scene_gltf2/libbf_intern_draco_bridge.dylib
INFO MeshOptimizer is available, use library at /Applications/Blender.app/Contents/Resources/5.2/scripts/addons_core/io_scene_gltf2/libbf_intern_meshopt_bridge.dylib
18:08:50 | INFO: Starting glTF 2.0 export
18:08:50 | INFO: Extracting primitive: COL_aojing_approach.001
18:08:50 | INFO: Primitives created: 1
18:08:50 | INFO: Extracting primitive: COL_aojing_approach.004
18:08:50 | INFO: Primitives created: 1
18:08:50 | INFO: Extracting primitive: COL_aojing_approach_guard.001
18:08:50 | INFO: Primitives created: 1
18:08:50 | INFO: Extracting primitive: COL_aojing_approach_guard.004
18:08:50 | INFO: Primitives created: 1
18:08:50 | INFO: Extracting primitive: COL_aojing_approach_ramp.002
18:08:50 | INFO: Primitives created: 1
18:08:50 | INFO: Extracting primitive: COL_daoxiang_approach.002
18:08:50 | INFO: Primitives created: 1
18:08:50 | INFO: Extracting primitive: COL_daoxiang_approach.003
18:08:50 | INFO: Primitives created: 1
18:08:50 | INFO: Extracting primitive: COL_hengwu_approach.002
18:08:50 | INFO: Primitives created: 1
18:08:50 | INFO: Extracting primitive: COL_hengwu_approach.003
18:08:50 | INFO: Primitives created: 1
18:08:50 | INFO: Extracting primitive: COL_longcui_approach.003
18:08:50 | INFO: Primitives created: 1
18:08:50 | INFO: Extracting primitive: COL_longcui_approach.004
18:08:50 | INFO: Primitives created: 1
18:08:50 | INFO: Extracting primitive: COL_longcui_approach.005
18:08:50 | INFO: Primitives created: 1
18:08:50 | INFO: Extracting primitive: Cube.009
18:08:50 | INFO: Primitives created: 1
18:08:50 | INFO: Extracting primitive: Cube.011
18:08:50 | INFO: Primitives created: 1
18:08:50 | INFO: Extracting primitive: Cube.012
18:08:50 | INFO: Primitives created: 1
18:08:50 | INFO: Extracting primitive: Cube.013
18:08:50 | INFO: Primitives created: 1
18:08:50 | INFO: Extracting primitive: Cube.019
18:08:50 | INFO: Primitives created: 1
18:08:50 | INFO: Extracting primitive: Cube.020
18:08:50 | INFO: Primitives created: 1
18:08:50 | INFO: Extracting primitive: Cube.023
18:08:50 | INFO: Primitives created: 1
18:08:50 | INFO: Extracting primitive: Cube.024
18:08:50 | INFO: Primitives created: 1
18:08:50 | INFO: Extracting primitive: Cube.048
18:08:50 | INFO: Primitives created: 1
18:08:50 | INFO: Extracting primitive: Cube.050
18:08:50 | INFO: Primitives created: 1
18:08:50 | INFO: Extracting primitive: Cube.052
18:08:50 | INFO: Primitives created: 1
18:08:50 | INFO: Extracting primitive: Cube.092
18:08:50 | INFO: Primitives created: 1
18:08:50 | INFO: Extracting primitive: Cube.093
18:08:50 | INFO: Primitives created: 1
18:08:50 | INFO: Extracting primitive: Cube.094
18:08:50 | INFO: Primitives created: 1
18:08:50 | INFO: Extracting primitive: Cube.095
18:08:50 | INFO: Primitives created: 1
18:08:50 | INFO: Extracting primitive: Cube.096
18:08:50 | INFO: Primitives created: 1
18:08:50 | INFO: Extracting primitive: Cube.097
18:08:50 | INFO: Primitives created: 1
18:08:50 | INFO: Extracting primitive: Cube.098
18:08:50 | INFO: Primitives created: 1
18:08:50 | INFO: Extracting primitive: Cube.099
18:08:50 | INFO: Primitives created: 1
18:08:50 | INFO: Extracting primitive: Cube.100
18:08:50 | INFO: Primitives created: 1
18:08:50 | INFO: Extracting primitive: Cube.101
18:08:50 | INFO: Primitives created: 1
18:08:50 | INFO: Extracting primitive: Cube.102
18:08:50 | INFO: Primitives created: 1
18:08:50 | INFO: Extracting primitive: Cube.103
18:08:50 | INFO: Primitives created: 1
18:08:50 | INFO: Extracting primitive: Cube.104
18:08:50 | INFO: Primitives created: 1
18:08:50 | INFO: Extracting primitive: Cube.105
18:08:50 | INFO: Primitives created: 1
18:08:50 | INFO: Extracting primitive: Cube.106
18:08:50 | INFO: Primitives created: 1
18:08:50 | INFO: Extracting primitive: Cube.107
18:08:50 | INFO: Primitives created: 1
18:08:50 | INFO: Extracting primitive: Cube.108
18:08:50 | INFO: Primitives created: 1
18:08:50 | INFO: Extracting primitive: Cube.109
18:08:50 | INFO: Primitives created: 1
18:08:50 | INFO: Extracting primitive: Cube.110
18:08:50 | INFO: Primitives created: 1
18:08:50 | INFO: Extracting primitive: Cube.111
18:08:50 | INFO: Primitives created: 1
18:08:50 | INFO: Extracting primitive: Cube.112
18:08:50 | INFO: Primitives created: 1
18:08:50 | INFO: Extracting primitive: Cube.113
18:08:50 | INFO: Primitives created: 1
18:08:50 | INFO: Extracting primitive: Cube.114
18:08:50 | INFO: Primitives created: 1
18:08:50 | INFO: Extracting primitive: Cube.115
18:08:50 | INFO: Primitives created: 1
18:08:50 | INFO: Extracting primitive: Cube.116
18:08:50 | INFO: Primitives created: 1
18:08:50 | INFO: Extracting primitive: Cube.117
18:08:50 | INFO: Primitives created: 1
18:08:50 | INFO: Extracting primitive: Cube.118
18:08:50 | INFO: Primitives created: 1
18:08:50 | INFO: Extracting primitive: Cube.119
18:08:50 | INFO: Primitives created: 1
18:08:50 | INFO: Extracting primitive: Cube.120
18:08:50 | INFO: Primitives created: 1
18:08:50 | INFO: Extracting primitive: Cube.121
18:08:50 | INFO: Primitives created: 1
18:08:50 | INFO: Extracting primitive: Cube.122
18:08:50 | INFO: Primitives created: 1
18:08:50 | INFO: Extracting primitive: Cube.123
18:08:50 | INFO: Primitives created: 1
18:08:50 | INFO: Extracting primitive: Cube.124
18:08:50 | INFO: Primitives created: 1
18:08:50 | INFO: Extracting primitive: Cube.125
18:08:50 | INFO: Primitives created: 1
18:08:50 | INFO: Extracting primitive: Cube.126
18:08:50 | INFO: Primitives created: 1
18:08:50 | INFO: Extracting primitive: Cube.127
18:08:50 | INFO: Primitives created: 1
18:08:50 | INFO: Extracting primitive: Cube.128
18:08:50 | INFO: Primitives created: 1
18:08:50 | INFO: Extracting primitive: Cube.129
18:08:50 | INFO: Primitives created: 1
18:08:50 | INFO: Extracting primitive: Cube.130
18:08:50 | INFO: Primitives created: 1
18:08:50 | INFO: Extracting primitive: Cube.131
18:08:50 | INFO: Primitives created: 1
18:08:50 | INFO: Extracting primitive: Cube.132
18:08:50 | INFO: Primitives created: 1
18:08:50 | INFO: Extracting primitive: Cube.133
18:08:50 | INFO: Primitives created: 1
18:08:50 | INFO: Extracting primitive: Cube.134
18:08:50 | INFO: Primitives created: 1
18:08:50 | INFO: Extracting primitive: Cube.135
18:08:50 | INFO: Primitives created: 1
18:08:50 | INFO: Extracting primitive: Cube.136
18:08:50 | INFO: Primitives created: 1
18:08:50 | INFO: Extracting primitive: Cube.137
18:08:50 | INFO: Primitives created: 1
18:08:50 | INFO: Extracting primitive: Cube.138
18:08:50 | INFO: Primitives created: 1
18:08:50 | INFO: Extracting primitive: Cube.139
18:08:50 | INFO: Primitives created: 1
18:08:50 | INFO: Extracting primitive: Cube.140
18:08:50 | INFO: Primitives created: 1
18:08:50 | INFO: Extracting primitive: Cube.141
18:08:50 | INFO: Primitives created: 1
18:08:50 | INFO: Extracting primitive: Cube.142
18:08:50 | INFO: Primitives created: 1
18:08:50 | INFO: Extracting primitive: Cube.143
18:08:50 | INFO: Primitives created: 1
18:08:50 | INFO: Extracting primitive: Cube.144
18:08:50 | INFO: Primitives created: 1
18:08:50 | INFO: Extracting primitive: COL_stone_walk.005
18:08:50 | INFO: Primitives created: 1
18:08:50 | INFO: Extracting primitive: COL_stone_walk.008
18:08:50 | INFO: Primitives created: 1
18:08:50 | INFO: Extracting primitive: COL_stone_walk.009
18:08:50 | INFO: Primitives created: 1
18:08:50 | INFO: Extracting primitive: COL_stone_walk.010
18:08:50 | INFO: Primitives created: 1
18:08:50 | INFO: Extracting primitive: COL_stone_walk.011
18:08:50 | INFO: Primitives created: 1
18:08:50 | INFO: Extracting primitive: COL_stone_walk.012
18:08:50 | INFO: Primitives created: 1
18:08:50 | INFO: Extracting primitive: COL_study_approach.002
18:08:50 | INFO: Primitives created: 1
18:08:50 | INFO: Extracting primitive: COL_tubi_approach.001
18:08:50 | INFO: Primitives created: 1
18:08:50 | INFO: Extracting primitive: COL_tubi_approach.002
18:08:50 | INFO: Primitives created: 1
18:08:50 | INFO: Extracting primitive: COL_tubi_approach.007
18:08:50 | INFO: Primitives created: 1
18:08:50 | INFO: Extracting primitive: COL_tubi_approach.008
18:08:50 | INFO: Primitives created: 1
18:08:50 | INFO: Extracting primitive: KIT_stage_floor.001
18:08:50 | INFO: Primitives created: 1
18:08:50 | INFO: Extracting primitive: AOJING_approach_guard.001
18:08:50 | INFO: Primitives created: 1
18:08:50 | INFO: Extracting primitive: KIT_stage_painted_moon.001
18:08:50 | INFO: Primitives created: 1
18:08:50 | INFO: Extracting primitive: KIT_stage_painted_mountain_layer.003
18:08:50 | INFO: Primitives created: 1
18:08:50 | INFO: Extracting primitive: KIT_stage_painted_mountain_layer.004
18:08:50 | INFO: Primitives created: 1
18:08:50 | INFO: Extracting primitive: KIT_stage_painted_mountain_layer.005
18:08:50 | INFO: Primitives created: 1
18:08:50 | INFO: Extracting primitive: KIT_water_stone_walk.005
18:08:50 | INFO: Primitives created: 1
18:08:50 | INFO: Extracting primitive: Painted coved ceiling candidate.001
18:08:50 | INFO: Primitives created: 1
18:08:50 | INFO: Extracting primitive: KIT_stage_painted_canvas.002
18:08:50 | INFO: Primitives created: 1
18:08:50 | INFO: Extracting primitive: Eight painted cyclorama arcs.001
18:08:50 | WARNING: More than one shader node tex image used for a texture. The resulting glTF sampler will behave like the first shader node tex image.
18:08:50 | INFO: Primitives created: 2
18:08:50 | INFO: Extracting primitive: KIT_stage_fog_plane_render.002
18:08:50 | INFO: Primitives created: 1
18:08:50 | INFO: Finished glTF 2.0 export in 0.1771237850189209 s

18:08:54 | INFO: Starting glTF 2.0 export
18:08:54 | INFO: Extracting primitive: Cube.147
18:08:54 | INFO: Primitives created: 1
18:08:54 | INFO: Extracting primitive: Cube.148
18:08:54 | INFO: Primitives created: 1
18:08:54 | INFO: Extracting primitive: Cube.149
18:08:54 | INFO: Primitives created: 1
18:08:54 | INFO: Extracting primitive: Cube.150
18:08:54 | INFO: Primitives created: 1
18:08:54 | INFO: Extracting primitive: COL_bridge_crosswalk.002
18:08:54 | INFO: Primitives created: 1
18:08:54 | INFO: Extracting primitive: COL_bridge_crosswalk.003
18:08:54 | INFO: Primitives created: 1
18:08:54 | INFO: Extracting primitive: COL_floor_joint_pavilion_east_joint.001
18:08:54 | INFO: Primitives created: 1
18:08:54 | INFO: Extracting primitive: COL_floor_joint_pavilion_west_joint.001
18:08:54 | INFO: Primitives created: 1
18:08:54 | INFO: Extracting primitive: Cube.146
18:08:54 | INFO: Primitives created: 1
18:08:54 | INFO: Extracting primitive: Cube.145
18:08:54 | INFO: Primitives created: 1
18:08:54 | INFO: Extracting primitive: COL_corridor_floor.009
18:08:54 | INFO: Primitives created: 1
18:08:54 | INFO: Extracting primitive: COL_corridor_side.015
18:08:54 | INFO: Primitives created: 1
18:08:54 | INFO: Extracting primitive: COL_corridor_side.016
18:08:54 | INFO: Primitives created: 1
18:08:54 | INFO: Extracting primitive: COL_corridor_post.016
18:08:54 | INFO: Primitives created: 1
18:08:54 | INFO: Extracting primitive: COL_corridor_post.017
18:08:54 | INFO: Primitives created: 1
18:08:54 | INFO: Extracting primitive: COL_corridor_floor.010
18:08:54 | INFO: Primitives created: 1
18:08:54 | INFO: Extracting primitive: COL_corridor_side.017
18:08:54 | INFO: Primitives created: 1
18:08:54 | INFO: Extracting primitive: COL_corridor_side.018
18:08:54 | INFO: Primitives created: 1
18:08:54 | INFO: Extracting primitive: COL_corridor_post.018
18:08:54 | INFO: Primitives created: 1
18:08:54 | INFO: Extracting primitive: COL_corridor_post.019
18:08:54 | INFO: Primitives created: 1
18:08:54 | INFO: Extracting primitive: COL_corridor_floor.011
18:08:54 | INFO: Primitives created: 1
18:08:54 | INFO: Extracting primitive: COL_corridor_side.019
18:08:54 | INFO: Primitives created: 1
18:08:54 | INFO: Extracting primitive: COL_corridor_side.020
18:08:54 | INFO: Primitives created: 1
18:08:54 | INFO: Extracting primitive: COL_corridor_post.020
18:08:54 | INFO: Primitives created: 1
18:08:54 | INFO: Extracting primitive: COL_corridor_post.021
18:08:54 | INFO: Primitives created: 1
18:08:54 | INFO: Extracting primitive: COL_corridor_floor.012
18:08:54 | INFO: Primitives created: 1
18:08:54 | INFO: Extracting primitive: COL_corridor_side.021
18:08:54 | INFO: Primitives created: 1
18:08:54 | INFO: Extracting primitive: COL_corridor_side.022
18:08:54 | INFO: Primitives created: 1
18:08:54 | INFO: Extracting primitive: COL_corridor_post.022
18:08:54 | INFO: Primitives created: 1
18:08:54 | INFO: Extracting primitive: COL_corridor_post.023
18:08:54 | INFO: Primitives created: 1
18:08:54 | INFO: Extracting primitive: COL_corridor_floor.001
18:08:54 | INFO: Primitives created: 1
18:08:54 | INFO: Extracting primitive: COL_corridor_side.001
18:08:54 | INFO: Primitives created: 1
18:08:54 | INFO: Extracting primitive: COL_corridor_side.002
18:08:54 | INFO: Primitives created: 1
18:08:54 | INFO: Extracting primitive: COL_corridor_post.001
18:08:54 | INFO: Primitives created: 1
18:08:54 | INFO: Extracting primitive: COL_corridor_post.002
18:08:54 | INFO: Primitives created: 1
18:08:54 | INFO: Extracting primitive: COL_corridor_floor.002
18:08:54 | INFO: Primitives created: 1
18:08:54 | INFO: Extracting primitive: COL_corridor_side.003
18:08:54 | INFO: Primitives created: 1
18:08:54 | INFO: Extracting primitive: COL_corridor_side.004
18:08:54 | INFO: Primitives created: 1
18:08:54 | INFO: Extracting primitive: COL_corridor_post.003
18:08:54 | INFO: Primitives created: 1
18:08:54 | INFO: Extracting primitive: COL_corridor_post.004
18:08:54 | INFO: Primitives created: 1
18:08:54 | INFO: Extracting primitive: COL_corridor_floor.003
18:08:54 | INFO: Primitives created: 1
18:08:54 | INFO: Extracting primitive: COL_corridor_side.005
18:08:54 | INFO: Primitives created: 1
18:08:54 | INFO: Extracting primitive: COL_corridor_side.006
18:08:54 | INFO: Primitives created: 1
18:08:54 | INFO: Extracting primitive: COL_corridor_post.005
18:08:54 | INFO: Primitives created: 1
18:08:54 | INFO: Extracting primitive: COL_corridor_post.006
18:08:54 | INFO: Primitives created: 1
18:08:54 | INFO: Extracting primitive: COL_corridor_floor.004
18:08:54 | INFO: Primitives created: 1
18:08:54 | INFO: Extracting primitive: COL_corridor_side.007
18:08:54 | INFO: Primitives created: 1
18:08:54 | INFO: Extracting primitive: COL_corridor_side.008
18:08:54 | INFO: Primitives created: 1
18:08:54 | INFO: Extracting primitive: COL_corridor_post.007
18:08:54 | INFO: Primitives created: 1
18:08:54 | INFO: Extracting primitive: COL_corridor_post.008
18:08:54 | INFO: Primitives created: 1
18:08:54 | INFO: Extracting primitive: COL_corridor_floor.005
18:08:54 | INFO: Primitives created: 1
18:08:54 | INFO: Extracting primitive: COL_corridor_side.009
18:08:54 | INFO: Primitives created: 1
18:08:54 | INFO: Extracting primitive: COL_corridor_side.010
18:08:54 | INFO: Primitives created: 1
18:08:54 | INFO: Extracting primitive: COL_corridor_post.009
18:08:54 | INFO: Primitives created: 1
18:08:54 | INFO: Extracting primitive: COL_corridor_post.010
18:08:54 | INFO: Primitives created: 1
18:08:54 | INFO: Extracting primitive: COL_corridor_floor.006
18:08:54 | INFO: Primitives created: 1
18:08:54 | INFO: Extracting primitive: COL_corridor_side.011
18:08:54 | INFO: Primitives created: 1
18:08:54 | INFO: Extracting primitive: COL_corridor_post.011
18:08:54 | INFO: Primitives created: 1
18:08:54 | INFO: Extracting primitive: COL_corridor_post.012
18:08:54 | INFO: Primitives created: 1
18:08:54 | INFO: Extracting primitive: COL_corridor_floor.007
18:08:54 | INFO: Primitives created: 1
18:08:54 | INFO: Extracting primitive: COL_corridor_side.012
18:08:54 | INFO: Primitives created: 1
18:08:54 | INFO: Extracting primitive: COL_corridor_post.013
18:08:54 | INFO: Primitives created: 1
18:08:54 | INFO: Extracting primitive: COL_corridor_floor.008
18:08:54 | INFO: Primitives created: 1
18:08:54 | INFO: Extracting primitive: COL_corridor_side.013
18:08:54 | INFO: Primitives created: 1
18:08:54 | INFO: Extracting primitive: COL_corridor_side.014
18:08:54 | INFO: Primitives created: 1
18:08:54 | INFO: Extracting primitive: COL_corridor_post.014
18:08:54 | INFO: Primitives created: 1
18:08:54 | INFO: Extracting primitive: COL_corridor_post.015
18:08:54 | INFO: Primitives created: 1
18:08:54 | INFO: Extracting primitive: COL_corridor_floor.013
18:08:54 | INFO: Primitives created: 1
18:08:54 | INFO: Extracting primitive: COL_corridor_side.023
18:08:54 | INFO: Primitives created: 1
18:08:54 | INFO: Extracting primitive: COL_corridor_side.024
18:08:54 | INFO: Primitives created: 1
18:08:54 | INFO: Extracting primitive: COL_corridor_post.024
18:08:54 | INFO: Primitives created: 1
18:08:54 | INFO: Extracting primitive: COL_corridor_post.025
18:08:54 | INFO: Primitives created: 1
18:08:54 | INFO: Extracting primitive: COL_corridor_floor.014
18:08:54 | INFO: Primitives created: 1
18:08:54 | INFO: Extracting primitive: COL_corridor_side.025
18:08:54 | INFO: Primitives created: 1
18:08:54 | INFO: Extracting primitive: COL_corridor_side.026
18:08:54 | INFO: Primitives created: 1
18:08:54 | INFO: Extracting primitive: COL_corridor_post.026
18:08:54 | INFO: Primitives created: 1
18:08:54 | INFO: Extracting primitive: COL_corridor_post.027
18:08:54 | INFO: Primitives created: 1
18:08:54 | INFO: Extracting primitive: COL_corridor_floor.015
18:08:54 | INFO: Primitives created: 1
18:08:54 | INFO: Extracting primitive: COL_corridor_side.027
18:08:54 | INFO: Primitives created: 1
18:08:54 | INFO: Extracting primitive: COL_corridor_side.028
18:08:54 | INFO: Primitives created: 1
18:08:54 | INFO: Extracting primitive: COL_corridor_post.028
18:08:54 | INFO: Primitives created: 1
18:08:54 | INFO: Extracting primitive: COL_corridor_post.029
18:08:54 | INFO: Primitives created: 1
18:08:54 | INFO: Extracting primitive: COL_corridor_floor.016
18:08:54 | INFO: Primitives created: 1
18:08:54 | INFO: Extracting primitive: COL_corridor_side.029
18:08:54 | INFO: Primitives created: 1
18:08:54 | INFO: Extracting primitive: COL_corridor_side.030
18:08:54 | INFO: Primitives created: 1
18:08:54 | INFO: Extracting primitive: COL_corridor_post.030
18:08:54 | INFO: Primitives created: 1
18:08:54 | INFO: Extracting primitive: COL_corridor_post.031
18:08:54 | INFO: Primitives created: 1
18:08:54 | INFO: Extracting primitive: COL_qinfang_deck.001
18:08:54 | INFO: Primitives created: 1
18:08:54 | INFO: Extracting primitive: COL_pavilion_bench.001
18:08:54 | INFO: Primitives created: 1
18:08:54 | INFO: Extracting primitive: COL_pavilion_bench.002
18:08:54 | INFO: Primitives created: 1
18:08:54 | INFO: Extracting primitive: COL_pavilion_bracket.001
18:08:54 | INFO: Primitives created: 1
18:08:54 | INFO: Extracting primitive: COL_pavilion_bracket.002
18:08:54 | INFO: Primitives created: 1
18:08:54 | INFO: Extracting primitive: COL_pavilion_bracket.003
18:08:54 | INFO: Primitives created: 1
18:08:54 | INFO: Extracting primitive: COL_pavilion_bracket.004
18:08:54 | INFO: Primitives created: 1
18:08:54 | INFO: Extracting primitive: COL_pavilion_bracket.005
18:08:54 | INFO: Primitives created: 1
18:08:54 | INFO: Extracting primitive: COL_pavilion_bracket.006
18:08:54 | INFO: Primitives created: 1
18:08:54 | INFO: Extracting primitive: COL_pavilion_post.001
18:08:54 | INFO: Primitives created: 1
18:08:54 | INFO: Extracting primitive: COL_pavilion_post.002
18:08:54 | INFO: Primitives created: 1
18:08:54 | INFO: Extracting primitive: COL_pavilion_post.003
18:08:54 | INFO: Primitives created: 1
18:08:54 | INFO: Extracting primitive: COL_pavilion_post.004
18:08:54 | INFO: Primitives created: 1
18:08:54 | INFO: Extracting primitive: COL_pavilion_post.005
18:08:54 | INFO: Primitives created: 1
18:08:54 | INFO: Extracting primitive: COL_pavilion_post.006
18:08:54 | INFO: Primitives created: 1
18:08:54 | INFO: Extracting primitive: COL_pavilion_roof.001
18:08:54 | INFO: Primitives created: 1
18:08:54 | INFO: Extracting primitive: KIT_flora_bamboo_large_render.001
18:08:54 | WARNING: More than one shader node tex image used for a texture. The resulting glTF sampler will behave like the first shader node tex image.
18:08:54 | INFO: Primitives created: 1
18:08:54 | INFO: Extracting primitive: KIT_flora_bamboo_large_render.002
18:08:54 | INFO: Primitives created: 1
18:08:54 | INFO: Extracting primitive: KIT_flora_bamboo_small_render.001
18:08:54 | INFO: Primitives created: 1
18:08:54 | INFO: Extracting primitive: KIT_flora_willow_render.001
18:08:54 | INFO: Primitives created: 1
18:08:54 | INFO: Extracting primitive: KIT_flora_willow_render.002
18:08:54 | INFO: Primitives created: 1
18:08:54 | INFO: Extracting primitive: HERO_qinfang-ting_title.002
18:08:54 | WARNING: More than one shader node tex image used for a texture. The resulting glTF sampler will behave like the first shader node tex image.
18:08:54 | INFO: Primitives created: 1
18:08:54 | INFO: Extracting primitive: HERO_qinfang_bridge.001
18:08:54 | INFO: Primitives created: 1
18:08:54 | INFO: Extracting primitive: HERO_table_hexagram.001
18:08:54 | INFO: Primitives created: 1
18:08:54 | INFO: Extracting primitive: line_piece.005
18:08:54 | WARNING: More than one shader node tex image used for a texture. The resulting glTF sampler will behave like the first shader node tex image.
18:08:54 | INFO: Primitives created: 1
18:08:54 | INFO: Extracting primitive: line_piece.002
18:08:54 | INFO: Primitives created: 1
18:08:54 | INFO: Extracting primitive: line_piece.011
18:08:54 | INFO: Primitives created: 1
18:08:54 | INFO: Extracting primitive: line_piece.008
18:08:54 | INFO: Primitives created: 1
18:08:54 | INFO: Extracting primitive: line_piece.017
18:08:54 | INFO: Primitives created: 1
18:08:54 | INFO: Extracting primitive: line_piece.014
18:08:54 | INFO: Primitives created: 1
18:08:54 | INFO: Extracting primitive: line_piece.019
18:08:54 | INFO: Primitives created: 1
18:08:54 | INFO: Extracting primitive: line_piece.018
18:08:54 | INFO: Primitives created: 1
18:08:54 | INFO: Extracting primitive: line_piece.021
18:08:54 | INFO: Primitives created: 1
18:08:54 | INFO: Extracting primitive: line_piece.020
18:08:54 | INFO: Primitives created: 1
18:08:54 | INFO: Extracting primitive: line_piece.023
18:08:54 | INFO: Primitives created: 1
18:08:54 | INFO: Extracting primitive: line_piece.022
18:08:54 | INFO: Primitives created: 1
18:08:54 | INFO: Extracting primitive: HERO_table_pedestal.001
18:08:54 | INFO: Primitives created: 1
18:08:54 | INFO: Extracting primitive: KIT_water_lotus.021
18:08:54 | INFO: Primitives created: 1
18:08:54 | INFO: Extracting primitive: KIT_corridor_rail.008
18:08:54 | INFO: Primitives created: 1
18:08:54 | INFO: Extracting primitive: KIT_pavilion_roof_shell.001
18:08:54 | INFO: Primitives created: 1
18:08:54 | INFO: Extracting primitive: KIT_pavilion_plinth.001
18:08:54 | INFO: Primitives created: 1
18:08:54 | INFO: Extracting primitive: KIT_props_lantern_hanging_render.001
18:08:54 | WARNING: More than one shader node tex image used for a texture. The resulting glTF sampler will behave like the first shader node tex image.
18:08:54 | INFO: Primitives created: 1
18:08:54 | INFO: Extracting primitive: KIT_water_stream.001
18:08:54 | INFO: Primitives created: 1
18:08:54 | INFO: Finished glTF 2.0 export in 0.2323160171508789 s

18:08:55 | INFO: Starting glTF 2.0 export
18:08:55 | INFO: Extracting primitive: COL_GATE_banana_planter.001
18:08:55 | INFO: Primitives created: 1
18:08:55 | INFO: Extracting primitive: KIT_rockery_passage.022
18:08:55 | INFO: Primitives created: 1
18:08:55 | INFO: Extracting primitive: KIT_rockery_passage.024
18:08:55 | INFO: Primitives created: 1
18:08:55 | INFO: Extracting primitive: KIT_rockery_cliff.006
18:08:55 | INFO: Primitives created: 1
18:08:55 | INFO: Extracting primitive: KIT_rockery_cliff.008
18:08:55 | INFO: Primitives created: 1
18:08:55 | INFO: Extracting primitive: KIT_rockery_passage.004
18:08:55 | INFO: Primitives created: 1
18:08:55 | INFO: Extracting primitive: KIT_rockery_passage.016
18:08:55 | INFO: Primitives created: 1
18:08:55 | INFO: Extracting primitive: KIT_rockery_passage.018
18:08:55 | INFO: Primitives created: 1
18:08:55 | INFO: Extracting primitive: KIT_rockery_passage.020
18:08:55 | INFO: Primitives created: 1
18:08:55 | INFO: Extracting primitive: GATE_paving.003
18:08:55 | INFO: Primitives created: 1
18:08:55 | INFO: Extracting primitive: HERO_gate_inscription.001
18:08:55 | WARNING: More than one shader node tex image used for a texture. The resulting glTF sampler will behave like the first shader node tex image.
18:08:55 | INFO: Primitives created: 1
18:08:55 | INFO: Extracting primitive: HERO_gate_water_drips.001
18:08:55 | WARNING: More than one shader node tex image used for a texture. The resulting glTF sampler will behave like the first shader node tex image.
18:08:55 | INFO: Primitives created: 1
18:08:55 | INFO: Extracting primitive: GATE_banana_pseudostem.001
18:08:55 | INFO: Primitives created: 1
18:08:55 | INFO: Extracting primitive: GATE_banana_soil.001
18:08:55 | INFO: Primitives created: 1
18:08:55 | INFO: Extracting primitive: KIT_rockery_passage.001
18:08:55 | WARNING: More than one shader node tex image used for a texture. The resulting glTF sampler will behave like the first shader node tex image.
18:08:55 | INFO: Primitives created: 1
18:08:55 | INFO: Extracting primitive: GATE_paving.002
18:08:55 | INFO: Primitives created: 1
18:08:55 | INFO: Extracting primitive: KIT_props_lantern_hanging_render.008
18:08:55 | WARNING: More than one shader node tex image used for a texture. The resulting glTF sampler will behave like the first shader node tex image.
18:08:55 | INFO: Primitives created: 1
18:08:55 | INFO: Extracting primitive: KIT_stage_fog_plane_render.017
18:08:55 | INFO: Primitives created: 1
18:08:55 | INFO: Finished glTF 2.0 export in 0.07171487808227539 s

18:08:55 | INFO: Starting glTF 2.0 export
18:08:55 | INFO: Extracting primitive: COL_cell_floor.006
18:08:55 | INFO: Primitives created: 1
18:08:55 | INFO: Extracting primitive: COL_cell_floor.007
18:08:55 | INFO: Primitives created: 1
18:08:55 | INFO: Extracting primitive: COL_cell_floor.008
18:08:55 | INFO: Primitives created: 1
18:08:55 | INFO: Extracting primitive: COL_cell_floor.009
18:08:55 | INFO: Primitives created: 1
18:08:55 | INFO: Extracting primitive: COL_cell_floor.010
18:08:55 | INFO: Primitives created: 1
18:08:55 | INFO: Extracting primitive: COL_cell_floor.011
18:08:55 | INFO: Primitives created: 1
18:08:55 | INFO: Extracting primitive: COL_cell_wall.012
18:08:55 | INFO: Primitives created: 1
18:08:55 | INFO: Extracting primitive: COL_cell_wall.013
18:08:55 | INFO: Primitives created: 1
18:08:55 | INFO: Extracting primitive: COL_cell_wall.014
18:08:55 | INFO: Primitives created: 1
18:08:55 | INFO: Extracting primitive: COL_cell_wall.015
18:08:55 | INFO: Primitives created: 1
18:08:55 | INFO: Extracting primitive: COL_cell_wall.016
18:08:55 | INFO: Primitives created: 1
18:08:55 | INFO: Extracting primitive: COL_cell_wall.017
18:08:55 | INFO: Primitives created: 1
18:08:55 | INFO: Extracting primitive: COL_cell_wall.018
18:08:55 | INFO: Primitives created: 1
18:08:55 | INFO: Extracting primitive: COL_cell_wall.019
18:08:55 | INFO: Primitives created: 1
18:08:55 | INFO: Extracting primitive: COL_cell_wall.020
18:08:55 | INFO: Primitives created: 1
18:08:55 | INFO: Extracting primitive: COL_cell_wall.021
18:08:55 | INFO: Primitives created: 1
18:08:55 | INFO: Extracting primitive: COL_cell_wall.022
18:08:55 | INFO: Primitives created: 1
18:08:55 | INFO: Extracting primitive: COL_cell_wall.023
18:08:55 | INFO: Primitives created: 1
18:08:55 | INFO: Extracting primitive: COL_entry_corridor.001
18:08:55 | INFO: Primitives created: 1
18:08:55 | INFO: Extracting primitive: COL_entry_walk.002
18:08:55 | INFO: Primitives created: 1
18:08:55 | INFO: Extracting primitive: COL_entry_walk.003
18:08:55 | INFO: Primitives created: 1
18:08:55 | INFO: Extracting primitive: COL_floor_joint_cell_threshold_0.001
18:08:55 | INFO: Primitives created: 1
18:08:55 | INFO: Extracting primitive: COL_floor_joint_cell_threshold_1.001
18:08:55 | INFO: Primitives created: 1
18:08:55 | INFO: Extracting primitive: COL_floor_joint_cell_threshold_2.001
18:08:55 | INFO: Primitives created: 1
18:08:55 | INFO: Extracting primitive: COL_floor_joint_cell_threshold_3.001
18:08:55 | INFO: Primitives created: 1
18:08:55 | INFO: Extracting primitive: COL_floor_joint_cell_threshold_4.001
18:08:55 | INFO: Primitives created: 1
18:08:55 | INFO: Extracting primitive: COL_floor_joint_cell_threshold_5.001
18:08:55 | INFO: Primitives created: 1
18:08:55 | INFO: Extracting primitive: Cube.193
18:08:55 | INFO: Primitives created: 1
18:08:55 | INFO: Extracting primitive: Cube.194
18:08:55 | INFO: Primitives created: 1
18:08:55 | INFO: Extracting primitive: Cube.195
18:08:55 | INFO: Primitives created: 1
18:08:55 | INFO: Extracting primitive: Cube.196
18:08:55 | INFO: Primitives created: 1
18:08:55 | INFO: Extracting primitive: Cube.197
18:08:55 | INFO: Primitives created: 1
18:08:55 | INFO: Extracting primitive: Cube.198
18:08:55 | INFO: Primitives created: 1
18:08:55 | INFO: Extracting primitive: Cube.199
18:08:55 | INFO: Primitives created: 1
18:08:55 | INFO: Extracting primitive: Cube.200
18:08:55 | INFO: Primitives created: 1
18:08:55 | INFO: Extracting primitive: Cube.151
18:08:55 | INFO: Primitives created: 1
18:08:55 | INFO: Extracting primitive: Cube.152
18:08:55 | INFO: Primitives created: 1
18:08:55 | INFO: Extracting primitive: Cube.153
18:08:55 | INFO: Primitives created: 1
18:08:55 | INFO: Extracting primitive: Cube.154
18:08:55 | INFO: Primitives created: 1
18:08:55 | INFO: Extracting primitive: Cube.155
18:08:55 | INFO: Primitives created: 1
18:08:55 | INFO: Extracting primitive: Cube.156
18:08:55 | INFO: Primitives created: 1
18:08:55 | INFO: Extracting primitive: Cube.157
18:08:55 | INFO: Primitives created: 1
18:08:55 | INFO: Extracting primitive: Cube.158
18:08:55 | INFO: Primitives created: 1
18:08:55 | INFO: Extracting primitive: Cube.159
18:08:55 | INFO: Primitives created: 1
18:08:55 | INFO: Extracting primitive: Cube.160
18:08:55 | INFO: Primitives created: 1
18:08:55 | INFO: Extracting primitive: Cube.161
18:08:55 | INFO: Primitives created: 1
18:08:55 | INFO: Extracting primitive: Cube.162
18:08:55 | INFO: Primitives created: 1
18:08:55 | INFO: Extracting primitive: Cube.163
18:08:55 | INFO: Primitives created: 1
18:08:55 | INFO: Extracting primitive: Cube.164
18:08:55 | INFO: Primitives created: 1
18:08:55 | INFO: Extracting primitive: Cube.165
18:08:55 | INFO: Primitives created: 1
18:08:55 | INFO: Extracting primitive: Cube.166
18:08:55 | INFO: Primitives created: 1
18:08:55 | INFO: Extracting primitive: Cube.167
18:08:55 | INFO: Primitives created: 1
18:08:55 | INFO: Extracting primitive: Cube.168
18:08:55 | INFO: Primitives created: 1
18:08:55 | INFO: Extracting primitive: Cube.169
18:08:55 | INFO: Primitives created: 1
18:08:55 | INFO: Extracting primitive: Cube.170
18:08:55 | INFO: Primitives created: 1
18:08:55 | INFO: Extracting primitive: Cube.171
18:08:55 | INFO: Primitives created: 1
18:08:55 | INFO: Extracting primitive: Cube.172
18:08:55 | INFO: Primitives created: 1
18:08:55 | INFO: Extracting primitive: Cube.173
18:08:55 | INFO: Primitives created: 1
18:08:55 | INFO: Extracting primitive: Cube.174
18:08:55 | INFO: Primitives created: 1
18:08:55 | INFO: Extracting primitive: Cube.175
18:08:55 | INFO: Primitives created: 1
18:08:55 | INFO: Extracting primitive: Cube.176
18:08:55 | INFO: Primitives created: 1
18:08:55 | INFO: Extracting primitive: Cube.177
18:08:55 | INFO: Primitives created: 1
18:08:55 | INFO: Extracting primitive: Cube.178
18:08:55 | INFO: Primitives created: 1
18:08:55 | INFO: Extracting primitive: Cube.179
18:08:55 | INFO: Primitives created: 1
18:08:55 | INFO: Extracting primitive: Cube.180
18:08:55 | INFO: Primitives created: 1
18:08:55 | INFO: Extracting primitive: Cube.181
18:08:55 | INFO: Primitives created: 1
18:08:55 | INFO: Extracting primitive: Cube.182
18:08:55 | INFO: Primitives created: 1
18:08:55 | INFO: Extracting primitive: Cube.183
18:08:55 | INFO: Primitives created: 1
18:08:55 | INFO: Extracting primitive: Cube.184
18:08:55 | INFO: Primitives created: 1
18:08:55 | INFO: Extracting primitive: Cube.185
18:08:55 | INFO: Primitives created: 1
18:08:55 | INFO: Extracting primitive: Cube.186
18:08:55 | INFO: Primitives created: 1
18:08:55 | INFO: Extracting primitive: Cube.187
18:08:55 | INFO: Primitives created: 1
18:08:55 | INFO: Extracting primitive: Cube.188
18:08:55 | INFO: Primitives created: 1
18:08:55 | INFO: Extracting primitive: Cube.189
18:08:55 | INFO: Primitives created: 1
18:08:55 | INFO: Extracting primitive: Cube.190
18:08:55 | INFO: Primitives created: 1
18:08:55 | INFO: Extracting primitive: Cube.191
18:08:55 | INFO: Primitives created: 1
18:08:55 | INFO: Extracting primitive: Cube.192
18:08:55 | INFO: Primitives created: 1
18:08:55 | INFO: Extracting primitive: KIT_tech_cell_side.012
18:08:55 | INFO: Primitives created: 1
18:08:55 | INFO: Extracting primitive: KIT_wall_window_bar.030
18:08:55 | INFO: Primitives created: 1
18:08:55 | INFO: Extracting primitive: KIT_stage_entry_walk.002
18:08:55 | INFO: Primitives created: 1
18:08:55 | INFO: Extracting primitive: KIT_props_folding_chair_render.001
18:08:55 | WARNING: More than one shader node tex image used for a texture. The resulting glTF sampler will behave like the first shader node tex image.
18:08:55 | INFO: Primitives created: 1
18:08:55 | INFO: Extracting primitive: KIT_stage_floor_boards_render.002
18:08:55 | WARNING: More than one shader node tex image used for a texture. The resulting glTF sampler will behave like the first shader node tex image.
18:08:55 | INFO: Primitives created: 1
18:08:55 | INFO: Extracting primitive: KIT_stage_gel_frame_render.002
18:08:55 | INFO: Primitives created: 2
18:08:55 | INFO: Extracting primitive: KIT_stage_studio_wall_render.002
18:08:55 | INFO: Primitives created: 1
18:08:55 | INFO: Extracting primitive: KIT_stage_fog_plane_render.020
18:08:56 | INFO: Primitives created: 1
18:08:56 | INFO: Extracting primitive: KIT_tech_terminal_desk_render.001
18:08:56 | WARNING: More than one shader node tex image used for a texture. The resulting glTF sampler will behave like the first shader node tex image.
18:08:56 | INFO: Primitives created: 1
18:08:56 | INFO: Extracting primitive: KIT_props_scroll_render.001
18:08:56 | WARNING: More than one shader node tex image used for a texture. The resulting glTF sampler will behave like the first shader node tex image.
18:08:56 | INFO: Primitives created: 1
18:08:56 | INFO: Finished glTF 2.0 export in 0.160325288772583 s

18:08:57 | INFO: Starting glTF 2.0 export
18:08:57 | INFO: Extracting primitive: COL_qiushuang-zhai_floor.001
18:08:57 | INFO: Primitives created: 1
18:08:57 | INFO: Extracting primitive: COL_study_desk_centre.002
18:08:57 | INFO: Primitives created: 1
18:08:57 | INFO: Extracting primitive: COL_study_desk_left.002
18:08:57 | INFO: Primitives created: 1
18:08:57 | INFO: Extracting primitive: COL_study_desk_right.002
18:08:57 | INFO: Primitives created: 1
18:08:57 | INFO: Extracting primitive: COL_study_front_walk.002
18:08:57 | INFO: Primitives created: 1
18:08:57 | INFO: Extracting primitive: COL_study_front_wall.002
18:08:57 | INFO: Primitives created: 1
18:08:57 | INFO: Extracting primitive: COL_study_post.001
18:08:57 | INFO: Primitives created: 1
18:08:57 | INFO: Extracting primitive: COL_study_post.002
18:08:57 | INFO: Primitives created: 1
18:08:57 | INFO: Extracting primitive: COL_study_post.003
18:08:57 | INFO: Primitives created: 1
18:08:57 | INFO: Extracting primitive: COL_study_post.008
18:08:57 | INFO: Primitives created: 1
18:08:57 | INFO: Extracting primitive: Cube.201
18:08:57 | INFO: Primitives created: 1
18:08:57 | INFO: Extracting primitive: Cube.202
18:08:57 | INFO: Primitives created: 1
18:08:57 | INFO: Extracting primitive: Cube.203
18:08:57 | INFO: Primitives created: 1
18:08:57 | INFO: Extracting primitive: HERO_study_scroll_bamboo.002
18:08:57 | INFO: Primitives created: 1
18:08:57 | INFO: Extracting primitive: HERO_study_scroll_plum.002
18:08:57 | INFO: Primitives created: 1
18:08:57 | INFO: Extracting primitive: HERO_study_title.002
18:08:57 | WARNING: More than one shader node tex image used for a texture. The resulting glTF sampler will behave like the first shader node tex image.
18:08:57 | INFO: Primitives created: 1
18:08:57 | INFO: Extracting primitive: SITE_qiushuang-zhai_backstage.001
18:08:57 | INFO: Primitives created: 1
18:08:57 | INFO: Extracting primitive: KIT_pavilion_finial.005
18:08:57 | INFO: Primitives created: 1
18:08:57 | INFO: Extracting primitive: KIT_wall_lattice_vertical.042
18:08:57 | INFO: Primitives created: 1
18:08:57 | INFO: Extracting primitive: SITE_qiushuang-zhai_platform.001
18:08:57 | INFO: Primitives created: 1
18:08:57 | INFO: Extracting primitive: KIT_props_lantern_hanging_render.010
18:08:57 | WARNING: More than one shader node tex image used for a texture. The resulting glTF sampler will behave like the first shader node tex image.
18:08:57 | INFO: Primitives created: 1
18:08:57 | INFO: Extracting primitive: KIT_pavilion_roof.005
18:08:57 | INFO: Primitives created: 1
18:08:57 | INFO: Extracting primitive: KIT_tech_terminal_desk_render.007
18:08:57 | WARNING: More than one shader node tex image used for a texture. The resulting glTF sampler will behave like the first shader node tex image.
18:08:57 | INFO: Primitives created: 1
18:08:57 | INFO: Extracting primitive: SITE_qiushuang-zhai_front.001
18:08:57 | INFO: Primitives created: 1
18:08:57 | INFO: Finished glTF 2.0 export in 0.050939083099365234 s

18:08:58 | INFO: Starting glTF 2.0 export
18:08:58 | INFO: Extracting primitive: COL_tubi-tang_floor.001
18:08:58 | INFO: Primitives created: 1
18:08:58 | INFO: Extracting primitive: COL_tubi_closed_hall.002
18:08:58 | INFO: Primitives created: 1
18:08:58 | INFO: Extracting primitive: COL_tubi_hall_post.001
18:08:58 | INFO: Primitives created: 1
18:08:58 | INFO: Extracting primitive: COL_tubi_hall_post.002
18:08:58 | INFO: Primitives created: 1
18:08:58 | INFO: Extracting primitive: COL_tubi_hall_post.006
18:08:58 | INFO: Primitives created: 1
18:08:58 | INFO: Extracting primitive: COL_tubi_parapet.001
18:08:58 | INFO: Primitives created: 1
18:08:58 | INFO: Extracting primitive: COL_tubi_parapet.002
18:08:58 | INFO: Primitives created: 1
18:08:58 | INFO: Extracting primitive: COL_tubi_parapet.003
18:08:58 | INFO: Primitives created: 1
18:08:58 | INFO: Extracting primitive: COL_tubi_parapet.008
18:08:58 | INFO: Primitives created: 1
18:08:58 | INFO: Extracting primitive: COL_tubi_stair_guard.001
18:08:58 | INFO: Primitives created: 1
18:08:58 | INFO: Extracting primitive: COL_tubi_stair_guard.004
18:08:58 | INFO: Primitives created: 1
18:08:58 | INFO: Extracting primitive: COL_tubi_stair_ramp.002
18:08:58 | INFO: Primitives created: 1
18:08:58 | INFO: Extracting primitive: COL_tubi_terrace.002
18:08:58 | INFO: Primitives created: 1
18:08:58 | INFO: Extracting primitive: COL_tubi_topic_table.002
18:08:58 | INFO: Primitives created: 1
18:08:58 | INFO: Extracting primitive: COL_tubi_view_bench_left.001
18:08:58 | INFO: Primitives created: 1
18:08:58 | INFO: Extracting primitive: COL_tubi_view_bench_right.001
18:08:58 | INFO: Primitives created: 1
18:08:58 | INFO: Extracting primitive: HERO_tubi_title.002
18:08:58 | WARNING: More than one shader node tex image used for a texture. The resulting glTF sampler will behave like the first shader node tex image.
18:08:58 | INFO: Primitives created: 1
18:08:58 | INFO: Extracting primitive: SITE_tubi-tang_backstage.001
18:08:58 | INFO: Primitives created: 1
18:08:58 | INFO: Extracting primitive: KIT_pavilion_finial.007
18:08:58 | INFO: Primitives created: 1
18:08:58 | INFO: Extracting primitive: KIT_wall_amber_window.003
18:08:58 | INFO: Primitives created: 1
18:08:58 | INFO: Extracting primitive: TUBI_topic_line.001
18:08:58 | INFO: Primitives created: 1
18:08:58 | INFO: Extracting primitive: KIT_wall_lattice_vertical.063
18:08:58 | INFO: Primitives created: 1
18:08:58 | INFO: Extracting primitive: SITE_tubi-tang_platform.001
18:08:58 | INFO: Primitives created: 1
18:08:58 | INFO: Extracting primitive: KIT_props_lantern_hanging_render.012
18:08:58 | WARNING: More than one shader node tex image used for a texture. The resulting glTF sampler will behave like the first shader node tex image.
18:08:58 | INFO: Primitives created: 1
18:08:58 | INFO: Extracting primitive: KIT_pavilion_roof.007
18:08:58 | INFO: Primitives created: 1
18:08:58 | INFO: Extracting primitive: TUBI_terrace.002
18:08:58 | INFO: Primitives created: 1
18:08:58 | INFO: Extracting primitive: SITE_tubi-tang_front.001
18:08:58 | INFO: Primitives created: 1
18:08:58 | INFO: Finished glTF 2.0 export in 0.04034590721130371 s

IMPERIAL_JOINED_TOPOLOGY {}
Traceback (most recent call last):
  File "/private/var/folders/gf/s_g2zvzj3jxbylz3ylbc7k4c0000gn/T/garden-imperial-roof-probe-93_xr5w_/scripts/export_garden.py", line 81, in <module>
    layout=allocate_imperial_charts(o)
  File "/private/var/folders/gf/s_g2zvzj3jxbylz3ylbc7k4c0000gn/T/garden-imperial-roof-probe-93_xr5w_/scripts/garden_allocate_imperial_charts.py", line 14, in allocate_imperial_charts
    assert len(cylinders)==576 and len(shells)==2 and len(groups)==578
           ^^^^^^^^^^^^^^^^^^^^^^^^^^^^^^^^^^^^^^^^^^^^^^^^^^^^^^^^^^^
AssertionError

Error: script failed, file: '/private/var/folders/gf/s_g2zvzj3jxbylz3ylbc7k4c0000gn/T/garden-imperial-roof-probe-93_xr5w_/scripts/export_garden.py', exiting.
BlenderMCP addon unregistered
Blender 5.2.2 LTS (hash d13f752e3b9c built 2026-09-15 01:49:19)

Blender quit
