Godot Engine v4.7.2.stable.official.ed1daf0bf - https://godotengine.org
OpenGL API 4.1 Metal - 90.5 - Compatibility - Using Device: Apple - Apple M2 Max

ROOF_CASE_BEGIN qinfang_ting baseline
ROOF_CASE_BEGIN qinfang_ting no-normal
ROOF_CASE_BEGIN qinfang_ting no-specular
ROOF_CASE_BEGIN qinfang_ting paint-only
ROOF_CASE_BEGIN qinfang_ting irradiance-only
ROOF_CASE_BEGIN qinfang_ting lossless-256
ROOF_CASE_BEGIN qinfang_ting lossless-512
ROOF_CASE_BEGIN qinfang_ting lossless-native
ROOF_CASE_BEGIN qinfang_ting baseline-again
ROOF_CASE_BEGIN qinfang_ting roof-mask
ROOF_CASE_BEGIN xiaoxiang_guan baseline
ROOF_CASE_BEGIN xiaoxiang_guan no-normal
ROOF_CASE_BEGIN xiaoxiang_guan no-specular
ROOF_CASE_BEGIN xiaoxiang_guan paint-only
ROOF_CASE_BEGIN xiaoxiang_guan irradiance-only
ROOF_CASE_BEGIN xiaoxiang_guan lossless-256
ROOF_CASE_BEGIN xiaoxiang_guan lossless-512
ROOF_CASE_BEGIN xiaoxiang_guan lossless-native
ROOF_CASE_BEGIN xiaoxiang_guan baseline-again
ROOF_CASE_BEGIN xiaoxiang_guan roof-mask
ROOF_CASE_BEGIN daoxiang_cun baseline
ROOF_CASE_BEGIN daoxiang_cun no-normal
ROOF_CASE_BEGIN daoxiang_cun no-specular
ROOF_CASE_BEGIN daoxiang_cun paint-only
ROOF_CASE_BEGIN daoxiang_cun irradiance-only
ROOF_CASE_BEGIN daoxiang_cun lossless-256
ROOF_CASE_BEGIN daoxiang_cun lossless-512
ROOF_CASE_BEGIN daoxiang_cun lossless-native
ROOF_CASE_BEGIN daoxiang_cun baseline-again
ROOF_CASE_BEGIN daoxiang_cun roof-mask
ROOF_CASE_BEGIN daguan_lou baseline
ROOF_CASE_BEGIN daguan_lou no-normal
ROOF_CASE_BEGIN daguan_lou no-specular
ROOF_CASE_BEGIN daguan_lou paint-only
ROOF_CASE_BEGIN daguan_lou irradiance-only
ROOF_CASE_BEGIN daguan_lou lossless-256
ROOF_CASE_BEGIN daguan_lou lossless-512
ROOF_CASE_BEGIN daguan_lou lossless-native
ROOF_CASE_BEGIN daguan_lou baseline-again
ROOF_CASE_BEGIN daguan_lou roof-mask
ROOF_DETAIL_DIAGNOSIS_PASS rooms=4 source=8d1d9b4e4372ee097199f0b8b0c1a33f72aa55cb6ce978cf5a847b75febadf3f
