Godot Engine v4.7.2.stable.official.ed1daf0bf - https://godotengine.org
OpenGL API 4.1 Metal - 90.5 - Compatibility - Using Device: Apple - Apple M2 Max

ROOF_CASE_BEGIN whitewash baseline
ROOF_CASE_BEGIN whitewash no-normal
ROOF_CASE_BEGIN whitewash no-specular
ROOF_CASE_BEGIN whitewash paint-only
ROOF_CASE_BEGIN whitewash irradiance-only
ROOF_CASE_BEGIN whitewash lossless-256
ROOF_CASE_BEGIN whitewash lossless-512
ROOF_CASE_BEGIN whitewash lossless-native
ROOF_CASE_BEGIN whitewash constant-irradiance
ROOF_CASE_BEGIN whitewash hidden-target
ROOF_CASE_BEGIN whitewash baseline-again
ROOF_CASE_BEGIN whitewash roof-mask
ROOF_CASE_BEGIN lattice_wood baseline
ROOF_CASE_BEGIN lattice_wood no-normal
ROOF_CASE_BEGIN lattice_wood no-specular
ROOF_CASE_BEGIN lattice_wood paint-only
ROOF_CASE_BEGIN lattice_wood irradiance-only
ROOF_CASE_BEGIN lattice_wood lossless-256
ROOF_CASE_BEGIN lattice_wood lossless-512
ROOF_CASE_BEGIN lattice_wood lossless-native
ROOF_CASE_BEGIN lattice_wood constant-irradiance
ROOF_CASE_BEGIN lattice_wood hidden-target
ROOF_CASE_BEGIN lattice_wood baseline-again
ROOF_CASE_BEGIN lattice_wood roof-mask
ROOF_CASE_BEGIN plaster_rock baseline
ROOF_CASE_BEGIN plaster_rock no-normal
ROOF_CASE_BEGIN plaster_rock no-specular
ROOF_CASE_BEGIN plaster_rock paint-only
ROOF_CASE_BEGIN plaster_rock irradiance-only
ROOF_CASE_BEGIN plaster_rock lossless-256
ROOF_CASE_BEGIN plaster_rock lossless-512
ROOF_CASE_BEGIN plaster_rock lossless-native
ROOF_CASE_BEGIN plaster_rock constant-irradiance
ROOF_CASE_BEGIN plaster_rock hidden-target
ROOF_CASE_BEGIN plaster_rock baseline-again
ROOF_CASE_BEGIN plaster_rock roof-mask
ROOF_CASE_BEGIN backstage baseline
ROOF_CASE_BEGIN backstage no-normal
ROOF_CASE_BEGIN backstage no-specular
ROOF_CASE_BEGIN backstage paint-only
ROOF_CASE_BEGIN backstage irradiance-only
ROOF_CASE_BEGIN backstage lossless-256
ROOF_CASE_BEGIN backstage lossless-512
ROOF_CASE_BEGIN backstage lossless-native
ROOF_CASE_BEGIN backstage constant-irradiance
ROOF_CASE_BEGIN backstage hidden-target
ROOF_CASE_BEGIN backstage baseline-again
ROOF_CASE_BEGIN backstage roof-mask
WALL_DETAIL_DIAGNOSIS_PASS rooms=4 source=8d1d9b4e4372ee097199f0b8b0c1a33f72aa55cb6ce978cf5a847b75febadf3f
