BlenderMCP addon registered
BlenderMCP addon unregistered
15:35:13 | INFO: Data are loaded, start creating Blender stuff
15:35:13 | INFO: Blender create Mesh node COL_aojing_approach.001
15:35:13 | INFO: Blender create Mesh node COL_aojing_approach.004
15:35:13 | INFO: Blender create Mesh node COL_aojing_approach_guard.001
15:35:13 | INFO: Blender create Mesh node COL_aojing_approach_guard.004
15:35:13 | INFO: Blender create Mesh node COL_aojing_approach_ramp.002
15:35:13 | INFO: Blender create Mesh node COL_aojing_closed_front.002
15:35:13 | INFO: Blender create Mesh node COL_aojing_dry_ledge.002
15:35:13 | INFO: Blender create Mesh node COL_aojing_hall_floor.002
15:35:13 | INFO: Blender create Mesh node COL_aojing_ledge_end.002
15:35:13 | INFO: Blender create Mesh node COL_aojing_ledge_parapet.002
15:35:13 | INFO: Blender create Mesh node COL_aojing_return.001
15:35:13 | INFO: Blender create Mesh node COL_aojing_return.004
15:35:13 | INFO: Blender create Mesh node Cube.147
15:35:13 | INFO: Blender create Mesh node Cube.148
15:35:13 | INFO: Blender create Mesh node Cube.149
15:35:13 | INFO: Blender create Mesh node Cube.150
15:35:13 | INFO: Blender create Mesh node COL_bridge_crosswalk.002
15:35:13 | INFO: Blender create Mesh node COL_bridge_crosswalk.003
15:35:13 | INFO: Blender create Mesh node COL_cell_floor.006
15:35:13 | INFO: Blender create Mesh node COL_cell_floor.007
15:35:13 | INFO: Blender create Mesh node COL_cell_floor.008
15:35:13 | INFO: Blender create Mesh node COL_cell_floor.009
15:35:13 | INFO: Blender create Mesh node COL_cell_floor.010
15:35:13 | INFO: Blender create Mesh node COL_cell_floor.011
15:35:13 | INFO: Blender create Mesh node COL_cell_wall.012
15:35:13 | INFO: Blender create Mesh node COL_cell_wall.013
15:35:13 | INFO: Blender create Mesh node COL_cell_wall.014
15:35:13 | INFO: Blender create Mesh node COL_cell_wall.015
15:35:13 | INFO: Blender create Mesh node COL_cell_wall.016
15:35:13 | INFO: Blender create Mesh node COL_cell_wall.017
15:35:13 | INFO: Blender create Mesh node COL_cell_wall.018
15:35:13 | INFO: Blender create Mesh node COL_cell_wall.019
15:35:13 | INFO: Blender create Mesh node COL_cell_wall.020
15:35:13 | INFO: Blender create Mesh node COL_cell_wall.021
15:35:13 | INFO: Blender create Mesh node COL_cell_wall.022
15:35:13 | INFO: Blender create Mesh node COL_cell_wall.023
15:35:13 | INFO: Blender create Mesh node COL_daguan_central_step.003
15:35:13 | INFO: Blender create Mesh node COL_daguan_central_step.004
15:35:13 | INFO: Blender create Mesh node COL_daguan_central_step.005
15:35:13 | INFO: Blender create Mesh node COL_daguan_closed_front.001
15:35:13 | INFO: Blender create Mesh node COL_daguan_column.006
15:35:13 | INFO: Blender create Mesh node COL_daguan_column.007
15:35:13 | INFO: Blender create Mesh node COL_daguan_column.008
15:35:13 | INFO: Blender create Mesh node COL_daguan_column.009
15:35:13 | INFO: Blender create Mesh node COL_daguan_column.010
15:35:13 | INFO: Blender create Mesh node COL_daguan_column.011
15:35:13 | INFO: Blender create Mesh node COL_daguan_floor.001
15:35:13 | INFO: Blender create Mesh node COL_daguan_return_wall.002
15:35:13 | INFO: Blender create Mesh node COL_daguan_return_wall.003
15:35:13 | INFO: Blender create Mesh node COL_daoxiang_approach.002
15:35:13 | INFO: Blender create Mesh node COL_daoxiang_approach.003
15:35:13 | INFO: Blender create Mesh node COL_daoxiang_closed_front.001
15:35:13 | INFO: Blender create Mesh node COL_daoxiang_court.001
15:35:13 | INFO: Blender create Mesh node COL_daoxiang_fence.004
15:35:13 | INFO: Blender create Mesh node COL_daoxiang_fence.005
15:35:13 | INFO: Blender create Mesh node COL_daoxiang_fence.006
15:35:13 | INFO: Blender create Mesh node COL_daoxiang_fence.007
15:35:13 | INFO: Blender create Mesh node COL_daoxiang_side.002
15:35:13 | INFO: Blender create Mesh node COL_daoxiang_side.003
15:35:13 | INFO: Blender create Mesh node COL_entry_corridor.001
15:35:13 | INFO: Blender create Mesh node COL_entry_walk.002
15:35:13 | INFO: Blender create Mesh node COL_entry_walk.003
15:35:13 | INFO: Blender create Mesh node COL_floor_joint_cell_threshold_0.001
15:35:13 | INFO: Blender create Mesh node COL_floor_joint_cell_threshold_1.001
15:35:13 | INFO: Blender create Mesh node COL_floor_joint_cell_threshold_2.001
15:35:13 | INFO: Blender create Mesh node COL_floor_joint_cell_threshold_3.001
15:35:13 | INFO: Blender create Mesh node COL_floor_joint_cell_threshold_4.001
15:35:13 | INFO: Blender create Mesh node COL_floor_joint_cell_threshold_5.001
15:35:13 | INFO: Blender create Mesh node COL_floor_joint_pavilion_east_joint.001
15:35:13 | INFO: Blender create Mesh node COL_floor_joint_pavilion_west_joint.001
15:35:13 | INFO: Blender create Mesh node Cube.146
15:35:13 | INFO: Blender create Mesh node Cube.145
15:35:13 | INFO: Blender create Mesh node COL_GATE_banana_planter.001
15:35:13 | INFO: Blender create Mesh node KIT_rockery_passage.022
15:35:13 | INFO: Blender create Mesh node KIT_rockery_passage.024
15:35:13 | INFO: Blender create Mesh node KIT_rockery_cliff.006
15:35:13 | INFO: Blender create Mesh node KIT_rockery_cliff.008
15:35:13 | INFO: Blender create Mesh node KIT_rockery_passage.004
15:35:13 | INFO: Blender create Mesh node KIT_rockery_passage.016
15:35:13 | INFO: Blender create Mesh node KIT_rockery_passage.018
15:35:13 | INFO: Blender create Mesh node KIT_rockery_passage.020
15:35:13 | INFO: Blender create Mesh node GATE_paving.003
15:35:13 | INFO: Blender create Mesh node COL_hengwu-yuan_floor.001
15:35:13 | INFO: Blender create Mesh node COL_hengwu_approach.002
15:35:13 | INFO: Blender create Mesh node COL_hengwu_approach.003
15:35:13 | INFO: Blender create Mesh node COL_hengwu_closed_hall.002
15:35:13 | INFO: Blender create Mesh node COL_hengwu_court.002
15:35:13 | INFO: Blender create Mesh node COL_hengwu_hall_post.001
15:35:13 | INFO: Blender create Mesh node COL_hengwu_hall_post.002
15:35:13 | INFO: Blender create Mesh node COL_hengwu_hall_post.006
15:35:13 | INFO: Blender create Mesh node COL_wall_bay.001
15:35:13 | INFO: Blender create Mesh node COL_wall_bay.002
15:35:13 | INFO: Blender create Mesh node COL_wall_bay.003
15:35:13 | INFO: Blender create Mesh node COL_wall_bay.004
15:35:13 | INFO: Blender create Mesh node COL_wall_bay.005
15:35:13 | INFO: Blender create Mesh node COL_wall_bay.006
15:35:13 | INFO: Blender create Mesh node KIT_wall_plaster.002
15:35:13 | INFO: Blender create Mesh node COL_wall_window.001
15:35:13 | INFO: Blender create Mesh node COL_wall_window.002
15:35:13 | INFO: Blender create Mesh node COL_hengwu_rock.001
15:35:13 | INFO: Blender create Mesh node COL_hengwu_rock.002
15:35:13 | INFO: Blender create Mesh node COL_hengwu_rock.006
15:35:13 | INFO: Blender create Mesh node COL_hengwu_stool.001
15:35:13 | INFO: Blender create Mesh node COL_hengwu_stool.002
15:35:13 | INFO: Blender create Mesh node COL_hengwu_stool.003
15:35:13 | INFO: Blender create Mesh node COL_hengwu_stool.008
15:35:13 | INFO: Blender create Mesh node COL_hengwu_table.002
15:35:13 | INFO: Blender create Mesh node COL_longcui_approach.003
15:35:13 | INFO: Blender create Mesh node COL_longcui_approach.004
15:35:13 | INFO: Blender create Mesh node COL_longcui_approach.005
15:35:13 | INFO: Blender create Mesh node COL_longcui_burner.001
15:35:13 | INFO: Blender create Mesh node COL_longcui_closed_front.001
15:35:13 | INFO: Blender create Mesh node COL_longcui_floor.001
15:35:13 | INFO: Blender create Mesh node COL_longcui_plum_trunk.002
15:35:13 | INFO: Blender create Mesh node COL_longcui_plum_trunk.003
15:35:13 | INFO: Blender create Mesh node COL_longcui_return.002
15:35:13 | INFO: Blender create Mesh node COL_longcui_return.003
15:35:13 | INFO: Blender create Mesh node COL_longcui_threshold.001
15:35:13 | INFO: Blender create Mesh node COL_ouxiang_approach.001
15:35:13 | INFO: Blender create Mesh node COL_ouxiang_deck.001
15:35:13 | INFO: Blender create Mesh node COL_ouxiang_post.004
15:35:13 | INFO: Blender create Mesh node COL_ouxiang_post.005
15:35:13 | INFO: Blender create Mesh node COL_ouxiang_post.006
15:35:13 | INFO: Blender create Mesh node COL_ouxiang_post.007
15:35:13 | INFO: Blender create Mesh node COL_ouxiang_rail.002
15:35:13 | INFO: Blender create Mesh node COL_ouxiang_rail.003
15:35:13 | INFO: Blender create Mesh node COL_ouxiang_side_rail.004
15:35:13 | INFO: Blender create Mesh node COL_ouxiang_side_rail.005
15:35:13 | INFO: Blender create Mesh node COL_ouxiang_side_rail.006
15:35:13 | INFO: Blender create Mesh node COL_ouxiang_side_rail.007
15:35:13 | INFO: Blender create Mesh node COL_ouxiang_table.001
15:35:13 | INFO: Blender create Mesh node COL_corridor_floor.009
15:35:13 | INFO: Blender create Mesh node COL_corridor_side.015
15:35:13 | INFO: Blender create Mesh node COL_corridor_side.016
15:35:13 | INFO: Blender create Mesh node COL_corridor_post.016
15:35:13 | INFO: Blender create Mesh node COL_corridor_post.017
15:35:13 | INFO: Blender create Mesh node COL_corridor_floor.010
15:35:13 | INFO: Blender create Mesh node COL_corridor_side.017
15:35:13 | INFO: Blender create Mesh node COL_corridor_side.018
15:35:13 | INFO: Blender create Mesh node COL_corridor_post.018
15:35:13 | INFO: Blender create Mesh node COL_corridor_post.019
15:35:13 | INFO: Blender create Mesh node COL_corridor_floor.011
15:35:13 | INFO: Blender create Mesh node COL_corridor_side.019
15:35:13 | INFO: Blender create Mesh node COL_corridor_side.020
15:35:13 | INFO: Blender create Mesh node COL_corridor_post.020
15:35:13 | INFO: Blender create Mesh node COL_corridor_post.021
15:35:13 | INFO: Blender create Mesh node COL_corridor_floor.012
15:35:13 | INFO: Blender create Mesh node COL_corridor_side.021
15:35:13 | INFO: Blender create Mesh node COL_corridor_side.022
15:35:13 | INFO: Blender create Mesh node COL_corridor_post.022
15:35:13 | INFO: Blender create Mesh node COL_corridor_post.023
15:35:13 | INFO: Blender create Mesh node COL_corridor_floor.001
15:35:13 | INFO: Blender create Mesh node COL_corridor_side.001
15:35:13 | INFO: Blender create Mesh node COL_corridor_side.002
15:35:13 | INFO: Blender create Mesh node COL_corridor_post.001
15:35:13 | INFO: Blender create Mesh node COL_corridor_post.002
15:35:13 | INFO: Blender create Mesh node COL_corridor_floor.002
15:35:13 | INFO: Blender create Mesh node COL_corridor_side.003
15:35:13 | INFO: Blender create Mesh node COL_corridor_side.004
15:35:13 | INFO: Blender create Mesh node COL_corridor_post.003
15:35:13 | INFO: Blender create Mesh node COL_corridor_post.004
15:35:13 | INFO: Blender create Mesh node COL_corridor_floor.003
15:35:13 | INFO: Blender create Mesh node COL_corridor_side.005
15:35:13 | INFO: Blender create Mesh node COL_corridor_side.006
15:35:13 | INFO: Blender create Mesh node COL_corridor_post.005
15:35:13 | INFO: Blender create Mesh node COL_corridor_post.006
15:35:13 | INFO: Blender create Mesh node COL_corridor_floor.004
15:35:13 | INFO: Blender create Mesh node COL_corridor_side.007
15:35:13 | INFO: Blender create Mesh node COL_corridor_side.008
15:35:13 | INFO: Blender create Mesh node COL_corridor_post.007
15:35:13 | INFO: Blender create Mesh node COL_corridor_post.008
15:35:13 | INFO: Blender create Mesh node COL_corridor_floor.005
15:35:13 | INFO: Blender create Mesh node COL_corridor_side.009
15:35:13 | INFO: Blender create Mesh node COL_corridor_side.010
15:35:13 | INFO: Blender create Mesh node COL_corridor_post.009
15:35:13 | INFO: Blender create Mesh node COL_corridor_post.010
15:35:13 | INFO: Blender create Mesh node COL_corridor_floor.006
15:35:13 | INFO: Blender create Mesh node COL_corridor_side.011
15:35:13 | INFO: Blender create Mesh node COL_corridor_post.011
15:35:13 | INFO: Blender create Mesh node COL_corridor_post.012
15:35:13 | INFO: Blender create Mesh node COL_corridor_floor.007
15:35:13 | INFO: Blender create Mesh node COL_corridor_side.012
15:35:13 | INFO: Blender create Mesh node COL_corridor_post.013
15:35:13 | INFO: Blender create Mesh node COL_corridor_floor.008
15:35:13 | INFO: Blender create Mesh node COL_corridor_side.013
15:35:13 | INFO: Blender create Mesh node COL_corridor_side.014
15:35:13 | INFO: Blender create Mesh node COL_corridor_post.014
15:35:13 | INFO: Blender create Mesh node COL_corridor_post.015
15:35:13 | INFO: Blender create Mesh node COL_corridor_floor.013
15:35:13 | INFO: Blender create Mesh node COL_corridor_side.023
15:35:13 | INFO: Blender create Mesh node COL_corridor_side.024
15:35:13 | INFO: Blender create Mesh node COL_corridor_post.024
15:35:13 | INFO: Blender create Mesh node COL_corridor_post.025
15:35:13 | INFO: Blender create Mesh node COL_corridor_floor.014
15:35:13 | INFO: Blender create Mesh node COL_corridor_side.025
15:35:13 | INFO: Blender create Mesh node COL_corridor_side.026
15:35:13 | INFO: Blender create Mesh node COL_corridor_post.026
15:35:13 | INFO: Blender create Mesh node COL_corridor_post.027
15:35:13 | INFO: Blender create Mesh node COL_corridor_floor.015
15:35:13 | INFO: Blender create Mesh node COL_corridor_side.027
15:35:13 | INFO: Blender create Mesh node COL_corridor_side.028
15:35:13 | INFO: Blender create Mesh node COL_corridor_post.028
15:35:13 | INFO: Blender create Mesh node COL_corridor_post.029
15:35:13 | INFO: Blender create Mesh node COL_corridor_floor.016
15:35:13 | INFO: Blender create Mesh node COL_corridor_side.029
15:35:13 | INFO: Blender create Mesh node COL_corridor_side.030
15:35:13 | INFO: Blender create Mesh node COL_corridor_post.030
15:35:13 | INFO: Blender create Mesh node COL_corridor_post.031
15:35:13 | INFO: Blender create Mesh node COL_qinfang_deck.001
15:35:13 | INFO: Blender create Mesh node COL_pavilion_bench.001
15:35:13 | INFO: Blender create Mesh node COL_pavilion_bench.002
15:35:13 | INFO: Blender create Mesh node COL_pavilion_bracket.001
15:35:13 | INFO: Blender create Mesh node COL_pavilion_bracket.002
15:35:13 | INFO: Blender create Mesh node COL_pavilion_bracket.003
15:35:13 | INFO: Blender create Mesh node COL_pavilion_bracket.004
15:35:13 | INFO: Blender create Mesh node COL_pavilion_bracket.005
15:35:13 | INFO: Blender create Mesh node COL_pavilion_bracket.006
15:35:13 | INFO: Blender create Mesh node COL_pavilion_post.001
15:35:13 | INFO: Blender create Mesh node COL_pavilion_post.002
15:35:13 | INFO: Blender create Mesh node COL_pavilion_post.003
15:35:13 | INFO: Blender create Mesh node COL_pavilion_post.004
15:35:13 | INFO: Blender create Mesh node COL_pavilion_post.005
15:35:13 | INFO: Blender create Mesh node COL_pavilion_post.006
15:35:13 | INFO: Blender create Mesh node COL_pavilion_roof.001
15:35:13 | INFO: Blender create Mesh node COL_qiushuang-zhai_floor.001
15:35:13 | INFO: Blender create Mesh node Cube.009
15:35:13 | INFO: Blender create Mesh node Cube.011
15:35:13 | INFO: Blender create Mesh node Cube.012
15:35:13 | INFO: Blender create Mesh node Cube.013
15:35:13 | INFO: Blender create Mesh node Cube.019
15:35:13 | INFO: Blender create Mesh node Cube.020
15:35:13 | INFO: Blender create Mesh node Cube.023
15:35:13 | INFO: Blender create Mesh node Cube.024
15:35:13 | INFO: Blender create Mesh node Cube.048
15:35:13 | INFO: Blender create Mesh node Cube.050
15:35:13 | INFO: Blender create Mesh node Cube.052
15:35:13 | INFO: Blender create Mesh node Cube.092
15:35:13 | INFO: Blender create Mesh node Cube.093
15:35:13 | INFO: Blender create Mesh node Cube.094
15:35:13 | INFO: Blender create Mesh node Cube.095
15:35:13 | INFO: Blender create Mesh node Cube.096
15:35:13 | INFO: Blender create Mesh node Cube.097
15:35:13 | INFO: Blender create Mesh node Cube.098
15:35:13 | INFO: Blender create Mesh node Cube.099
15:35:13 | INFO: Blender create Mesh node Cube.100
15:35:13 | INFO: Blender create Mesh node Cube.101
15:35:13 | INFO: Blender create Mesh node Cube.102
15:35:13 | INFO: Blender create Mesh node Cube.103
15:35:13 | INFO: Blender create Mesh node Cube.104
15:35:13 | INFO: Blender create Mesh node Cube.105
15:35:13 | INFO: Blender create Mesh node Cube.106
15:35:13 | INFO: Blender create Mesh node Cube.107
15:35:13 | INFO: Blender create Mesh node Cube.108
15:35:13 | INFO: Blender create Mesh node Cube.109
15:35:13 | INFO: Blender create Mesh node Cube.110
15:35:13 | INFO: Blender create Mesh node Cube.111
15:35:13 | INFO: Blender create Mesh node Cube.112
15:35:13 | INFO: Blender create Mesh node Cube.113
15:35:13 | INFO: Blender create Mesh node Cube.114
15:35:13 | INFO: Blender create Mesh node Cube.115
15:35:13 | INFO: Blender create Mesh node Cube.116
15:35:13 | INFO: Blender create Mesh node Cube.117
15:35:13 | INFO: Blender create Mesh node Cube.118
15:35:13 | INFO: Blender create Mesh node Cube.119
15:35:13 | INFO: Blender create Mesh node Cube.120
15:35:13 | INFO: Blender create Mesh node Cube.121
15:35:13 | INFO: Blender create Mesh node Cube.122
15:35:13 | INFO: Blender create Mesh node Cube.123
15:35:13 | INFO: Blender create Mesh node Cube.124
15:35:13 | INFO: Blender create Mesh node Cube.125
15:35:13 | INFO: Blender create Mesh node Cube.126
15:35:13 | INFO: Blender create Mesh node Cube.127
15:35:13 | INFO: Blender create Mesh node Cube.128
15:35:13 | INFO: Blender create Mesh node Cube.129
15:35:13 | INFO: Blender create Mesh node Cube.130
15:35:13 | INFO: Blender create Mesh node Cube.131
15:35:13 | INFO: Blender create Mesh node Cube.132
15:35:13 | INFO: Blender create Mesh node Cube.133
15:35:13 | INFO: Blender create Mesh node Cube.134
15:35:13 | INFO: Blender create Mesh node Cube.135
15:35:13 | INFO: Blender create Mesh node Cube.136
15:35:13 | INFO: Blender create Mesh node Cube.137
15:35:13 | INFO: Blender create Mesh node Cube.138
15:35:13 | INFO: Blender create Mesh node Cube.139
15:35:13 | INFO: Blender create Mesh node Cube.140
15:35:13 | INFO: Blender create Mesh node Cube.141
15:35:13 | INFO: Blender create Mesh node Cube.142
15:35:13 | INFO: Blender create Mesh node Cube.143
15:35:13 | INFO: Blender create Mesh node Cube.144
15:35:13 | INFO: Blender create Mesh node Cube.193
15:35:13 | INFO: Blender create Mesh node Cube.194
15:35:13 | INFO: Blender create Mesh node Cube.195
15:35:13 | INFO: Blender create Mesh node Cube.196
15:35:13 | INFO: Blender create Mesh node Cube.197
15:35:13 | INFO: Blender create Mesh node Cube.198
15:35:13 | INFO: Blender create Mesh node Cube.199
15:35:13 | INFO: Blender create Mesh node Cube.200
15:35:13 | INFO: Blender create Mesh node COL_stone_walk.005
15:35:13 | INFO: Blender create Mesh node COL_stone_walk.008
15:35:13 | INFO: Blender create Mesh node COL_stone_walk.009
15:35:13 | INFO: Blender create Mesh node COL_stone_walk.010
15:35:13 | INFO: Blender create Mesh node COL_stone_walk.011
15:35:13 | INFO: Blender create Mesh node COL_stone_walk.012
15:35:13 | INFO: Blender create Mesh node COL_study_approach.002
15:35:13 | INFO: Blender create Mesh node COL_study_desk_centre.002
15:35:13 | INFO: Blender create Mesh node COL_study_desk_left.002
15:35:13 | INFO: Blender create Mesh node COL_study_desk_right.002
15:35:13 | INFO: Blender create Mesh node COL_study_front_walk.002
15:35:13 | INFO: Blender create Mesh node COL_study_front_wall.002
15:35:13 | INFO: Blender create Mesh node COL_study_post.001
15:35:13 | INFO: Blender create Mesh node COL_study_post.002
15:35:13 | INFO: Blender create Mesh node COL_study_post.003
15:35:13 | INFO: Blender create Mesh node COL_study_post.008
15:35:13 | INFO: Blender create Mesh node Cube.151
15:35:13 | INFO: Blender create Mesh node Cube.152
15:35:13 | INFO: Blender create Mesh node Cube.153
15:35:13 | INFO: Blender create Mesh node Cube.154
15:35:13 | INFO: Blender create Mesh node Cube.155
15:35:13 | INFO: Blender create Mesh node Cube.156
15:35:13 | INFO: Blender create Mesh node Cube.157
15:35:13 | INFO: Blender create Mesh node Cube.158
15:35:13 | INFO: Blender create Mesh node Cube.159
15:35:13 | INFO: Blender create Mesh node Cube.160
15:35:13 | INFO: Blender create Mesh node Cube.161
15:35:13 | INFO: Blender create Mesh node Cube.162
15:35:13 | INFO: Blender create Mesh node Cube.163
15:35:13 | INFO: Blender create Mesh node Cube.164
15:35:13 | INFO: Blender create Mesh node Cube.165
15:35:13 | INFO: Blender create Mesh node Cube.166
15:35:13 | INFO: Blender create Mesh node Cube.167
15:35:13 | INFO: Blender create Mesh node Cube.168
15:35:13 | INFO: Blender create Mesh node Cube.169
15:35:13 | INFO: Blender create Mesh node Cube.170
15:35:13 | INFO: Blender create Mesh node Cube.171
15:35:13 | INFO: Blender create Mesh node Cube.172
15:35:13 | INFO: Blender create Mesh node Cube.173
15:35:13 | INFO: Blender create Mesh node Cube.174
15:35:13 | INFO: Blender create Mesh node Cube.175
15:35:13 | INFO: Blender create Mesh node Cube.176
15:35:13 | INFO: Blender create Mesh node Cube.177
15:35:13 | INFO: Blender create Mesh node Cube.178
15:35:13 | INFO: Blender create Mesh node Cube.179
15:35:13 | INFO: Blender create Mesh node Cube.180
15:35:13 | INFO: Blender create Mesh node Cube.201
15:35:13 | INFO: Blender create Mesh node Cube.202
15:35:13 | INFO: Blender create Mesh node Cube.203
15:35:13 | INFO: Blender create Mesh node Cube.181
15:35:13 | INFO: Blender create Mesh node Cube.182
15:35:13 | INFO: Blender create Mesh node Cube.183
15:35:13 | INFO: Blender create Mesh node Cube.184
15:35:13 | INFO: Blender create Mesh node Cube.185
15:35:13 | INFO: Blender create Mesh node Cube.186
15:35:13 | INFO: Blender create Mesh node Cube.187
15:35:13 | INFO: Blender create Mesh node Cube.188
15:35:13 | INFO: Blender create Mesh node Cube.189
15:35:13 | INFO: Blender create Mesh node Cube.190
15:35:13 | INFO: Blender create Mesh node Cube.191
15:35:13 | INFO: Blender create Mesh node Cube.192
15:35:13 | INFO: Blender create Mesh node COL_tubi-tang_floor.001
15:35:13 | INFO: Blender create Mesh node COL_tubi_approach.001
15:35:13 | INFO: Blender create Mesh node COL_tubi_approach.002
15:35:13 | INFO: Blender create Mesh node COL_tubi_approach.007
15:35:13 | INFO: Blender create Mesh node COL_tubi_approach.008
15:35:13 | INFO: Blender create Mesh node COL_tubi_closed_hall.002
15:35:13 | INFO: Blender create Mesh node COL_tubi_hall_post.001
15:35:13 | INFO: Blender create Mesh node COL_tubi_hall_post.002
15:35:13 | INFO: Blender create Mesh node COL_tubi_hall_post.006
15:35:13 | INFO: Blender create Mesh node COL_tubi_parapet.001
15:35:13 | INFO: Blender create Mesh node COL_tubi_parapet.002
15:35:13 | INFO: Blender create Mesh node COL_tubi_parapet.003
15:35:13 | INFO: Blender create Mesh node COL_tubi_parapet.008
15:35:13 | INFO: Blender create Mesh node COL_tubi_stair_guard.001
15:35:13 | INFO: Blender create Mesh node COL_tubi_stair_guard.004
15:35:13 | INFO: Blender create Mesh node COL_tubi_stair_ramp.002
15:35:13 | INFO: Blender create Mesh node COL_tubi_terrace.002
15:35:13 | INFO: Blender create Mesh node COL_tubi_topic_table.002
15:35:13 | INFO: Blender create Mesh node COL_tubi_view_bench_left.001
15:35:13 | INFO: Blender create Mesh node COL_tubi_view_bench_right.001
15:35:13 | INFO: Blender create Mesh node COL_water_bridge_side.001
15:35:13 | INFO: Blender create Mesh node COL_water_bridge_side.004
15:35:13 | INFO: Blender create Mesh node COL_water_bridge_deck.002
15:35:13 | INFO: Blender create Mesh node COL_xiaoxiang_bamboo_bed.004
15:35:13 | INFO: Blender create Mesh node COL_xiaoxiang_bamboo_bed.005
15:35:13 | INFO: Blender create Mesh node COL_xiaoxiang_bamboo_bed.006
15:35:13 | INFO: Blender create Mesh node COL_xiaoxiang_bamboo_bed.007
15:35:13 | INFO: Blender create Mesh node COL_xiaoxiang_closed_front.001
15:35:13 | INFO: Blender create Mesh node COL_xiaoxiang_floor.001
15:35:13 | INFO: Blender create Mesh node COL_xiaoxiang_return.002
15:35:13 | INFO: Blender create Mesh node COL_xiaoxiang_return.003
15:35:13 | INFO: Blender create Mesh node COL_xiaoxiang_threshold.001
15:35:13 | INFO: Blender create Mesh node COL_yihong_closed_front.002
15:35:13 | INFO: Blender create Mesh node COL_yihong_court_side.001
15:35:13 | INFO: Blender create Mesh node COL_yihong_court_side.004
15:35:13 | INFO: Blender create Mesh node COL_yihong_floor.002
15:35:13 | INFO: Blender create Mesh node COL_yihong_planter.001
15:35:13 | INFO: Blender create Mesh node COL_yihong_planter.004
15:35:13 | INFO: Blender create Mesh node COL_yihong_side_return.001
15:35:13 | INFO: Blender create Mesh node COL_yihong_side_return.004
15:35:13 | INFO: Blender create Mesh node COL_yihong_threshold.002
15:35:13 | INFO: Blender create Mesh node COL_ziling_landing.001
15:35:13 | INFO: Blender create Mesh node HERO_aojing-guan_title.002
15:35:13 | INFO: Blender create Mesh node HERO_daguan_title.001
15:35:13 | INFO: Blender create Mesh node HERO_daoxiang-cun_title.002
15:35:13 | INFO: Blender create Mesh node KIT_flora_plum_render.001
15:35:13 | INFO: Blender create Mesh node KIT_flora_plum_render.002
15:35:13 | INFO: Blender create Mesh node KIT_flora_bamboo_large_render.001
15:35:13 | INFO: Blender create Mesh node KIT_flora_bamboo_large_render.002
15:35:13 | INFO: Blender create Mesh node KIT_flora_bamboo_small_render.001
15:35:13 | INFO: Blender create Mesh node KIT_flora_willow_render.001
15:35:13 | INFO: Blender create Mesh node KIT_flora_willow_render.002
15:35:13 | INFO: Blender create Mesh node KIT_flora_bamboo_large_render.003
15:35:13 | INFO: Blender create Mesh node KIT_flora_bamboo_medium_render.001
15:35:13 | INFO: Blender create Mesh node KIT_flora_bamboo_small_render.002
15:35:13 | INFO: Blender create Mesh node KIT_flora_bamboo_large_render.004
15:35:13 | INFO: Blender create Mesh node KIT_flora_banana_render.001
15:35:13 | INFO: Blender create Mesh node KIT_flora_banana_render.002
15:35:13 | INFO: Blender create Mesh node KIT_flora_reed_render.001
15:35:13 | INFO: Blender create Mesh node KIT_flora_reed_render.002
15:35:13 | INFO: Blender create Mesh node KIT_flora_reed_render.003
15:35:13 | INFO: Blender create Mesh node KIT_flora_reed_render.004
15:35:13 | INFO: Blender create Mesh node KIT_flora_reed_render.005
15:35:13 | INFO: Blender create Mesh node KIT_flora_reed_render.006
15:35:13 | INFO: Blender create Mesh node KIT_flora_reed_render.007
15:35:13 | INFO: Blender create Mesh node KIT_flora_reed_render.008
15:35:13 | INFO: Blender create Mesh node KIT_flora_reed_render.009
15:35:13 | INFO: Blender create Mesh node KIT_flora_reed_render.010
15:35:13 | INFO: Blender create Mesh node HERO_gate_inscription.001
15:35:13 | INFO: Blender create Mesh node HERO_gate_water_drips.001
15:35:13 | INFO: Blender create Mesh node HERO_hengwu-yuan_title.002
15:35:13 | INFO: Blender create Mesh node HERO_longcui-an_title.002
15:35:13 | INFO: Blender create Mesh node HERO_qinfang-ting_title.002
15:35:13 | INFO: Blender create Mesh node HERO_qinfang_bridge.001
15:35:13 | INFO: Blender create Mesh node HERO_study_scroll_bamboo.002
15:35:13 | INFO: Blender create Mesh node HERO_study_scroll_plum.002
15:35:13 | INFO: Blender create Mesh node HERO_study_title.002
15:35:13 | INFO: Blender create Mesh node HERO_table_hexagram.001
15:35:13 | INFO: Blender create Mesh node line_piece.005
15:35:13 | INFO: Blender create Mesh node line_piece.002
15:35:13 | INFO: Blender create Mesh node line_piece.011
15:35:13 | INFO: Blender create Mesh node line_piece.008
15:35:13 | INFO: Blender create Mesh node line_piece.017
15:35:13 | INFO: Blender create Mesh node line_piece.014
15:35:13 | INFO: Blender create Mesh node line_piece.019
15:35:13 | INFO: Blender create Mesh node line_piece.018
15:35:13 | INFO: Blender create Mesh node line_piece.021
15:35:13 | INFO: Blender create Mesh node line_piece.020
15:35:13 | INFO: Blender create Mesh node line_piece.023
15:35:13 | INFO: Blender create Mesh node line_piece.022
15:35:13 | INFO: Blender create Mesh node HERO_table_pedestal.001
15:35:13 | INFO: Blender create Mesh node HERO_tubi_title.002
15:35:13 | INFO: Blender create Mesh node HERO_xiaoxiang-guan_title.002
15:35:13 | INFO: Blender create Mesh node HERO_yihong-yuan_title.002
15:35:13 | INFO: Blender create Mesh node AOJING_pond.002
15:35:13 | INFO: Blender create Mesh node AOJING_backstage.002
15:35:13 | INFO: Blender create Mesh node AOJING_amber_window.002
15:35:13 | INFO: Blender create Mesh node AOJING_window_lattice.001
15:35:13 | INFO: Blender create Mesh node AOJING_dry_ledge.002
15:35:13 | INFO: Blender create Mesh node AOJING_roof.002
15:35:13 | INFO: Blender create Mesh node AOJING_closed_front.002
15:35:13 | INFO: Blender create Mesh node DAGUAN_backstage.001
15:35:13 | INFO: Blender create Mesh node DAGUAN_door_stud.180
15:35:13 | INFO: Blender create Mesh node DAGUAN_amber_transom.002
15:35:13 | INFO: Blender create Mesh node DAGUAN_closed_door.010
15:35:13 | INFO: Blender create Mesh node DAGUAN_recessed_panel.020
15:35:13 | INFO: Blender create Mesh node DAGUAN_column.006
15:35:13 | INFO: Blender create Mesh node DAGUAN_platform.001
15:35:13 | INFO: Blender create Mesh node DAGUAN_lower_roof.001
15:35:13 | INFO: Blender create Mesh node DAGUAN_front.001
15:35:13 | INFO: Blender create Mesh node DAOXIANG_backstage.001
15:35:13 | INFO: Blender create Mesh node DAOXIANG_door_latch.001
15:35:13 | INFO: Blender create Mesh node DAOXIANG_warm_sliver.001
15:35:13 | INFO: Blender create Mesh node DAOXIANG_closed_door.001
15:35:13 | INFO: Blender create Mesh node DAOXIANG_paddy_painting.001
15:35:13 | INFO: Blender create Mesh node DAOXIANG_court.001
15:35:13 | INFO: Blender create Mesh node DAOXIANG_thatch_mass.001
15:35:13 | INFO: Blender create Mesh node DAOXIANG_front.001
15:35:13 | INFO: Blender create Mesh node SITE_hengwu-yuan_backstage.001
15:35:13 | INFO: Blender create Mesh node KIT_pavilion_finial.011
15:35:13 | INFO: Blender create Mesh node KIT_wall_amber_window.006
15:35:13 | INFO: Blender create Mesh node HENGWU_herb_leaf.001
15:35:13 | INFO: Blender create Mesh node KIT_wall_lattice_vertical.105
15:35:13 | INFO: Blender create Mesh node SITE_hengwu-yuan_platform.001
15:35:13 | INFO: Blender create Mesh node KIT_props_lantern_hanging_render.015
15:35:13 | INFO: Blender create Mesh node KIT_pavilion_roof.011
15:35:13 | INFO: Blender create Mesh node KIT_wall_bay.001
15:35:13 | INFO: Blender create Mesh node SITE_hengwu-yuan_front.001
15:35:13 | INFO: Blender create Mesh node LONGCUI_backstage.001
15:35:13 | INFO: Blender create Mesh node LONGCUI_gate_pull.002
15:35:13 | INFO: Blender create Mesh node LONGCUI_closed_gate.002
15:35:13 | INFO: Blender create Mesh node LONGCUI_paving.001
15:35:13 | INFO: Blender create Mesh node KIT_props_lantern_hanging_render.016
15:35:13 | INFO: Blender create Mesh node LONGCUI_wall_cap.001
15:35:13 | INFO: Blender create Mesh node LONGCUI_closed_front.001
15:35:13 | INFO: Blender create Mesh node KIT_props_tea_cup.006
15:35:14 | INFO: Blender create Mesh node KIT_water_lotus_leaf.007
15:35:14 | INFO: Blender create Mesh node SITE_ouxiang_deck.001
15:35:14 | INFO: Blender create Mesh node KIT_pavilion_water_pier.004
15:35:14 | INFO: Blender create Mesh node KIT_props_lantern_hanging_render.013
15:35:14 | INFO: Blender create Mesh node KIT_pavilion_water_hipped_roof.001
15:35:14 | INFO: Blender create Mesh node KIT_water_lotus.021
15:35:14 | INFO: Blender create Mesh node KIT_corridor_rail.008
15:35:14 | INFO: Blender create Mesh node KIT_pavilion_roof_shell.001
15:35:14 | INFO: Blender create Mesh node KIT_pavilion_plinth.001
15:35:14 | INFO: Blender create Mesh node KIT_props_lantern_hanging_render.001
15:35:14 | INFO: Blender create Mesh node KIT_water_stream.001
15:35:14 | INFO: Blender create Mesh node SITE_qiushuang-zhai_backstage.001
15:35:14 | INFO: Blender create Mesh node KIT_pavilion_finial.005
15:35:14 | INFO: Blender create Mesh node KIT_wall_lattice_vertical.042
15:35:14 | INFO: Blender create Mesh node SITE_qiushuang-zhai_platform.001
15:35:14 | INFO: Blender create Mesh node KIT_props_lantern_hanging_render.010
15:35:14 | INFO: Blender create Mesh node KIT_pavilion_roof.005
15:35:14 | INFO: Blender create Mesh node KIT_tech_terminal_desk_render.007
15:35:14 | INFO: Blender create Mesh node SITE_qiushuang-zhai_front.001
15:35:14 | INFO: Blender create Mesh node GATE_banana_pseudostem.001
15:35:14 | INFO: Blender create Mesh node GATE_banana_soil.001
15:35:14 | INFO: Blender create Mesh node KIT_rockery_passage.001
15:35:14 | INFO: Blender create Mesh node GATE_paving.002
15:35:14 | INFO: Blender create Mesh node KIT_props_lantern_hanging_render.008
15:35:14 | INFO: Blender create Mesh node KIT_stage_fog_plane_render.017
15:35:14 | INFO: Blender create Mesh node KIT_stage_floor.001
15:35:14 | INFO: Blender create Mesh node AOJING_approach_guard.001
15:35:14 | INFO: Blender create Mesh node KIT_stage_painted_moon.001
15:35:14 | INFO: Blender create Mesh node KIT_stage_painted_mountain_layer.003
15:35:14 | INFO: Blender create Mesh node KIT_stage_painted_mountain_layer.004
15:35:14 | INFO: Blender create Mesh node KIT_stage_painted_mountain_layer.005
15:35:14 | INFO: Blender create Mesh node KIT_water_stone_walk.005
15:35:14 | INFO: Blender create Mesh node Painted coved ceiling candidate.001
15:35:14 | INFO: Blender create Mesh node KIT_stage_painted_canvas.002
15:35:14 | INFO: Blender create Mesh node Eight painted cyclorama arcs.001
15:35:14 | INFO: Blender create Mesh node KIT_stage_fog_plane_render.002
15:35:14 | INFO: Blender create Mesh node KIT_tech_cell_side.012
15:35:14 | INFO: Blender create Mesh node KIT_wall_window_bar.030
15:35:14 | INFO: Blender create Mesh node KIT_stage_entry_walk.002
15:35:14 | INFO: Blender create Mesh node KIT_props_folding_chair_render.001
15:35:14 | INFO: Blender create Mesh node KIT_stage_floor_boards_render.002
15:35:14 | INFO: Blender create Mesh node KIT_stage_gel_frame_render.002
15:35:14 | INFO: Blender create Mesh node KIT_stage_studio_wall_render.002
15:35:14 | INFO: Blender create Mesh node KIT_stage_fog_plane_render.020
15:35:14 | INFO: Blender create Mesh node KIT_tech_terminal_desk_render.001
15:35:14 | INFO: Blender create Mesh node KIT_props_scroll_render.001
15:35:14 | INFO: Blender create Mesh node SITE_tubi-tang_backstage.001
15:35:14 | INFO: Blender create Mesh node KIT_pavilion_finial.007
15:35:14 | INFO: Blender create Mesh node KIT_wall_amber_window.003
15:35:14 | INFO: Blender create Mesh node TUBI_topic_line.001
15:35:14 | INFO: Blender create Mesh node KIT_wall_lattice_vertical.063
15:35:14 | INFO: Blender create Mesh node SITE_tubi-tang_platform.001
15:35:14 | INFO: Blender create Mesh node KIT_props_lantern_hanging_render.012
15:35:14 | INFO: Blender create Mesh node KIT_pavilion_roof.007
15:35:14 | INFO: Blender create Mesh node TUBI_terrace.002
15:35:14 | INFO: Blender create Mesh node SITE_tubi-tang_front.001
15:35:14 | INFO: Blender create Mesh node XIAOXIANG_black_back.001
15:35:14 | INFO: Blender create Mesh node XIAOXIANG_gate_pull.002
15:35:14 | INFO: Blender create Mesh node XIAOXIANG_amber_window.001
15:35:14 | INFO: Blender create Mesh node XIAOXIANG_gate_leaf.002
15:35:14 | INFO: Blender create Mesh node XIAOXIANG_paving.001
15:35:14 | INFO: Blender create Mesh node XIAOXIANG_wall_cap.001
15:35:14 | INFO: Blender create Mesh node XIAOXIANG_closed_front.001
15:35:14 | INFO: Blender create Mesh node YIHONG_backstage.002
15:35:14 | INFO: Blender create Mesh node YIHONG_door_rail.001
15:35:14 | INFO: Blender create Mesh node YIHONG_amber_window.002
15:35:14 | INFO: Blender create Mesh node YIHONG_door_panel.001
15:35:14 | INFO: Blender create Mesh node YIHONG_paving.002
15:35:14 | INFO: Blender create Mesh node YIHONG_court_cap.001
15:35:14 | INFO: Blender create Mesh node YIHONG_closed_front.002
15:35:14 | INFO: Blender create Mesh node KIT_water_lotus_leaf.011
15:35:14 | INFO: Blender create Mesh node KIT_water_plank.002
15:35:14 | INFO: Blender create Mesh node SITE_ziling_island.001
15:35:14 | INFO: glTF import finished in 0.91s
BAKE_SHADOW_INTENT {"source_glb_sha256": "e552ecf9b8600e8407404787eebf42b2455db27f25e241b033a5048b77cdb7e3", "explicit_meshes": {"SITE_stage_MAT_stage_canopy_paint": false}, "unchanged_unflagged_meshes": 566}
/var/folders/gf/s_g2zvzj3jxbylz3ylbc7k4c0000gn/T/garden-shallow-tile-candidate-5e8q02ct/scripts/bake_lightmaps.py:25: DeprecationWarning: 'World.use_nodes' is expected to be removed in Blender 6.0
  world=bpy.data.worlds.new('Bake stage ambient');world.use_nodes=True
BAKE_TARGET SITE_qinfang-ting_MAT_pavilion_atlas
/var/folders/gf/s_g2zvzj3jxbylz3ylbc7k4c0000gn/T/garden-shallow-tile-candidate-5e8q02ct/scripts/bake_lightmaps.py:75: DeprecationWarning: 'Material.use_nodes' is expected to be removed in Blender 6.0
  material.use_nodes=True
Info: Baking map saved to internal image, save it externally or pack it
LIGHTMAP_BAKED {"mesh": "SITE_qinfang-ting_MAT_pavilion_atlas", "site": null, "texture": "SITE_qinfang-ting_MAT_pavilion_atlas.png", "scale": 1.0, "size": 1024, "samples": 128, "uv_channel": 1, "uv_sha256": "f4021dc18de0e0b8a31de7aac3159f06dd352ec84392fb72409e9b7ddababc8d", "source_glb_sha256": "e552ecf9b8600e8407404787eebf42b2455db27f25e241b033a5048b77cdb7e3", "shadow_intent": {"SITE_stage_MAT_stage_canopy_paint": false}, "nonzero_fraction": 0.05338478088378906, "point_lights_baked": false, "status": "Cycles bake produced; engine look verification pending"}
Blender 5.2.2 LTS (hash d13f752e3b9c built 2026-09-15 01:49:19)

Blender quit
