BlenderMCP addon registered
BlenderMCP addon unregistered
18:31:58 | INFO: Data are loaded, start creating Blender stuff
18:31:58 | INFO: Blender create Mesh node COL_aojing_approach.001
18:31:58 | INFO: Blender create Mesh node COL_aojing_approach.004
18:31:58 | INFO: Blender create Mesh node COL_aojing_approach_guard.001
18:31:58 | INFO: Blender create Mesh node COL_aojing_approach_guard.004
18:31:58 | INFO: Blender create Mesh node COL_aojing_approach_ramp.002
18:31:58 | INFO: Blender create Mesh node COL_aojing_closed_front.002
18:31:58 | INFO: Blender create Mesh node COL_aojing_dry_ledge.002
18:31:58 | INFO: Blender create Mesh node COL_aojing_hall_floor.002
18:31:58 | INFO: Blender create Mesh node COL_aojing_ledge_end.002
18:31:58 | INFO: Blender create Mesh node COL_aojing_ledge_parapet.002
18:31:58 | INFO: Blender create Mesh node COL_aojing_return.001
18:31:58 | INFO: Blender create Mesh node COL_aojing_return.004
18:31:58 | INFO: Blender create Mesh node Cube.147
18:31:58 | INFO: Blender create Mesh node Cube.148
18:31:58 | INFO: Blender create Mesh node Cube.149
18:31:58 | INFO: Blender create Mesh node Cube.150
18:31:58 | INFO: Blender create Mesh node COL_bridge_crosswalk.002
18:31:58 | INFO: Blender create Mesh node COL_bridge_crosswalk.003
18:31:58 | INFO: Blender create Mesh node COL_cell_floor.006
18:31:58 | INFO: Blender create Mesh node COL_cell_floor.007
18:31:58 | INFO: Blender create Mesh node COL_cell_floor.008
18:31:58 | INFO: Blender create Mesh node COL_cell_floor.009
18:31:58 | INFO: Blender create Mesh node COL_cell_floor.010
18:31:58 | INFO: Blender create Mesh node COL_cell_floor.011
18:31:58 | INFO: Blender create Mesh node COL_cell_wall.012
18:31:58 | INFO: Blender create Mesh node COL_cell_wall.013
18:31:58 | INFO: Blender create Mesh node COL_cell_wall.014
18:31:58 | INFO: Blender create Mesh node COL_cell_wall.015
18:31:58 | INFO: Blender create Mesh node COL_cell_wall.016
18:31:58 | INFO: Blender create Mesh node COL_cell_wall.017
18:31:58 | INFO: Blender create Mesh node COL_cell_wall.018
18:31:58 | INFO: Blender create Mesh node COL_cell_wall.019
18:31:58 | INFO: Blender create Mesh node COL_cell_wall.020
18:31:58 | INFO: Blender create Mesh node COL_cell_wall.021
18:31:58 | INFO: Blender create Mesh node COL_cell_wall.022
18:31:58 | INFO: Blender create Mesh node COL_cell_wall.023
18:31:58 | INFO: Blender create Mesh node COL_daguan_central_step.003
18:31:58 | INFO: Blender create Mesh node COL_daguan_central_step.004
18:31:58 | INFO: Blender create Mesh node COL_daguan_central_step.005
18:31:58 | INFO: Blender create Mesh node COL_daguan_closed_front.001
18:31:58 | INFO: Blender create Mesh node COL_daguan_column.006
18:31:58 | INFO: Blender create Mesh node COL_daguan_column.007
18:31:58 | INFO: Blender create Mesh node COL_daguan_column.008
18:31:58 | INFO: Blender create Mesh node COL_daguan_column.009
18:31:58 | INFO: Blender create Mesh node COL_daguan_column.010
18:31:58 | INFO: Blender create Mesh node COL_daguan_column.011
18:31:58 | INFO: Blender create Mesh node COL_daguan_floor.001
18:31:58 | INFO: Blender create Mesh node COL_daguan_return_wall.002
18:31:58 | INFO: Blender create Mesh node COL_daguan_return_wall.003
18:31:58 | INFO: Blender create Mesh node COL_daoxiang_approach.002
18:31:58 | INFO: Blender create Mesh node COL_daoxiang_approach.003
18:31:58 | INFO: Blender create Mesh node COL_daoxiang_closed_front.001
18:31:58 | INFO: Blender create Mesh node COL_daoxiang_court.001
18:31:58 | INFO: Blender create Mesh node COL_daoxiang_fence.004
18:31:58 | INFO: Blender create Mesh node COL_daoxiang_fence.005
18:31:58 | INFO: Blender create Mesh node COL_daoxiang_fence.006
18:31:58 | INFO: Blender create Mesh node COL_daoxiang_fence.007
18:31:58 | INFO: Blender create Mesh node COL_daoxiang_side.002
18:31:58 | INFO: Blender create Mesh node COL_daoxiang_side.003
18:31:58 | INFO: Blender create Mesh node COL_entry_corridor.001
18:31:58 | INFO: Blender create Mesh node COL_entry_walk.002
18:31:58 | INFO: Blender create Mesh node COL_entry_walk.003
18:31:58 | INFO: Blender create Mesh node COL_floor_joint_cell_threshold_0.001
18:31:58 | INFO: Blender create Mesh node COL_floor_joint_cell_threshold_1.001
18:31:58 | INFO: Blender create Mesh node COL_floor_joint_cell_threshold_2.001
18:31:58 | INFO: Blender create Mesh node COL_floor_joint_cell_threshold_3.001
18:31:58 | INFO: Blender create Mesh node COL_floor_joint_cell_threshold_4.001
18:31:58 | INFO: Blender create Mesh node COL_floor_joint_cell_threshold_5.001
18:31:58 | INFO: Blender create Mesh node COL_floor_joint_pavilion_east_joint.001
18:31:58 | INFO: Blender create Mesh node COL_floor_joint_pavilion_west_joint.001
18:31:58 | INFO: Blender create Mesh node Cube.146
18:31:58 | INFO: Blender create Mesh node Cube.145
18:31:58 | INFO: Blender create Mesh node COL_GATE_banana_planter.001
18:31:58 | INFO: Blender create Mesh node KIT_rockery_passage.022
18:31:58 | INFO: Blender create Mesh node KIT_rockery_passage.024
18:31:58 | INFO: Blender create Mesh node KIT_rockery_cliff.006
18:31:58 | INFO: Blender create Mesh node KIT_rockery_cliff.008
18:31:58 | INFO: Blender create Mesh node KIT_rockery_passage.004
18:31:58 | INFO: Blender create Mesh node KIT_rockery_passage.016
18:31:58 | INFO: Blender create Mesh node KIT_rockery_passage.018
18:31:58 | INFO: Blender create Mesh node KIT_rockery_passage.020
18:31:58 | INFO: Blender create Mesh node GATE_paving.003
18:31:58 | INFO: Blender create Mesh node COL_hengwu-yuan_floor.001
18:31:58 | INFO: Blender create Mesh node COL_hengwu_approach.002
18:31:58 | INFO: Blender create Mesh node COL_hengwu_approach.003
18:31:58 | INFO: Blender create Mesh node COL_hengwu_closed_hall.002
18:31:58 | INFO: Blender create Mesh node COL_hengwu_court.002
18:31:58 | INFO: Blender create Mesh node COL_hengwu_hall_post.001
18:31:58 | INFO: Blender create Mesh node COL_hengwu_hall_post.002
18:31:58 | INFO: Blender create Mesh node COL_hengwu_hall_post.006
18:31:58 | INFO: Blender create Mesh node COL_wall_bay.001
18:31:58 | INFO: Blender create Mesh node COL_wall_bay.002
18:31:58 | INFO: Blender create Mesh node COL_wall_bay.003
18:31:58 | INFO: Blender create Mesh node COL_wall_bay.004
18:31:58 | INFO: Blender create Mesh node COL_wall_bay.005
18:31:58 | INFO: Blender create Mesh node COL_wall_bay.006
18:31:58 | INFO: Blender create Mesh node KIT_wall_plaster.002
18:31:58 | INFO: Blender create Mesh node COL_wall_window.001
18:31:58 | INFO: Blender create Mesh node COL_wall_window.002
18:31:58 | INFO: Blender create Mesh node COL_hengwu_rock.001
18:31:58 | INFO: Blender create Mesh node COL_hengwu_rock.002
18:31:58 | INFO: Blender create Mesh node COL_hengwu_rock.006
18:31:58 | INFO: Blender create Mesh node COL_hengwu_stool.001
18:31:58 | INFO: Blender create Mesh node COL_hengwu_stool.002
18:31:58 | INFO: Blender create Mesh node COL_hengwu_stool.003
18:31:58 | INFO: Blender create Mesh node COL_hengwu_stool.008
18:31:58 | INFO: Blender create Mesh node COL_hengwu_table.002
18:31:58 | INFO: Blender create Mesh node COL_longcui_approach.003
18:31:58 | INFO: Blender create Mesh node COL_longcui_approach.004
18:31:58 | INFO: Blender create Mesh node COL_longcui_approach.005
18:31:58 | INFO: Blender create Mesh node COL_longcui_burner.001
18:31:58 | INFO: Blender create Mesh node COL_longcui_closed_front.001
18:31:58 | INFO: Blender create Mesh node COL_longcui_floor.001
18:31:58 | INFO: Blender create Mesh node COL_longcui_plum_trunk.002
18:31:58 | INFO: Blender create Mesh node COL_longcui_plum_trunk.003
18:31:58 | INFO: Blender create Mesh node COL_longcui_return.002
18:31:58 | INFO: Blender create Mesh node COL_longcui_return.003
18:31:58 | INFO: Blender create Mesh node COL_longcui_threshold.001
18:31:58 | INFO: Blender create Mesh node COL_ouxiang_approach.001
18:31:58 | INFO: Blender create Mesh node COL_ouxiang_deck.001
18:31:58 | INFO: Blender create Mesh node COL_ouxiang_post.004
18:31:58 | INFO: Blender create Mesh node COL_ouxiang_post.005
18:31:58 | INFO: Blender create Mesh node COL_ouxiang_post.006
18:31:58 | INFO: Blender create Mesh node COL_ouxiang_post.007
18:31:58 | INFO: Blender create Mesh node COL_ouxiang_rail.002
18:31:58 | INFO: Blender create Mesh node COL_ouxiang_rail.003
18:31:58 | INFO: Blender create Mesh node COL_ouxiang_side_rail.004
18:31:58 | INFO: Blender create Mesh node COL_ouxiang_side_rail.005
18:31:58 | INFO: Blender create Mesh node COL_ouxiang_side_rail.006
18:31:58 | INFO: Blender create Mesh node COL_ouxiang_side_rail.007
18:31:58 | INFO: Blender create Mesh node COL_ouxiang_table.001
18:31:58 | INFO: Blender create Mesh node COL_corridor_floor.009
18:31:58 | INFO: Blender create Mesh node COL_corridor_side.015
18:31:58 | INFO: Blender create Mesh node COL_corridor_side.016
18:31:58 | INFO: Blender create Mesh node COL_corridor_post.016
18:31:58 | INFO: Blender create Mesh node COL_corridor_post.017
18:31:58 | INFO: Blender create Mesh node COL_corridor_floor.010
18:31:58 | INFO: Blender create Mesh node COL_corridor_side.017
18:31:58 | INFO: Blender create Mesh node COL_corridor_side.018
18:31:58 | INFO: Blender create Mesh node COL_corridor_post.018
18:31:58 | INFO: Blender create Mesh node COL_corridor_post.019
18:31:58 | INFO: Blender create Mesh node COL_corridor_floor.011
18:31:58 | INFO: Blender create Mesh node COL_corridor_side.019
18:31:58 | INFO: Blender create Mesh node COL_corridor_side.020
18:31:58 | INFO: Blender create Mesh node COL_corridor_post.020
18:31:58 | INFO: Blender create Mesh node COL_corridor_post.021
18:31:58 | INFO: Blender create Mesh node COL_corridor_floor.012
18:31:58 | INFO: Blender create Mesh node COL_corridor_side.021
18:31:58 | INFO: Blender create Mesh node COL_corridor_side.022
18:31:58 | INFO: Blender create Mesh node COL_corridor_post.022
18:31:58 | INFO: Blender create Mesh node COL_corridor_post.023
18:31:58 | INFO: Blender create Mesh node COL_corridor_floor.001
18:31:58 | INFO: Blender create Mesh node COL_corridor_side.001
18:31:58 | INFO: Blender create Mesh node COL_corridor_side.002
18:31:58 | INFO: Blender create Mesh node COL_corridor_post.001
18:31:58 | INFO: Blender create Mesh node COL_corridor_post.002
18:31:58 | INFO: Blender create Mesh node COL_corridor_floor.002
18:31:58 | INFO: Blender create Mesh node COL_corridor_side.003
18:31:58 | INFO: Blender create Mesh node COL_corridor_side.004
18:31:58 | INFO: Blender create Mesh node COL_corridor_post.003
18:31:58 | INFO: Blender create Mesh node COL_corridor_post.004
18:31:58 | INFO: Blender create Mesh node COL_corridor_floor.003
18:31:58 | INFO: Blender create Mesh node COL_corridor_side.005
18:31:58 | INFO: Blender create Mesh node COL_corridor_side.006
18:31:58 | INFO: Blender create Mesh node COL_corridor_post.005
18:31:58 | INFO: Blender create Mesh node COL_corridor_post.006
18:31:58 | INFO: Blender create Mesh node COL_corridor_floor.004
18:31:58 | INFO: Blender create Mesh node COL_corridor_side.007
18:31:58 | INFO: Blender create Mesh node COL_corridor_side.008
18:31:58 | INFO: Blender create Mesh node COL_corridor_post.007
18:31:58 | INFO: Blender create Mesh node COL_corridor_post.008
18:31:58 | INFO: Blender create Mesh node COL_corridor_floor.005
18:31:58 | INFO: Blender create Mesh node COL_corridor_side.009
18:31:58 | INFO: Blender create Mesh node COL_corridor_side.010
18:31:58 | INFO: Blender create Mesh node COL_corridor_post.009
18:31:58 | INFO: Blender create Mesh node COL_corridor_post.010
18:31:58 | INFO: Blender create Mesh node COL_corridor_floor.006
18:31:58 | INFO: Blender create Mesh node COL_corridor_side.011
18:31:58 | INFO: Blender create Mesh node COL_corridor_post.011
18:31:58 | INFO: Blender create Mesh node COL_corridor_post.012
18:31:58 | INFO: Blender create Mesh node COL_corridor_floor.007
18:31:58 | INFO: Blender create Mesh node COL_corridor_side.012
18:31:58 | INFO: Blender create Mesh node COL_corridor_post.013
18:31:58 | INFO: Blender create Mesh node COL_corridor_floor.008
18:31:58 | INFO: Blender create Mesh node COL_corridor_side.013
18:31:58 | INFO: Blender create Mesh node COL_corridor_side.014
18:31:58 | INFO: Blender create Mesh node COL_corridor_post.014
18:31:58 | INFO: Blender create Mesh node COL_corridor_post.015
18:31:58 | INFO: Blender create Mesh node COL_corridor_floor.013
18:31:58 | INFO: Blender create Mesh node COL_corridor_side.023
18:31:58 | INFO: Blender create Mesh node COL_corridor_side.024
18:31:58 | INFO: Blender create Mesh node COL_corridor_post.024
18:31:58 | INFO: Blender create Mesh node COL_corridor_post.025
18:31:58 | INFO: Blender create Mesh node COL_corridor_floor.014
18:31:58 | INFO: Blender create Mesh node COL_corridor_side.025
18:31:58 | INFO: Blender create Mesh node COL_corridor_side.026
18:31:58 | INFO: Blender create Mesh node COL_corridor_post.026
18:31:58 | INFO: Blender create Mesh node COL_corridor_post.027
18:31:58 | INFO: Blender create Mesh node COL_corridor_floor.015
18:31:58 | INFO: Blender create Mesh node COL_corridor_side.027
18:31:58 | INFO: Blender create Mesh node COL_corridor_side.028
18:31:58 | INFO: Blender create Mesh node COL_corridor_post.028
18:31:58 | INFO: Blender create Mesh node COL_corridor_post.029
18:31:58 | INFO: Blender create Mesh node COL_corridor_floor.016
18:31:58 | INFO: Blender create Mesh node COL_corridor_side.029
18:31:58 | INFO: Blender create Mesh node COL_corridor_side.030
18:31:58 | INFO: Blender create Mesh node COL_corridor_post.030
18:31:58 | INFO: Blender create Mesh node COL_corridor_post.031
18:31:58 | INFO: Blender create Mesh node COL_qinfang_deck.001
18:31:58 | INFO: Blender create Mesh node COL_pavilion_bench.001
18:31:58 | INFO: Blender create Mesh node COL_pavilion_bench.002
18:31:58 | INFO: Blender create Mesh node COL_pavilion_bracket.001
18:31:58 | INFO: Blender create Mesh node COL_pavilion_bracket.002
18:31:58 | INFO: Blender create Mesh node COL_pavilion_bracket.003
18:31:58 | INFO: Blender create Mesh node COL_pavilion_bracket.004
18:31:58 | INFO: Blender create Mesh node COL_pavilion_bracket.005
18:31:58 | INFO: Blender create Mesh node COL_pavilion_bracket.006
18:31:58 | INFO: Blender create Mesh node COL_pavilion_post.001
18:31:58 | INFO: Blender create Mesh node COL_pavilion_post.002
18:31:58 | INFO: Blender create Mesh node COL_pavilion_post.003
18:31:58 | INFO: Blender create Mesh node COL_pavilion_post.004
18:31:58 | INFO: Blender create Mesh node COL_pavilion_post.005
18:31:58 | INFO: Blender create Mesh node COL_pavilion_post.006
18:31:58 | INFO: Blender create Mesh node COL_pavilion_roof.001
18:31:58 | INFO: Blender create Mesh node COL_qiushuang-zhai_floor.001
18:31:58 | INFO: Blender create Mesh node Cube.009
18:31:58 | INFO: Blender create Mesh node Cube.011
18:31:58 | INFO: Blender create Mesh node Cube.012
18:31:58 | INFO: Blender create Mesh node Cube.013
18:31:58 | INFO: Blender create Mesh node Cube.019
18:31:58 | INFO: Blender create Mesh node Cube.020
18:31:58 | INFO: Blender create Mesh node Cube.023
18:31:58 | INFO: Blender create Mesh node Cube.024
18:31:58 | INFO: Blender create Mesh node Cube.048
18:31:58 | INFO: Blender create Mesh node Cube.050
18:31:58 | INFO: Blender create Mesh node Cube.052
18:31:58 | INFO: Blender create Mesh node Cube.092
18:31:58 | INFO: Blender create Mesh node Cube.093
18:31:58 | INFO: Blender create Mesh node Cube.094
18:31:58 | INFO: Blender create Mesh node Cube.095
18:31:58 | INFO: Blender create Mesh node Cube.096
18:31:58 | INFO: Blender create Mesh node Cube.097
18:31:58 | INFO: Blender create Mesh node Cube.098
18:31:58 | INFO: Blender create Mesh node Cube.099
18:31:58 | INFO: Blender create Mesh node Cube.100
18:31:58 | INFO: Blender create Mesh node Cube.101
18:31:58 | INFO: Blender create Mesh node Cube.102
18:31:58 | INFO: Blender create Mesh node Cube.103
18:31:58 | INFO: Blender create Mesh node Cube.104
18:31:58 | INFO: Blender create Mesh node Cube.105
18:31:58 | INFO: Blender create Mesh node Cube.106
18:31:58 | INFO: Blender create Mesh node Cube.107
18:31:58 | INFO: Blender create Mesh node Cube.108
18:31:58 | INFO: Blender create Mesh node Cube.109
18:31:58 | INFO: Blender create Mesh node Cube.110
18:31:58 | INFO: Blender create Mesh node Cube.111
18:31:58 | INFO: Blender create Mesh node Cube.112
18:31:58 | INFO: Blender create Mesh node Cube.113
18:31:58 | INFO: Blender create Mesh node Cube.114
18:31:58 | INFO: Blender create Mesh node Cube.115
18:31:58 | INFO: Blender create Mesh node Cube.116
18:31:58 | INFO: Blender create Mesh node Cube.117
18:31:58 | INFO: Blender create Mesh node Cube.118
18:31:58 | INFO: Blender create Mesh node Cube.119
18:31:58 | INFO: Blender create Mesh node Cube.120
18:31:58 | INFO: Blender create Mesh node Cube.121
18:31:58 | INFO: Blender create Mesh node Cube.122
18:31:58 | INFO: Blender create Mesh node Cube.123
18:31:58 | INFO: Blender create Mesh node Cube.124
18:31:58 | INFO: Blender create Mesh node Cube.125
18:31:58 | INFO: Blender create Mesh node Cube.126
18:31:58 | INFO: Blender create Mesh node Cube.127
18:31:58 | INFO: Blender create Mesh node Cube.128
18:31:58 | INFO: Blender create Mesh node Cube.129
18:31:58 | INFO: Blender create Mesh node Cube.130
18:31:58 | INFO: Blender create Mesh node Cube.131
18:31:58 | INFO: Blender create Mesh node Cube.132
18:31:58 | INFO: Blender create Mesh node Cube.133
18:31:58 | INFO: Blender create Mesh node Cube.134
18:31:58 | INFO: Blender create Mesh node Cube.135
18:31:58 | INFO: Blender create Mesh node Cube.136
18:31:58 | INFO: Blender create Mesh node Cube.137
18:31:58 | INFO: Blender create Mesh node Cube.138
18:31:58 | INFO: Blender create Mesh node Cube.139
18:31:58 | INFO: Blender create Mesh node Cube.140
18:31:58 | INFO: Blender create Mesh node Cube.141
18:31:58 | INFO: Blender create Mesh node Cube.142
18:31:58 | INFO: Blender create Mesh node Cube.143
18:31:58 | INFO: Blender create Mesh node Cube.144
18:31:58 | INFO: Blender create Mesh node Cube.193
18:31:58 | INFO: Blender create Mesh node Cube.194
18:31:58 | INFO: Blender create Mesh node Cube.195
18:31:58 | INFO: Blender create Mesh node Cube.196
18:31:58 | INFO: Blender create Mesh node Cube.197
18:31:58 | INFO: Blender create Mesh node Cube.198
18:31:58 | INFO: Blender create Mesh node Cube.199
18:31:58 | INFO: Blender create Mesh node Cube.200
18:31:58 | INFO: Blender create Mesh node COL_stone_walk.005
18:31:58 | INFO: Blender create Mesh node COL_stone_walk.008
18:31:58 | INFO: Blender create Mesh node COL_stone_walk.009
18:31:58 | INFO: Blender create Mesh node COL_stone_walk.010
18:31:58 | INFO: Blender create Mesh node COL_stone_walk.011
18:31:58 | INFO: Blender create Mesh node COL_stone_walk.012
18:31:58 | INFO: Blender create Mesh node COL_study_approach.002
18:31:58 | INFO: Blender create Mesh node COL_study_desk_centre.002
18:31:58 | INFO: Blender create Mesh node COL_study_desk_left.002
18:31:58 | INFO: Blender create Mesh node COL_study_desk_right.002
18:31:58 | INFO: Blender create Mesh node COL_study_front_walk.002
18:31:58 | INFO: Blender create Mesh node COL_study_front_wall.002
18:31:58 | INFO: Blender create Mesh node COL_study_post.001
18:31:58 | INFO: Blender create Mesh node COL_study_post.002
18:31:58 | INFO: Blender create Mesh node COL_study_post.003
18:31:58 | INFO: Blender create Mesh node COL_study_post.008
18:31:58 | INFO: Blender create Mesh node Cube.151
18:31:58 | INFO: Blender create Mesh node Cube.152
18:31:58 | INFO: Blender create Mesh node Cube.153
18:31:58 | INFO: Blender create Mesh node Cube.154
18:31:58 | INFO: Blender create Mesh node Cube.155
18:31:58 | INFO: Blender create Mesh node Cube.156
18:31:58 | INFO: Blender create Mesh node Cube.157
18:31:58 | INFO: Blender create Mesh node Cube.158
18:31:58 | INFO: Blender create Mesh node Cube.159
18:31:58 | INFO: Blender create Mesh node Cube.160
18:31:58 | INFO: Blender create Mesh node Cube.161
18:31:58 | INFO: Blender create Mesh node Cube.162
18:31:58 | INFO: Blender create Mesh node Cube.163
18:31:58 | INFO: Blender create Mesh node Cube.164
18:31:58 | INFO: Blender create Mesh node Cube.165
18:31:58 | INFO: Blender create Mesh node Cube.166
18:31:58 | INFO: Blender create Mesh node Cube.167
18:31:58 | INFO: Blender create Mesh node Cube.168
18:31:58 | INFO: Blender create Mesh node Cube.169
18:31:58 | INFO: Blender create Mesh node Cube.170
18:31:58 | INFO: Blender create Mesh node Cube.171
18:31:58 | INFO: Blender create Mesh node Cube.172
18:31:58 | INFO: Blender create Mesh node Cube.173
18:31:58 | INFO: Blender create Mesh node Cube.174
18:31:58 | INFO: Blender create Mesh node Cube.175
18:31:58 | INFO: Blender create Mesh node Cube.176
18:31:58 | INFO: Blender create Mesh node Cube.177
18:31:58 | INFO: Blender create Mesh node Cube.178
18:31:58 | INFO: Blender create Mesh node Cube.179
18:31:58 | INFO: Blender create Mesh node Cube.180
18:31:58 | INFO: Blender create Mesh node Cube.201
18:31:58 | INFO: Blender create Mesh node Cube.202
18:31:58 | INFO: Blender create Mesh node Cube.203
18:31:58 | INFO: Blender create Mesh node Cube.181
18:31:58 | INFO: Blender create Mesh node Cube.182
18:31:58 | INFO: Blender create Mesh node Cube.183
18:31:58 | INFO: Blender create Mesh node Cube.184
18:31:58 | INFO: Blender create Mesh node Cube.185
18:31:58 | INFO: Blender create Mesh node Cube.186
18:31:58 | INFO: Blender create Mesh node Cube.187
18:31:58 | INFO: Blender create Mesh node Cube.188
18:31:58 | INFO: Blender create Mesh node Cube.189
18:31:58 | INFO: Blender create Mesh node Cube.190
18:31:58 | INFO: Blender create Mesh node Cube.191
18:31:58 | INFO: Blender create Mesh node Cube.192
18:31:58 | INFO: Blender create Mesh node COL_tubi-tang_floor.001
18:31:58 | INFO: Blender create Mesh node COL_tubi_approach.001
18:31:58 | INFO: Blender create Mesh node COL_tubi_approach.002
18:31:58 | INFO: Blender create Mesh node COL_tubi_approach.007
18:31:58 | INFO: Blender create Mesh node COL_tubi_approach.008
18:31:58 | INFO: Blender create Mesh node COL_tubi_closed_hall.002
18:31:58 | INFO: Blender create Mesh node COL_tubi_hall_post.001
18:31:58 | INFO: Blender create Mesh node COL_tubi_hall_post.002
18:31:58 | INFO: Blender create Mesh node COL_tubi_hall_post.006
18:31:58 | INFO: Blender create Mesh node COL_tubi_parapet.001
18:31:58 | INFO: Blender create Mesh node COL_tubi_parapet.002
18:31:58 | INFO: Blender create Mesh node COL_tubi_parapet.003
18:31:58 | INFO: Blender create Mesh node COL_tubi_parapet.008
18:31:58 | INFO: Blender create Mesh node COL_tubi_stair_guard.001
18:31:58 | INFO: Blender create Mesh node COL_tubi_stair_guard.004
18:31:58 | INFO: Blender create Mesh node COL_tubi_stair_ramp.002
18:31:58 | INFO: Blender create Mesh node COL_tubi_terrace.002
18:31:58 | INFO: Blender create Mesh node COL_tubi_topic_table.002
18:31:58 | INFO: Blender create Mesh node COL_tubi_view_bench_left.001
18:31:58 | INFO: Blender create Mesh node COL_tubi_view_bench_right.001
18:31:58 | INFO: Blender create Mesh node COL_water_embankment.082
18:31:58 | INFO: Blender create Mesh node COL_water_embankment.083
18:31:58 | INFO: Blender create Mesh node COL_water_embankment.084
18:31:58 | INFO: Blender create Mesh node COL_water_embankment.085
18:31:58 | INFO: Blender create Mesh node COL_water_embankment.086
18:31:58 | INFO: Blender create Mesh node COL_water_embankment.087
18:31:58 | INFO: Blender create Mesh node COL_water_embankment.088
18:31:58 | INFO: Blender create Mesh node COL_water_embankment.089
18:31:58 | INFO: Blender create Mesh node COL_water_embankment.090
18:31:58 | INFO: Blender create Mesh node COL_water_embankment.091
18:31:58 | INFO: Blender create Mesh node COL_water_embankment.092
18:31:58 | INFO: Blender create Mesh node COL_water_embankment.093
18:31:58 | INFO: Blender create Mesh node COL_water_embankment.094
18:31:58 | INFO: Blender create Mesh node COL_water_embankment.095
18:31:58 | INFO: Blender create Mesh node COL_water_embankment.096
18:31:58 | INFO: Blender create Mesh node COL_water_embankment.097
18:31:58 | INFO: Blender create Mesh node COL_water_embankment.098
18:31:58 | INFO: Blender create Mesh node COL_water_embankment.099
18:31:58 | INFO: Blender create Mesh node COL_water_embankment.100
18:31:58 | INFO: Blender create Mesh node COL_water_embankment.101
18:31:58 | INFO: Blender create Mesh node COL_water_embankment.102
18:31:58 | INFO: Blender create Mesh node COL_water_embankment.103
18:31:58 | INFO: Blender create Mesh node COL_water_embankment.104
18:31:58 | INFO: Blender create Mesh node COL_water_embankment.105
18:31:58 | INFO: Blender create Mesh node COL_water_embankment.106
18:31:58 | INFO: Blender create Mesh node COL_water_embankment.107
18:31:58 | INFO: Blender create Mesh node COL_water_embankment.108
18:31:58 | INFO: Blender create Mesh node COL_water_embankment.055
18:31:58 | INFO: Blender create Mesh node COL_water_embankment.056
18:31:58 | INFO: Blender create Mesh node COL_water_embankment.057
18:31:58 | INFO: Blender create Mesh node COL_water_embankment.058
18:31:58 | INFO: Blender create Mesh node COL_water_embankment.059
18:31:58 | INFO: Blender create Mesh node COL_water_embankment.060
18:31:58 | INFO: Blender create Mesh node COL_water_embankment.061
18:31:58 | INFO: Blender create Mesh node COL_water_embankment.062
18:31:58 | INFO: Blender create Mesh node COL_water_embankment.063
18:31:58 | INFO: Blender create Mesh node COL_water_embankment.064
18:31:58 | INFO: Blender create Mesh node COL_water_embankment.065
18:31:58 | INFO: Blender create Mesh node COL_water_embankment.066
18:31:58 | INFO: Blender create Mesh node COL_water_embankment.067
18:31:58 | INFO: Blender create Mesh node COL_water_embankment.068
18:31:58 | INFO: Blender create Mesh node COL_water_embankment.069
18:31:58 | INFO: Blender create Mesh node COL_water_embankment.070
18:31:58 | INFO: Blender create Mesh node COL_water_embankment.071
18:31:58 | INFO: Blender create Mesh node COL_water_embankment.072
18:31:58 | INFO: Blender create Mesh node COL_water_embankment.073
18:31:58 | INFO: Blender create Mesh node COL_water_embankment.074
18:31:58 | INFO: Blender create Mesh node COL_water_embankment.075
18:31:58 | INFO: Blender create Mesh node COL_water_embankment.076
18:31:58 | INFO: Blender create Mesh node COL_water_embankment.077
18:31:58 | INFO: Blender create Mesh node COL_water_embankment.078
18:31:58 | INFO: Blender create Mesh node COL_water_embankment.079
18:31:58 | INFO: Blender create Mesh node COL_water_embankment.080
18:31:58 | INFO: Blender create Mesh node COL_water_embankment.081
18:31:58 | INFO: Blender create Mesh node COL_water_bridge_side.001
18:31:58 | INFO: Blender create Mesh node COL_water_bridge_side.004
18:31:58 | INFO: Blender create Mesh node COL_water_bridge_deck.002
18:31:58 | INFO: Blender create Mesh node COL_xiaoxiang_bamboo_bed.004
18:31:58 | INFO: Blender create Mesh node COL_xiaoxiang_bamboo_bed.005
18:31:58 | INFO: Blender create Mesh node COL_xiaoxiang_bamboo_bed.006
18:31:58 | INFO: Blender create Mesh node COL_xiaoxiang_bamboo_bed.007
18:31:58 | INFO: Blender create Mesh node COL_xiaoxiang_closed_front.001
18:31:58 | INFO: Blender create Mesh node COL_xiaoxiang_floor.001
18:31:58 | INFO: Blender create Mesh node COL_xiaoxiang_return.002
18:31:58 | INFO: Blender create Mesh node COL_xiaoxiang_return.003
18:31:58 | INFO: Blender create Mesh node COL_xiaoxiang_threshold.001
18:31:58 | INFO: Blender create Mesh node COL_yihong_closed_front.002
18:31:58 | INFO: Blender create Mesh node COL_yihong_court_side.001
18:31:58 | INFO: Blender create Mesh node COL_yihong_court_side.004
18:31:58 | INFO: Blender create Mesh node COL_yihong_floor.002
18:31:58 | INFO: Blender create Mesh node COL_yihong_planter.001
18:31:58 | INFO: Blender create Mesh node COL_yihong_planter.004
18:31:58 | INFO: Blender create Mesh node COL_yihong_side_return.001
18:31:58 | INFO: Blender create Mesh node COL_yihong_side_return.004
18:31:58 | INFO: Blender create Mesh node COL_yihong_threshold.002
18:31:58 | INFO: Blender create Mesh node COL_ziling_landing.001
18:31:58 | INFO: Blender create Mesh node HERO_aojing-guan_title.002
18:31:58 | INFO: Blender create Mesh node HERO_daguan_title.001
18:31:58 | INFO: Blender create Mesh node HERO_daoxiang-cun_title.002
18:31:58 | INFO: Blender create Mesh node KIT_flora_plum_render.001
18:31:58 | INFO: Blender create Mesh node KIT_flora_plum_render.002
18:31:58 | INFO: Blender create Mesh node KIT_flora_bamboo_large_render.001
18:31:58 | INFO: Blender create Mesh node KIT_flora_bamboo_large_render.002
18:31:58 | INFO: Blender create Mesh node KIT_flora_bamboo_small_render.001
18:31:58 | INFO: Blender create Mesh node KIT_flora_willow_render.001
18:31:58 | INFO: Blender create Mesh node KIT_flora_willow_render.002
18:31:58 | INFO: Blender create Mesh node KIT_flora_bamboo_large_render.003
18:31:58 | INFO: Blender create Mesh node KIT_flora_bamboo_medium_render.001
18:31:58 | INFO: Blender create Mesh node KIT_flora_bamboo_small_render.002
18:31:58 | INFO: Blender create Mesh node KIT_flora_bamboo_large_render.004
18:31:58 | INFO: Blender create Mesh node KIT_flora_banana_render.001
18:31:58 | INFO: Blender create Mesh node KIT_flora_banana_render.002
18:31:58 | INFO: Blender create Mesh node TEMP_reed_geometry.001
18:31:58 | INFO: Blender create Mesh node TEMP_reed_geometry.002
18:31:58 | INFO: Blender create Mesh node TEMP_reed_geometry.003
18:31:58 | INFO: Blender create Mesh node TEMP_reed_geometry.004
18:31:58 | INFO: Blender create Mesh node TEMP_reed_geometry.005
18:31:58 | INFO: Blender create Mesh node TEMP_reed_geometry.006
18:31:58 | INFO: Blender create Mesh node TEMP_reed_geometry.007
18:31:58 | INFO: Blender create Mesh node TEMP_reed_geometry.008
18:31:58 | INFO: Blender create Mesh node TEMP_reed_geometry.009
18:31:58 | INFO: Blender create Mesh node TEMP_reed_geometry.010
18:31:58 | INFO: Blender create Mesh node HERO_gate_inscription.001
18:31:58 | INFO: Blender create Mesh node HERO_gate_water_drips.001
18:31:58 | INFO: Blender create Mesh node HERO_hengwu-yuan_title.002
18:31:58 | INFO: Blender create Mesh node HERO_longcui-an_title.002
18:31:58 | INFO: Blender create Mesh node HERO_qinfang-ting_title.002
18:31:58 | INFO: Blender create Mesh node HERO_qinfang_bridge.001
18:31:58 | INFO: Blender create Mesh node HERO_study_scroll_bamboo.002
18:31:58 | INFO: Blender create Mesh node HERO_study_scroll_plum.002
18:31:58 | INFO: Blender create Mesh node HERO_study_title.002
18:31:58 | INFO: Blender create Mesh node HERO_table_hexagram.001
18:31:58 | INFO: Blender create Mesh node line_piece.005
18:31:58 | INFO: Blender create Mesh node line_piece.002
18:31:58 | INFO: Blender create Mesh node line_piece.011
18:31:58 | INFO: Blender create Mesh node line_piece.008
18:31:58 | INFO: Blender create Mesh node line_piece.017
18:31:58 | INFO: Blender create Mesh node line_piece.014
18:31:58 | INFO: Blender create Mesh node line_piece.019
18:31:58 | INFO: Blender create Mesh node line_piece.018
18:31:58 | INFO: Blender create Mesh node line_piece.021
18:31:58 | INFO: Blender create Mesh node line_piece.020
18:31:58 | INFO: Blender create Mesh node line_piece.023
18:31:58 | INFO: Blender create Mesh node line_piece.022
18:31:58 | INFO: Blender create Mesh node HERO_table_pedestal.001
18:31:58 | INFO: Blender create Mesh node HERO_tubi_title.002
18:31:58 | INFO: Blender create Mesh node HERO_xiaoxiang-guan_title.002
18:31:58 | INFO: Blender create Mesh node HERO_yihong-yuan_title.002
18:31:58 | INFO: Blender create Mesh node AOJING_pond.002
18:31:58 | INFO: Blender create Mesh node AOJING_backstage.002
18:31:58 | INFO: Blender create Mesh node AOJING_amber_window.002
18:31:58 | INFO: Blender create Mesh node AOJING_window_lattice.001
18:31:58 | INFO: Blender create Mesh node AOJING_dry_ledge.002
18:31:58 | INFO: Blender create Mesh node AOJING_roof.002
18:31:58 | INFO: Blender create Mesh node AOJING_closed_front.002
18:31:58 | INFO: Blender create Mesh node DAGUAN_backstage.001
18:31:58 | INFO: Blender create Mesh node DAGUAN_door_stud.180
18:31:58 | INFO: Blender create Mesh node DAGUAN_amber_transom.002
18:31:58 | INFO: Blender create Mesh node DAGUAN_closed_door.010
18:31:58 | INFO: Blender create Mesh node DAGUAN_recessed_panel.020
18:31:58 | INFO: Blender create Mesh node DAGUAN_column.006
18:31:58 | INFO: Blender create Mesh node DAGUAN_platform.001
18:31:58 | INFO: Blender create Mesh node DAGUAN_lower_roof.001
18:31:58 | INFO: Blender create Mesh node DAGUAN_front.001
18:31:58 | INFO: Blender create Mesh node DAOXIANG_backstage.001
18:31:58 | INFO: Blender create Mesh node DAOXIANG_door_latch.001
18:31:58 | INFO: Blender create Mesh node DAOXIANG_warm_sliver.001
18:31:58 | INFO: Blender create Mesh node DAOXIANG_closed_door.001
18:31:58 | INFO: Blender create Mesh node DAOXIANG_paddy_painting.001
18:31:58 | INFO: Blender create Mesh node DAOXIANG_court.001
18:31:58 | INFO: Blender create Mesh node DAOXIANG_thatch_mass.001
18:31:59 | INFO: Blender create Mesh node DAOXIANG_front.001
18:31:59 | INFO: Blender create Mesh node SITE_hengwu-yuan_backstage.001
18:31:59 | INFO: Blender create Mesh node KIT_pavilion_finial.011
18:31:59 | INFO: Blender create Mesh node KIT_wall_amber_window.006
18:31:59 | INFO: Blender create Mesh node HENGWU_herb_leaf.001
18:31:59 | INFO: Blender create Mesh node KIT_wall_lattice_vertical.105
18:31:59 | INFO: Blender create Mesh node SITE_hengwu-yuan_platform.001
18:31:59 | INFO: Blender create Mesh node KIT_props_lantern_hanging_render.015
18:31:59 | INFO: Blender create Mesh node KIT_pavilion_roof.011
18:31:59 | INFO: Blender create Mesh node KIT_wall_bay.001
18:31:59 | INFO: Blender create Mesh node SITE_hengwu-yuan_front.001
18:31:59 | INFO: Blender create Mesh node LONGCUI_backstage.001
18:31:59 | INFO: Blender create Mesh node LONGCUI_gate_pull.002
18:31:59 | INFO: Blender create Mesh node LONGCUI_closed_gate.002
18:31:59 | INFO: Blender create Mesh node LONGCUI_paving.001
18:31:59 | INFO: Blender create Mesh node KIT_props_lantern_hanging_render.016
18:31:59 | INFO: Blender create Mesh node LONGCUI_wall_cap.001
18:31:59 | INFO: Blender create Mesh node LONGCUI_closed_front.001
18:31:59 | INFO: Blender create Mesh node KIT_props_tea_cup.006
18:31:59 | INFO: Blender create Mesh node SITE_ouxiang_deck.001
18:31:59 | INFO: Blender create Mesh node WESTERN_kit_lotus_lotus_pad.001
18:31:59 | INFO: Blender create Mesh node KIT_pavilion_water_pier.004
18:31:59 | INFO: Blender create Mesh node KIT_props_lantern_hanging_render.013
18:31:59 | INFO: Blender create Mesh node KIT_pavilion_water_hipped_roof.001
18:31:59 | INFO: Blender create Mesh node KIT_corridor_rail.008
18:31:59 | INFO: Blender create Mesh node KIT_water_lotus_lotus_pad.001
18:31:59 | INFO: Blender create Mesh node KIT_pavilion_roof_shell.001
18:31:59 | INFO: Blender create Mesh node KIT_pavilion_plinth.001
18:31:59 | INFO: Blender create Mesh node KIT_props_lantern_hanging_render.001
18:31:59 | INFO: Blender create Mesh node KIT_water_stream.001
18:31:59 | INFO: Blender create Mesh node SITE_qiushuang-zhai_backstage.001
18:31:59 | INFO: Blender create Mesh node KIT_pavilion_finial.005
18:31:59 | INFO: Blender create Mesh node KIT_wall_lattice_vertical.042
18:31:59 | INFO: Blender create Mesh node SITE_qiushuang-zhai_platform.001
18:31:59 | INFO: Blender create Mesh node KIT_props_lantern_hanging_render.010
18:31:59 | INFO: Blender create Mesh node KIT_pavilion_roof.005
18:31:59 | INFO: Blender create Mesh node KIT_tech_terminal_desk_render.007
18:31:59 | INFO: Blender create Mesh node SITE_qiushuang-zhai_front.001
18:31:59 | INFO: Blender create Mesh node GATE_banana_pseudostem.001
18:31:59 | INFO: Blender create Mesh node GATE_banana_soil.001
18:31:59 | INFO: Blender create Mesh node KIT_rockery_passage.001
18:31:59 | INFO: Blender create Mesh node GATE_paving.002
18:31:59 | INFO: Blender create Mesh node KIT_props_lantern_hanging_render.008
18:31:59 | INFO: Blender create Mesh node KIT_stage_fog_plane_render.017
18:31:59 | INFO: Blender create Mesh node KIT_stage_floor.001
18:31:59 | INFO: Blender create Mesh node AOJING_approach_guard.001
18:31:59 | INFO: Blender create Mesh node KIT_stage_painted_moon.001
18:31:59 | INFO: Blender create Mesh node KIT_stage_painted_mountain_layer.003
18:31:59 | INFO: Blender create Mesh node KIT_stage_painted_mountain_layer.004
18:31:59 | INFO: Blender create Mesh node KIT_stage_painted_mountain_layer.005
18:31:59 | INFO: Blender create Mesh node KIT_water_stone_walk.005
18:31:59 | INFO: Blender create Mesh node Painted coved ceiling candidate.001
18:31:59 | INFO: Blender create Mesh node KIT_stage_painted_canvas.002
18:31:59 | INFO: Blender create Mesh node Eight painted cyclorama arcs.001
18:31:59 | INFO: Blender create Mesh node KIT_stage_fog_plane_render.002
18:31:59 | INFO: Blender create Mesh node KIT_tech_cell_side.012
18:31:59 | INFO: Blender create Mesh node KIT_wall_window_bar.030
18:31:59 | INFO: Blender create Mesh node KIT_stage_entry_walk.002
18:31:59 | INFO: Blender create Mesh node KIT_props_folding_chair_render.001
18:31:59 | INFO: Blender create Mesh node KIT_stage_floor_boards_render.002
18:31:59 | INFO: Blender create Mesh node KIT_stage_gel_frame_render.002
18:31:59 | INFO: Blender create Mesh node KIT_stage_studio_wall_render.002
18:31:59 | INFO: Blender create Mesh node KIT_stage_fog_plane_render.020
18:31:59 | INFO: Blender create Mesh node KIT_tech_terminal_desk_render.001
18:31:59 | INFO: Blender create Mesh node KIT_props_scroll_render.001
18:31:59 | INFO: Blender create Mesh node SITE_tubi-tang_backstage.001
18:31:59 | INFO: Blender create Mesh node KIT_pavilion_finial.007
18:31:59 | INFO: Blender create Mesh node KIT_wall_amber_window.003
18:31:59 | INFO: Blender create Mesh node TUBI_topic_line.001
18:31:59 | INFO: Blender create Mesh node KIT_wall_lattice_vertical.063
18:31:59 | INFO: Blender create Mesh node SITE_tubi-tang_platform.001
18:31:59 | INFO: Blender create Mesh node KIT_props_lantern_hanging_render.012
18:31:59 | INFO: Blender create Mesh node KIT_pavilion_roof.007
18:31:59 | INFO: Blender create Mesh node TUBI_terrace.002
18:31:59 | INFO: Blender create Mesh node SITE_tubi-tang_front.001
18:31:59 | INFO: Blender create Mesh node XIAOXIANG_black_back.001
18:31:59 | INFO: Blender create Mesh node XIAOXIANG_gate_pull.002
18:31:59 | INFO: Blender create Mesh node XIAOXIANG_amber_window.001
18:31:59 | INFO: Blender create Mesh node XIAOXIANG_gate_leaf.002
18:31:59 | INFO: Blender create Mesh node XIAOXIANG_paving.001
18:31:59 | INFO: Blender create Mesh node XIAOXIANG_wall_cap.001
18:31:59 | INFO: Blender create Mesh node XIAOXIANG_closed_front.001
18:31:59 | INFO: Blender create Mesh node YIHONG_backstage.002
18:31:59 | INFO: Blender create Mesh node YIHONG_door_rail.001
18:31:59 | INFO: Blender create Mesh node YIHONG_amber_window.002
18:31:59 | INFO: Blender create Mesh node YIHONG_door_panel.001
18:31:59 | INFO: Blender create Mesh node YIHONG_paving.002
18:31:59 | INFO: Blender create Mesh node YIHONG_court_cap.001
18:31:59 | INFO: Blender create Mesh node YIHONG_closed_front.002
18:31:59 | INFO: Blender create Mesh node WESTERN_kit_lotus.004_lotus_pad.001
18:31:59 | INFO: Blender create Mesh node KIT_water_plank.002
18:31:59 | INFO: Blender create Mesh node SITE_ziling_island.001
18:31:59 | INFO: glTF import finished in 1.07s
WASH_SHADOW_INTENT {"source_glb_sha256": "7a9fc523bc1517941cc248c040877b86f9cd00a11654c6c31e40f3acc089632f", "explicit_meshes": {"SITE_stage_MAT_stage_canopy_paint": false}, "unchanged_unflagged_meshes": 620}
/Users/auchan/projects/garden-of-dreams/.superpowers/sdd/2026-09-23-garden-completion/water-edge-source/closed-leaf-candidate/scripts/bake_backdrop_wash.py:73: DeprecationWarning: 'World.use_nodes' is expected to be removed in Blender 6.0
  world.use_nodes = True
/Users/auchan/projects/garden-of-dreams/.superpowers/sdd/2026-09-23-garden-completion/water-edge-source/closed-leaf-candidate/scripts/bake_backdrop_wash.py:79: DeprecationWarning: 'Material.use_nodes' is expected to be removed in Blender 6.0
  if not material.use_nodes: continue
/Users/auchan/projects/garden-of-dreams/.superpowers/sdd/2026-09-23-garden-completion/water-edge-source/closed-leaf-candidate/scripts/bake_backdrop_wash.py:144: DeprecationWarning: 'Material.use_nodes' is expected to be removed in Blender 6.0
  material.use_nodes = True
Info: Baking map saved to internal image, save it externally or pack it
WASH_BAKE_TARGET SITE_stage_MAT_stage_cyclorama_moonlit_MAT_stage_atlas front
Info: Baking map saved to internal image, save it externally or pack it
WASH_BAKED {"mesh": "SITE_stage_MAT_stage_cyclorama_moonlit_MAT_stage_atlas", "texture": "SITE_stage_MAT_stage_cyclorama_moonlit_MAT_stage_atlas-front.png", "scale": 1.0, "sides": {"front": {"texture": "SITE_stage_MAT_stage_cyclorama_moonlit_MAT_stage_atlas-front.png", "scale": 1.0, "linear_max": 0.22674696147441864, "nonzero_fraction": 0.15479278564453125, "png_sha256": "ac7c5186b980111ebdffaccc35cf2968fc8cbdbe44a0552e8e2a48528c6ac1c2"}}, "double_sided": false, "backface_uv_mapping_verified": true, "unoccluded_control_max": null, "size": 512, "samples": 128, "uv_channel": 1, "uv_sha256": "b4cb62f0d74b92ad8e5dc44f8726bddcd738ae32a89846c7d29b9c072e51f8d2", "source_glb_sha256": "7a9fc523bc1517941cc248c040877b86f9cd00a11654c6c31e40f3acc089632f", "stage_blend_sha256": "1d79a7be88c259dbeb6d995c50dc556d41c6c6def0be051878c8b855609a436a", "authoring_blend_sha256": "074ab2014d9122e207783d9e7c7992f9dfc9197a6f380a2d6f5e8c0c05e31978", "site_blend_sha256": {"aojing-guan": "8b24fe21a6c7de5b74be2bc706bef0464e4e362877c894843ea30c42db2446c2", "daguan-lou": "7593ddb0b58e2fee510974f6515fbe9fe3341b1adf0ae554cad936548870242f", "daoxiang-cun": "ef50458d518e02064c3915b1401bb12ca9fa12996e84378c370017a9403a4039", "hengwu-yuan": "40ecc20ae2a061b91520bf03a668a0d5c76ced716ff42585487e772198dbbaf3", "longcui-an": "82607dd769540f50127c71f00ce2de0a5f80a0df55830e2c163ce977997c9209", "ouxiang-xie": "14ad0c7e55d1f6774413afffe9640b4af3f939bb9e66fa72d7571fde8e8d9dae", "qinfang-ting": "fea75ca7f954fdf05061219ab77e619b89756c5835ac66f8adf290de69129f27", "qiushuang-zhai": "30d18b72614623d795e7edf88a46d22a38734f1837d8d74f6ca4e5145f3d66d5", "tubi-tang": "0cb687d719d2ce54aacb0cd3d1cda05278c1392759f04e8e8c83cd63aea8bf24", "xiaoxiang-guan": "5338587d5a8d95b5f77b0810ad38426b25ca343863fa8a9bbf7fbf7ceceb4748", "yihong-yuan": "4d7fa17f0be59f02a364e95209477bef13a35acedc16c95e8f76c97cdcf1db1e", "ziling-zhou": "28bbd273955f6a3fcc806ab49853d918e795e0c8750692afef48474c4c952ba6"}, "lights_baked": 12, "point_lights_baked": false, "pass_filter": ["DIRECT"], "shadow_intent": {"SITE_stage_MAT_stage_canopy_paint": false}}
WASH_BAKE_TARGET SITE_stage_MAT_stage_canopy_paint front
Info: Baking map saved to internal image, save it externally or pack it
WASH_BAKED {"mesh": "SITE_stage_MAT_stage_canopy_paint", "texture": "SITE_stage_MAT_stage_canopy_paint-front.png", "scale": 1.0, "sides": {"front": {"texture": "SITE_stage_MAT_stage_canopy_paint-front.png", "scale": 1.0, "linear_max": 0.10368452966213226, "nonzero_fraction": 0.043338775634765625, "png_sha256": "5fd81440353159f34f629d89d6e82f50a301bd7153e6eceaae375c6836b81f55"}}, "double_sided": false, "backface_uv_mapping_verified": true, "unoccluded_control_max": null, "size": 512, "samples": 128, "uv_channel": 1, "uv_sha256": "34649898b4b083dedd2342e75fc6151b8ded43d7dbc692bee806c8734d946358", "source_glb_sha256": "7a9fc523bc1517941cc248c040877b86f9cd00a11654c6c31e40f3acc089632f", "stage_blend_sha256": "1d79a7be88c259dbeb6d995c50dc556d41c6c6def0be051878c8b855609a436a", "authoring_blend_sha256": "074ab2014d9122e207783d9e7c7992f9dfc9197a6f380a2d6f5e8c0c05e31978", "site_blend_sha256": {"aojing-guan": "8b24fe21a6c7de5b74be2bc706bef0464e4e362877c894843ea30c42db2446c2", "daguan-lou": "7593ddb0b58e2fee510974f6515fbe9fe3341b1adf0ae554cad936548870242f", "daoxiang-cun": "ef50458d518e02064c3915b1401bb12ca9fa12996e84378c370017a9403a4039", "hengwu-yuan": "40ecc20ae2a061b91520bf03a668a0d5c76ced716ff42585487e772198dbbaf3", "longcui-an": "82607dd769540f50127c71f00ce2de0a5f80a0df55830e2c163ce977997c9209", "ouxiang-xie": "14ad0c7e55d1f6774413afffe9640b4af3f939bb9e66fa72d7571fde8e8d9dae", "qinfang-ting": "fea75ca7f954fdf05061219ab77e619b89756c5835ac66f8adf290de69129f27", "qiushuang-zhai": "30d18b72614623d795e7edf88a46d22a38734f1837d8d74f6ca4e5145f3d66d5", "tubi-tang": "0cb687d719d2ce54aacb0cd3d1cda05278c1392759f04e8e8c83cd63aea8bf24", "xiaoxiang-guan": "5338587d5a8d95b5f77b0810ad38426b25ca343863fa8a9bbf7fbf7ceceb4748", "yihong-yuan": "4d7fa17f0be59f02a364e95209477bef13a35acedc16c95e8f76c97cdcf1db1e", "ziling-zhou": "28bbd273955f6a3fcc806ab49853d918e795e0c8750692afef48474c4c952ba6"}, "lights_baked": 12, "point_lights_baked": false, "pass_filter": ["DIRECT"], "shadow_intent": {"SITE_stage_MAT_stage_canopy_paint": false}}
WASH_BAKE_TARGET SITE_stage_MAT_painted_moon front
Info: Baking map saved to internal image, save it externally or pack it
WASH_BAKE_TARGET SITE_stage_MAT_painted_moon back
Info: Baking map saved to internal image, save it externally or pack it
WASH_BAKED {"mesh": "SITE_stage_MAT_painted_moon", "texture": "SITE_stage_MAT_painted_moon-front.png", "scale": 1.0, "sides": {"front": {"texture": "SITE_stage_MAT_painted_moon-front.png", "scale": 1.0, "linear_max": 0.22623233497142792, "nonzero_fraction": 0.21535110473632812, "png_sha256": "6e03e79c4e5539bebce3299186ebbce5be896a8086f416acbef0cf1f71f71e97"}, "back": {"texture": "SITE_stage_MAT_painted_moon-back.png", "scale": 1.0, "linear_max": 0.0005604923353530467, "nonzero_fraction": 6.4849853515625e-05, "png_sha256": "d1de1fd43e9b50aeb7f1d61f3b317c280e87ae0e5481cc210009f6e947002ad8"}}, "double_sided": true, "backface_uv_mapping_verified": true, "unoccluded_control_max": null, "size": 512, "samples": 128, "uv_channel": 1, "uv_sha256": "5b099e5e3229f0bd447f7af7de01b7d1a6392552f2c0a1b6c6c48a3b32db1ba1", "source_glb_sha256": "7a9fc523bc1517941cc248c040877b86f9cd00a11654c6c31e40f3acc089632f", "stage_blend_sha256": "1d79a7be88c259dbeb6d995c50dc556d41c6c6def0be051878c8b855609a436a", "authoring_blend_sha256": "074ab2014d9122e207783d9e7c7992f9dfc9197a6f380a2d6f5e8c0c05e31978", "site_blend_sha256": {"aojing-guan": "8b24fe21a6c7de5b74be2bc706bef0464e4e362877c894843ea30c42db2446c2", "daguan-lou": "7593ddb0b58e2fee510974f6515fbe9fe3341b1adf0ae554cad936548870242f", "daoxiang-cun": "ef50458d518e02064c3915b1401bb12ca9fa12996e84378c370017a9403a4039", "hengwu-yuan": "40ecc20ae2a061b91520bf03a668a0d5c76ced716ff42585487e772198dbbaf3", "longcui-an": "82607dd769540f50127c71f00ce2de0a5f80a0df55830e2c163ce977997c9209", "ouxiang-xie": "14ad0c7e55d1f6774413afffe9640b4af3f939bb9e66fa72d7571fde8e8d9dae", "qinfang-ting": "fea75ca7f954fdf05061219ab77e619b89756c5835ac66f8adf290de69129f27", "qiushuang-zhai": "30d18b72614623d795e7edf88a46d22a38734f1837d8d74f6ca4e5145f3d66d5", "tubi-tang": "0cb687d719d2ce54aacb0cd3d1cda05278c1392759f04e8e8c83cd63aea8bf24", "xiaoxiang-guan": "5338587d5a8d95b5f77b0810ad38426b25ca343863fa8a9bbf7fbf7ceceb4748", "yihong-yuan": "4d7fa17f0be59f02a364e95209477bef13a35acedc16c95e8f76c97cdcf1db1e", "ziling-zhou": "28bbd273955f6a3fcc806ab49853d918e795e0c8750692afef48474c4c952ba6"}, "lights_baked": 12, "point_lights_baked": false, "pass_filter": ["DIRECT"], "shadow_intent": {"SITE_stage_MAT_stage_canopy_paint": false}}
WASH_BAKE_TARGET SITE_stage_MAT_painted_mountains_0 front
Info: Baking map saved to internal image, save it externally or pack it
WASH_BAKE_TARGET SITE_stage_MAT_painted_mountains_0 back
Info: Baking map saved to internal image, save it externally or pack it
Info: Baking map saved to internal image, save it externally or pack it
WASH_BAKED {"mesh": "SITE_stage_MAT_painted_mountains_0", "texture": "SITE_stage_MAT_painted_mountains_0-front.png", "scale": 1.0, "sides": {"front": {"texture": "SITE_stage_MAT_painted_mountains_0-front.png", "scale": 1.0, "linear_max": 0.0, "nonzero_fraction": 0.0, "png_sha256": "3d0c0bfd2c5437cbdc4f382593564b7ad0f09885073c0bff5322ab996c038e15"}, "back": {"texture": "SITE_stage_MAT_painted_mountains_0-back.png", "scale": 1.0, "linear_max": 0.0, "nonzero_fraction": 0.0, "png_sha256": "3d0c0bfd2c5437cbdc4f382593564b7ad0f09885073c0bff5322ab996c038e15"}}, "double_sided": true, "backface_uv_mapping_verified": true, "unoccluded_control_max": 0.1681901067495346, "size": 512, "samples": 128, "uv_channel": 1, "uv_sha256": "97a93dfe178ec8616ceae899da19646d791a25070984e7e1c52e562db883272c", "source_glb_sha256": "7a9fc523bc1517941cc248c040877b86f9cd00a11654c6c31e40f3acc089632f", "stage_blend_sha256": "1d79a7be88c259dbeb6d995c50dc556d41c6c6def0be051878c8b855609a436a", "authoring_blend_sha256": "074ab2014d9122e207783d9e7c7992f9dfc9197a6f380a2d6f5e8c0c05e31978", "site_blend_sha256": {"aojing-guan": "8b24fe21a6c7de5b74be2bc706bef0464e4e362877c894843ea30c42db2446c2", "daguan-lou": "7593ddb0b58e2fee510974f6515fbe9fe3341b1adf0ae554cad936548870242f", "daoxiang-cun": "ef50458d518e02064c3915b1401bb12ca9fa12996e84378c370017a9403a4039", "hengwu-yuan": "40ecc20ae2a061b91520bf03a668a0d5c76ced716ff42585487e772198dbbaf3", "longcui-an": "82607dd769540f50127c71f00ce2de0a5f80a0df55830e2c163ce977997c9209", "ouxiang-xie": "14ad0c7e55d1f6774413afffe9640b4af3f939bb9e66fa72d7571fde8e8d9dae", "qinfang-ting": "fea75ca7f954fdf05061219ab77e619b89756c5835ac66f8adf290de69129f27", "qiushuang-zhai": "30d18b72614623d795e7edf88a46d22a38734f1837d8d74f6ca4e5145f3d66d5", "tubi-tang": "0cb687d719d2ce54aacb0cd3d1cda05278c1392759f04e8e8c83cd63aea8bf24", "xiaoxiang-guan": "5338587d5a8d95b5f77b0810ad38426b25ca343863fa8a9bbf7fbf7ceceb4748", "yihong-yuan": "4d7fa17f0be59f02a364e95209477bef13a35acedc16c95e8f76c97cdcf1db1e", "ziling-zhou": "28bbd273955f6a3fcc806ab49853d918e795e0c8750692afef48474c4c952ba6"}, "lights_baked": 12, "point_lights_baked": false, "pass_filter": ["DIRECT"], "shadow_intent": {"SITE_stage_MAT_stage_canopy_paint": false}}
WASH_BAKE_TARGET SITE_stage_MAT_painted_mountains_1 front
Info: Baking map saved to internal image, save it externally or pack it
WASH_BAKE_TARGET SITE_stage_MAT_painted_mountains_1 back
Info: Baking map saved to internal image, save it externally or pack it
WASH_BAKED {"mesh": "SITE_stage_MAT_painted_mountains_1", "texture": "SITE_stage_MAT_painted_mountains_1-front.png", "scale": 1.0, "sides": {"front": {"texture": "SITE_stage_MAT_painted_mountains_1-front.png", "scale": 1.0, "linear_max": 0.0, "nonzero_fraction": 0.0, "png_sha256": "3d0c0bfd2c5437cbdc4f382593564b7ad0f09885073c0bff5322ab996c038e15"}, "back": {"texture": "SITE_stage_MAT_painted_mountains_1-back.png", "scale": 1.0, "linear_max": 0.002930331276729703, "nonzero_fraction": 0.000690460205078125, "png_sha256": "f0d385997015691d5929ecbc6251bac694fd5ac19446bb21473f963a7841933b"}}, "double_sided": true, "backface_uv_mapping_verified": true, "unoccluded_control_max": null, "size": 512, "samples": 128, "uv_channel": 1, "uv_sha256": "31ca5f33801766d6233cd69b74f855e6f881dd986167a9859518f6206dc5bef2", "source_glb_sha256": "7a9fc523bc1517941cc248c040877b86f9cd00a11654c6c31e40f3acc089632f", "stage_blend_sha256": "1d79a7be88c259dbeb6d995c50dc556d41c6c6def0be051878c8b855609a436a", "authoring_blend_sha256": "074ab2014d9122e207783d9e7c7992f9dfc9197a6f380a2d6f5e8c0c05e31978", "site_blend_sha256": {"aojing-guan": "8b24fe21a6c7de5b74be2bc706bef0464e4e362877c894843ea30c42db2446c2", "daguan-lou": "7593ddb0b58e2fee510974f6515fbe9fe3341b1adf0ae554cad936548870242f", "daoxiang-cun": "ef50458d518e02064c3915b1401bb12ca9fa12996e84378c370017a9403a4039", "hengwu-yuan": "40ecc20ae2a061b91520bf03a668a0d5c76ced716ff42585487e772198dbbaf3", "longcui-an": "82607dd769540f50127c71f00ce2de0a5f80a0df55830e2c163ce977997c9209", "ouxiang-xie": "14ad0c7e55d1f6774413afffe9640b4af3f939bb9e66fa72d7571fde8e8d9dae", "qinfang-ting": "fea75ca7f954fdf05061219ab77e619b89756c5835ac66f8adf290de69129f27", "qiushuang-zhai": "30d18b72614623d795e7edf88a46d22a38734f1837d8d74f6ca4e5145f3d66d5", "tubi-tang": "0cb687d719d2ce54aacb0cd3d1cda05278c1392759f04e8e8c83cd63aea8bf24", "xiaoxiang-guan": "5338587d5a8d95b5f77b0810ad38426b25ca343863fa8a9bbf7fbf7ceceb4748", "yihong-yuan": "4d7fa17f0be59f02a364e95209477bef13a35acedc16c95e8f76c97cdcf1db1e", "ziling-zhou": "28bbd273955f6a3fcc806ab49853d918e795e0c8750692afef48474c4c952ba6"}, "lights_baked": 12, "point_lights_baked": false, "pass_filter": ["DIRECT"], "shadow_intent": {"SITE_stage_MAT_stage_canopy_paint": false}}
WASH_BAKE_TARGET SITE_stage_MAT_painted_mountains_2 front
Info: Baking map saved to internal image, save it externally or pack it
WASH_BAKE_TARGET SITE_stage_MAT_painted_mountains_2 back
Info: Baking map saved to internal image, save it externally or pack it
WASH_BAKED {"mesh": "SITE_stage_MAT_painted_mountains_2", "texture": "SITE_stage_MAT_painted_mountains_2-front.png", "scale": 1.0, "sides": {"front": {"texture": "SITE_stage_MAT_painted_mountains_2-front.png", "scale": 1.0, "linear_max": 0.0, "nonzero_fraction": 0.0, "png_sha256": "3d0c0bfd2c5437cbdc4f382593564b7ad0f09885073c0bff5322ab996c038e15"}, "back": {"texture": "SITE_stage_MAT_painted_mountains_2-back.png", "scale": 1.0, "linear_max": 0.2248643934726715, "nonzero_fraction": 0.4390220642089844, "png_sha256": "5c68a64834d9b664679e937b066429b04d7b990ba2d9b874c2ea3b2fd3c224d5"}}, "double_sided": true, "backface_uv_mapping_verified": true, "unoccluded_control_max": null, "size": 512, "samples": 128, "uv_channel": 1, "uv_sha256": "91e8509c3d646b6172c291d80ea0e0e5c0a5321b8a6a1c587effd0afe71869c5", "source_glb_sha256": "7a9fc523bc1517941cc248c040877b86f9cd00a11654c6c31e40f3acc089632f", "stage_blend_sha256": "1d79a7be88c259dbeb6d995c50dc556d41c6c6def0be051878c8b855609a436a", "authoring_blend_sha256": "074ab2014d9122e207783d9e7c7992f9dfc9197a6f380a2d6f5e8c0c05e31978", "site_blend_sha256": {"aojing-guan": "8b24fe21a6c7de5b74be2bc706bef0464e4e362877c894843ea30c42db2446c2", "daguan-lou": "7593ddb0b58e2fee510974f6515fbe9fe3341b1adf0ae554cad936548870242f", "daoxiang-cun": "ef50458d518e02064c3915b1401bb12ca9fa12996e84378c370017a9403a4039", "hengwu-yuan": "40ecc20ae2a061b91520bf03a668a0d5c76ced716ff42585487e772198dbbaf3", "longcui-an": "82607dd769540f50127c71f00ce2de0a5f80a0df55830e2c163ce977997c9209", "ouxiang-xie": "14ad0c7e55d1f6774413afffe9640b4af3f939bb9e66fa72d7571fde8e8d9dae", "qinfang-ting": "fea75ca7f954fdf05061219ab77e619b89756c5835ac66f8adf290de69129f27", "qiushuang-zhai": "30d18b72614623d795e7edf88a46d22a38734f1837d8d74f6ca4e5145f3d66d5", "tubi-tang": "0cb687d719d2ce54aacb0cd3d1cda05278c1392759f04e8e8c83cd63aea8bf24", "xiaoxiang-guan": "5338587d5a8d95b5f77b0810ad38426b25ca343863fa8a9bbf7fbf7ceceb4748", "yihong-yuan": "4d7fa17f0be59f02a364e95209477bef13a35acedc16c95e8f76c97cdcf1db1e", "ziling-zhou": "28bbd273955f6a3fcc806ab49853d918e795e0c8750692afef48474c4c952ba6"}, "lights_baked": 12, "point_lights_baked": false, "pass_filter": ["DIRECT"], "shadow_intent": {"SITE_stage_MAT_stage_canopy_paint": false}}
NATIVE_BACKDROP_WASH_PASS 6 building direct maximum 0.0
Blender 5.2.2 LTS (hash d13f752e3b9c built 2026-09-15 01:49:19)

Blender quit
