BlenderMCP addon registered
BlenderMCP addon unregistered
08:59:11 | INFO: Data are loaded, start creating Blender stuff
08:59:11 | INFO: Blender create Mesh node COL_aojing_approach.001
08:59:11 | INFO: Blender create Mesh node COL_aojing_approach.004
08:59:11 | INFO: Blender create Mesh node COL_aojing_approach_guard.001
08:59:11 | INFO: Blender create Mesh node COL_aojing_approach_guard.004
08:59:11 | INFO: Blender create Mesh node COL_aojing_approach_ramp.002
08:59:11 | INFO: Blender create Mesh node COL_aojing_closed_front.002
08:59:11 | INFO: Blender create Mesh node COL_aojing_dry_ledge.002
08:59:11 | INFO: Blender create Mesh node COL_aojing_hall_floor.002
08:59:11 | INFO: Blender create Mesh node COL_aojing_ledge_end.002
08:59:11 | INFO: Blender create Mesh node COL_aojing_ledge_parapet.002
08:59:11 | INFO: Blender create Mesh node COL_aojing_return.001
08:59:11 | INFO: Blender create Mesh node COL_aojing_return.004
08:59:11 | INFO: Blender create Mesh node Cube.147
08:59:11 | INFO: Blender create Mesh node Cube.148
08:59:11 | INFO: Blender create Mesh node Cube.149
08:59:11 | INFO: Blender create Mesh node Cube.150
08:59:11 | INFO: Blender create Mesh node COL_bridge_crosswalk.002
08:59:11 | INFO: Blender create Mesh node COL_bridge_crosswalk.003
08:59:11 | INFO: Blender create Mesh node COL_cell_floor.006
08:59:11 | INFO: Blender create Mesh node COL_cell_floor.007
08:59:11 | INFO: Blender create Mesh node COL_cell_floor.008
08:59:11 | INFO: Blender create Mesh node COL_cell_floor.009
08:59:11 | INFO: Blender create Mesh node COL_cell_floor.010
08:59:11 | INFO: Blender create Mesh node COL_cell_floor.011
08:59:11 | INFO: Blender create Mesh node COL_cell_wall.012
08:59:11 | INFO: Blender create Mesh node COL_cell_wall.013
08:59:11 | INFO: Blender create Mesh node COL_cell_wall.014
08:59:11 | INFO: Blender create Mesh node COL_cell_wall.015
08:59:11 | INFO: Blender create Mesh node COL_cell_wall.016
08:59:11 | INFO: Blender create Mesh node COL_cell_wall.017
08:59:11 | INFO: Blender create Mesh node COL_cell_wall.018
08:59:11 | INFO: Blender create Mesh node COL_cell_wall.019
08:59:11 | INFO: Blender create Mesh node COL_cell_wall.020
08:59:11 | INFO: Blender create Mesh node COL_cell_wall.021
08:59:11 | INFO: Blender create Mesh node COL_cell_wall.022
08:59:11 | INFO: Blender create Mesh node COL_cell_wall.023
08:59:11 | INFO: Blender create Mesh node COL_daguan_central_step.003
08:59:11 | INFO: Blender create Mesh node COL_daguan_central_step.004
08:59:11 | INFO: Blender create Mesh node COL_daguan_central_step.005
08:59:11 | INFO: Blender create Mesh node COL_daguan_closed_front.001
08:59:11 | INFO: Blender create Mesh node COL_daguan_column.006
08:59:11 | INFO: Blender create Mesh node COL_daguan_column.007
08:59:11 | INFO: Blender create Mesh node COL_daguan_column.008
08:59:11 | INFO: Blender create Mesh node COL_daguan_column.009
08:59:11 | INFO: Blender create Mesh node COL_daguan_column.010
08:59:11 | INFO: Blender create Mesh node COL_daguan_column.011
08:59:11 | INFO: Blender create Mesh node COL_daguan_floor.001
08:59:11 | INFO: Blender create Mesh node COL_daguan_return_wall.002
08:59:11 | INFO: Blender create Mesh node COL_daguan_return_wall.003
08:59:11 | INFO: Blender create Mesh node COL_daoxiang_approach.002
08:59:11 | INFO: Blender create Mesh node COL_daoxiang_approach.003
08:59:11 | INFO: Blender create Mesh node COL_daoxiang_closed_front.001
08:59:11 | INFO: Blender create Mesh node COL_daoxiang_court.001
08:59:11 | INFO: Blender create Mesh node COL_daoxiang_fence.004
08:59:11 | INFO: Blender create Mesh node COL_daoxiang_fence.005
08:59:11 | INFO: Blender create Mesh node COL_daoxiang_fence.006
08:59:11 | INFO: Blender create Mesh node COL_daoxiang_fence.007
08:59:11 | INFO: Blender create Mesh node COL_daoxiang_side.002
08:59:11 | INFO: Blender create Mesh node COL_daoxiang_side.003
08:59:11 | INFO: Blender create Mesh node COL_entry_corridor.001
08:59:11 | INFO: Blender create Mesh node COL_entry_walk.002
08:59:11 | INFO: Blender create Mesh node COL_entry_walk.003
08:59:11 | INFO: Blender create Mesh node Cube.146
08:59:11 | INFO: Blender create Mesh node Cube.145
08:59:11 | INFO: Blender create Mesh node COL_GATE_banana_planter.001
08:59:11 | INFO: Blender create Mesh node KIT_rockery_passage.022
08:59:11 | INFO: Blender create Mesh node KIT_rockery_passage.024
08:59:11 | INFO: Blender create Mesh node KIT_rockery_cliff.006
08:59:11 | INFO: Blender create Mesh node KIT_rockery_cliff.008
08:59:11 | INFO: Blender create Mesh node KIT_rockery_passage.004
08:59:11 | INFO: Blender create Mesh node KIT_rockery_passage.016
08:59:11 | INFO: Blender create Mesh node KIT_rockery_passage.018
08:59:11 | INFO: Blender create Mesh node KIT_rockery_passage.020
08:59:11 | INFO: Blender create Mesh node GATE_paving.003
08:59:11 | INFO: Blender create Mesh node COL_hengwu-yuan_floor.001
08:59:11 | INFO: Blender create Mesh node COL_hengwu_approach.002
08:59:11 | INFO: Blender create Mesh node COL_hengwu_approach.003
08:59:11 | INFO: Blender create Mesh node COL_hengwu_closed_hall.002
08:59:11 | INFO: Blender create Mesh node COL_hengwu_court.002
08:59:11 | INFO: Blender create Mesh node COL_hengwu_hall_post.001
08:59:11 | INFO: Blender create Mesh node COL_hengwu_hall_post.002
08:59:11 | INFO: Blender create Mesh node COL_hengwu_hall_post.006
08:59:11 | INFO: Blender create Mesh node COL_wall_bay.001
08:59:11 | INFO: Blender create Mesh node COL_wall_bay.002
08:59:11 | INFO: Blender create Mesh node COL_wall_bay.003
08:59:11 | INFO: Blender create Mesh node COL_wall_bay.004
08:59:11 | INFO: Blender create Mesh node COL_wall_bay.005
08:59:11 | INFO: Blender create Mesh node COL_wall_bay.006
08:59:11 | INFO: Blender create Mesh node KIT_wall_plaster.002
08:59:11 | INFO: Blender create Mesh node COL_wall_window.001
08:59:11 | INFO: Blender create Mesh node COL_wall_window.002
08:59:11 | INFO: Blender create Mesh node COL_hengwu_rock.001
08:59:11 | INFO: Blender create Mesh node COL_hengwu_rock.002
08:59:11 | INFO: Blender create Mesh node COL_hengwu_rock.006
08:59:11 | INFO: Blender create Mesh node COL_hengwu_stool.001
08:59:11 | INFO: Blender create Mesh node COL_hengwu_stool.002
08:59:11 | INFO: Blender create Mesh node COL_hengwu_stool.003
08:59:11 | INFO: Blender create Mesh node COL_hengwu_stool.008
08:59:11 | INFO: Blender create Mesh node COL_hengwu_table.002
08:59:11 | INFO: Blender create Mesh node COL_longcui_approach.003
08:59:11 | INFO: Blender create Mesh node COL_longcui_approach.004
08:59:11 | INFO: Blender create Mesh node COL_longcui_approach.005
08:59:11 | INFO: Blender create Mesh node COL_longcui_burner.001
08:59:11 | INFO: Blender create Mesh node COL_longcui_closed_front.001
08:59:11 | INFO: Blender create Mesh node COL_longcui_floor.001
08:59:11 | INFO: Blender create Mesh node COL_longcui_plum_trunk.002
08:59:11 | INFO: Blender create Mesh node COL_longcui_plum_trunk.003
08:59:11 | INFO: Blender create Mesh node COL_longcui_return.002
08:59:11 | INFO: Blender create Mesh node COL_longcui_return.003
08:59:11 | INFO: Blender create Mesh node COL_longcui_threshold.001
08:59:11 | INFO: Blender create Mesh node COL_ouxiang_approach.001
08:59:11 | INFO: Blender create Mesh node COL_ouxiang_deck.001
08:59:11 | INFO: Blender create Mesh node COL_ouxiang_post.004
08:59:11 | INFO: Blender create Mesh node COL_ouxiang_post.005
08:59:11 | INFO: Blender create Mesh node COL_ouxiang_post.006
08:59:11 | INFO: Blender create Mesh node COL_ouxiang_post.007
08:59:11 | INFO: Blender create Mesh node COL_ouxiang_rail.002
08:59:11 | INFO: Blender create Mesh node COL_ouxiang_rail.003
08:59:11 | INFO: Blender create Mesh node COL_ouxiang_side_rail.004
08:59:11 | INFO: Blender create Mesh node COL_ouxiang_side_rail.005
08:59:11 | INFO: Blender create Mesh node COL_ouxiang_side_rail.006
08:59:11 | INFO: Blender create Mesh node COL_ouxiang_side_rail.007
08:59:11 | INFO: Blender create Mesh node COL_ouxiang_table.001
08:59:11 | INFO: Blender create Mesh node COL_corridor_floor.009
08:59:11 | INFO: Blender create Mesh node COL_corridor_side.015
08:59:11 | INFO: Blender create Mesh node COL_corridor_side.016
08:59:11 | INFO: Blender create Mesh node COL_corridor_post.016
08:59:11 | INFO: Blender create Mesh node COL_corridor_post.017
08:59:11 | INFO: Blender create Mesh node COL_corridor_floor.010
08:59:11 | INFO: Blender create Mesh node COL_corridor_side.017
08:59:11 | INFO: Blender create Mesh node COL_corridor_side.018
08:59:11 | INFO: Blender create Mesh node COL_corridor_post.018
08:59:11 | INFO: Blender create Mesh node COL_corridor_post.019
08:59:11 | INFO: Blender create Mesh node COL_corridor_floor.011
08:59:11 | INFO: Blender create Mesh node COL_corridor_side.019
08:59:11 | INFO: Blender create Mesh node COL_corridor_side.020
08:59:11 | INFO: Blender create Mesh node COL_corridor_post.020
08:59:11 | INFO: Blender create Mesh node COL_corridor_post.021
08:59:11 | INFO: Blender create Mesh node COL_corridor_floor.012
08:59:11 | INFO: Blender create Mesh node COL_corridor_side.021
08:59:11 | INFO: Blender create Mesh node COL_corridor_side.022
08:59:11 | INFO: Blender create Mesh node COL_corridor_post.022
08:59:11 | INFO: Blender create Mesh node COL_corridor_post.023
08:59:11 | INFO: Blender create Mesh node COL_corridor_floor.001
08:59:11 | INFO: Blender create Mesh node COL_corridor_side.001
08:59:11 | INFO: Blender create Mesh node COL_corridor_side.002
08:59:11 | INFO: Blender create Mesh node COL_corridor_post.001
08:59:11 | INFO: Blender create Mesh node COL_corridor_post.002
08:59:11 | INFO: Blender create Mesh node COL_corridor_floor.002
08:59:11 | INFO: Blender create Mesh node COL_corridor_side.003
08:59:11 | INFO: Blender create Mesh node COL_corridor_side.004
08:59:11 | INFO: Blender create Mesh node COL_corridor_post.003
08:59:11 | INFO: Blender create Mesh node COL_corridor_post.004
08:59:11 | INFO: Blender create Mesh node COL_corridor_floor.003
08:59:11 | INFO: Blender create Mesh node COL_corridor_side.005
08:59:11 | INFO: Blender create Mesh node COL_corridor_side.006
08:59:11 | INFO: Blender create Mesh node COL_corridor_post.005
08:59:11 | INFO: Blender create Mesh node COL_corridor_post.006
08:59:11 | INFO: Blender create Mesh node COL_corridor_floor.004
08:59:11 | INFO: Blender create Mesh node COL_corridor_side.007
08:59:11 | INFO: Blender create Mesh node COL_corridor_side.008
08:59:11 | INFO: Blender create Mesh node COL_corridor_post.007
08:59:11 | INFO: Blender create Mesh node COL_corridor_post.008
08:59:11 | INFO: Blender create Mesh node COL_corridor_floor.005
08:59:11 | INFO: Blender create Mesh node COL_corridor_side.009
08:59:11 | INFO: Blender create Mesh node COL_corridor_side.010
08:59:11 | INFO: Blender create Mesh node COL_corridor_post.009
08:59:11 | INFO: Blender create Mesh node COL_corridor_post.010
08:59:11 | INFO: Blender create Mesh node COL_corridor_floor.006
08:59:11 | INFO: Blender create Mesh node COL_corridor_side.011
08:59:11 | INFO: Blender create Mesh node COL_corridor_post.011
08:59:11 | INFO: Blender create Mesh node COL_corridor_post.012
08:59:11 | INFO: Blender create Mesh node COL_corridor_floor.007
08:59:11 | INFO: Blender create Mesh node COL_corridor_side.012
08:59:11 | INFO: Blender create Mesh node COL_corridor_post.013
08:59:11 | INFO: Blender create Mesh node COL_corridor_floor.008
08:59:11 | INFO: Blender create Mesh node COL_corridor_side.013
08:59:11 | INFO: Blender create Mesh node COL_corridor_side.014
08:59:11 | INFO: Blender create Mesh node COL_corridor_post.014
08:59:11 | INFO: Blender create Mesh node COL_corridor_post.015
08:59:11 | INFO: Blender create Mesh node COL_corridor_floor.013
08:59:11 | INFO: Blender create Mesh node COL_corridor_side.023
08:59:11 | INFO: Blender create Mesh node COL_corridor_side.024
08:59:11 | INFO: Blender create Mesh node COL_corridor_post.024
08:59:11 | INFO: Blender create Mesh node COL_corridor_post.025
08:59:11 | INFO: Blender create Mesh node COL_corridor_floor.014
08:59:11 | INFO: Blender create Mesh node COL_corridor_side.025
08:59:11 | INFO: Blender create Mesh node COL_corridor_side.026
08:59:11 | INFO: Blender create Mesh node COL_corridor_post.026
08:59:11 | INFO: Blender create Mesh node COL_corridor_post.027
08:59:11 | INFO: Blender create Mesh node COL_corridor_floor.015
08:59:11 | INFO: Blender create Mesh node COL_corridor_side.027
08:59:11 | INFO: Blender create Mesh node COL_corridor_side.028
08:59:11 | INFO: Blender create Mesh node COL_corridor_post.028
08:59:11 | INFO: Blender create Mesh node COL_corridor_post.029
08:59:11 | INFO: Blender create Mesh node COL_corridor_floor.016
08:59:11 | INFO: Blender create Mesh node COL_corridor_side.029
08:59:11 | INFO: Blender create Mesh node COL_corridor_side.030
08:59:11 | INFO: Blender create Mesh node COL_corridor_post.030
08:59:11 | INFO: Blender create Mesh node COL_corridor_post.031
08:59:11 | INFO: Blender create Mesh node COL_qinfang_deck.001
08:59:11 | INFO: Blender create Mesh node COL_pavilion_bench.001
08:59:11 | INFO: Blender create Mesh node COL_pavilion_bench.002
08:59:11 | INFO: Blender create Mesh node COL_pavilion_bracket.001
08:59:11 | INFO: Blender create Mesh node COL_pavilion_bracket.002
08:59:11 | INFO: Blender create Mesh node COL_pavilion_bracket.003
08:59:11 | INFO: Blender create Mesh node COL_pavilion_bracket.004
08:59:11 | INFO: Blender create Mesh node COL_pavilion_bracket.005
08:59:11 | INFO: Blender create Mesh node COL_pavilion_bracket.006
08:59:11 | INFO: Blender create Mesh node COL_pavilion_post.001
08:59:11 | INFO: Blender create Mesh node COL_pavilion_post.002
08:59:11 | INFO: Blender create Mesh node COL_pavilion_post.003
08:59:11 | INFO: Blender create Mesh node COL_pavilion_post.004
08:59:11 | INFO: Blender create Mesh node COL_pavilion_post.005
08:59:11 | INFO: Blender create Mesh node COL_pavilion_post.006
08:59:11 | INFO: Blender create Mesh node COL_pavilion_roof.001
08:59:11 | INFO: Blender create Mesh node COL_qiushuang-zhai_floor.001
08:59:11 | INFO: Blender create Mesh node Cube.009
08:59:11 | INFO: Blender create Mesh node Cube.011
08:59:11 | INFO: Blender create Mesh node Cube.012
08:59:11 | INFO: Blender create Mesh node Cube.013
08:59:11 | INFO: Blender create Mesh node Cube.019
08:59:11 | INFO: Blender create Mesh node Cube.020
08:59:11 | INFO: Blender create Mesh node Cube.023
08:59:11 | INFO: Blender create Mesh node Cube.024
08:59:11 | INFO: Blender create Mesh node Cube.048
08:59:11 | INFO: Blender create Mesh node Cube.050
08:59:11 | INFO: Blender create Mesh node Cube.052
08:59:11 | INFO: Blender create Mesh node Cube.092
08:59:11 | INFO: Blender create Mesh node Cube.093
08:59:11 | INFO: Blender create Mesh node Cube.094
08:59:11 | INFO: Blender create Mesh node Cube.095
08:59:11 | INFO: Blender create Mesh node Cube.096
08:59:11 | INFO: Blender create Mesh node Cube.097
08:59:11 | INFO: Blender create Mesh node Cube.098
08:59:11 | INFO: Blender create Mesh node Cube.099
08:59:11 | INFO: Blender create Mesh node Cube.100
08:59:11 | INFO: Blender create Mesh node Cube.101
08:59:11 | INFO: Blender create Mesh node Cube.102
08:59:11 | INFO: Blender create Mesh node Cube.103
08:59:11 | INFO: Blender create Mesh node Cube.104
08:59:11 | INFO: Blender create Mesh node Cube.105
08:59:11 | INFO: Blender create Mesh node Cube.106
08:59:11 | INFO: Blender create Mesh node Cube.107
08:59:11 | INFO: Blender create Mesh node Cube.108
08:59:11 | INFO: Blender create Mesh node Cube.109
08:59:11 | INFO: Blender create Mesh node Cube.110
08:59:11 | INFO: Blender create Mesh node Cube.111
08:59:11 | INFO: Blender create Mesh node Cube.112
08:59:11 | INFO: Blender create Mesh node Cube.113
08:59:11 | INFO: Blender create Mesh node Cube.114
08:59:11 | INFO: Blender create Mesh node Cube.115
08:59:11 | INFO: Blender create Mesh node Cube.116
08:59:11 | INFO: Blender create Mesh node Cube.117
08:59:11 | INFO: Blender create Mesh node Cube.118
08:59:11 | INFO: Blender create Mesh node Cube.119
08:59:11 | INFO: Blender create Mesh node Cube.120
08:59:11 | INFO: Blender create Mesh node Cube.121
08:59:11 | INFO: Blender create Mesh node Cube.122
08:59:11 | INFO: Blender create Mesh node Cube.123
08:59:11 | INFO: Blender create Mesh node Cube.124
08:59:11 | INFO: Blender create Mesh node Cube.125
08:59:11 | INFO: Blender create Mesh node Cube.126
08:59:11 | INFO: Blender create Mesh node Cube.127
08:59:11 | INFO: Blender create Mesh node Cube.128
08:59:11 | INFO: Blender create Mesh node Cube.129
08:59:11 | INFO: Blender create Mesh node Cube.130
08:59:11 | INFO: Blender create Mesh node Cube.131
08:59:11 | INFO: Blender create Mesh node Cube.132
08:59:11 | INFO: Blender create Mesh node Cube.133
08:59:11 | INFO: Blender create Mesh node Cube.134
08:59:11 | INFO: Blender create Mesh node Cube.135
08:59:11 | INFO: Blender create Mesh node Cube.136
08:59:11 | INFO: Blender create Mesh node Cube.137
08:59:11 | INFO: Blender create Mesh node Cube.138
08:59:11 | INFO: Blender create Mesh node Cube.139
08:59:11 | INFO: Blender create Mesh node Cube.140
08:59:11 | INFO: Blender create Mesh node Cube.141
08:59:11 | INFO: Blender create Mesh node Cube.142
08:59:11 | INFO: Blender create Mesh node Cube.143
08:59:11 | INFO: Blender create Mesh node Cube.144
08:59:11 | INFO: Blender create Mesh node Cube.193
08:59:11 | INFO: Blender create Mesh node Cube.194
08:59:11 | INFO: Blender create Mesh node Cube.195
08:59:11 | INFO: Blender create Mesh node Cube.196
08:59:11 | INFO: Blender create Mesh node Cube.197
08:59:11 | INFO: Blender create Mesh node Cube.198
08:59:11 | INFO: Blender create Mesh node Cube.199
08:59:11 | INFO: Blender create Mesh node Cube.200
08:59:11 | INFO: Blender create Mesh node COL_stone_walk.005
08:59:11 | INFO: Blender create Mesh node COL_stone_walk.008
08:59:11 | INFO: Blender create Mesh node COL_stone_walk.009
08:59:11 | INFO: Blender create Mesh node COL_stone_walk.010
08:59:11 | INFO: Blender create Mesh node COL_stone_walk.011
08:59:11 | INFO: Blender create Mesh node COL_stone_walk.012
08:59:11 | INFO: Blender create Mesh node COL_study_approach.002
08:59:11 | INFO: Blender create Mesh node COL_study_desk_centre.002
08:59:11 | INFO: Blender create Mesh node COL_study_desk_left.002
08:59:11 | INFO: Blender create Mesh node COL_study_desk_right.002
08:59:11 | INFO: Blender create Mesh node COL_study_front_walk.002
08:59:11 | INFO: Blender create Mesh node COL_study_front_wall.002
08:59:11 | INFO: Blender create Mesh node COL_study_post.001
08:59:11 | INFO: Blender create Mesh node COL_study_post.002
08:59:11 | INFO: Blender create Mesh node COL_study_post.003
08:59:11 | INFO: Blender create Mesh node COL_study_post.008
08:59:11 | INFO: Blender create Mesh node Cube.151
08:59:11 | INFO: Blender create Mesh node Cube.152
08:59:11 | INFO: Blender create Mesh node Cube.153
08:59:11 | INFO: Blender create Mesh node Cube.154
08:59:11 | INFO: Blender create Mesh node Cube.155
08:59:11 | INFO: Blender create Mesh node Cube.156
08:59:11 | INFO: Blender create Mesh node Cube.157
08:59:11 | INFO: Blender create Mesh node Cube.158
08:59:11 | INFO: Blender create Mesh node Cube.159
08:59:11 | INFO: Blender create Mesh node Cube.160
08:59:11 | INFO: Blender create Mesh node Cube.161
08:59:11 | INFO: Blender create Mesh node Cube.162
08:59:11 | INFO: Blender create Mesh node Cube.163
08:59:11 | INFO: Blender create Mesh node Cube.164
08:59:11 | INFO: Blender create Mesh node Cube.165
08:59:11 | INFO: Blender create Mesh node Cube.166
08:59:11 | INFO: Blender create Mesh node Cube.167
08:59:11 | INFO: Blender create Mesh node Cube.168
08:59:11 | INFO: Blender create Mesh node Cube.169
08:59:11 | INFO: Blender create Mesh node Cube.170
08:59:11 | INFO: Blender create Mesh node Cube.171
08:59:11 | INFO: Blender create Mesh node Cube.172
08:59:11 | INFO: Blender create Mesh node Cube.173
08:59:11 | INFO: Blender create Mesh node Cube.174
08:59:11 | INFO: Blender create Mesh node Cube.175
08:59:11 | INFO: Blender create Mesh node Cube.176
08:59:11 | INFO: Blender create Mesh node Cube.177
08:59:11 | INFO: Blender create Mesh node Cube.178
08:59:11 | INFO: Blender create Mesh node Cube.179
08:59:11 | INFO: Blender create Mesh node Cube.180
08:59:11 | INFO: Blender create Mesh node Cube.201
08:59:11 | INFO: Blender create Mesh node Cube.202
08:59:11 | INFO: Blender create Mesh node Cube.203
08:59:11 | INFO: Blender create Mesh node Cube.181
08:59:11 | INFO: Blender create Mesh node Cube.182
08:59:11 | INFO: Blender create Mesh node Cube.183
08:59:11 | INFO: Blender create Mesh node Cube.184
08:59:11 | INFO: Blender create Mesh node Cube.185
08:59:11 | INFO: Blender create Mesh node Cube.186
08:59:11 | INFO: Blender create Mesh node Cube.187
08:59:11 | INFO: Blender create Mesh node Cube.188
08:59:11 | INFO: Blender create Mesh node Cube.189
08:59:11 | INFO: Blender create Mesh node Cube.190
08:59:11 | INFO: Blender create Mesh node Cube.191
08:59:11 | INFO: Blender create Mesh node Cube.192
08:59:11 | INFO: Blender create Mesh node COL_tubi-tang_floor.001
08:59:11 | INFO: Blender create Mesh node COL_tubi_approach.001
08:59:11 | INFO: Blender create Mesh node COL_tubi_approach.002
08:59:11 | INFO: Blender create Mesh node COL_tubi_approach.007
08:59:11 | INFO: Blender create Mesh node COL_tubi_approach.008
08:59:11 | INFO: Blender create Mesh node COL_tubi_closed_hall.002
08:59:11 | INFO: Blender create Mesh node COL_tubi_hall_post.001
08:59:11 | INFO: Blender create Mesh node COL_tubi_hall_post.002
08:59:11 | INFO: Blender create Mesh node COL_tubi_hall_post.006
08:59:11 | INFO: Blender create Mesh node COL_tubi_parapet.001
08:59:11 | INFO: Blender create Mesh node COL_tubi_parapet.002
08:59:11 | INFO: Blender create Mesh node COL_tubi_parapet.003
08:59:11 | INFO: Blender create Mesh node COL_tubi_parapet.008
08:59:11 | INFO: Blender create Mesh node COL_tubi_stair_guard.001
08:59:11 | INFO: Blender create Mesh node COL_tubi_stair_guard.004
08:59:11 | INFO: Blender create Mesh node COL_tubi_stair_ramp.002
08:59:11 | INFO: Blender create Mesh node COL_tubi_terrace.002
08:59:11 | INFO: Blender create Mesh node COL_tubi_topic_table.002
08:59:11 | INFO: Blender create Mesh node COL_tubi_view_bench_left.001
08:59:11 | INFO: Blender create Mesh node COL_tubi_view_bench_right.001
08:59:11 | INFO: Blender create Mesh node COL_water_bridge_side.001
08:59:11 | INFO: Blender create Mesh node COL_water_bridge_side.004
08:59:11 | INFO: Blender create Mesh node COL_water_bridge_deck.002
08:59:11 | INFO: Blender create Mesh node COL_xiaoxiang_bamboo_bed.004
08:59:11 | INFO: Blender create Mesh node COL_xiaoxiang_bamboo_bed.005
08:59:11 | INFO: Blender create Mesh node COL_xiaoxiang_bamboo_bed.006
08:59:11 | INFO: Blender create Mesh node COL_xiaoxiang_bamboo_bed.007
08:59:11 | INFO: Blender create Mesh node COL_xiaoxiang_closed_front.001
08:59:11 | INFO: Blender create Mesh node COL_xiaoxiang_floor.001
08:59:11 | INFO: Blender create Mesh node COL_xiaoxiang_return.002
08:59:11 | INFO: Blender create Mesh node COL_xiaoxiang_return.003
08:59:11 | INFO: Blender create Mesh node COL_xiaoxiang_threshold.001
08:59:11 | INFO: Blender create Mesh node COL_yihong_closed_front.002
08:59:11 | INFO: Blender create Mesh node COL_yihong_court_side.001
08:59:11 | INFO: Blender create Mesh node COL_yihong_court_side.004
08:59:11 | INFO: Blender create Mesh node COL_yihong_floor.002
08:59:11 | INFO: Blender create Mesh node COL_yihong_planter.001
08:59:11 | INFO: Blender create Mesh node COL_yihong_planter.004
08:59:11 | INFO: Blender create Mesh node COL_yihong_side_return.001
08:59:11 | INFO: Blender create Mesh node COL_yihong_side_return.004
08:59:11 | INFO: Blender create Mesh node COL_yihong_threshold.002
08:59:11 | INFO: Blender create Mesh node COL_ziling_landing.001
08:59:11 | INFO: Blender create Mesh node HERO_aojing-guan_title.002
08:59:11 | INFO: Blender create Mesh node HERO_daguan_title.001
08:59:11 | INFO: Blender create Mesh node HERO_daoxiang-cun_title.002
08:59:11 | INFO: Blender create Mesh node KIT_flora_plum_render.001
08:59:11 | INFO: Blender create Mesh node KIT_flora_plum_render.002
08:59:11 | INFO: Blender create Mesh node KIT_flora_bamboo_large_render.001
08:59:11 | INFO: Blender create Mesh node KIT_flora_bamboo_large_render.002
08:59:11 | INFO: Blender create Mesh node KIT_flora_bamboo_small_render.001
08:59:11 | INFO: Blender create Mesh node KIT_flora_willow_render.001
08:59:11 | INFO: Blender create Mesh node KIT_flora_willow_render.002
08:59:11 | INFO: Blender create Mesh node KIT_flora_bamboo_large_render.003
08:59:11 | INFO: Blender create Mesh node KIT_flora_bamboo_medium_render.001
08:59:11 | INFO: Blender create Mesh node KIT_flora_bamboo_small_render.002
08:59:11 | INFO: Blender create Mesh node KIT_flora_bamboo_large_render.004
08:59:11 | INFO: Blender create Mesh node KIT_flora_banana_render.001
08:59:11 | INFO: Blender create Mesh node KIT_flora_banana_render.002
08:59:11 | INFO: Blender create Mesh node KIT_flora_reed_render.001
08:59:11 | INFO: Blender create Mesh node KIT_flora_reed_render.002
08:59:11 | INFO: Blender create Mesh node KIT_flora_reed_render.003
08:59:11 | INFO: Blender create Mesh node KIT_flora_reed_render.004
08:59:11 | INFO: Blender create Mesh node KIT_flora_reed_render.005
08:59:11 | INFO: Blender create Mesh node KIT_flora_reed_render.006
08:59:11 | INFO: Blender create Mesh node KIT_flora_reed_render.007
08:59:11 | INFO: Blender create Mesh node KIT_flora_reed_render.008
08:59:11 | INFO: Blender create Mesh node KIT_flora_reed_render.009
08:59:11 | INFO: Blender create Mesh node KIT_flora_reed_render.010
08:59:11 | INFO: Blender create Mesh node HERO_gate_inscription.001
08:59:11 | INFO: Blender create Mesh node HERO_gate_water_drips.001
08:59:11 | INFO: Blender create Mesh node HERO_hengwu-yuan_title.002
08:59:11 | INFO: Blender create Mesh node HERO_longcui-an_title.002
08:59:11 | INFO: Blender create Mesh node HERO_qinfang-ting_title.002
08:59:11 | INFO: Blender create Mesh node HERO_qinfang_bridge.001
08:59:11 | INFO: Blender create Mesh node HERO_study_scroll_bamboo.002
08:59:11 | INFO: Blender create Mesh node HERO_study_scroll_plum.002
08:59:11 | INFO: Blender create Mesh node HERO_study_title.002
08:59:11 | INFO: Blender create Mesh node HERO_table_hexagram.001
08:59:11 | INFO: Blender create Mesh node line_piece.005
08:59:11 | INFO: Blender create Mesh node line_piece.002
08:59:11 | INFO: Blender create Mesh node line_piece.011
08:59:11 | INFO: Blender create Mesh node line_piece.008
08:59:11 | INFO: Blender create Mesh node line_piece.017
08:59:11 | INFO: Blender create Mesh node line_piece.014
08:59:11 | INFO: Blender create Mesh node line_piece.019
08:59:11 | INFO: Blender create Mesh node line_piece.018
08:59:11 | INFO: Blender create Mesh node line_piece.021
08:59:11 | INFO: Blender create Mesh node line_piece.020
08:59:11 | INFO: Blender create Mesh node line_piece.023
08:59:11 | INFO: Blender create Mesh node line_piece.022
08:59:11 | INFO: Blender create Mesh node HERO_table_pedestal.001
08:59:11 | INFO: Blender create Mesh node HERO_tubi_title.002
08:59:11 | INFO: Blender create Mesh node HERO_xiaoxiang-guan_title.002
08:59:11 | INFO: Blender create Mesh node HERO_yihong-yuan_title.002
08:59:11 | INFO: Blender create Mesh node AOJING_pond.002
08:59:11 | INFO: Blender create Mesh node AOJING_backstage.002
08:59:11 | INFO: Blender create Mesh node AOJING_amber_window.002
08:59:11 | INFO: Blender create Mesh node AOJING_window_lattice.001
08:59:11 | INFO: Blender create Mesh node AOJING_dry_ledge.002
08:59:11 | INFO: Blender create Mesh node AOJING_roof.002
08:59:11 | INFO: Blender create Mesh node AOJING_closed_front.002
08:59:11 | INFO: Blender create Mesh node DAGUAN_backstage.001
08:59:11 | INFO: Blender create Mesh node DAGUAN_door_stud.180
08:59:11 | INFO: Blender create Mesh node DAGUAN_amber_transom.002
08:59:11 | INFO: Blender create Mesh node DAGUAN_closed_door.010
08:59:11 | INFO: Blender create Mesh node DAGUAN_recessed_panel.020
08:59:11 | INFO: Blender create Mesh node DAGUAN_column.006
08:59:11 | INFO: Blender create Mesh node DAGUAN_platform.001
08:59:11 | INFO: Blender create Mesh node DAGUAN_lower_roof.001
08:59:11 | INFO: Blender create Mesh node DAGUAN_front.001
08:59:11 | INFO: Blender create Mesh node DAOXIANG_backstage.001
08:59:11 | INFO: Blender create Mesh node DAOXIANG_door_latch.001
08:59:11 | INFO: Blender create Mesh node DAOXIANG_warm_sliver.001
08:59:11 | INFO: Blender create Mesh node DAOXIANG_closed_door.001
08:59:11 | INFO: Blender create Mesh node DAOXIANG_paddy_painting.001
08:59:11 | INFO: Blender create Mesh node DAOXIANG_court.001
08:59:11 | INFO: Blender create Mesh node DAOXIANG_thatch_mass.001
08:59:11 | INFO: Blender create Mesh node DAOXIANG_front.001
08:59:11 | INFO: Blender create Mesh node SITE_hengwu-yuan_backstage.001
08:59:11 | INFO: Blender create Mesh node KIT_pavilion_finial.011
08:59:11 | INFO: Blender create Mesh node KIT_wall_amber_window.006
08:59:11 | INFO: Blender create Mesh node HENGWU_herb_leaf.001
08:59:11 | INFO: Blender create Mesh node KIT_wall_lattice_vertical.105
08:59:11 | INFO: Blender create Mesh node SITE_hengwu-yuan_platform.001
08:59:11 | INFO: Blender create Mesh node KIT_props_lantern_hanging_render.015
08:59:11 | INFO: Blender create Mesh node KIT_pavilion_roof.011
08:59:11 | INFO: Blender create Mesh node KIT_wall_bay.001
08:59:11 | INFO: Blender create Mesh node SITE_hengwu-yuan_front.001
08:59:11 | INFO: Blender create Mesh node LONGCUI_backstage.001
08:59:11 | INFO: Blender create Mesh node LONGCUI_gate_pull.002
08:59:11 | INFO: Blender create Mesh node LONGCUI_closed_gate.002
08:59:11 | INFO: Blender create Mesh node LONGCUI_paving.001
08:59:11 | INFO: Blender create Mesh node KIT_props_lantern_hanging_render.016
08:59:11 | INFO: Blender create Mesh node LONGCUI_wall_cap.001
08:59:11 | INFO: Blender create Mesh node LONGCUI_closed_front.001
08:59:11 | INFO: Blender create Mesh node KIT_props_tea_cup.006
08:59:11 | INFO: Blender create Mesh node KIT_water_lotus_leaf.007
08:59:11 | INFO: Blender create Mesh node SITE_ouxiang_deck.001
08:59:11 | INFO: Blender create Mesh node KIT_pavilion_water_pier.004
08:59:11 | INFO: Blender create Mesh node KIT_props_lantern_hanging_render.013
08:59:11 | INFO: Blender create Mesh node KIT_pavilion_water_hipped_roof.001
08:59:11 | INFO: Blender create Mesh node KIT_water_lotus.021
08:59:11 | INFO: Blender create Mesh node KIT_corridor_rail.008
08:59:11 | INFO: Blender create Mesh node KIT_pavilion_roof_shell.001
08:59:11 | INFO: Blender create Mesh node KIT_pavilion_plinth.001
08:59:11 | INFO: Blender create Mesh node KIT_props_lantern_hanging_render.001
08:59:11 | INFO: Blender create Mesh node KIT_water_stream.001
08:59:11 | INFO: Blender create Mesh node SITE_qiushuang-zhai_backstage.001
08:59:11 | INFO: Blender create Mesh node KIT_pavilion_finial.005
08:59:11 | INFO: Blender create Mesh node KIT_wall_lattice_vertical.042
08:59:11 | INFO: Blender create Mesh node SITE_qiushuang-zhai_platform.001
08:59:11 | INFO: Blender create Mesh node KIT_props_lantern_hanging_render.010
08:59:11 | INFO: Blender create Mesh node KIT_pavilion_roof.005
08:59:11 | INFO: Blender create Mesh node KIT_tech_terminal_desk_render.007
08:59:11 | INFO: Blender create Mesh node SITE_qiushuang-zhai_front.001
08:59:11 | INFO: Blender create Mesh node GATE_banana_pseudostem.001
08:59:11 | INFO: Blender create Mesh node GATE_banana_soil.001
08:59:11 | INFO: Blender create Mesh node KIT_rockery_passage.001
08:59:12 | INFO: Blender create Mesh node GATE_paving.002
08:59:12 | INFO: Blender create Mesh node KIT_props_lantern_hanging_render.008
08:59:12 | INFO: Blender create Mesh node KIT_stage_fog_plane_render.017
08:59:12 | INFO: Blender create Mesh node KIT_stage_floor.001
08:59:12 | INFO: Blender create Mesh node AOJING_approach_guard.001
08:59:12 | INFO: Blender create Mesh node KIT_stage_painted_moon.001
08:59:12 | INFO: Blender create Mesh node KIT_stage_painted_mountain_layer.003
08:59:12 | INFO: Blender create Mesh node KIT_stage_painted_mountain_layer.004
08:59:12 | INFO: Blender create Mesh node KIT_stage_painted_mountain_layer.005
08:59:12 | INFO: Blender create Mesh node KIT_water_stone_walk.005
08:59:12 | INFO: Blender create Mesh node Painted coved ceiling candidate.001
08:59:12 | INFO: Blender create Mesh node KIT_stage_painted_canvas.002
08:59:12 | INFO: Blender create Mesh node Eight painted cyclorama arcs.001
08:59:12 | INFO: Blender create Mesh node KIT_stage_fog_plane_render.002
08:59:12 | INFO: Blender create Mesh node KIT_tech_cell_side.012
08:59:12 | INFO: Blender create Mesh node KIT_wall_window_bar.030
08:59:12 | INFO: Blender create Mesh node KIT_stage_entry_walk.002
08:59:12 | INFO: Blender create Mesh node KIT_props_folding_chair_render.001
08:59:12 | INFO: Blender create Mesh node KIT_stage_floor_boards_render.002
08:59:12 | INFO: Blender create Mesh node KIT_stage_gel_frame_render.002
08:59:12 | INFO: Blender create Mesh node KIT_stage_studio_wall_render.002
08:59:12 | INFO: Blender create Mesh node KIT_stage_fog_plane_render.020
08:59:12 | INFO: Blender create Mesh node KIT_tech_terminal_desk_render.001
08:59:12 | INFO: Blender create Mesh node KIT_props_scroll_render.001
08:59:12 | INFO: Blender create Mesh node SITE_tubi-tang_backstage.001
08:59:12 | INFO: Blender create Mesh node KIT_pavilion_finial.007
08:59:12 | INFO: Blender create Mesh node KIT_wall_amber_window.003
08:59:12 | INFO: Blender create Mesh node TUBI_topic_line.001
08:59:12 | INFO: Blender create Mesh node KIT_wall_lattice_vertical.063
08:59:12 | INFO: Blender create Mesh node SITE_tubi-tang_platform.001
08:59:12 | INFO: Blender create Mesh node KIT_props_lantern_hanging_render.012
08:59:12 | INFO: Blender create Mesh node KIT_pavilion_roof.007
08:59:12 | INFO: Blender create Mesh node TUBI_terrace.002
08:59:12 | INFO: Blender create Mesh node SITE_tubi-tang_front.001
08:59:12 | INFO: Blender create Mesh node XIAOXIANG_black_back.001
08:59:12 | INFO: Blender create Mesh node XIAOXIANG_gate_pull.002
08:59:12 | INFO: Blender create Mesh node XIAOXIANG_amber_window.001
08:59:12 | INFO: Blender create Mesh node XIAOXIANG_gate_leaf.002
08:59:12 | INFO: Blender create Mesh node XIAOXIANG_paving.001
08:59:12 | INFO: Blender create Mesh node XIAOXIANG_wall_cap.001
08:59:12 | INFO: Blender create Mesh node XIAOXIANG_closed_front.001
08:59:12 | INFO: Blender create Mesh node YIHONG_backstage.002
08:59:12 | INFO: Blender create Mesh node YIHONG_door_rail.001
08:59:12 | INFO: Blender create Mesh node YIHONG_amber_window.002
08:59:12 | INFO: Blender create Mesh node YIHONG_door_panel.001
08:59:12 | INFO: Blender create Mesh node YIHONG_paving.002
08:59:12 | INFO: Blender create Mesh node YIHONG_court_cap.001
08:59:12 | INFO: Blender create Mesh node YIHONG_closed_front.002
08:59:12 | INFO: Blender create Mesh node KIT_water_lotus_leaf.011
08:59:12 | INFO: Blender create Mesh node KIT_water_plank.002
08:59:12 | INFO: Blender create Mesh node SITE_ziling_island.001
08:59:12 | INFO: glTF import finished in 0.93s
/Users/auchan/projects/garden-of-dreams/scripts/test_gltf_shadow_transfer.py:42: DeprecationWarning: 'Material.use_nodes' is expected to be removed in Blender 6.0
  dark.use_nodes = True
/Users/auchan/projects/garden-of-dreams/scripts/test_gltf_shadow_transfer.py:52: DeprecationWarning: 'Material.use_nodes' is expected to be removed in Blender 6.0
  matte.use_nodes = True
/Users/auchan/projects/garden-of-dreams/scripts/test_gltf_shadow_transfer.py:72: DeprecationWarning: 'World.use_nodes' is expected to be removed in Blender 6.0
  world.use_nodes = True
00:02.682  render           | Saved: '/private/tmp/garden-canopy-native-shadow-linear/imported-before-contract.png'
00:02.989  render           | Saved: '/private/tmp/garden-canopy-native-shadow-linear/after-contract.png'
00:03.271  render           | Saved: '/private/tmp/garden-canopy-native-shadow-linear/forced-shadow-on.png'
00:03.540  render           | Saved: '/private/tmp/garden-canopy-native-shadow-linear/forced-shadow-off.png'
NATIVE_GLTF_SHADOW_TRANSFER_PASS {"source_glb_sha256": "6fb32a6d57b59f0bcc4134da2c132a0aaa6abd2a6ca8bbc2324441dffcd7c498", "contract": {"source_glb_sha256": "6fb32a6d57b59f0bcc4134da2c132a0aaa6abd2a6ca8bbc2324441dffcd7c498", "explicit_meshes": {"SITE_stage_MAT_stage_canopy_paint": false}, "unchanged_unflagged_meshes": 558}, "helper_sha256": "b97201f5901a1a21314a626e60e35a16890ea2d3dd8cca6ef727df6da43a1798", "test_sha256": "dda9fec42287236d62e3eff5dfd280458a1996acaab9130e426f508508bd63fc", "scope": "Actual native imported GLB mesh ray visibility. Unflagged mesh preservation and, unless inspect-only, isolated scaled canopy shadow pixels. Not full-garden GI/fresh lighting or final paint.", "samples": {"imported-before-contract": {"visible_shadow": true, "floor_linear_luminance": 1.8583285166140716e-05, "image_sha256": "afaebac898b7a9e99f5756a78abb36ee3ea0a0147db66c9ae28f2dd525b1743e"}, "after-contract": {"visible_shadow": false, "floor_linear_luminance": 0.7636494417579807, "image_sha256": "36e83ae37ffd7799e7bab75269bdd73821e5eddafd4a0a359a84e15f2c82d3fb"}, "forced-shadow-on": {"visible_shadow": true, "floor_linear_luminance": 1.8583285166140716e-05, "image_sha256": "c0bf8f85c3797d6a37962c4608fd809fc91797ceaf9bef10812c9923bd6b5765"}, "forced-shadow-off": {"visible_shadow": false, "floor_linear_luminance": 0.7636494417579807, "image_sha256": "e81b7756ba5b814297b6cbcef3d5aa706626a42f74f2dcd750acee16d38a68ec"}}, "status": "passed"}
Blender 5.2.2 LTS (hash d13f752e3b9c built 2026-09-15 01:49:19)

Blender quit
